demo_data_utf8.csv
Store,Date,Time,Dept,Family,Item_No,SalesQty,Price,SalesValue,Sales_Status,Sales_number
H1,01/01/2009,09,GA,運動飲料,254,3,24,72,N,1
H1,01/01/2009,13,GA,運動飲料,254,1,36,36,N,1
H1,01/01/2009,17,GA,運動飲料,254,4,27,108,N,1
H1,01/01/2009,18,GA,運動飲料,254,1,36,36,N,1
H1,01/02/2009,15,GA,運動飲料,254,1,36,36,N,1
H1,01/02/2009,18,GA,運動飲料,254,3,24,72,N,1
H1,01/02/2009,21,GA,運動飲料,254,3,24,72,N,1
H1,01/02/2009,22,GA,運動飲料,254,8,27,216,N,1
H1,01/03/2009,12,GA,運動飲料,254,1,36,36,N,1
H1,01/03/2009,21,GA,運動飲料,254,7,26,182,N,3
H1,01/04/2009,12,GA,運動飲料,254,3,24,72,N,1
H1,01/07/2009,21,GA,運動飲料,254,1,36,36,N,1
H1,01/08/2009,15,GA,運動飲料,254,3,24,72,N,1
H1,01/08/2009,19,GA,運動飲料,254,1,36,36,N,1
H1,01/09/2009,11,GA,運動飲料,254,4,27,108,N,2
H1,01/09/2009,14,GA,運動飲料,254,3,24,72,N,1
H1,01/09/2009,18,GA,運動飲料,254,1,36,36,N,1
H1,01/10/2009,15,GA,運動飲料,254,3,24,72,N,1
H1,01/10/2009,20,GA,運動飲料,254,4,27,108,N,1
H1,01/10/2009,22,GA,運動飲料,254,3,24,72,N,1
H1,01/11/2009,11,GA,運動飲料,254,1,36,36,N,1
H1,01/11/2009,14,GA,運動飲料,254,1,36,36,N,1
H1,01/11/2009,15,GA,運動飲料,254,1,36,36,N,1
H1,01/11/2009,16,GA,運動飲料,254,1,36,36,N,1
H1,01/12/2009,18,GA,運動飲料,254,1,36,36,N,1
H1,01/14/2009,16,GA,運動飲料,254,1,32,32,P,1
H1,01/14/2009,17,GA,運動飲料,254,1,32,32,P,1
H1,01/14/2009,18,GA,運動飲料,254,1,32,32,P,1
H1,01/15/2009,18,GA,運動飲料,254,1,32,32,P,1
H1,01/17/2009,00,GA,運動飲料,254,3,21,63,P,1
H1,01/17/2009,01,GA,運動飲料,254,1,32,32,P,1
H1,01/17/2009,19,GA,運動飲料,254,1,32,32,P,1
H1,01/17/2009,21,GA,運動飲料,254,1,32,32,P,1
H1,01/18/2009,12,GA,運動飲料,254,1,32,32,P,1
H1,01/18/2009,16,GA,運動飲料,254,1,32,32,P,1
H1,01/18/2009,17,GA,運動飲料,254,1,32,32,P,1
H1,01/18/2009,20,GA,運動飲料,254,3,21,63,P,1
H1,01/18/2009,21,GA,運動飲料,254,5,26,130,P,2
H1,01/19/2009,11,GA,運動飲料,254,1,32,32,P,1
H1,01/19/2009,12,GA,運動飲料,254,1,32,32,P,1
H1,01/19/2009,16,GA,運動飲料,254,5,26,130,P,1
H1,01/19/2009,17,GA,運動飲料,254,2,32,64,P,2
H1,01/19/2009,18,GA,運動飲料,254,1,32,32,P,1
H1,01/20/2009,01,GA,運動飲料,254,3,21,63,P,1
H1,01/20/2009,02,GA,運動飲料,254,3,21,63,P,1
H1,01/20/2009,03,GA,運動飲料,254,1,32,32,P,1
H1,01/20/2009,11,GA,運動飲料,254,1,32,32,P,1
H1,01/20/2009,12,GA,運動飲料,254,3,21,63,P,1
H1,01/20/2009,13,GA,運動飲料,254,3,21,63,P,1
H1,01/20/2009,19,GA,運動飲料,254,1,32,32,P,1
H1,01/20/2009,21,GA,運動飲料,254,3,21,63,P,1
H1,01/21/2009,00,GA,運動飲料,254,5,26,130,P,2
H1,01/21/2009,12,GA,運動飲料,254,1,32,32,P,1
H1,01/21/2009,14,GA,運動飲料,254,1,32,32,P,1
H1,01/21/2009,16,GA,運動飲料,254,1,32,32,P,1
H1,01/22/2009,14,GA,運動飲料,254,1,32,32,P,1
H1,01/22/2009,15,GA,運動飲料,254,1,32,32,P,1
H1,01/22/2009,17,GA,運動飲料,254,3,21,63,P,1
H1,01/22/2009,19,GA,運動飲料,254,4,24,96,P,1
H1,01/23/2009,01,GA,運動飲料,254,1,32,32,P,1
H1,01/23/2009,10,GA,運動飲料,254,1,32,32,P,1
H1,01/23/2009,17,GA,運動飲料,254,1,32,32,P,1
H1,01/23/2009,18,GA,運動飲料,254,1,32,32,P,1
H1,01/23/2009,22,GA,運動飲料,254,1,32,32,P,1
H1,01/23/2009,23,GA,運動飲料,254,6,27,162,P,1
H1,01/24/2009,00,GA,運動飲料,254,1,32,32,P,1
H1,01/24/2009,01,GA,運動飲料,254,1,32,32,P,1
H1,01/24/2009,04,GA,運動飲料,254,8,24,192,P,1
H1,01/24/2009,11,GA,運動飲料,254,1,32,32,P,1
H1,01/24/2009,12,GA,運動飲料,254,1,32,32,P,1
H1,01/24/2009,16,GA,運動飲料,254,8,24,192,P,3
H1,01/24/2009,18,GA,運動飲料,254,3,21,63,P,1
H1,01/24/2009,20,GA,運動飲料,254,3,21,63,P,1
H1,01/24/2009,22,GA,運動飲料,254,1,32,32,P,1
H1,01/25/2009,00,GA,運動飲料,254,3,32,96,P,3
H1,01/25/2009,01,GA,運動飲料,254,10,26,260,P,1
H1,01/25/2009,04,GA,運動飲料,254,1,32,32,P,1
H1,01/25/2009,05,GA,運動飲料,254,3,21,63,P,1
H1,01/25/2009,06,GA,運動飲料,254,4,24,96,P,2
H1,01/25/2009,10,GA,運動飲料,254,1,32,32,P,1
H1,01/25/2009,16,GA,運動飲料,254,1,32,32,P,1
H1,01/25/2009,23,GA,運動飲料,254,3,21,63,P,1
H1,01/26/2009,13,GA,運動飲料,254,2,32,64,P,2
H1,01/26/2009,14,GA,運動飲料,254,1,32,32,P,1
H1,01/26/2009,21,GA,運動飲料,254,1,32,32,P,1
H1,01/27/2009,11,GA,運動飲料,254,1,32,32,P,1
H1,01/27/2009,12,GA,運動飲料,254,1,32,32,P,1
H1,01/27/2009,14,GA,運動飲料,254,1,32,32,P,1
H1,01/27/2009,15,GA,運動飲料,254,1,32,32,P,1
H1,01/27/2009,16,GA,運動飲料,254,3,32,96,P,3
H1,01/27/2009,17,GA,運動飲料,254,3,21,63,P,1
H1,01/27/2009,18,GA,運動飲料,254,4,24,96,P,2
H1,01/27/2009,19,GA,運動飲料,254,1,32,32,P,1
H1,01/27/2009,22,GA,運動飲料,254,4,24,96,P,1
H1,01/28/2009,10,GA,運動飲料,254,1,32,32,P,1
H1,01/28/2009,11,GA,運動飲料,254,1,32,32,P,1
H1,01/28/2009,15,GA,運動飲料,254,3,21,63,P,1
H1,01/28/2009,17,GA,運動飲料,254,6,27,162,P,2
H1,01/28/2009,18,GA,運動飲料,254,1,32,32,P,1
H1,01/28/2009,20,GA,運動飲料,254,1,32,32,P,1
H1,01/28/2009,21,GA,運動飲料,254,1,32,32,P,1
H1,01/28/2009,22,GA,運動飲料,254,1,32,32,P,1
H1,01/29/2009,17,GA,運動飲料,254,2,32,64,P,2
H1,01/29/2009,18,GA,運動飲料,254,4,24,96,P,2
H1,01/29/2009,19,GA,運動飲料,254,3,21,63,P,1
H1,01/29/2009,20,GA,運動飲料,254,1,32,32,P,1
H1,01/29/2009,22,GA,運動飲料,254,1,32,32,P,1
H1,01/30/2009,14,GA,運動飲料,254,1,32,32,P,1
H1,01/30/2009,15,GA,運動飲料,254,3,32,96,P,3
H1,01/30/2009,17,GA,運動飲料,254,1,32,32,P,1
H1,01/30/2009,18,GA,運動飲料,254,4,24,96,P,2
H1,01/30/2009,21,GA,運動飲料,254,1,32,32,P,1
H1,01/30/2009,22,GA,運動飲料,254,1,32,32,P,1
H1,01/31/2009,12,GA,運動飲料,254,1,32,32,P,1
H1,01/31/2009,19,GA,運動飲料,254,4,24,96,P,2
H1,02/01/2009,20,GA,運動飲料,254,3,24,72,N,1
H1,02/02/2009,15,GA,運動飲料,254,1,36,36,N,1
H1,02/02/2009,20,GA,運動飲料,254,1,36,36,N,1
H1,02/02/2009,22,GA,運動飲料,254,1,36,36,N,1
H1,02/03/2009,15,GA,運動飲料,254,4,27,108,N,1
H1,02/03/2009,21,GA,運動飲料,254,1,36,36,N,1
H1,02/04/2009,16,GA,運動飲料,254,1,36,36,N,1
H1,02/04/2009,21,GA,運動飲料,254,1,36,36,N,1
H1,02/05/2009,21,GA,運動飲料,254,1,36,36,N,1
H1,02/06/2009,11,GA,運動飲料,254,3,24,72,N,1
H1,02/06/2009,12,GA,運動飲料,254,3,24,72,N,1
H1,02/06/2009,18,GA,運動飲料,254,3,24,72,N,1
H1,02/07/2009,09,GA,運動飲料,254,3,24,72,N,1
H1,02/07/2009,14,GA,運動飲料,254,1,36,36,N,1
H1,02/08/2009,15,GA,運動飲料,254,4,27,108,N,2
H1,02/08/2009,16,GA,運動飲料,254,1,36,36,N,1
H1,02/08/2009,17,GA,運動飲料,254,1,36,36,N,1
H1,02/09/2009,18,GA,運動飲料,254,1,36,36,N,1
H1,02/10/2009,12,GA,運動飲料,254,4,26,104,P,2
H1,02/10/2009,20,GA,運動飲料,254,1,35,35,P,1
H1,02/10/2009,22,GA,運動飲料,254,3,23,69,P,1
H1,02/11/2009,10,GA,運動飲料,254,1,35,35,P,1
H1,02/11/2009,14,GA,運動飲料,254,5,28,140,P,1
H1,02/12/2009,17,GA,運動飲料,254,1,35,35,P,1
H1,02/12/2009,18,GA,運動飲料,254,1,35,35,P,1
H1,02/13/2009,19,GA,運動飲料,254,1,35,35,P,1
H1,02/13/2009,20,GA,運動飲料,254,5,28,140,P,1
H1,02/13/2009,21,GA,運動飲料,254,1,35,35,P,1
H1,02/14/2009,12,GA,運動飲料,254,3,23,69,P,1
H1,02/15/2009,11,GA,運動飲料,254,3,23,69,P,1
H1,02/15/2009,13,GA,運動飲料,254,1,35,35,P,1
H1,02/15/2009,14,GA,運動飲料,254,3,23,69,P,1
H1,02/16/2009,17,GA,運動飲料,254,1,36,36,N,1
H1,02/17/2009,09,GA,運動飲料,254,3,24,72,N,1
H1,02/18/2009,16,GA,運動飲料,254,3,24,72,N,1
H1,02/18/2009,19,GA,運動飲料,254,1,36,36,N,1
H1,02/19/2009,19,GA,運動飲料,254,1,36,36,N,1
H1,02/21/2009,10,GA,運動飲料,254,3,24,72,N,1
H1,02/21/2009,14,GA,運動飲料,254,1,36,36,N,1
H1,02/21/2009,22,GA,運動飲料,254,3,24,72,N,1
H1,02/22/2009,14,GA,運動飲料,254,1,36,36,N,1
H1,02/22/2009,22,GA,運動飲料,254,1,36,36,N,1
H1,02/23/2009,09,GA,運動飲料,254,1,36,36,N,1
H1,02/23/2009,18,GA,運動飲料,254,1,36,36,N,1
H1,02/24/2009,09,GA,運動飲料,254,8,26,208,P,1
H1,02/24/2009,10,GA,運動飲料,254,1,35,35,P,1
H1,02/24/2009,11,GA,運動飲料,254,2,35,70,P,2
H1,02/24/2009,18,GA,運動飲料,254,1,35,35,P,1
H1,02/25/2009,14,GA,運動飲料,254,2,35,70,P,2
H1,02/25/2009,16,GA,運動飲料,254,3,23,69,P,1
H1,02/25/2009,20,GA,運動飲料,254,3,23,69,P,1
H1,02/26/2009,12,GA,運動飲料,254,8,26,208,P,1
H1,02/26/2009,15,GA,運動飲料,254,1,35,35,P,1
H1,02/27/2009,16,GA,運動飲料,254,1,35,35,P,1
H1,02/27/2009,19,GA,運動飲料,254,1,35,35,P,1
H1,02/27/2009,22,GA,運動飲料,254,1,35,35,P,1
H1,02/28/2009,10,GA,運動飲料,254,3,23,69,P,1
H1,02/28/2009,12,GA,運動飲料,254,1,34,34,P,1
H1,02/28/2009,21,GA,運動飲料,254,1,34,34,P,1
H1,03/01/2009,10,GA,運動飲料,254,5,27,135,P,1
H1,03/01/2009,13,GA,運動飲料,254,1,34,34,P,1
H1,03/01/2009,15,GA,運動飲料,254,1,34,34,P,1
H1,03/01/2009,16,GA,運動飲料,254,1,34,34,P,1
H1,03/01/2009,18,GA,運動飲料,254,1,34,34,P,1
H1,03/01/2009,20,GA,運動飲料,254,1,34,34,P,1
H1,03/01/2009,21,GA,運動飲料,254,2,34,68,P,2
H1,03/02/2009,11,GA,運動飲料,254,1,34,34,P,1
H1,03/02/2009,13,GA,運動飲料,254,1,34,34,P,1
H1,03/02/2009,17,GA,運動飲料,254,1,34,34,P,1
H1,03/02/2009,20,GA,運動飲料,254,3,23,69,P,1
H1,03/03/2009,10,GA,運動飲料,254,1,34,34,P,1
H1,03/03/2009,18,GA,運動飲料,254,1,34,34,P,1
H1,03/03/2009,20,GA,運動飲料,254,3,23,69,P,1
H1,03/03/2009,21,GA,運動飲料,254,1,34,34,P,1
H1,03/04/2009,14,GA,運動飲料,254,3,23,69,P,1
H1,03/04/2009,20,GA,運動飲料,254,1,34,34,P,1
H1,03/05/2009,12,GA,運動飲料,254,1,34,34,P,1
H1,03/05/2009,21,GA,運動飲料,254,1,34,34,P,1
H1,03/05/2009,22,GA,運動飲料,254,1,34,34,P,1
H1,03/06/2009,11,GA,運動飲料,254,8,26,208,P,1
H1,03/06/2009,19,GA,運動飲料,254,1,34,34,P,1
H1,03/06/2009,21,GA,運動飲料,254,1,34,34,P,1
H1,03/07/2009,17,GA,運動飲料,254,1,34,34,P,1
H1,03/08/2009,12,GA,運動飲料,254,1,34,34,P,1
H1,03/08/2009,16,GA,運動飲料,254,1,34,34,P,1
H1,03/08/2009,23,GA,運動飲料,254,4,26,104,P,1
H1,03/09/2009,14,GA,運動飲料,254,1,34,34,P,1
H1,03/09/2009,19,GA,運動飲料,254,1,34,34,P,1
H1,03/09/2009,20,GA,運動飲料,254,1,34,34,P,1
H1,03/10/2009,13,GA,運動飲料,254,1,34,34,P,1
H1,03/10/2009,15,GA,運動飲料,254,3,23,69,P,1
H1,03/11/2009,11,GA,運動飲料,254,3,23,69,P,1
H1,03/11/2009,13,GA,運動飲料,254,1,34,34,P,1
H1,03/11/2009,20,GA,運動飲料,254,10,27,270,P,1
H1,03/11/2009,21,GA,運動飲料,254,1,34,34,P,1
H1,03/12/2009,11,GA,運動飲料,254,1,34,34,P,1
H1,03/13/2009,09,GA,運動飲料,254,1,34,34,P,1
H1,03/13/2009,10,GA,運動飲料,254,2,34,68,P,2
H1,03/13/2009,11,GA,運動飲料,254,3,23,69,P,1
H1,03/13/2009,20,GA,運動飲料,254,5,27,135,P,1
H1,03/14/2009,11,GA,運動飲料,254,1,34,34,P,1
H1,03/14/2009,18,GA,運動飲料,254,3,23,69,P,1
H1,03/14/2009,19,GA,運動飲料,254,1,34,34,P,1
H1,03/14/2009,22,GA,運動飲料,254,1,34,34,P,1
H1,03/14/2009,23,GA,運動飲料,254,3,23,69,P,1
H1,03/15/2009,18,GA,運動飲料,254,1,34,34,P,1
H1,03/15/2009,20,GA,運動飲料,254,1,34,34,P,1
H1,03/16/2009,18,GA,運動飲料,254,3,24,72,N,1
H1,03/17/2009,15,GA,運動飲料,254,1,36,36,N,1
H1,03/18/2009,16,GA,運動飲料,254,3,19,57,P,1
H1,03/18/2009,18,GA,運動飲料,254,1,29,29,P,1
H1,03/18/2009,20,GA,運動飲料,254,1,29,29,P,1
H1,03/18/2009,21,GA,運動飲料,254,3,19,57,P,1
H1,03/18/2009,22,GA,運動飲料,254,3,19,57,P,1
H1,03/19/2009,13,GA,運動飲料,254,1,29,29,P,1
H1,03/19/2009,15,GA,運動飲料,254,1,29,29,P,1
H1,03/19/2009,19,GA,運動飲料,254,3,19,57,P,1
H1,03/19/2009,20,GA,運動飲料,254,1,29,29,P,1
H1,03/19/2009,21,GA,運動飲料,254,21,23,483,P,2
H1,03/19/2009,22,GA,運動飲料,254,6,24,144,P,1
H1,03/20/2009,16,GA,運動飲料,254,1,29,29,P,1
H1,03/20/2009,17,GA,運動飲料,254,4,22,88,P,1
H1,03/20/2009,21,GA,運動飲料,254,4,22,88,P,2
H1,03/20/2009,22,GA,運動飲料,254,3,19,57,P,1
H1,03/21/2009,11,GA,運動飲料,254,1,29,29,P,1
H1,03/21/2009,13,GA,運動飲料,254,1,29,29,P,1
H1,03/21/2009,14,GA,運動飲料,254,1,29,29,P,1
H1,03/21/2009,15,GA,運動飲料,254,3,19,57,P,1
H1,03/21/2009,16,GA,運動飲料,254,1,29,29,P,1
H1,03/21/2009,17,GA,運動飲料,254,1,29,29,P,1
H1,03/21/2009,19,GA,運動飲料,254,4,22,88,P,2
H1,03/21/2009,20,GA,運動飲料,254,3,19,57,P,1
H1,03/21/2009,21,GA,運動飲料,254,1,29,29,P,1
H1,03/21/2009,22,GA,運動飲料,254,11,21,231,P,2
H1,03/22/2009,10,GA,運動飲料,254,1,29,29,P,1
H1,03/22/2009,13,GA,運動飲料,254,1,29,29,P,1
H1,03/22/2009,14,GA,運動飲料,254,5,23,115,P,3
H1,03/22/2009,15,GA,運動飲料,254,9,23,207,P,2
H1,03/22/2009,17,GA,運動飲料,254,7,21,147,P,2
H1,03/22/2009,18,GA,運動飲料,254,5,23,115,P,1
H1,03/22/2009,19,GA,運動飲料,254,7,21,147,P,2
H1,03/22/2009,22,GA,運動飲料,254,1,29,29,P,1
H1,03/23/2009,17,GA,運動飲料,254,1,29,29,P,1
H1,03/23/2009,20,GA,運動飲料,254,7,21,147,P,2
H1,03/23/2009,21,GA,運動飲料,254,5,23,115,P,1
H1,03/23/2009,22,GA,運動飲料,254,3,19,57,P,1
H1,03/24/2009,12,GA,運動飲料,254,1,29,29,P,1
H1,03/24/2009,13,GA,運動飲料,254,1,29,29,P,1
H1,03/24/2009,16,GA,運動飲料,254,3,19,57,P,1
H1,03/25/2009,19,GA,運動飲料,254,3,19,57,P,1
H1,03/25/2009,20,GA,運動飲料,254,5,23,115,P,2
H1,03/25/2009,21,GA,運動飲料,254,1,29,29,P,1
H1,03/26/2009,11,GA,運動飲料,254,3,19,57,P,1
H1,03/26/2009,14,GA,運動飲料,254,3,19,57,P,1
H1,03/26/2009,16,GA,運動飲料,254,1,29,29,P,1
H1,03/26/2009,18,GA,運動飲料,254,8,22,176,P,1
H1,03/26/2009,19,GA,運動飲料,254,2,29,58,P,2
H1,03/27/2009,10,GA,運動飲料,254,1,29,29,P,1
H1,03/27/2009,14,GA,運動飲料,254,3,19,57,P,1
H1,03/27/2009,15,GA,運動飲料,254,1,29,29,P,1
H1,03/27/2009,16,GA,運動飲料,254,3,19,57,P,1
H1,03/27/2009,19,GA,運動飲料,254,1,29,29,P,1
H1,03/27/2009,20,GA,運動飲料,254,1,29,29,P,1
H1,03/28/2009,11,GA,運動飲料,254,1,29,29,P,1
H1,03/28/2009,14,GA,運動飲料,254,1,29,29,P,1
H1,03/28/2009,15,GA,運動飲料,254,3,19,57,P,1
H1,03/28/2009,16,GA,運動飲料,254,3,19,57,P,1
H1,03/28/2009,17,GA,運動飲料,254,2,29,58,P,2
H1,03/28/2009,18,GA,運動飲料,254,3,19,57,P,1
H1,03/28/2009,20,GA,運動飲料,254,1,29,29,P,1
H1,03/28/2009,21,GA,運動飲料,254,6,24,144,P,4
H1,03/28/2009,22,GA,運動飲料,254,1,29,29,P,1
H1,03/28/2009,23,GA,運動飲料,254,1,29,29,P,1
H1,03/29/2009,13,GA,運動飲料,254,16,22,352,P,2
H1,03/29/2009,16,GA,運動飲料,254,3,19,57,P,1
H1,03/29/2009,17,GA,運動飲料,254,1,29,29,P,1
H1,03/29/2009,22,GA,運動飲料,254,1,29,29,P,1
H1,03/30/2009,12,GA,運動飲料,254,6,24,144,P,1
H1,03/30/2009,16,GA,運動飲料,254,3,19,57,P,1
H1,03/30/2009,17,GA,運動飲料,254,8,22,176,P,2
H1,03/30/2009,19,GA,運動飲料,254,1,29,29,P,1
H1,03/30/2009,20,GA,運動飲料,254,2,29,58,P,2
H1,03/30/2009,21,GA,運動飲料,254,2,29,58,P,2
H1,03/31/2009,11,GA,運動飲料,254,1,29,29,P,1
H1,03/31/2009,18,GA,運動飲料,254,3,19,57,P,1
H1,03/31/2009,19,GA,運動飲料,254,1,29,29,P,1
H1,04/01/2009,13,GA,運動飲料,254,1,36,36,N,1
H1,04/01/2009,18,GA,運動飲料,254,1,36,36,N,1
H1,04/01/2009,20,GA,運動飲料,254,3,24,72,N,1
H1,04/02/2009,14,GA,運動飲料,254,3,24,72,N,1
H1,04/03/2009,11,GA,運動飲料,254,5,29,145,N,1
H1,04/03/2009,12,GA,運動飲料,254,1,36,36,N,1
H1,04/03/2009,13,GA,運動飲料,254,8,27,216,N,1
H1,04/03/2009,14,GA,運動飲料,254,1,36,36,N,1
H1,04/03/2009,17,GA,運動飲料,254,1,36,36,N,1
H1,04/03/2009,18,GA,運動飲料,254,1,36,36,N,1
H1,04/04/2009,11,GA,運動飲料,254,1,36,36,N,1
H1,04/04/2009,17,GA,運動飲料,254,3,24,72,N,1
H1,04/04/2009,21,GA,運動飲料,254,3,24,72,N,1
H1,04/04/2009,22,GA,運動飲料,254,1,36,36,N,1
H1,04/05/2009,12,GA,運動飲料,254,1,36,36,N,1
H1,04/05/2009,14,GA,運動飲料,254,1,36,36,N,1
H1,04/06/2009,17,GA,運動飲料,254,4,27,108,N,1
H1,04/06/2009,18,GA,運動飲料,254,4,27,108,N,2
H1,04/09/2009,12,GA,運動飲料,254,1,36,36,N,1
H1,04/10/2009,11,GA,運動飲料,254,4,25,100,P,2
H1,04/10/2009,13,GA,運動飲料,254,5,26,130,P,1
H1,04/10/2009,22,GA,運動飲料,254,1,33,33,P,1
H1,04/11/2009,12,GA,運動飲料,254,1,33,33,P,1
H1,04/11/2009,14,GA,運動飲料,254,3,22,66,P,1
H1,04/11/2009,15,GA,運動飲料,254,4,25,100,P,2
H1,04/11/2009,16,GA,運動飲料,254,3,22,66,P,1
H1,04/11/2009,17,GA,運動飲料,254,1,33,33,P,1
H1,04/11/2009,19,GA,運動飲料,254,1,33,33,P,1
H1,04/11/2009,20,GA,運動飲料,254,1,33,33,P,1
H1,04/12/2009,15,GA,運動飲料,254,1,33,33,P,1
H1,04/12/2009,16,GA,運動飲料,254,1,33,33,P,1
H1,04/12/2009,18,GA,運動飲料,254,1,33,33,P,1
H1,04/13/2009,13,GA,運動飲料,254,1,33,33,P,1
H1,04/13/2009,17,GA,運動飲料,254,1,33,33,P,1
H1,04/13/2009,18,GA,運動飲料,254,1,33,33,P,1
H1,04/13/2009,19,GA,運動飲料,254,6,22,132,P,2
H1,04/13/2009,20,GA,運動飲料,254,1,33,33,P,1
H1,04/13/2009,21,GA,運動飲料,254,4,25,100,P,1
H1,04/13/2009,22,GA,運動飲料,254,3,22,66,P,1
H1,04/13/2009,23,GA,運動飲料,254,1,33,33,P,1
H1,04/14/2009,17,GA,運動飲料,254,1,33,33,P,1
H1,04/14/2009,22,GA,運動飲料,254,1,33,33,P,1
H1,04/15/2009,13,GA,運動飲料,254,1,33,33,P,1
H1,04/15/2009,14,GA,運動飲料,254,3,22,66,P,1
H1,04/15/2009,15,GA,運動飲料,254,5,26,130,P,2
H1,04/15/2009,18,GA,運動飲料,254,1,33,33,P,1
H1,04/15/2009,19,GA,運動飲料,254,1,33,33,P,1
H1,04/15/2009,20,GA,運動飲料,254,3,22,66,P,1
H1,04/15/2009,21,GA,運動飲料,254,1,33,33,P,1
H1,04/16/2009,13,GA,運動飲料,254,3,22,66,P,1
H1,04/16/2009,19,GA,運動飲料,254,3,22,66,P,1
H1,04/17/2009,12,GA,運動飲料,254,1,33,33,P,1
H1,04/17/2009,14,GA,運動飲料,254,1,33,33,P,1
H1,04/17/2009,15,GA,運動飲料,254,1,33,33,P,1
H1,04/17/2009,21,GA,運動飲料,254,1,33,33,P,1
H1,04/18/2009,09,GA,運動飲料,254,1,33,33,P,1
H1,04/18/2009,11,GA,運動飲料,254,1,33,33,P,1
H1,04/18/2009,14,GA,運動飲料,254,3,33,99,P,3
H1,04/18/2009,17,GA,運動飲料,254,2,33,66,P,2
H1,04/18/2009,18,GA,運動飲料,254,3,22,66,P,1
H1,04/18/2009,19,GA,運動飲料,254,1,33,33,P,1
H1,04/18/2009,20,GA,運動飲料,254,3,22,66,P,1
H1,04/18/2009,21,GA,運動飲料,254,5,26,130,P,3
H1,04/19/2009,11,GA,運動飲料,254,1,33,33,P,1
H1,04/19/2009,15,GA,運動飲料,254,1,33,33,P,1
H1,04/19/2009,16,GA,運動飲料,254,2,33,66,P,2
H1,04/19/2009,18,GA,運動飲料,254,4,25,100,P,2
H1,04/19/2009,20,GA,運動飲料,254,1,33,33,P,1
H1,04/19/2009,22,GA,運動飲料,254,2,33,66,P,2
H1,04/20/2009,15,GA,運動飲料,254,11,24,264,P,2
H1,04/20/2009,16,GA,運動飲料,254,3,22,66,P,1
H1,04/20/2009,19,GA,運動飲料,254,1,33,33,P,1
H1,04/20/2009,20,GA,運動飲料,254,7,24,168,P,2
H1,04/20/2009,21,GA,運動飲料,254,1,33,33,P,1
H1,04/21/2009,12,GA,運動飲料,254,1,33,33,P,1
H1,04/23/2009,18,GA,運動飲料,254,1,37,37,N,1
H1,04/23/2009,20,GA,運動飲料,254,1,37,37,N,1
H1,04/24/2009,14,GA,運動飲料,254,1,37,37,N,1
H1,04/24/2009,19,GA,運動飲料,254,1,37,37,N,1
H1,04/24/2009,21,GA,運動飲料,254,2,37,74,N,2
H1,04/25/2009,12,GA,運動飲料,254,4,25,100,P,1
H1,04/25/2009,13,GA,運動飲料,254,1,33,33,P,1
H1,04/25/2009,15,GA,運動飲料,254,5,26,130,P,2
H1,04/25/2009,17,GA,運動飲料,254,1,33,33,P,1
H1,04/25/2009,22,GA,運動飲料,254,3,22,66,P,1
H1,04/26/2009,10,GA,運動飲料,254,3,22,66,P,1
H1,04/26/2009,16,GA,運動飲料,254,1,33,33,P,1
H1,04/26/2009,18,GA,運動飲料,254,1,33,33,P,1
H1,04/26/2009,20,GA,運動飲料,254,1,33,33,P,1
H1,04/27/2009,14,GA,運動飲料,254,3,22,66,P,1
H1,04/27/2009,15,GA,運動飲料,254,3,22,66,P,1
H1,04/27/2009,17,GA,運動飲料,254,3,22,66,P,1
H1,04/28/2009,17,GA,運動飲料,254,1,33,33,P,1
H1,04/28/2009,20,GA,運動飲料,254,6,22,132,P,2
H1,04/28/2009,22,GA,運動飲料,254,5,26,130,P,2
H1,04/29/2009,11,GA,運動飲料,254,5,26,130,P,1
H1,04/29/2009,17,GA,運動飲料,254,1,33,33,P,1
H1,04/29/2009,18,GA,運動飲料,254,6,28,168,P,1
H1,04/30/2009,19,GA,運動飲料,254,1,33,33,P,1
H1,04/30/2009,21,GA,運動飲料,254,6,28,168,P,1
H1,05/01/2009,12,GA,運動飲料,254,1,33,33,P,1
H1,05/01/2009,16,GA,運動飲料,254,1,33,33,P,1
H1,05/01/2009,18,GA,運動飲料,254,4,25,100,P,2
H1,05/02/2009,16,GA,運動飲料,254,3,22,66,P,1
H1,05/03/2009,09,GA,運動飲料,254,1,37,37,N,1
H1,05/03/2009,17,GA,運動飲料,254,1,37,37,N,1
H1,05/03/2009,19,GA,運動飲料,254,1,37,37,N,1
H1,05/04/2009,09,GA,運動飲料,254,1,37,37,N,1
H1,05/04/2009,21,GA,運動飲料,254,3,25,75,N,1
H1,05/05/2009,14,GA,運動飲料,254,3,23,69,N,1
H1,05/05/2009,19,GA,運動飲料,254,1,34,34,N,1
H1,05/06/2009,11,GA,運動飲料,254,2,34,68,N,2
H1,05/06/2009,18,GA,運動飲料,254,1,34,34,N,1
H1,05/06/2009,20,GA,運動飲料,254,1,34,34,N,1
H1,05/06/2009,21,GA,運動飲料,254,1,34,34,N,1
H1,05/07/2009,16,GA,運動飲料,254,1,34,34,N,1
H1,05/07/2009,20,GA,運動飲料,254,1,34,34,N,1
H1,05/07/2009,22,GA,運動飲料,254,1,34,34,N,1
H1,05/08/2009,11,GA,運動飲料,254,1,34,34,N,1
H1,05/08/2009,16,GA,運動飲料,254,15,27,405,N,1
H1,05/08/2009,20,GA,運動飲料,254,1,34,34,N,1
H1,05/09/2009,18,GA,運動飲料,254,1,34,34,N,1
H1,05/09/2009,22,GA,運動飲料,254,1,34,34,N,1
H1,05/10/2009,11,GA,運動飲料,254,4,26,104,N,1
H1,05/10/2009,14,GA,運動飲料,254,5,27,135,N,1
H1,05/10/2009,15,GA,運動飲料,254,1,34,34,N,1
H1,05/10/2009,16,GA,運動飲料,254,1,34,34,N,1
H1,05/10/2009,20,GA,運動飲料,254,1,34,34,N,1
H1,05/10/2009,21,GA,運動飲料,254,10,27,270,N,1
H1,05/11/2009,14,GA,運動飲料,254,1,33,33,P,1
H1,05/12/2009,16,GA,運動飲料,254,4,25,100,P,2
H1,05/12/2009,18,GA,運動飲料,254,1,33,33,P,1
H1,05/12/2009,21,GA,運動飲料,254,8,25,200,P,1
