demo_data_utf8.csv
Store,Date,Time,Dept,Family,Item_No,SalesQty,Price,SalesValue,Sales_Status,Sales_number
H1,05/13/2009,10,GA,運動飲料,254,6,28,168,P,1
H1,05/13/2009,16,GA,運動飲料,254,7,24,168,P,3
H1,05/13/2009,18,GA,運動飲料,254,3,22,66,P,1
H1,05/13/2009,20,GA,運動飲料,254,1,33,33,P,1
H1,05/13/2009,21,GA,運動飲料,254,14,26,364,P,2
H1,05/14/2009,09,GA,運動飲料,254,3,22,66,P,1
H1,05/14/2009,12,GA,運動飲料,254,1,33,33,P,1
H1,05/14/2009,19,GA,運動飲料,254,3,22,66,P,1
H1,05/15/2009,14,GA,運動飲料,254,4,25,100,P,1
H1,05/15/2009,15,GA,運動飲料,254,3,22,66,P,1
H1,05/15/2009,18,GA,運動飲料,254,2,33,66,P,2
H1,05/15/2009,21,GA,運動飲料,254,3,22,66,P,1
H1,05/15/2009,22,GA,運動飲料,254,1,33,33,P,1
H1,05/16/2009,10,GA,運動飲料,254,1,33,33,P,1
H1,05/16/2009,13,GA,運動飲料,254,2,33,66,P,2
H1,05/16/2009,15,GA,運動飲料,254,2,33,66,P,2
H1,05/16/2009,16,GA,運動飲料,254,3,22,66,P,1
H1,05/16/2009,18,GA,運動飲料,254,2,33,66,P,2
H1,05/16/2009,20,GA,運動飲料,254,4,25,100,P,2
H1,05/16/2009,21,GA,運動飲料,254,5,26,130,P,3
H1,05/17/2009,10,GA,運動飲料,254,5,26,130,P,1
H1,05/17/2009,11,GA,運動飲料,254,3,22,66,P,1
H1,05/17/2009,15,GA,運動飲料,254,1,33,33,P,1
H1,05/18/2009,10,GA,運動飲料,254,1,34,34,N,1
H1,05/18/2009,11,GA,運動飲料,254,1,34,34,N,1
H1,05/18/2009,17,GA,運動飲料,254,1,34,34,N,1
H1,05/20/2009,11,GA,運動飲料,254,1,34,34,N,1
H1,05/20/2009,12,GA,運動飲料,254,1,34,34,N,1
H1,05/20/2009,22,GA,運動飲料,254,1,34,34,N,1
H1,05/21/2009,17,GA,運動飲料,254,3,23,69,N,1
H1,05/21/2009,18,GA,運動飲料,254,3,23,69,N,1
H1,05/21/2009,21,GA,運動飲料,254,1,34,34,N,1
H1,05/22/2009,17,GA,運動飲料,254,3,23,69,N,1
H1,05/22/2009,19,GA,運動飲料,254,15,27,405,N,1
H1,05/22/2009,20,GA,運動飲料,254,1,34,34,N,1
H1,05/23/2009,15,GA,運動飲料,254,3,34,102,N,3
H1,05/23/2009,21,GA,運動飲料,254,12,26,312,N,4
H1,05/23/2009,22,GA,運動飲料,254,6,23,138,N,2
H1,05/24/2009,13,GA,運動飲料,254,8,26,208,N,1
H1,05/25/2009,13,GA,運動飲料,254,1,34,34,N,1
H1,05/25/2009,20,GA,運動飲料,254,1,34,34,N,1
H1,05/25/2009,21,GA,運動飲料,254,3,23,69,N,1
H1,05/26/2009,12,GA,運動飲料,254,3,23,69,N,1
H1,05/26/2009,13,GA,運動飲料,254,1,34,34,N,1
H1,05/26/2009,18,GA,運動飲料,254,4,26,104,N,1
H1,05/27/2009,17,GA,運動飲料,254,6,28,168,N,1
H1,05/27/2009,20,GA,運動飲料,254,1,34,34,N,1
H1,05/27/2009,21,GA,運動飲料,254,3,23,69,N,1
H1,05/27/2009,22,GA,運動飲料,254,1,34,34,N,1
H1,05/28/2009,18,GA,運動飲料,254,1,34,34,N,1
H1,05/28/2009,21,GA,運動飲料,254,1,34,34,N,1
H1,05/28/2009,22,GA,運動飲料,254,4,26,104,N,1
H1,05/29/2009,14,GA,運動飲料,254,1,34,34,N,1
H1,05/29/2009,19,GA,運動飲料,254,3,23,69,N,1
H1,05/29/2009,20,GA,運動飲料,254,1,34,34,N,1
H1,05/29/2009,22,GA,運動飲料,254,1,34,34,N,1
H1,05/30/2009,16,GA,運動飲料,254,1,34,34,N,1
H1,05/30/2009,20,GA,運動飲料,254,2,34,68,N,2
H1,05/30/2009,22,GA,運動飲料,254,1,34,34,N,1
H1,05/31/2009,11,GA,運動飲料,254,4,26,104,N,1
H1,05/31/2009,12,GA,運動飲料,254,1,34,34,N,1
H1,05/31/2009,17,GA,運動飲料,254,1,34,34,N,1
H1,05/31/2009,20,GA,運動飲料,254,1,34,34,N,1
H1,06/01/2009,21,GA,運動飲料,254,5,27,135,N,1
H1,06/01/2009,22,GA,運動飲料,254,4,26,104,N,1
H1,06/02/2009,12,GA,運動飲料,254,1,34,34,N,1
H1,06/02/2009,20,GA,運動飲料,254,1,34,34,N,1
H1,06/03/2009,19,GA,運動飲料,254,3,23,69,N,1
H1,06/03/2009,21,GA,運動飲料,254,4,26,104,N,1
H1,06/03/2009,22,GA,運動飲料,254,1,34,34,N,1
H1,06/04/2009,13,GA,運動飲料,254,2,17,34,N,2
H1,06/05/2009,13,GA,運動飲料,254,3,23,69,N,1
H1,06/05/2009,14,GA,運動飲料,254,1,34,34,N,1
H1,06/06/2009,11,GA,運動飲料,254,1,34,34,N,1
H1,06/06/2009,14,GA,運動飲料,254,1,34,34,N,1
H1,06/06/2009,15,GA,運動飲料,254,1,34,34,N,1
H1,06/06/2009,18,GA,運動飲料,254,1,34,34,N,1
H1,06/06/2009,20,GA,運動飲料,254,3,23,69,N,1
H1,06/07/2009,13,GA,運動飲料,254,1,34,34,N,1
H1,06/07/2009,17,GA,運動飲料,254,8,26,208,N,1
H1,06/07/2009,22,GA,運動飲料,254,6,28,168,N,2
H1,06/08/2009,18,GA,運動飲料,254,1,34,34,N,1
H1,06/09/2009,12,GA,運動飲料,254,1,34,34,N,1
H1,06/09/2009,13,GA,運動飲料,254,1,34,34,N,1
H1,06/09/2009,14,GA,運動飲料,254,2,34,68,N,2
H1,06/09/2009,22,GA,運動飲料,254,2,34,68,N,2
H1,06/10/2009,13,GA,運動飲料,254,1,34,34,N,1
H1,06/10/2009,16,GA,運動飲料,254,1,34,34,N,1
H1,06/10/2009,19,GA,運動飲料,254,1,34,34,N,1
H1,06/10/2009,22,GA,運動飲料,254,1,34,34,N,1
H1,06/11/2009,14,GA,運動飲料,254,3,23,69,N,1
H1,06/11/2009,18,GA,運動飲料,254,1,34,34,N,1
H1,06/11/2009,20,GA,運動飲料,254,4,26,104,N,2
H1,06/11/2009,21,GA,運動飲料,254,1,34,34,N,1
H1,06/11/2009,22,GA,運動飲料,254,2,34,68,N,2
H1,06/12/2009,09,GA,運動飲料,254,3,23,69,N,1
H1,06/12/2009,14,GA,運動飲料,254,3,23,69,N,1
H1,06/12/2009,16,GA,運動飲料,254,1,34,34,N,1
H1,06/12/2009,21,GA,運動飲料,254,1,34,34,N,1
H1,06/12/2009,22,GA,運動飲料,254,3,23,69,N,1
H1,06/13/2009,13,GA,運動飲料,254,1,34,34,N,1
H1,06/13/2009,14,GA,運動飲料,254,1,34,34,N,1
H1,06/13/2009,17,GA,運動飲料,254,1,34,34,N,1
H1,06/13/2009,18,GA,運動飲料,254,1,34,34,N,1
H1,06/13/2009,22,GA,運動飲料,254,1,34,34,N,1
H1,06/14/2009,11,GA,運動飲料,254,6,23,138,N,2
H1,06/14/2009,14,GA,運動飲料,254,1,34,34,N,1
H1,06/14/2009,16,GA,運動飲料,254,1,34,34,N,1
H1,06/14/2009,17,GA,運動飲料,254,1,34,34,N,1
H1,06/14/2009,18,GA,運動飲料,254,1,34,34,N,1
H1,06/15/2009,10,GA,運動飲料,254,1,34,34,N,1
H1,06/15/2009,15,GA,運動飲料,254,1,34,34,N,1
H1,06/15/2009,16,GA,運動飲料,254,3,23,69,N,1
H1,06/15/2009,21,GA,運動飲料,254,4,26,104,N,2
H1,06/16/2009,15,GA,運動飲料,254,3,23,69,N,1
H1,06/17/2009,20,GA,運動飲料,254,3,23,69,N,1
H1,06/18/2009,10,GA,運動飲料,254,1,34,34,N,1
H1,06/18/2009,14,GA,運動飲料,254,3,23,69,N,1
H1,06/18/2009,17,GA,運動飲料,254,1,34,34,N,1
H1,06/18/2009,18,GA,運動飲料,254,3,23,69,N,1
H1,06/18/2009,20,GA,運動飲料,254,6,28,168,N,1
H1,06/18/2009,21,GA,運動飲料,254,1,34,34,N,1
H1,06/19/2009,17,GA,運動飲料,254,3,23,69,N,1
H1,06/19/2009,22,GA,運動飲料,254,3,23,69,N,1
H1,06/20/2009,12,GA,運動飲料,254,4,26,104,N,2
H1,06/20/2009,15,GA,運動飲料,254,1,34,34,N,1
H1,06/20/2009,20,GA,運動飲料,254,3,23,69,N,1
H1,06/21/2009,12,GA,運動飲料,254,1,34,34,N,1
H1,06/21/2009,13,GA,運動飲料,254,3,23,69,N,1
H1,06/21/2009,17,GA,運動飲料,254,1,34,34,N,1
H1,06/21/2009,19,GA,運動飲料,254,1,34,34,N,1
H1,06/21/2009,21,GA,運動飲料,254,1,34,34,N,1
H1,06/22/2009,09,GA,運動飲料,254,3,23,69,N,1
H1,06/22/2009,12,GA,運動飲料,254,2,34,68,N,2
H1,06/22/2009,15,GA,運動飲料,254,5,27,135,N,2
H1,06/22/2009,16,GA,運動飲料,254,3,23,69,N,1
H1,06/22/2009,19,GA,運動飲料,254,1,34,34,N,1
H1,06/22/2009,21,GA,運動飲料,254,1,34,34,N,1
H1,06/23/2009,19,GA,運動飲料,254,3,23,69,N,1
H1,06/24/2009,15,GA,運動飲料,254,1,34,34,N,1
H1,06/24/2009,16,GA,運動飲料,254,4,26,104,N,2
H1,06/24/2009,19,GA,運動飲料,254,3,23,69,N,1
H1,06/24/2009,20,GA,運動飲料,254,3,23,69,N,1
H1,06/24/2009,21,GA,運動飲料,254,3,23,69,N,1
H1,06/25/2009,17,GA,運動飲料,254,1,34,34,N,1
H1,06/26/2009,10,GA,運動飲料,254,2,34,68,N,2
H1,06/26/2009,13,GA,運動飲料,254,4,26,104,N,1
H1,06/26/2009,17,GA,運動飲料,254,5,27,135,N,1
H1,06/26/2009,18,GA,運動飲料,254,1,34,34,N,1
H1,06/26/2009,21,GA,運動飲料,254,2,34,68,N,2
H1,06/26/2009,22,GA,運動飲料,254,4,26,104,N,2
H1,06/27/2009,09,GA,運動飲料,254,1,34,34,N,1
H1,06/27/2009,10,GA,運動飲料,254,1,34,34,N,1
H1,06/27/2009,11,GA,運動飲料,254,3,23,69,N,1
H1,06/27/2009,16,GA,運動飲料,254,1,34,34,N,1
H1,06/27/2009,22,GA,運動飲料,254,1,34,34,N,1
H1,06/28/2009,09,GA,運動飲料,254,5,27,135,N,1
H1,06/28/2009,11,GA,運動飲料,254,1,34,34,N,1
H1,06/28/2009,14,GA,運動飲料,254,5,27,135,N,1
H1,06/28/2009,15,GA,運動飲料,254,1,34,34,N,1
H1,06/28/2009,17,GA,運動飲料,254,13,26,338,N,1
H1,06/28/2009,19,GA,運動飲料,254,3,23,69,N,1
H1,06/28/2009,20,GA,運動飲料,254,1,34,34,N,1
H1,06/28/2009,22,GA,運動飲料,254,3,23,69,N,1
H1,06/29/2009,20,GA,運動飲料,254,4,26,104,N,2
H1,06/29/2009,21,GA,運動飲料,254,4,26,104,N,2
H1,06/29/2009,22,GA,運動飲料,254,6,23,138,N,2
H1,06/30/2009,09,GA,運動飲料,254,1,34,34,N,1
H1,06/30/2009,11,GA,運動飲料,254,3,23,69,N,1
H1,06/30/2009,15,GA,運動飲料,254,4,26,104,N,2
H1,06/30/2009,16,GA,運動飲料,254,1,34,34,N,1
H1,06/30/2009,20,GA,運動飲料,254,4,26,104,N,1
H1,07/01/2009,14,GA,運動飲料,254,1,34,34,N,1
H1,07/01/2009,17,GA,運動飲料,254,1,34,34,N,1
H1,07/01/2009,18,GA,運動飲料,254,4,26,104,N,2
H1,07/01/2009,19,GA,運動飲料,254,1,34,34,N,1
H1,07/01/2009,21,GA,運動飲料,254,8,26,208,N,1
H1,07/02/2009,10,GA,運動飲料,254,1,34,34,N,1
H1,07/02/2009,11,GA,運動飲料,254,1,34,34,N,1
H1,07/02/2009,17,GA,運動飲料,254,3,23,69,N,1
H1,07/02/2009,21,GA,運動飲料,254,3,23,69,N,1
H1,07/02/2009,22,GA,運動飲料,254,16,28,448,N,1
H1,07/03/2009,12,GA,運動飲料,254,1,34,34,N,1
H1,07/03/2009,13,GA,運動飲料,254,1,34,34,N,1
H1,07/03/2009,16,GA,運動飲料,254,1,34,34,N,1
H1,07/03/2009,19,GA,運動飲料,254,3,23,69,N,1
H1,07/03/2009,20,GA,運動飲料,254,1,34,34,N,1
H1,07/03/2009,21,GA,運動飲料,254,1,34,34,N,1
H1,07/04/2009,13,GA,運動飲料,254,4,26,104,N,2
H1,07/04/2009,15,GA,運動飲料,254,1,34,34,N,1
H1,07/04/2009,16,GA,運動飲料,254,3,23,69,N,1
H1,07/04/2009,20,GA,運動飲料,254,1,34,34,N,1
H1,07/05/2009,14,GA,運動飲料,254,4,26,104,N,1
H1,07/05/2009,18,GA,運動飲料,254,3,23,69,N,1
H1,07/05/2009,20,GA,運動飲料,254,6,23,138,N,2
H1,07/05/2009,21,GA,運動飲料,254,3,23,69,N,1
H1,07/06/2009,10,GA,運動飲料,254,1,34,34,N,1
H1,07/06/2009,15,GA,運動飲料,254,3,23,69,N,1
H1,07/06/2009,16,GA,運動飲料,254,2,34,68,N,2
H1,07/06/2009,18,GA,運動飲料,254,1,34,34,N,1
H1,07/06/2009,21,GA,運動飲料,254,6,23,138,N,2
H1,07/06/2009,22,GA,運動飲料,254,6,28,168,N,1
H1,07/07/2009,10,GA,運動飲料,254,1,34,34,N,1
H1,07/07/2009,11,GA,運動飲料,254,3,23,69,N,1
H1,07/07/2009,14,GA,運動飲料,254,3,23,69,N,1
H1,07/07/2009,16,GA,運動飲料,254,3,23,69,N,1
H1,07/07/2009,19,GA,運動飲料,254,3,23,69,N,1
H1,07/07/2009,20,GA,運動飲料,254,5,27,135,N,1
H1,07/07/2009,21,GA,運動飲料,254,3,23,69,N,1
H1,07/08/2009,14,GA,運動飲料,254,1,34,34,N,1
H1,07/08/2009,15,GA,運動飲料,254,3,23,69,N,1
H1,07/08/2009,20,GA,運動飲料,254,1,34,34,N,1
H1,07/08/2009,21,GA,運動飲料,254,1,34,34,N,1
H1,07/09/2009,10,GA,運動飲料,254,1,34,34,N,1
H1,07/09/2009,14,GA,運動飲料,254,3,23,69,N,1
H1,07/09/2009,17,GA,運動飲料,254,3,23,69,N,1
H1,07/09/2009,18,GA,運動飲料,254,1,34,34,N,1
H1,07/09/2009,20,GA,運動飲料,254,1,34,34,N,1
H1,07/10/2009,12,GA,運動飲料,254,1,34,34,N,1
H1,07/10/2009,14,GA,運動飲料,254,1,34,34,N,1
H1,07/10/2009,16,GA,運動飲料,254,1,34,34,N,1
H1,07/10/2009,17,GA,運動飲料,254,1,34,34,N,1
H1,07/10/2009,18,GA,運動飲料,254,6,28,168,N,1
H1,07/10/2009,20,GA,運動飲料,254,16,26,416,N,2
H1,07/10/2009,21,GA,運動飲料,254,2,34,68,N,2
H1,07/11/2009,10,GA,運動飲料,254,1,34,34,N,1
H1,07/11/2009,11,GA,運動飲料,254,5,27,135,N,2
H1,07/11/2009,12,GA,運動飲料,254,1,34,34,N,1
H1,07/11/2009,13,GA,運動飲料,254,2,34,68,N,2
H1,07/11/2009,14,GA,運動飲料,254,1,34,34,N,1
H1,07/11/2009,15,GA,運動飲料,254,1,34,34,N,1
H1,07/11/2009,16,GA,運動飲料,254,1,34,34,N,1
H1,07/12/2009,09,GA,運動飲料,254,1,34,34,N,1
H1,07/12/2009,11,GA,運動飲料,254,9,26,234,N,2
H1,07/12/2009,12,GA,運動飲料,254,2,34,68,N,2
H1,07/12/2009,13,GA,運動飲料,254,1,34,34,N,1
H1,07/12/2009,14,GA,運動飲料,254,1,34,34,N,1
H1,07/12/2009,15,GA,運動飲料,254,10,27,270,N,3
H1,07/12/2009,16,GA,運動飲料,254,6,28,168,N,2
H1,07/12/2009,19,GA,運動飲料,254,2,34,68,N,2
H1,07/12/2009,20,GA,運動飲料,254,1,34,34,N,1
H1,07/12/2009,21,GA,運動飲料,254,5,27,135,N,3
H1,07/12/2009,22,GA,運動飲料,254,4,26,104,N,2
H1,07/12/2009,23,GA,運動飲料,254,1,34,34,N,1
H1,07/13/2009,09,GA,運動飲料,254,4,26,104,N,1
H1,07/13/2009,13,GA,運動飲料,254,1,34,34,N,1
H1,07/13/2009,14,GA,運動飲料,254,11,28,308,N,1
H1,07/13/2009,15,GA,運動飲料,254,3,23,69,N,1
H1,07/13/2009,18,GA,運動飲料,254,2,34,68,N,2
H1,07/13/2009,21,GA,運動飲料,254,4,26,104,N,2
H1,07/13/2009,22,GA,運動飲料,254,5,27,135,N,2
H1,07/14/2009,12,GA,運動飲料,254,1,34,34,N,1
H1,07/14/2009,13,GA,運動飲料,254,5,27,135,N,1
H1,07/14/2009,14,GA,運動飲料,254,3,23,69,N,1
H1,07/14/2009,16,GA,運動飲料,254,3,23,69,N,1
H1,07/14/2009,18,GA,運動飲料,254,1,34,34,N,1
H1,07/14/2009,19,GA,運動飲料,254,3,23,69,N,1
H1,07/15/2009,11,GA,運動飲料,254,8,26,208,N,1
H1,07/15/2009,14,GA,運動飲料,254,1,34,34,N,1
H1,07/15/2009,16,GA,運動飲料,254,3,23,69,N,1
H1,07/15/2009,20,GA,運動飲料,254,5,27,135,N,3
H1,07/15/2009,21,GA,運動飲料,254,6,28,168,N,2
H1,07/16/2009,12,GA,運動飲料,254,1,34,34,N,1
H1,07/16/2009,14,GA,運動飲料,254,1,34,34,N,1
H1,07/16/2009,15,GA,運動飲料,254,4,26,104,N,1
H1,07/16/2009,16,GA,運動飲料,254,4,26,104,N,2
H1,07/16/2009,19,GA,運動飲料,254,10,24,240,N,4
H1,07/16/2009,20,GA,運動飲料,254,5,27,135,N,2
H1,07/17/2009,16,GA,運動飲料,254,4,26,104,N,2
H1,07/17/2009,18,GA,運動飲料,254,12,26,312,N,2
H1,07/17/2009,19,GA,運動飲料,254,2,34,68,N,2
H1,07/17/2009,20,GA,運動飲料,254,2,34,68,N,2
H1,07/17/2009,21,GA,運動飲料,254,1,34,34,N,1
H1,07/17/2009,22,GA,運動飲料,254,3,23,69,N,1
H1,07/18/2009,10,GA,運動飲料,254,1,34,34,N,1
H1,07/18/2009,11,GA,運動飲料,254,4,26,104,N,1
H1,07/18/2009,12,GA,運動飲料,254,2,34,68,N,2
H1,07/18/2009,13,GA,運動飲料,254,1,34,34,N,1
H1,07/18/2009,14,GA,運動飲料,254,8,26,208,N,2
H1,07/18/2009,15,GA,運動飲料,254,4,26,104,N,2
H1,07/18/2009,16,GA,運動飲料,254,1,34,34,N,1
H1,07/18/2009,19,GA,運動飲料,254,9,26,234,N,4
H1,07/18/2009,21,GA,運動飲料,254,1,34,34,N,1
H1,07/18/2009,22,GA,運動飲料,254,3,23,69,N,1
H1,07/19/2009,11,GA,運動飲料,254,1,34,34,N,1
H1,07/19/2009,12,GA,運動飲料,254,1,34,34,N,1
H1,07/19/2009,13,GA,運動飲料,254,3,23,69,N,1
H1,07/19/2009,14,GA,運動飲料,254,8,26,208,N,1
H1,07/19/2009,15,GA,運動飲料,254,1,34,34,N,1
H1,07/19/2009,19,GA,運動飲料,254,3,23,69,N,1
H1,07/19/2009,20,GA,運動飲料,254,3,23,69,N,1
H1,07/20/2009,13,GA,運動飲料,254,1,34,34,N,1
H1,07/20/2009,17,GA,運動飲料,254,5,27,135,N,1
H1,07/20/2009,19,GA,運動飲料,254,5,27,135,N,2
H1,07/20/2009,21,GA,運動飲料,254,1,34,34,N,1
H1,07/21/2009,11,GA,運動飲料,254,1,34,34,N,1
H1,07/21/2009,13,GA,運動飲料,254,3,23,69,N,1
H1,07/21/2009,16,GA,運動飲料,254,1,34,34,N,1
H1,07/21/2009,17,GA,運動飲料,254,4,26,104,N,2
H1,07/21/2009,19,GA,運動飲料,254,1,34,34,N,1
H1,07/21/2009,21,GA,運動飲料,254,4,26,104,N,2
H1,07/22/2009,13,GA,運動飲料,254,4,26,104,N,1
H1,07/22/2009,14,GA,運動飲料,254,1,34,34,N,1
H1,07/22/2009,19,GA,運動飲料,254,1,34,34,N,1
H1,07/22/2009,21,GA,運動飲料,254,6,28,168,N,2
H1,07/23/2009,12,GA,運動飲料,254,21,28,588,N,2
H1,07/23/2009,18,GA,運動飲料,254,1,34,34,N,1
H1,07/23/2009,19,GA,運動飲料,254,5,27,135,N,1
H1,07/23/2009,20,GA,運動飲料,254,1,34,34,N,1
H1,07/23/2009,21,GA,運動飲料,254,6,23,138,N,2
H1,07/24/2009,11,GA,運動飲料,254,5,27,135,N,2
H1,07/24/2009,14,GA,運動飲料,254,1,34,34,N,1
H1,07/24/2009,15,GA,運動飲料,254,1,34,34,N,1
H1,07/24/2009,16,GA,運動飲料,254,3,23,69,N,1
H1,07/24/2009,18,GA,運動飲料,254,7,24,168,N,2
H1,07/24/2009,19,GA,運動飲料,254,1,34,34,N,1
H1,07/24/2009,20,GA,運動飲料,254,4,26,104,N,2
H1,07/24/2009,22,GA,運動飲料,254,3,23,69,N,1
H1,07/25/2009,10,GA,運動飲料,254,3,23,69,N,1
H1,07/25/2009,11,GA,運動飲料,254,1,34,34,N,1
H1,07/25/2009,12,GA,運動飲料,254,3,23,69,N,1
H1,07/25/2009,15,GA,運動飲料,254,3,34,102,N,3
H1,07/26/2009,11,GA,運動飲料,254,2,34,68,N,2
H1,07/26/2009,12,GA,運動飲料,254,1,34,34,N,1
H1,07/26/2009,13,GA,運動飲料,254,1,34,34,N,1
H1,07/26/2009,15,GA,運動飲料,254,20,27,540,N,3
H1,07/26/2009,16,GA,運動飲料,254,1,34,34,N,1
H1,07/26/2009,17,GA,運動飲料,254,3,23,69,N,1
H1,07/26/2009,20,GA,運動飲料,254,1,34,34,N,1
H1,07/26/2009,21,GA,運動飲料,254,3,34,102,N,3
H1,07/27/2009,11,GA,運動飲料,254,4,26,104,N,2
H1,07/27/2009,12,GA,運動飲料,254,1,34,34,N,1
H1,07/27/2009,17,GA,運動飲料,254,8,26,208,N,1
H1,07/27/2009,19,GA,運動飲料,254,1,34,34,N,1
H1,07/27/2009,21,GA,運動飲料,254,16,26,416,N,4
H1,07/27/2009,22,GA,運動飲料,254,3,23,69,N,1
H1,07/28/2009,11,GA,運動飲料,254,6,28,168,N,2
H1,07/28/2009,14,GA,運動飲料,254,3,23,69,N,1
H1,07/28/2009,15,GA,運動飲料,254,3,23,69,N,1
H1,07/28/2009,16,GA,運動飲料,254,3,23,69,N,1
H1,07/28/2009,19,GA,運動飲料,254,8,26,208,N,2
H1,07/28/2009,21,GA,運動飲料,254,3,23,69,N,1
H1,07/29/2009,13,GA,運動飲料,254,4,26,104,N,1
H1,07/29/2009,20,GA,運動飲料,254,1,34,34,N,1
H1,07/29/2009,22,GA,運動飲料,254,2,34,68,N,2
H1,07/30/2009,13,GA,運動飲料,254,3,23,69,N,1
H1,07/30/2009,14,GA,運動飲料,254,4,26,104,N,1
H1,07/30/2009,15,GA,運動飲料,254,1,34,34,N,1
H1,07/30/2009,21,GA,運動飲料,254,1,34,34,N,1
H1,07/31/2009,13,GA,運動飲料,254,1,34,34,N,1
H1,07/31/2009,15,GA,運動飲料,254,1,34,34,N,1
H1,07/31/2009,16,GA,運動飲料,254,5,27,135,N,3
H1,07/31/2009,17,GA,運動飲料,254,1,34,34,N,1
H1,07/31/2009,20,GA,運動飲料,254,8,26,208,N,1
H1,07/31/2009,21,GA,運動飲料,254,3,23,69,N,1
H1,07/31/2009,22,GA,運動飲料,254,1,34,34,N,1
H1,08/01/2009,10,GA,運動飲料,254,4,26,104,N,2
H1,08/01/2009,12,GA,運動飲料,254,3,23,69,N,1
H1,08/01/2009,14,GA,運動飲料,254,2,34,68,N,2
H1,08/01/2009,15,GA,運動飲料,254,1,34,34,N,1
H1,08/01/2009,17,GA,運動飲料,254,16,28,448,N,2
H1,08/01/2009,18,GA,運動飲料,254,1,34,34,N,1
H1,08/01/2009,19,GA,運動飲料,254,1,34,34,N,1
H1,08/01/2009,20,GA,運動飲料,254,5,27,135,N,1
H1,08/01/2009,22,GA,運動飲料,254,6,28,168,N,2
H1,08/02/2009,09,GA,運動飲料,254,3,23,69,N,1
H1,08/02/2009,11,GA,運動飲料,254,5,27,135,N,3
H1,08/02/2009,12,GA,運動飲料,254,3,23,69,N,1
H1,08/02/2009,14,GA,運動飲料,254,16,26,416,N,2
H1,08/02/2009,15,GA,運動飲料,254,4,26,104,N,2
H1,08/02/2009,17,GA,運動飲料,254,3,23,69,N,1
H1,08/02/2009,18,GA,運動飲料,254,1,34,34,N,1
H1,08/02/2009,19,GA,運動飲料,254,1,34,34,N,1
H1,08/02/2009,20,GA,運動飲料,254,6,23,138,N,2
H1,08/02/2009,21,GA,運動飲料,254,2,34,68,N,2
H1,08/02/2009,23,GA,運動飲料,254,1,34,34,N,1
H1,08/03/2009,09,GA,運動飲料,254,3,23,69,N,1
H1,08/03/2009,12,GA,運動飲料,254,1,34,34,N,1
H1,08/03/2009,13,GA,運動飲料,254,8,26,208,N,3
H1,08/03/2009,15,GA,運動飲料,254,1,34,34,N,1
H1,08/03/2009,18,GA,運動飲料,254,3,23,69,N,1
H1,08/03/2009,19,GA,運動飲料,254,3,34,102,N,3
H1,08/03/2009,20,GA,運動飲料,254,1,34,34,N,1
H1,08/03/2009,21,GA,運動飲料,254,2,34,68,N,2
H1,08/04/2009,15,GA,運動飲料,254,3,23,69,N,1
H1,08/04/2009,21,GA,運動飲料,254,5,27,135,N,1
H1,08/05/2009,11,GA,運動飲料,254,1,34,34,N,1
H1,08/05/2009,14,GA,運動飲料,254,1,34,34,N,1
H1,08/05/2009,16,GA,運動飲料,254,5,27,135,N,1
H1,08/05/2009,18,GA,運動飲料,254,3,23,69,N,1
H1,08/05/2009,19,GA,運動飲料,254,1,34,34,N,1
H1,08/05/2009,20,GA,運動飲料,254,4,26,104,N,1
H1,08/05/2009,21,GA,運動飲料,254,1,34,34,N,1
H1,08/05/2009,22,GA,運動飲料,254,6,28,168,N,3
H1,08/05/2009,23,GA,運動飲料,254,5,27,135,N,1
H1,08/06/2009,12,GA,運動飲料,254,1,34,34,N,1
H1,08/06/2009,14,GA,運動飲料,254,3,23,69,N,1
H1,08/06/2009,16,GA,運動飲料,254,1,34,34,N,1
H1,08/06/2009,19,GA,運動飲料,254,3,23,69,N,1
H1,08/06/2009,20,GA,運動飲料,254,4,26,104,N,2
H1,08/06/2009,21,GA,運動飲料,254,4,26,104,N,1
H1,08/07/2009,10,GA,運動飲料,254,1,29,29,P,1
H1,08/07/2009,11,GA,運動飲料,254,6,24,144,P,3
H1,08/07/2009,12,GA,運動飲料,254,1,29,29,P,1
H1,08/07/2009,14,GA,運動飲料,254,9,23,207,P,3
H1,08/07/2009,15,GA,運動飲料,254,6,24,144,P,2
H1,08/07/2009,16,GA,運動飲料,254,3,19,57,P,1
H1,08/07/2009,17,GA,運動飲料,254,9,23,207,P,3
H1,08/07/2009,18,GA,運動飲料,254,6,24,144,P,3
H1,08/07/2009,20,GA,運動飲料,254,6,19,114,P,2
H1,08/07/2009,21,GA,運動飲料,254,14,23,322,P,5
H1,08/07/2009,22,GA,運動飲料,254,6,19,114,P,2
H1,08/08/2009,11,GA,運動飲料,254,1,29,29,P,1
H1,08/09/2009,10,GA,運動飲料,254,4,22,88,P,1
H1,08/09/2009,12,GA,運動飲料,254,6,24,144,P,2
H1,08/09/2009,13,GA,運動飲料,254,12,22,264,P,3
H1,08/09/2009,14,GA,運動飲料,254,13,20,260,P,5
H1,08/09/2009,15,GA,運動飲料,254,1,29,29,P,1
H1,08/09/2009,16,GA,運動飲料,254,2,29,58,P,2
H1,08/09/2009,17,GA,運動飲料,254,3,19,57,P,1
H1,08/09/2009,18,GA,運動飲料,254,1,29,29,P,1
H1,08/09/2009,19,GA,運動飲料,254,1,29,29,P,1
H1,08/09/2009,20,GA,運動飲料,254,2,29,58,P,2
H1,08/09/2009,21,GA,運動飲料,254,5,23,115,P,1
H1,08/10/2009,11,GA,運動飲料,254,4,22,88,P,2
H1,08/10/2009,12,GA,運動飲料,254,2,29,58,P,2
H1,08/10/2009,13,GA,運動飲料,254,6,19,114,P,2
H1,08/11/2009,12,GA,運動飲料,254,1,29,29,P,1
H1,08/11/2009,14,GA,運動飲料,254,5,23,115,P,1
H1,08/11/2009,15,GA,運動飲料,254,3,19,57,P,1
H1,08/11/2009,18,GA,運動飲料,254,8,22,176,P,1
H1,08/11/2009,19,GA,運動飲料,254,1,29,29,P,1
