demo_data_utf8.csv
Store,Date,Time,Dept,Family,Item_No,SalesQty,Price,SalesValue,Sales_Status,Sales_number
H1,08/11/2009,21,GA,運動飲料,254,3,19,57,P,1
H1,08/11/2009,22,GA,運動飲料,254,10,23,230,P,4
H1,08/12/2009,12,GA,運動飲料,254,6,19,114,P,2
H1,08/12/2009,13,GA,運動飲料,254,1,29,29,P,1
H1,08/12/2009,14,GA,運動飲料,254,5,23,115,P,3
H1,08/12/2009,16,GA,運動飲料,254,10,23,230,P,3
H1,08/12/2009,17,GA,運動飲料,254,5,29,145,P,5
H1,08/12/2009,19,GA,運動飲料,254,3,29,87,P,3
H1,08/12/2009,20,GA,運動飲料,254,3,19,57,P,1
H1,08/12/2009,21,GA,運動飲料,254,6,24,144,P,4
H1,08/12/2009,22,GA,運動飲料,254,10,23,230,P,1
H1,08/13/2009,12,GA,運動飲料,254,3,19,57,P,1
H1,08/13/2009,14,GA,運動飲料,254,6,24,144,P,4
H1,08/13/2009,15,GA,運動飲料,254,7,21,147,P,2
H1,08/13/2009,16,GA,運動飲料,254,7,21,147,P,3
H1,08/13/2009,17,GA,運動飲料,254,1,29,29,P,1
H1,08/13/2009,18,GA,運動飲料,254,1,29,29,P,1
H1,08/13/2009,19,GA,運動飲料,254,16,23,368,P,2
H1,08/13/2009,20,GA,運動飲料,254,1,29,29,P,1
H1,08/13/2009,21,GA,運動飲料,254,3,19,57,P,1
H1,08/14/2009,11,GA,運動飲料,254,5,23,115,P,1
H1,08/14/2009,12,GA,運動飲料,254,1,29,29,P,1
H1,08/14/2009,13,GA,運動飲料,254,1,29,29,P,1
H1,08/14/2009,14,GA,運動飲料,254,3,19,57,P,1
H1,08/14/2009,15,GA,運動飲料,254,5,23,115,P,3
H1,08/14/2009,16,GA,運動飲料,254,5,23,115,P,3
H1,08/14/2009,18,GA,運動飲料,254,1,29,29,P,1
H1,08/14/2009,19,GA,運動飲料,254,3,29,87,P,3
H1,08/14/2009,20,GA,運動飲料,254,4,22,88,P,2
H1,08/14/2009,21,GA,運動飲料,254,1,29,29,P,1
H1,08/14/2009,22,GA,運動飲料,254,13,25,325,P,4
H1,08/14/2009,23,GA,運動飲料,254,1,29,29,P,1
H1,08/15/2009,01,GA,運動飲料,254,6,24,144,P,2
H1,08/15/2009,06,GA,運動飲料,254,4,22,88,P,1
H1,08/15/2009,10,GA,運動飲料,254,15,21,315,P,6
H1,08/15/2009,11,GA,運動飲料,254,17,22,374,P,4
H1,08/15/2009,12,GA,運動飲料,254,11,24,264,P,4
H1,08/15/2009,13,GA,運動飲料,254,1,29,29,P,1
H1,08/15/2009,14,GA,運動飲料,254,4,29,116,P,4
H1,08/15/2009,17,GA,運動飲料,254,7,21,147,P,3
H1,08/15/2009,18,GA,運動飲料,254,1,29,29,P,1
H1,08/15/2009,19,GA,運動飲料,254,5,23,115,P,3
H1,08/15/2009,21,GA,運動飲料,254,7,25,175,P,5
H1,08/15/2009,22,GA,運動飲料,254,1,29,29,P,1
H1,08/16/2009,01,GA,運動飲料,254,9,19,171,P,5
H1,08/16/2009,02,GA,運動飲料,254,12,22,264,P,3
H1,08/16/2009,04,GA,運動飲料,254,3,19,57,P,1
H1,08/16/2009,10,GA,運動飲料,254,5,23,115,P,3
H1,08/16/2009,11,GA,運動飲料,254,1,29,29,P,1
H1,08/16/2009,12,GA,運動飲料,254,5,23,115,P,3
H1,08/16/2009,13,GA,運動飲料,254,5,23,115,P,3
H1,08/16/2009,14,GA,運動飲料,254,7,21,147,P,3
H1,08/16/2009,15,GA,運動飲料,254,27,23,621,P,5
H1,08/16/2009,16,GA,運動飲料,254,9,23,207,P,3
H1,08/16/2009,17,GA,運動飲料,254,6,19,114,P,2
H1,08/16/2009,19,GA,運動飲料,254,6,24,144,P,3
H1,08/16/2009,20,GA,運動飲料,254,7,25,175,P,3
H1,08/16/2009,21,GA,運動飲料,254,7,21,147,P,2
H1,08/16/2009,23,GA,運動飲料,254,1,29,29,P,1
H1,08/17/2009,10,GA,運動飲料,254,1,29,29,P,1
H1,08/17/2009,11,GA,運動飲料,254,3,19,57,P,1
H1,08/17/2009,12,GA,運動飲料,254,18,23,414,P,2
H1,08/17/2009,14,GA,運動飲料,254,6,19,114,P,2
H1,08/17/2009,16,GA,運動飲料,254,20,23,460,P,4
H1,08/17/2009,18,GA,運動飲料,254,1,29,29,P,1
H1,08/17/2009,19,GA,運動飲料,254,1,29,29,P,1
H1,08/17/2009,20,GA,運動飲料,254,15,23,345,P,6
H1,08/17/2009,21,GA,運動飲料,254,1,29,29,P,1
H1,08/17/2009,22,GA,運動飲料,254,4,22,88,P,1
H1,08/18/2009,10,GA,運動飲料,254,3,19,57,P,1
H1,08/18/2009,11,GA,運動飲料,254,4,22,88,P,1
H1,01/01/2009,09,GA,運動飲料,654,3,19,57,P,1
H1,01/01/2009,12,GA,運動飲料,654,1,29,29,P,1
H1,01/01/2009,13,GA,運動飲料,654,1,29,29,P,1
H1,01/01/2009,14,GA,運動飲料,654,6,19,114,P,2
H1,01/01/2009,15,GA,運動飲料,654,2,29,58,P,2
H1,01/01/2009,16,GA,運動飲料,654,5,23,115,P,3
H1,01/01/2009,18,GA,運動飲料,654,4,22,88,P,2
H1,01/01/2009,19,GA,運動飲料,654,4,22,88,P,1
H1,01/01/2009,21,GA,運動飲料,654,2,29,58,P,2
H1,01/01/2009,22,GA,運動飲料,654,4,22,88,P,1
H1,01/02/2009,11,GA,運動飲料,654,1,29,29,P,1
H1,01/02/2009,13,GA,運動飲料,654,1,29,29,P,1
H1,01/02/2009,15,GA,運動飲料,654,4,22,88,P,2
H1,01/02/2009,16,GA,運動飲料,654,1,29,29,P,1
H1,01/02/2009,17,GA,運動飲料,654,1,29,29,P,1
H1,01/02/2009,20,GA,運動飲料,654,1,29,29,P,1
H1,01/02/2009,21,GA,運動飲料,654,2,29,58,P,2
H1,01/03/2009,09,GA,運動飲料,654,1,29,29,P,1
H1,01/03/2009,12,GA,運動飲料,654,6,24,144,P,4
H1,01/03/2009,13,GA,運動飲料,654,4,22,88,P,2
H1,01/03/2009,14,GA,運動飲料,654,10,26,260,P,5
H1,01/03/2009,15,GA,運動飲料,654,1,29,29,P,1
H1,01/03/2009,17,GA,運動飲料,654,5,23,115,P,2
H1,01/03/2009,18,GA,運動飲料,654,3,29,87,P,3
H1,01/04/2009,15,GA,運動飲料,654,1,29,29,P,1
H1,01/04/2009,16,GA,運動飲料,654,12,22,264,P,2
H1,01/04/2009,17,GA,運動飲料,654,6,24,144,P,4
H1,01/04/2009,18,GA,運動飲料,654,1,29,29,P,1
H1,01/04/2009,19,GA,運動飲料,654,4,22,88,P,2
H1,01/04/2009,22,GA,運動飲料,654,1,29,29,P,1
H1,01/05/2009,12,GA,運動飲料,654,1,29,29,P,1
H1,01/05/2009,14,GA,運動飲料,654,1,29,29,P,1
H1,01/05/2009,17,GA,運動飲料,654,1,29,29,P,1
H1,01/05/2009,18,GA,運動飲料,654,8,22,176,P,1
H1,01/05/2009,20,GA,運動飲料,654,3,19,57,P,1
H1,01/06/2009,12,GA,運動飲料,654,2,29,58,P,2
H1,01/06/2009,13,GA,運動飲料,654,1,29,29,P,1
H1,01/06/2009,21,GA,運動飲料,654,1,29,29,P,1
H1,01/07/2009,11,GA,運動飲料,654,1,33,33,N,1
H1,01/07/2009,21,GA,運動飲料,654,6,28,168,N,2
H1,01/08/2009,18,GA,運動飲料,654,1,33,33,N,1
H1,01/09/2009,15,GA,運動飲料,654,5,26,130,N,1
H1,01/10/2009,12,GA,運動飲料,654,3,22,66,N,1
H1,01/10/2009,13,GA,運動飲料,654,3,22,66,N,1
H1,01/10/2009,14,GA,運動飲料,654,3,22,66,N,1
H1,01/10/2009,16,GA,運動飲料,654,1,33,33,N,1
H1,01/10/2009,18,GA,運動飲料,654,6,28,168,N,1
H1,01/10/2009,21,GA,運動飲料,654,4,25,100,N,1
H1,01/10/2009,22,GA,運動飲料,654,3,22,66,N,1
H1,01/10/2009,23,GA,運動飲料,654,3,22,66,N,1
H1,01/11/2009,11,GA,運動飲料,654,2,33,66,N,2
H1,01/11/2009,13,GA,運動飲料,654,3,22,66,N,1
H1,01/11/2009,14,GA,運動飲料,654,2,33,66,N,2
H1,01/11/2009,15,GA,運動飲料,654,1,33,33,N,1
H1,01/11/2009,19,GA,運動飲料,654,3,22,66,N,1
H1,01/11/2009,21,GA,運動飲料,654,3,22,66,N,1
H1,01/12/2009,12,GA,運動飲料,654,1,33,33,N,1
H1,01/12/2009,18,GA,運動飲料,654,1,33,33,N,1
H1,01/12/2009,21,GA,運動飲料,654,1,33,33,N,1
H1,01/13/2009,15,GA,運動飲料,654,3,22,66,N,1
H1,01/15/2009,20,GA,運動飲料,654,3,22,66,N,1
H1,01/16/2009,15,GA,運動飲料,654,6,22,132,N,2
H1,01/16/2009,18,GA,運動飲料,654,4,25,100,N,1
H1,01/16/2009,19,GA,運動飲料,654,1,33,33,N,1
H1,01/16/2009,21,GA,運動飲料,654,3,22,66,N,1
H1,01/16/2009,22,GA,運動飲料,654,1,33,33,N,1
H1,01/17/2009,09,GA,運動飲料,654,1,33,33,N,1
H1,01/17/2009,11,GA,運動飲料,654,1,33,33,N,1
H1,01/17/2009,18,GA,運動飲料,654,1,33,33,N,1
H1,01/18/2009,13,GA,運動飲料,654,1,33,33,N,1
H1,01/18/2009,15,GA,運動飲料,654,4,25,100,N,1
H1,01/18/2009,16,GA,運動飲料,654,3,22,66,N,1
H1,01/18/2009,17,GA,運動飲料,654,2,33,66,N,2
H1,01/18/2009,19,GA,運動飲料,654,4,25,100,N,2
H1,01/19/2009,00,GA,運動飲料,654,4,25,100,N,1
H1,01/19/2009,01,GA,運動飲料,654,1,33,33,N,1
H1,01/19/2009,08,GA,運動飲料,654,1,33,33,N,1
H1,01/19/2009,12,GA,運動飲料,654,1,33,33,N,1
H1,01/19/2009,13,GA,運動飲料,654,1,33,33,N,1
H1,01/19/2009,15,GA,運動飲料,654,1,33,33,N,1
H1,01/20/2009,01,GA,運動飲料,654,1,33,33,N,1
H1,01/20/2009,03,GA,運動飲料,654,1,33,33,N,1
H1,01/20/2009,10,GA,運動飲料,654,3,22,66,N,1
H1,01/20/2009,11,GA,運動飲料,654,4,25,100,N,2
H1,01/20/2009,13,GA,運動飲料,654,3,22,66,N,1
H1,01/20/2009,14,GA,運動飲料,654,3,22,66,N,1
H1,01/20/2009,16,GA,運動飲料,654,1,33,33,N,1
H1,01/20/2009,19,GA,運動飲料,654,3,22,66,N,1
H1,01/20/2009,20,GA,運動飲料,654,1,33,33,N,1
H1,01/20/2009,21,GA,運動飲料,654,3,22,66,N,1
H1,01/21/2009,00,GA,運動飲料,654,1,33,33,N,1
H1,01/21/2009,01,GA,運動飲料,654,1,33,33,N,1
H1,01/21/2009,12,GA,運動飲料,654,3,22,66,N,1
H1,01/21/2009,13,GA,運動飲料,654,1,33,33,N,1
H1,01/21/2009,16,GA,運動飲料,654,1,33,33,N,1
H1,01/21/2009,20,GA,運動飲料,654,6,22,132,N,2
H1,01/21/2009,21,GA,運動飲料,654,1,33,33,N,1
H1,01/21/2009,23,GA,運動飲料,654,3,22,66,N,1
H1,01/22/2009,00,GA,運動飲料,654,3,22,66,N,1
H1,01/22/2009,14,GA,運動飲料,654,3,22,66,N,1
H1,01/22/2009,20,GA,運動飲料,654,6,28,168,N,2
H1,01/22/2009,21,GA,運動飲料,654,1,33,33,N,1
H1,01/23/2009,00,GA,運動飲料,654,3,22,66,N,1
H1,01/23/2009,12,GA,運動飲料,654,1,33,33,N,1
H1,01/23/2009,17,GA,運動飲料,654,1,33,33,N,1
H1,01/23/2009,20,GA,運動飲料,654,1,33,33,N,1
H1,01/23/2009,21,GA,運動飲料,654,3,22,66,N,1
H1,01/24/2009,00,GA,運動飲料,654,3,33,99,N,3
H1,01/24/2009,01,GA,運動飲料,654,6,22,132,N,2
H1,01/24/2009,02,GA,運動飲料,654,3,22,66,N,1
H1,01/24/2009,10,GA,運動飲料,654,2,33,66,N,2
H1,01/24/2009,12,GA,運動飲料,654,7,24,168,N,2
H1,01/24/2009,16,GA,運動飲料,654,1,33,33,N,1
H1,01/24/2009,17,GA,運動飲料,654,2,33,66,N,2
H1,01/24/2009,19,GA,運動飲料,654,1,33,33,N,1
H1,01/24/2009,20,GA,運動飲料,654,3,22,66,N,3
H1,01/24/2009,22,GA,運動飲料,654,5,26,130,N,3
H1,01/24/2009,23,GA,運動飲料,654,1,33,33,N,1
H1,01/25/2009,00,GA,運動飲料,654,9,22,198,N,3
H1,01/25/2009,04,GA,運動飲料,654,5,26,130,N,1
H1,01/25/2009,09,GA,運動飲料,654,1,33,33,N,1
H1,01/25/2009,11,GA,運動飲料,654,3,22,66,N,1
H1,01/25/2009,12,GA,運動飲料,654,7,24,168,N,3
H1,01/25/2009,16,GA,運動飲料,654,1,33,33,N,1
H1,01/25/2009,17,GA,運動飲料,654,2,33,66,N,2
H1,01/26/2009,12,GA,運動飲料,654,3,22,66,N,1
H1,01/26/2009,14,GA,運動飲料,654,2,33,66,N,2
H1,01/26/2009,15,GA,運動飲料,654,1,33,33,N,1
H1,01/28/2009,10,GA,運動飲料,654,3,22,66,N,1
H1,01/28/2009,12,GA,運動飲料,654,1,33,33,N,1
H1,01/28/2009,13,GA,運動飲料,654,3,22,66,N,1
H1,01/28/2009,15,GA,運動飲料,654,1,33,33,N,1
H1,01/28/2009,18,GA,運動飲料,654,1,33,33,N,1
H1,01/28/2009,21,GA,運動飲料,654,1,33,33,N,1
H1,01/29/2009,12,GA,運動飲料,654,1,33,33,N,1
H1,01/29/2009,13,GA,運動飲料,654,1,33,33,N,1
H1,01/29/2009,16,GA,運動飲料,654,1,33,33,N,1
H1,01/29/2009,18,GA,運動飲料,654,1,33,33,N,1
H1,01/29/2009,19,GA,運動飲料,654,3,22,66,N,1
H1,01/29/2009,20,GA,運動飲料,654,7,24,168,N,2
H1,01/29/2009,22,GA,運動飲料,654,5,26,130,N,2
H1,01/30/2009,12,GA,運動飲料,654,1,33,33,N,1
H1,01/30/2009,19,GA,運動飲料,654,1,33,33,N,1
H1,01/30/2009,21,GA,運動飲料,654,2,33,66,N,2
H1,01/31/2009,12,GA,運動飲料,654,1,33,33,N,1
H1,01/31/2009,13,GA,運動飲料,654,1,33,33,N,1
H1,01/31/2009,14,GA,運動飲料,654,2,33,66,N,2
H1,01/31/2009,15,GA,運動飲料,654,2,33,66,N,2
H1,01/31/2009,16,GA,運動飲料,654,1,33,33,N,1
H1,01/31/2009,20,GA,運動飲料,654,4,25,100,N,1
H1,01/31/2009,21,GA,運動飲料,654,1,33,33,N,1
H1,02/01/2009,11,GA,運動飲料,654,2,33,66,N,2
H1,02/01/2009,13,GA,運動飲料,654,1,33,33,N,1
H1,02/01/2009,16,GA,運動飲料,654,3,22,66,N,1
H1,02/01/2009,17,GA,運動飲料,654,1,33,33,N,1
H1,02/01/2009,18,GA,運動飲料,654,1,33,33,N,1
H1,02/01/2009,19,GA,運動飲料,654,2,33,66,N,2
H1,02/01/2009,20,GA,運動飲料,654,1,33,33,N,1
H1,02/01/2009,21,GA,運動飲料,654,1,33,33,N,1
H1,02/02/2009,13,GA,運動飲料,654,2,17,34,N,2
H1,02/02/2009,18,GA,運動飲料,654,3,22,66,N,1
H1,02/02/2009,20,GA,運動飲料,654,3,22,66,N,1
H1,02/02/2009,22,GA,運動飲料,654,4,25,100,N,2
H1,02/04/2009,10,GA,運動飲料,654,3,22,66,N,1
H1,02/04/2009,15,GA,運動飲料,654,3,22,66,N,1
H1,02/04/2009,16,GA,運動飲料,654,1,33,33,N,1
H1,02/04/2009,17,GA,運動飲料,654,1,33,33,N,1
H1,02/04/2009,18,GA,運動飲料,654,1,33,33,N,1
H1,02/05/2009,12,GA,運動飲料,654,3,22,66,N,1
H1,02/05/2009,19,GA,運動飲料,654,3,22,66,N,1
H1,02/05/2009,21,GA,運動飲料,654,4,25,100,N,2
H1,02/05/2009,22,GA,運動飲料,654,1,33,33,N,1
H1,02/06/2009,11,GA,運動飲料,654,1,33,33,N,1
H1,02/06/2009,16,GA,運動飲料,654,1,33,33,N,1
H1,02/06/2009,21,GA,運動飲料,654,1,33,33,N,1
H1,02/06/2009,22,GA,運動飲料,654,1,33,33,N,1
H1,02/07/2009,12,GA,運動飲料,654,1,33,33,N,1
H1,02/07/2009,14,GA,運動飲料,654,1,33,33,N,1
H1,02/07/2009,17,GA,運動飲料,654,13,25,325,N,4
H1,02/07/2009,18,GA,運動飲料,654,4,25,100,N,2
H1,02/07/2009,19,GA,運動飲料,654,1,33,33,N,1
H1,02/07/2009,21,GA,運動飲料,654,3,22,66,N,1
H1,02/08/2009,09,GA,運動飲料,654,3,22,66,N,1
H1,02/08/2009,10,GA,運動飲料,654,4,25,100,N,1
H1,02/08/2009,11,GA,運動飲料,654,4,25,100,N,1
H1,02/08/2009,13,GA,運動飲料,654,1,33,33,N,1
H1,02/08/2009,14,GA,運動飲料,654,1,33,33,N,1
H1,02/08/2009,16,GA,運動飲料,654,1,33,33,N,1
H1,02/08/2009,17,GA,運動飲料,654,3,22,66,N,1
H1,02/08/2009,20,GA,運動飲料,654,1,33,33,N,1
H1,02/09/2009,18,GA,運動飲料,654,1,33,33,N,1
H1,02/09/2009,19,GA,運動飲料,654,3,22,66,N,1
H1,02/09/2009,20,GA,運動飲料,654,1,33,33,N,1
H1,02/09/2009,21,GA,運動飲料,654,1,33,33,N,1
H1,02/10/2009,20,GA,運動飲料,654,3,21,63,P,1
H1,02/10/2009,22,GA,運動飲料,654,4,24,96,P,2
H1,02/11/2009,10,GA,運動飲料,654,1,32,32,P,1
H1,02/11/2009,11,GA,運動飲料,654,1,32,32,P,1
H1,02/11/2009,12,GA,運動飲料,654,1,32,32,P,1
H1,02/11/2009,13,GA,運動飲料,654,3,21,63,P,1
H1,02/11/2009,14,GA,運動飲料,654,1,32,32,P,1
H1,02/11/2009,17,GA,運動飲料,654,1,32,32,P,1
H1,02/11/2009,22,GA,運動飲料,654,1,32,32,P,1
H1,02/12/2009,12,GA,運動飲料,654,3,21,63,P,1
H1,02/12/2009,16,GA,運動飲料,654,3,21,63,P,1
H1,02/12/2009,18,GA,運動飲料,654,1,32,32,P,1
H1,02/12/2009,20,GA,運動飲料,654,3,21,63,P,1
H1,02/12/2009,22,GA,運動飲料,654,2,32,64,P,2
H1,02/13/2009,12,GA,運動飲料,654,1,32,32,P,1
H1,02/13/2009,16,GA,運動飲料,654,3,21,63,P,1
H1,02/13/2009,20,GA,運動飲料,654,5,26,130,P,2
H1,02/13/2009,21,GA,運動飲料,654,1,32,32,P,1
H1,02/13/2009,22,GA,運動飲料,654,1,32,32,P,1
H1,02/14/2009,09,GA,運動飲料,654,1,32,32,P,1
H1,02/14/2009,10,GA,運動飲料,654,3,21,63,P,1
H1,02/14/2009,13,GA,運動飲料,654,3,21,63,P,1
H1,02/14/2009,15,GA,運動飲料,654,2,32,64,P,2
H1,02/14/2009,19,GA,運動飲料,654,1,32,32,P,1
H1,02/14/2009,20,GA,運動飲料,654,3,21,63,P,1
H1,02/14/2009,22,GA,運動飲料,654,8,24,192,P,1
H1,02/15/2009,13,GA,運動飲料,654,8,24,192,P,1
H1,02/15/2009,14,GA,運動飲料,654,3,21,63,P,1
H1,02/15/2009,15,GA,運動飲料,654,1,32,32,P,1
H1,02/15/2009,16,GA,運動飲料,654,3,21,63,P,1
H1,02/15/2009,20,GA,運動飲料,654,1,32,32,P,1
H1,02/15/2009,22,GA,運動飲料,654,5,26,130,P,2
H1,02/16/2009,13,GA,運動飲料,654,3,22,66,N,1
H1,02/16/2009,16,GA,運動飲料,654,1,33,33,N,1
H1,02/16/2009,17,GA,運動飲料,654,4,25,100,N,2
H1,02/16/2009,19,GA,運動飲料,654,3,22,66,N,1
H1,02/16/2009,21,GA,運動飲料,654,1,33,33,N,1
H1,02/17/2009,14,GA,運動飲料,654,1,33,33,N,1
H1,02/17/2009,18,GA,運動飲料,654,3,22,66,N,1
H1,02/18/2009,15,GA,運動飲料,654,1,33,33,N,1
H1,02/19/2009,11,GA,運動飲料,654,5,26,130,N,1
H1,02/19/2009,13,GA,運動飲料,654,1,33,33,N,1
H1,02/19/2009,19,GA,運動飲料,654,4,25,100,N,2
H1,02/20/2009,13,GA,運動飲料,654,1,33,33,N,1
H1,02/20/2009,14,GA,運動飲料,654,3,22,66,N,1
H1,02/20/2009,21,GA,運動飲料,654,1,33,33,N,1
H1,02/21/2009,09,GA,運動飲料,654,1,33,33,N,1
H1,02/21/2009,10,GA,運動飲料,654,1,33,33,N,1
H1,02/21/2009,13,GA,運動飲料,654,1,33,33,N,1
H1,02/21/2009,16,GA,運動飲料,654,1,33,33,N,1
H1,02/21/2009,19,GA,運動飲料,654,1,33,33,N,1
H1,02/21/2009,20,GA,運動飲料,654,1,33,33,N,1
H1,02/21/2009,21,GA,運動飲料,654,7,24,168,N,3
H1,02/22/2009,15,GA,運動飲料,654,1,33,33,N,1
H1,02/22/2009,17,GA,運動飲料,654,3,22,66,N,1
H1,02/22/2009,18,GA,運動飲料,654,3,22,66,N,1
H1,02/22/2009,20,GA,運動飲料,654,2,33,66,N,2
H1,02/22/2009,21,GA,運動飲料,654,5,26,130,N,3
H1,02/23/2009,16,GA,運動飲料,654,3,22,66,N,1
H1,02/23/2009,17,GA,運動飲料,654,2,33,66,N,2
H1,02/23/2009,19,GA,運動飲料,654,3,22,66,N,1
H1,02/24/2009,20,GA,運動飲料,654,3,22,66,N,1
H1,02/24/2009,22,GA,運動飲料,654,3,22,66,N,1
H1,02/25/2009,11,GA,運動飲料,654,1,33,33,N,1
H1,02/25/2009,13,GA,運動飲料,654,1,33,33,N,1
H1,02/25/2009,16,GA,運動飲料,654,3,22,66,N,1
H1,02/25/2009,21,GA,運動飲料,654,3,22,66,N,1
H1,02/26/2009,10,GA,運動飲料,654,1,33,33,N,1
H1,02/26/2009,13,GA,運動飲料,654,1,33,33,N,1
H1,02/26/2009,16,GA,運動飲料,654,1,33,33,N,1
H1,02/26/2009,17,GA,運動飲料,654,3,22,66,N,1
H1,02/26/2009,19,GA,運動飲料,654,8,25,200,N,2
H1,02/26/2009,21,GA,運動飲料,654,4,25,100,N,1
H1,02/26/2009,22,GA,運動飲料,654,3,22,66,N,1
H1,02/27/2009,16,GA,運動飲料,654,6,22,132,N,2
H1,02/27/2009,18,GA,運動飲料,654,3,22,66,N,1
H1,02/27/2009,20,GA,運動飲料,654,2,33,66,N,2
H1,02/28/2009,21,GA,運動飲料,654,3,22,66,N,1
H1,02/28/2009,22,GA,運動飲料,654,1,33,33,N,1
H1,03/01/2009,14,GA,運動飲料,654,3,22,66,N,1
H1,03/01/2009,17,GA,運動飲料,654,1,33,33,N,1
H1,03/02/2009,13,GA,運動飲料,654,4,25,100,N,1
H1,03/02/2009,14,GA,運動飲料,654,1,33,33,N,1
H1,03/02/2009,17,GA,運動飲料,654,1,33,33,N,1
H1,03/02/2009,21,GA,運動飲料,654,1,33,33,N,1
H1,03/04/2009,14,GA,運動飲料,654,3,22,66,N,1
H1,03/04/2009,17,GA,運動飲料,654,1,33,33,N,1
H1,03/04/2009,19,GA,運動飲料,654,1,33,33,N,1
H1,03/05/2009,14,GA,運動飲料,654,1,33,33,N,1
H1,03/05/2009,15,GA,運動飲料,654,1,33,33,N,1
H1,03/05/2009,17,GA,運動飲料,654,1,33,33,N,1
H1,03/05/2009,22,GA,運動飲料,654,1,33,33,N,1
H1,03/06/2009,10,GA,運動飲料,654,3,22,66,N,1
H1,03/06/2009,12,GA,運動飲料,654,1,33,33,N,1
H1,03/06/2009,17,GA,運動飲料,654,1,33,33,N,1
H1,03/06/2009,19,GA,運動飲料,654,3,22,66,N,1
H1,03/06/2009,20,GA,運動飲料,654,1,33,33,N,1
H1,03/06/2009,21,GA,運動飲料,654,3,22,66,N,1
H1,03/07/2009,10,GA,運動飲料,654,1,33,33,N,1
H1,03/07/2009,13,GA,運動飲料,654,1,33,33,N,1
H1,03/07/2009,15,GA,運動飲料,654,1,33,33,N,1
H1,03/07/2009,17,GA,運動飲料,654,1,33,33,N,1
H1,03/08/2009,11,GA,運動飲料,654,1,33,33,N,1
H1,03/08/2009,15,GA,運動飲料,654,1,33,33,N,1
H1,03/08/2009,18,GA,運動飲料,654,3,22,66,N,1
H1,03/08/2009,19,GA,運動飲料,654,1,33,33,N,1
H1,03/08/2009,21,GA,運動飲料,654,4,25,100,N,2
H1,03/09/2009,14,GA,運動飲料,654,1,33,33,N,1
H1,03/09/2009,15,GA,運動飲料,654,1,33,33,N,1
H1,03/09/2009,18,GA,運動飲料,654,3,22,66,N,1
H1,03/09/2009,21,GA,運動飲料,654,1,33,33,N,1
H1,03/09/2009,22,GA,運動飲料,654,3,22,66,N,1
H1,03/10/2009,13,GA,運動飲料,654,1,33,33,N,1
H1,03/10/2009,21,GA,運動飲料,654,1,33,33,N,1
H1,03/11/2009,15,GA,運動飲料,654,1,33,33,N,1
H1,03/11/2009,16,GA,運動飲料,654,1,33,33,N,1
H1,03/11/2009,20,GA,運動飲料,654,1,33,33,N,1
H1,03/11/2009,22,GA,運動飲料,654,2,33,66,N,2
H1,03/12/2009,12,GA,運動飲料,654,2,33,66,N,2
H1,03/12/2009,18,GA,運動飲料,654,3,22,66,N,1
H1,03/12/2009,21,GA,運動飲料,654,3,22,66,N,1
H1,03/13/2009,10,GA,運動飲料,654,2,33,66,N,2
H1,03/13/2009,11,GA,運動飲料,654,1,33,33,N,1
H1,03/13/2009,15,GA,運動飲料,654,3,22,66,N,1
H1,03/14/2009,10,GA,運動飲料,654,4,25,100,N,1
H1,03/14/2009,11,GA,運動飲料,654,1,33,33,N,1
H1,03/14/2009,13,GA,運動飲料,654,3,22,66,N,1
H1,03/14/2009,18,GA,運動飲料,654,3,22,66,N,1
H1,03/14/2009,21,GA,運動飲料,654,1,33,33,N,1
H1,03/14/2009,22,GA,運動飲料,654,3,22,66,N,1
H1,03/15/2009,09,GA,運動飲料,654,1,33,33,N,1
H1,03/15/2009,10,GA,運動飲料,654,3,22,66,N,1
H1,03/15/2009,14,GA,運動飲料,654,3,22,66,N,1
H1,03/15/2009,15,GA,運動飲料,654,1,33,33,N,1
H1,03/15/2009,16,GA,運動飲料,654,1,33,33,N,1
H1,03/15/2009,17,GA,運動飲料,654,3,22,66,N,1
H1,03/16/2009,10,GA,運動飲料,654,1,32,32,P,1
H1,03/16/2009,14,GA,運動飲料,654,1,32,32,P,1
H1,03/16/2009,15,GA,運動飲料,654,4,24,96,P,2
H1,03/16/2009,17,GA,運動飲料,654,1,32,32,P,1
H1,03/16/2009,20,GA,運動飲料,654,1,32,32,P,1
H1,03/16/2009,21,GA,運動飲料,654,1,32,32,P,1
H1,03/16/2009,22,GA,運動飲料,654,1,32,32,P,1
H1,03/17/2009,11,GA,運動飲料,654,3,21,63,P,1
H1,03/17/2009,13,GA,運動飲料,654,1,32,32,P,1
H1,03/17/2009,15,GA,運動飲料,654,1,32,32,P,1
H1,03/17/2009,19,GA,運動飲料,654,3,21,63,P,1
H1,03/17/2009,21,GA,運動飲料,654,2,32,64,P,2
H1,03/18/2009,13,GA,運動飲料,654,1,32,32,P,1
H1,03/19/2009,20,GA,運動飲料,654,1,32,32,P,1
H1,03/19/2009,21,GA,運動飲料,654,1,32,32,P,1
H1,03/19/2009,23,GA,運動飲料,654,1,32,32,P,1
H1,03/20/2009,11,GA,運動飲料,654,1,32,32,P,1
H1,03/20/2009,16,GA,運動飲料,654,4,24,96,P,1
H1,03/20/2009,19,GA,運動飲料,654,3,21,63,P,1
H1,03/20/2009,22,GA,運動飲料,654,1,32,32,P,1
H1,03/21/2009,12,GA,運動飲料,654,1,32,32,P,1
H1,03/21/2009,17,GA,運動飲料,654,1,32,32,P,1
H1,03/21/2009,20,GA,運動飲料,654,5,26,130,P,2
H1,03/21/2009,21,GA,運動飲料,654,1,32,32,P,1
H1,03/21/2009,22,GA,運動飲料,654,1,32,32,P,1
H1,03/22/2009,17,GA,運動飲料,654,2,32,64,P,2
H1,03/22/2009,18,GA,運動飲料,654,3,21,63,P,1
H1,03/22/2009,20,GA,運動飲料,654,2,32,64,P,2
H1,03/22/2009,21,GA,運動飲料,654,6,27,162,P,1
H1,03/23/2009,13,GA,運動飲料,654,1,32,32,P,1
H1,03/23/2009,22,GA,運動飲料,654,3,21,63,P,1
H1,03/24/2009,16,GA,運動飲料,654,3,21,63,P,1
