demo_data_utf8.csv
Store,Date,Time,Dept,Family,Item_No,SalesQty,Price,SalesValue,Sales_Status,Sales_number
H1,03/24/2009,17,GA,運動飲料,654,1,32,32,P,1
H1,03/24/2009,21,GA,運動飲料,654,3,21,63,P,1
H1,03/25/2009,09,GA,運動飲料,654,3,21,63,P,1
H1,03/25/2009,17,GA,運動飲料,654,4,24,96,P,1
H1,03/25/2009,18,GA,運動飲料,654,1,32,32,P,1
H1,03/25/2009,22,GA,運動飲料,654,3,21,63,P,1
H1,03/26/2009,17,GA,運動飲料,654,4,24,96,P,1
H1,03/27/2009,11,GA,運動飲料,654,1,32,32,P,1
H1,03/27/2009,14,GA,運動飲料,654,4,24,96,P,1
H1,03/27/2009,15,GA,運動飲料,654,2,32,64,P,2
H1,03/27/2009,18,GA,運動飲料,654,1,32,32,P,1
H1,03/27/2009,20,GA,運動飲料,654,3,21,63,P,1
H1,03/27/2009,21,GA,運動飲料,654,4,24,96,P,1
H1,03/28/2009,13,GA,運動飲料,654,1,32,32,P,1
H1,03/28/2009,14,GA,運動飲料,654,3,21,63,P,1
H1,03/28/2009,17,GA,運動飲料,654,3,21,63,P,1
H1,03/28/2009,20,GA,運動飲料,654,1,32,32,P,1
H1,03/28/2009,21,GA,運動飲料,654,4,24,96,P,2
H1,03/29/2009,14,GA,運動飲料,654,4,24,96,P,1
H1,03/29/2009,17,GA,運動飲料,654,3,32,96,P,3
H1,03/29/2009,18,GA,運動飲料,654,4,24,96,P,1
H1,03/29/2009,20,GA,運動飲料,654,1,32,32,P,1
H1,03/29/2009,21,GA,運動飲料,654,1,32,32,P,1
H1,03/30/2009,14,GA,運動飲料,654,1,32,32,P,1
H1,03/30/2009,19,GA,運動飲料,654,4,24,96,P,2
H1,03/30/2009,20,GA,運動飲料,654,1,32,32,P,1
H1,03/31/2009,11,GA,運動飲料,654,3,21,63,P,1
H1,03/31/2009,14,GA,運動飲料,654,1,32,32,P,1
H1,03/31/2009,16,GA,運動飲料,654,3,21,63,P,1
H1,03/31/2009,19,GA,運動飲料,654,1,32,32,P,1
H1,03/31/2009,20,GA,運動飲料,654,3,21,63,P,1
H1,04/01/2009,13,GA,運動飲料,654,1,33,33,N,1
H1,04/01/2009,17,GA,運動飲料,654,3,22,66,N,1
H1,04/01/2009,18,GA,運動飲料,654,1,33,33,N,1
H1,04/02/2009,09,GA,運動飲料,654,3,22,66,N,1
H1,04/02/2009,14,GA,運動飲料,654,1,33,33,N,1
H1,04/02/2009,16,GA,運動飲料,654,1,33,33,N,1
H1,04/02/2009,17,GA,運動飲料,654,3,22,66,N,1
H1,04/02/2009,18,GA,運動飲料,654,1,33,33,N,1
H1,04/02/2009,23,GA,運動飲料,654,1,33,33,N,1
H1,04/03/2009,14,GA,運動飲料,654,2,33,66,N,2
H1,04/03/2009,15,GA,運動飲料,654,1,33,33,N,1
H1,04/03/2009,16,GA,運動飲料,654,1,33,33,N,1
H1,04/03/2009,17,GA,運動飲料,654,3,22,66,N,1
H1,04/03/2009,20,GA,運動飲料,654,4,25,100,N,2
H1,04/03/2009,22,GA,運動飲料,654,3,22,66,N,1
H1,04/04/2009,14,GA,運動飲料,654,1,33,33,N,1
H1,04/04/2009,17,GA,運動飲料,654,1,33,33,N,1
H1,04/04/2009,18,GA,運動飲料,654,1,33,33,N,1
H1,04/04/2009,19,GA,運動飲料,654,3,22,66,N,1
H1,04/04/2009,21,GA,運動飲料,654,3,33,99,N,3
H1,04/04/2009,22,GA,運動飲料,654,3,22,66,N,1
H1,04/05/2009,10,GA,運動飲料,654,4,25,100,N,1
H1,04/05/2009,11,GA,運動飲料,654,2,33,66,N,2
H1,04/05/2009,14,GA,運動飲料,654,3,22,66,N,1
H1,04/05/2009,15,GA,運動飲料,654,1,33,33,N,1
H1,04/05/2009,16,GA,運動飲料,654,3,22,66,N,1
H1,04/05/2009,17,GA,運動飲料,654,1,33,33,N,1
H1,04/05/2009,20,GA,運動飲料,654,1,33,33,N,1
H1,04/05/2009,21,GA,運動飲料,654,3,22,66,N,1
H1,04/06/2009,12,GA,運動飲料,654,1,32,32,P,1
H1,04/06/2009,15,GA,運動飲料,654,3,21,63,P,1
H1,04/06/2009,17,GA,運動飲料,654,1,32,32,P,1
H1,04/06/2009,20,GA,運動飲料,654,4,24,96,P,2
H1,04/06/2009,21,GA,運動飲料,654,4,24,96,P,2
H1,04/07/2009,11,GA,運動飲料,654,1,32,32,P,1
H1,04/07/2009,21,GA,運動飲料,654,5,26,130,P,2
H1,04/08/2009,10,GA,運動飲料,654,1,32,32,P,1
H1,04/08/2009,20,GA,運動飲料,654,1,32,32,P,1
H1,04/08/2009,21,GA,運動飲料,654,8,24,192,P,1
H1,04/08/2009,22,GA,運動飲料,654,4,24,96,P,2
H1,04/09/2009,10,GA,運動飲料,654,3,21,63,P,1
H1,04/09/2009,12,GA,運動飲料,654,1,32,32,P,1
H1,04/09/2009,16,GA,運動飲料,654,6,21,126,P,2
H1,04/09/2009,19,GA,運動飲料,654,1,32,32,P,1
H1,04/09/2009,20,GA,運動飲料,654,10,26,260,P,1
H1,04/09/2009,22,GA,運動飲料,654,1,32,32,P,1
H1,04/10/2009,13,GA,運動飲料,654,3,21,63,P,1
H1,04/10/2009,15,GA,運動飲料,654,3,21,63,P,1
H1,04/10/2009,20,GA,運動飲料,654,4,24,96,P,2
H1,04/10/2009,21,GA,運動飲料,654,1,32,32,P,1
H1,04/10/2009,22,GA,運動飲料,654,1,32,32,P,1
H1,04/11/2009,12,GA,運動飲料,654,3,21,63,P,1
H1,04/11/2009,14,GA,運動飲料,654,3,21,63,P,1
H1,04/11/2009,15,GA,運動飲料,654,8,28,224,P,3
H1,04/11/2009,17,GA,運動飲料,654,5,26,130,P,3
H1,04/11/2009,19,GA,運動飲料,654,1,32,32,P,1
H1,04/11/2009,20,GA,運動飲料,654,1,32,32,P,1
H1,04/11/2009,21,GA,運動飲料,654,4,24,96,P,1
H1,04/11/2009,22,GA,運動飲料,654,3,21,63,P,1
H1,04/12/2009,13,GA,運動飲料,654,1,32,32,P,1
H1,04/12/2009,15,GA,運動飲料,654,12,24,288,P,3
H1,04/12/2009,17,GA,運動飲料,654,1,32,32,P,1
H1,04/12/2009,21,GA,運動飲料,654,1,32,32,P,1
H1,04/13/2009,12,GA,運動飲料,654,1,33,33,N,1
H1,04/13/2009,17,GA,運動飲料,654,3,33,99,N,3
H1,04/13/2009,19,GA,運動飲料,654,1,33,33,N,1
H1,04/13/2009,20,GA,運動飲料,654,3,22,66,N,1
H1,04/14/2009,18,GA,運動飲料,654,1,33,33,N,1
H1,04/14/2009,21,GA,運動飲料,654,1,33,33,N,1
H1,04/14/2009,22,GA,運動飲料,654,1,33,33,N,1
H1,04/15/2009,13,GA,運動飲料,654,1,33,33,N,1
H1,04/15/2009,15,GA,運動飲料,654,5,26,130,N,2
H1,04/15/2009,18,GA,運動飲料,654,1,33,33,N,1
H1,04/15/2009,21,GA,運動飲料,654,1,33,33,N,1
H1,04/16/2009,10,GA,運動飲料,654,1,33,33,N,1
H1,04/16/2009,11,GA,運動飲料,654,1,33,33,N,1
H1,04/16/2009,13,GA,運動飲料,654,2,33,66,N,2
H1,04/16/2009,14,GA,運動飲料,654,3,22,66,N,1
H1,04/16/2009,21,GA,運動飲料,654,1,33,33,N,1
H1,04/17/2009,12,GA,運動飲料,654,3,23,69,N,1
H1,04/17/2009,13,GA,運動飲料,654,1,34,34,N,1
H1,04/17/2009,15,GA,運動飲料,654,1,34,34,N,1
H1,04/17/2009,17,GA,運動飲料,654,1,34,34,N,1
H1,04/17/2009,21,GA,運動飲料,654,1,34,34,N,1
H1,04/18/2009,09,GA,運動飲料,654,4,26,104,N,1
H1,04/18/2009,11,GA,運動飲料,654,1,34,34,N,1
H1,04/18/2009,12,GA,運動飲料,654,1,34,34,N,1
H1,04/18/2009,14,GA,運動飲料,654,1,34,34,N,1
H1,04/18/2009,16,GA,運動飲料,654,2,34,68,N,2
H1,04/18/2009,17,GA,運動飲料,654,2,34,68,N,2
H1,04/18/2009,19,GA,運動飲料,654,3,23,69,N,1
H1,04/18/2009,20,GA,運動飲料,654,5,27,135,N,2
H1,04/18/2009,21,GA,運動飲料,654,10,24,240,N,3
H1,04/19/2009,11,GA,運動飲料,654,1,34,34,N,1
H1,04/19/2009,13,GA,運動飲料,654,4,26,104,N,2
H1,04/19/2009,14,GA,運動飲料,654,10,27,270,N,1
H1,04/20/2009,17,GA,運動飲料,654,1,34,34,N,1
H1,04/20/2009,19,GA,運動飲料,654,1,34,34,N,1
H1,04/20/2009,20,GA,運動飲料,654,3,23,69,N,1
H1,04/21/2009,17,GA,運動飲料,654,3,23,69,N,1
H1,04/21/2009,22,GA,運動飲料,654,1,34,34,N,1
H1,04/22/2009,14,GA,運動飲料,654,1,34,34,N,1
H1,04/22/2009,15,GA,運動飲料,654,1,34,34,N,1
H1,04/22/2009,21,GA,運動飲料,654,1,34,34,N,1
H1,04/23/2009,10,GA,運動飲料,654,3,23,69,N,1
H1,04/23/2009,12,GA,運動飲料,654,2,34,68,N,2
H1,04/23/2009,14,GA,運動飲料,654,3,23,69,N,1
H1,04/23/2009,17,GA,運動飲料,654,1,34,34,N,1
H1,04/23/2009,22,GA,運動飲料,654,3,23,69,N,1
H1,04/23/2009,23,GA,運動飲料,654,3,23,69,N,1
H1,04/24/2009,20,GA,運動飲料,654,3,23,69,N,1
H1,04/24/2009,21,GA,運動飲料,654,3,23,69,N,1
H1,04/25/2009,09,GA,運動飲料,654,4,24,96,P,2
H1,04/25/2009,12,GA,運動飲料,654,4,24,96,P,2
H1,04/25/2009,13,GA,運動飲料,654,1,32,32,P,1
H1,04/25/2009,14,GA,運動飲料,654,1,32,32,P,1
H1,04/25/2009,15,GA,運動飲料,654,2,32,64,P,2
H1,04/25/2009,16,GA,運動飲料,654,1,32,32,P,1
H1,04/25/2009,17,GA,運動飲料,654,4,24,96,P,1
H1,04/25/2009,18,GA,運動飲料,654,3,32,96,P,3
H1,04/25/2009,19,GA,運動飲料,654,1,32,32,P,1
H1,04/25/2009,20,GA,運動飲料,654,3,21,63,P,1
H1,04/26/2009,10,GA,運動飲料,654,3,21,63,P,1
H1,04/26/2009,11,GA,運動飲料,654,3,21,63,P,1
H1,04/26/2009,13,GA,運動飲料,654,1,32,32,P,1
H1,04/26/2009,14,GA,運動飲料,654,1,32,32,P,1
H1,04/26/2009,16,GA,運動飲料,654,4,24,96,P,2
H1,04/26/2009,17,GA,運動飲料,654,1,32,32,P,1
H1,04/26/2009,18,GA,運動飲料,654,3,32,96,P,3
H1,04/26/2009,22,GA,運動飲料,654,1,32,32,P,1
H1,04/27/2009,11,GA,運動飲料,654,3,21,63,P,1
H1,04/27/2009,12,GA,運動飲料,654,1,32,32,P,1
H1,04/27/2009,15,GA,運動飲料,654,1,32,32,P,1
H1,04/27/2009,17,GA,運動飲料,654,2,32,64,P,2
H1,04/27/2009,18,GA,運動飲料,654,1,32,32,P,1
H1,04/27/2009,19,GA,運動飲料,654,1,32,32,P,1
H1,04/27/2009,20,GA,運動飲料,654,1,32,32,P,1
H1,04/28/2009,13,GA,運動飲料,654,5,26,130,P,1
H1,04/29/2009,12,GA,運動飲料,654,1,32,32,P,1
H1,04/30/2009,16,GA,運動飲料,654,3,21,63,P,1
H1,04/30/2009,19,GA,運動飲料,654,1,32,32,P,1
H1,04/30/2009,21,GA,運動飲料,654,10,26,260,P,3
H1,05/01/2009,10,GA,運動飲料,654,3,21,63,P,1
H1,05/01/2009,13,GA,運動飲料,654,1,32,32,P,1
H1,05/01/2009,14,GA,運動飲料,654,4,24,96,P,2
H1,05/01/2009,17,GA,運動飲料,654,1,32,32,P,1
H1,05/01/2009,19,GA,運動飲料,654,3,21,63,P,1
H1,05/01/2009,20,GA,運動飲料,654,3,21,63,P,1
H1,05/01/2009,21,GA,運動飲料,654,2,32,64,P,2
H1,05/01/2009,22,GA,運動飲料,654,7,23,161,P,3
H1,05/02/2009,11,GA,運動飲料,654,1,32,32,P,1
H1,05/02/2009,12,GA,運動飲料,654,1,32,32,P,1
H1,05/02/2009,13,GA,運動飲料,654,4,24,96,P,1
H1,05/02/2009,14,GA,運動飲料,654,4,24,96,P,2
H1,05/02/2009,16,GA,運動飲料,654,3,21,63,P,1
H1,05/02/2009,17,GA,運動飲料,654,7,23,161,P,3
H1,05/02/2009,18,GA,運動飲料,654,1,32,32,P,1
H1,05/02/2009,19,GA,運動飲料,654,4,24,96,P,1
H1,05/02/2009,20,GA,運動飲料,654,3,21,63,P,1
H1,05/02/2009,22,GA,運動飲料,654,1,32,32,P,1
H1,05/03/2009,13,GA,運動飲料,654,1,32,32,P,1
H1,05/03/2009,14,GA,運動飲料,654,5,32,160,P,5
H1,05/03/2009,15,GA,運動飲料,654,3,21,63,P,1
H1,05/03/2009,16,GA,運動飲料,654,1,32,32,P,1
H1,05/03/2009,17,GA,運動飲料,654,14,23,322,P,5
H1,05/03/2009,19,GA,運動飲料,654,1,32,32,P,1
H1,05/03/2009,21,GA,運動飲料,654,3,21,63,P,1
H1,05/04/2009,11,GA,運動飲料,654,3,21,63,P,1
H1,05/04/2009,20,GA,運動飲料,654,3,21,63,P,1
H1,05/04/2009,22,GA,運動飲料,654,1,32,32,P,1
H1,05/05/2009,11,GA,運動飲料,654,3,21,63,P,1
H1,05/05/2009,19,GA,運動飲料,654,1,32,32,P,1
H1,05/05/2009,21,GA,運動飲料,654,1,32,32,P,1
H1,05/06/2009,13,GA,運動飲料,654,3,21,63,P,1
H1,05/06/2009,15,GA,運動飲料,654,3,21,63,P,1
H1,05/06/2009,20,GA,運動飲料,654,4,24,96,P,2
H1,05/07/2009,11,GA,運動飲料,654,5,26,130,P,1
H1,05/07/2009,12,GA,運動飲料,654,2,32,64,P,2
H1,05/07/2009,14,GA,運動飲料,654,1,32,32,P,1
H1,05/07/2009,16,GA,運動飲料,654,4,24,96,P,4
H1,05/07/2009,17,GA,運動飲料,654,1,32,32,P,1
H1,05/07/2009,18,GA,運動飲料,654,2,32,64,P,2
H1,05/07/2009,21,GA,運動飲料,654,1,32,32,P,1
H1,05/08/2009,12,GA,運動飲料,654,5,26,130,P,2
H1,05/08/2009,13,GA,運動飲料,654,3,21,63,P,1
H1,05/08/2009,16,GA,運動飲料,654,3,21,63,P,1
H1,05/08/2009,18,GA,運動飲料,654,1,32,32,P,1
H1,05/08/2009,20,GA,運動飲料,654,4,24,96,P,2
H1,05/08/2009,22,GA,運動飲料,654,8,24,192,P,3
H1,05/09/2009,11,GA,運動飲料,654,1,32,32,P,1
H1,05/09/2009,13,GA,運動飲料,654,1,32,32,P,1
H1,05/09/2009,15,GA,運動飲料,654,4,24,96,P,2
H1,05/09/2009,16,GA,運動飲料,654,1,32,32,P,1
H1,05/09/2009,17,GA,運動飲料,654,2,32,64,P,2
H1,05/09/2009,18,GA,運動飲料,654,1,32,32,P,1
H1,05/09/2009,19,GA,運動飲料,654,4,24,96,P,2
H1,05/09/2009,20,GA,運動飲料,654,4,24,96,P,1
H1,05/09/2009,21,GA,運動飲料,654,1,32,32,P,1
H1,05/09/2009,22,GA,運動飲料,654,5,26,130,P,2
H1,05/10/2009,10,GA,運動飲料,654,1,32,32,P,1
H1,05/10/2009,11,GA,運動飲料,654,1,32,32,P,1
H1,05/10/2009,13,GA,運動飲料,654,1,32,32,P,1
H1,05/10/2009,14,GA,運動飲料,654,3,21,63,P,1
H1,05/10/2009,15,GA,運動飲料,654,3,21,63,P,1
H1,05/10/2009,16,GA,運動飲料,654,3,21,63,P,1
H1,05/10/2009,17,GA,運動飲料,654,1,32,32,P,1
H1,05/10/2009,19,GA,運動飲料,654,3,21,63,P,1
H1,05/11/2009,12,GA,運動飲料,654,1,32,32,P,1
H1,05/11/2009,13,GA,運動飲料,654,1,32,32,P,1
H1,05/11/2009,16,GA,運動飲料,654,6,27,162,P,1
H1,05/11/2009,18,GA,運動飲料,654,1,32,32,P,1
H1,05/11/2009,22,GA,運動飲料,654,2,32,64,P,2
H1,05/12/2009,12,GA,運動飲料,654,5,26,130,P,1
H1,05/12/2009,16,GA,運動飲料,654,3,21,63,P,1
H1,05/12/2009,20,GA,運動飲料,654,1,32,32,P,1
H1,05/12/2009,22,GA,運動飲料,654,5,26,130,P,2
H1,05/13/2009,10,GA,運動飲料,654,3,21,63,P,1
H1,05/13/2009,13,GA,運動飲料,654,1,32,32,P,1
H1,05/13/2009,14,GA,運動飲料,654,3,32,96,P,3
H1,05/13/2009,15,GA,運動飲料,654,1,32,32,P,1
H1,05/13/2009,18,GA,運動飲料,654,3,21,63,P,1
H1,05/14/2009,17,GA,運動飲料,654,1,32,32,P,1
H1,05/14/2009,19,GA,運動飲料,654,2,32,64,P,2
H1,05/14/2009,21,GA,運動飲料,654,4,24,96,P,2
H1,05/15/2009,11,GA,運動飲料,654,1,30,30,P,1
H1,05/15/2009,14,GA,運動飲料,654,1,30,30,P,1
H1,05/15/2009,15,GA,運動飲料,654,1,30,30,P,1
H1,05/15/2009,18,GA,運動飲料,654,1,30,30,P,1
H1,05/15/2009,20,GA,運動飲料,654,2,30,60,P,2
H1,05/15/2009,21,GA,運動飲料,654,6,25,150,P,4
H1,05/15/2009,22,GA,運動飲料,654,6,25,150,P,4
H1,05/16/2009,09,GA,運動飲料,654,1,30,30,P,1
H1,05/16/2009,10,GA,運動飲料,654,4,23,92,P,2
H1,05/16/2009,11,GA,運動飲料,654,9,23,207,P,3
H1,05/16/2009,12,GA,運動飲料,654,1,30,30,P,1
H1,05/16/2009,13,GA,運動飲料,654,1,30,30,P,1
H1,05/16/2009,14,GA,運動飲料,654,3,20,60,P,1
H1,05/16/2009,15,GA,運動飲料,654,1,30,30,P,1
H1,05/16/2009,17,GA,運動飲料,654,1,30,30,P,1
H1,05/16/2009,20,GA,運動飲料,654,27,24,648,P,3
H1,05/16/2009,21,GA,運動飲料,654,3,30,90,P,3
H1,05/16/2009,22,GA,運動飲料,654,6,20,120,P,2
H1,05/17/2009,11,GA,運動飲料,654,3,30,90,P,3
H1,05/17/2009,12,GA,運動飲料,654,9,20,180,P,3
H1,05/17/2009,14,GA,運動飲料,654,5,24,120,P,1
H1,05/17/2009,16,GA,運動飲料,654,4,23,92,P,2
H1,05/17/2009,18,GA,運動飲料,654,1,30,30,P,1
H1,05/17/2009,20,GA,運動飲料,654,5,24,120,P,2
H1,05/17/2009,21,GA,運動飲料,654,5,24,120,P,1
H1,05/18/2009,10,GA,運動飲料,654,1,30,30,P,1
H1,05/18/2009,11,GA,運動飲料,654,1,30,30,P,1
H1,05/18/2009,14,GA,運動飲料,654,1,30,30,P,1
H1,05/18/2009,19,GA,運動飲料,654,1,30,30,P,1
H1,05/18/2009,21,GA,運動飲料,654,1,30,30,P,1
H1,05/18/2009,22,GA,運動飲料,654,8,23,184,P,2
H1,05/19/2009,13,GA,運動飲料,654,5,24,120,P,1
H1,05/19/2009,22,GA,運動飲料,654,2,30,60,P,2
H1,05/20/2009,11,GA,運動飲料,654,1,30,30,P,1
H1,05/20/2009,12,GA,運動飲料,654,1,30,30,P,1
H1,05/20/2009,15,GA,運動飲料,654,1,30,30,P,1
H1,05/20/2009,19,GA,運動飲料,654,1,30,30,P,1
H1,05/20/2009,20,GA,運動飲料,654,4,23,92,P,1
H1,05/20/2009,22,GA,運動飲料,654,5,24,120,P,1
H1,05/21/2009,09,GA,運動飲料,654,3,20,60,P,1
H1,05/21/2009,10,GA,運動飲料,654,4,23,92,P,2
H1,05/21/2009,11,GA,運動飲料,654,3,20,60,P,1
H1,05/21/2009,14,GA,運動飲料,654,1,30,30,P,1
H1,05/21/2009,16,GA,運動飲料,654,1,30,30,P,1
H1,05/21/2009,17,GA,運動飲料,654,1,30,30,P,1
H1,05/21/2009,20,GA,運動飲料,654,1,30,30,P,1
H1,05/21/2009,22,GA,運動飲料,654,5,24,120,P,1
H1,05/22/2009,11,GA,運動飲料,654,4,23,92,P,1
H1,05/22/2009,17,GA,運動飲料,654,6,25,150,P,2
H1,05/22/2009,19,GA,運動飲料,654,5,24,120,P,2
H1,05/22/2009,20,GA,運動飲料,654,4,23,92,P,2
H1,05/22/2009,21,GA,運動飲料,654,6,25,150,P,4
H1,05/23/2009,14,GA,運動飲料,654,9,23,207,P,2
H1,05/23/2009,15,GA,運動飲料,654,7,26,182,P,3
H1,05/23/2009,19,GA,運動飲料,654,2,30,60,P,2
H1,05/23/2009,20,GA,運動飲料,654,9,23,207,P,4
H1,05/23/2009,21,GA,運動飲料,654,3,20,60,P,1
H1,05/23/2009,22,GA,運動飲料,654,4,23,92,P,2
H1,05/24/2009,10,GA,運動飲料,654,1,30,30,P,1
H1,05/24/2009,11,GA,運動飲料,654,16,24,384,P,5
H1,05/24/2009,12,GA,運動飲料,654,3,20,60,P,1
H1,05/24/2009,13,GA,運動飲料,654,3,20,60,P,1
H1,05/24/2009,14,GA,運動飲料,654,1,30,30,P,1
H1,05/24/2009,15,GA,運動飲料,654,1,30,30,P,1
H1,05/24/2009,17,GA,運動飲料,654,1,30,30,P,1
H1,05/24/2009,18,GA,運動飲料,654,2,30,60,P,2
H1,05/24/2009,19,GA,運動飲料,654,6,25,150,P,3
H1,05/24/2009,20,GA,運動飲料,654,10,24,240,P,2
H1,05/25/2009,09,GA,運動飲料,654,3,20,60,P,1
H1,05/25/2009,15,GA,運動飲料,654,4,23,92,P,2
H1,05/25/2009,16,GA,運動飲料,654,17,25,425,P,3
H1,05/25/2009,18,GA,運動飲料,654,3,20,60,P,1
H1,05/25/2009,20,GA,運動飲料,654,2,30,60,P,2
H1,05/26/2009,10,GA,運動飲料,654,3,20,60,P,1
H1,05/26/2009,14,GA,運動飲料,654,7,21,147,P,2
H1,05/26/2009,17,GA,運動飲料,654,3,20,60,P,1
H1,05/26/2009,19,GA,運動飲料,654,3,20,60,P,1
H1,05/26/2009,20,GA,運動飲料,654,2,30,60,P,2
H1,05/26/2009,21,GA,運動飲料,654,1,30,30,P,1
H1,05/27/2009,10,GA,運動飲料,654,3,21,63,P,1
H1,05/27/2009,16,GA,運動飲料,654,1,32,32,P,1
H1,05/27/2009,17,GA,運動飲料,654,13,27,351,P,3
H1,05/27/2009,19,GA,運動飲料,654,1,32,32,P,1
H1,05/27/2009,20,GA,運動飲料,654,5,26,130,P,2
H1,05/27/2009,21,GA,運動飲料,654,4,24,96,P,1
H1,05/27/2009,22,GA,運動飲料,654,1,32,32,P,1
H1,05/28/2009,11,GA,運動飲料,654,1,32,32,P,1
H1,05/28/2009,14,GA,運動飲料,654,1,32,32,P,1
H1,05/28/2009,16,GA,運動飲料,654,3,21,63,P,1
H1,05/28/2009,18,GA,運動飲料,654,3,21,63,P,1
H1,05/28/2009,20,GA,運動飲料,654,4,24,96,P,2
H1,05/28/2009,21,GA,運動飲料,654,2,32,64,P,2
H1,05/28/2009,23,GA,運動飲料,654,1,32,32,P,1
H1,05/29/2009,11,GA,運動飲料,654,3,21,63,P,1
H1,05/29/2009,17,GA,運動飲料,654,1,32,32,P,1
H1,05/29/2009,19,GA,運動飲料,654,3,21,63,P,1
H1,05/29/2009,20,GA,運動飲料,654,4,24,96,P,1
H1,05/29/2009,21,GA,運動飲料,654,2,32,64,P,2
H1,05/29/2009,22,GA,運動飲料,654,4,24,96,P,2
H1,05/30/2009,11,GA,運動飲料,654,1,32,32,P,1
H1,05/30/2009,12,GA,運動飲料,654,8,24,192,P,2
H1,05/30/2009,13,GA,運動飲料,654,4,24,96,P,2
H1,05/30/2009,14,GA,運動飲料,654,4,24,96,P,2
H1,05/30/2009,15,GA,運動飲料,654,2,32,64,P,2
H1,05/30/2009,20,GA,運動飲料,654,3,21,63,P,1
H1,05/30/2009,21,GA,運動飲料,654,1,32,32,P,1
H1,05/30/2009,22,GA,運動飲料,654,2,32,64,P,2
H1,05/31/2009,09,GA,運動飲料,654,3,21,63,P,1
H1,05/31/2009,11,GA,運動飲料,654,3,21,63,P,1
H1,05/31/2009,14,GA,運動飲料,654,1,32,32,P,1
H1,05/31/2009,15,GA,運動飲料,654,3,21,63,P,1
H1,05/31/2009,16,GA,運動飲料,654,2,32,64,P,2
H1,05/31/2009,17,GA,運動飲料,654,16,24,384,P,2
H1,05/31/2009,20,GA,運動飲料,654,3,21,63,P,1
H1,05/31/2009,22,GA,運動飲料,654,1,32,32,P,1
H1,06/01/2009,09,GA,運動飲料,654,3,21,63,P,1
H1,06/01/2009,10,GA,運動飲料,654,1,32,32,P,1
H1,06/01/2009,12,GA,運動飲料,654,8,24,192,P,3
H1,06/01/2009,18,GA,運動飲料,654,3,21,63,P,1
H1,06/01/2009,19,GA,運動飲料,654,4,24,96,P,2
H1,06/01/2009,20,GA,運動飲料,654,5,26,130,P,1
H1,06/02/2009,11,GA,運動飲料,654,1,32,32,P,1
H1,06/02/2009,12,GA,運動飲料,654,3,21,63,P,1
H1,06/02/2009,14,GA,運動飲料,654,1,32,32,P,1
H1,06/02/2009,15,GA,運動飲料,654,6,27,162,P,1
H1,06/02/2009,18,GA,運動飲料,654,1,32,32,P,1
H1,06/02/2009,20,GA,運動飲料,654,1,32,32,P,1
H1,06/03/2009,10,GA,運動飲料,654,3,21,63,P,1
H1,06/03/2009,14,GA,運動飲料,654,3,21,63,P,1
H1,06/03/2009,15,GA,運動飲料,654,1,32,32,P,1
H1,06/03/2009,18,GA,運動飲料,654,10,26,260,P,3
H1,06/03/2009,20,GA,運動飲料,654,5,26,130,P,3
H1,06/03/2009,21,GA,運動飲料,654,8,24,192,P,2
H1,06/04/2009,18,GA,運動飲料,654,2,32,64,P,2
H1,06/04/2009,21,GA,運動飲料,654,1,32,32,P,1
H1,06/04/2009,22,GA,運動飲料,654,3,21,63,P,1
H1,06/05/2009,14,GA,運動飲料,654,1,32,32,P,1
H1,06/05/2009,16,GA,運動飲料,654,1,32,32,P,1
H1,06/05/2009,17,GA,運動飲料,654,3,21,63,P,1
H1,06/05/2009,21,GA,運動飲料,654,3,21,63,P,1
H1,06/06/2009,11,GA,運動飲料,654,6,21,126,P,2
H1,06/06/2009,14,GA,運動飲料,654,3,21,63,P,1
H1,06/06/2009,15,GA,運動飲料,654,1,32,32,P,1
H1,06/06/2009,17,GA,運動飲料,654,1,32,32,P,1
H1,06/06/2009,20,GA,運動飲料,654,12,27,324,P,3
H1,06/06/2009,21,GA,運動飲料,654,2,32,64,P,2
H1,06/06/2009,22,GA,運動飲料,654,6,21,126,P,2
H1,06/07/2009,09,GA,運動飲料,654,1,32,32,P,1
H1,06/07/2009,10,GA,運動飲料,654,3,21,63,P,1
H1,06/07/2009,11,GA,運動飲料,654,3,21,63,P,1
H1,06/07/2009,12,GA,運動飲料,654,3,21,63,P,1
H1,06/07/2009,13,GA,運動飲料,654,6,21,126,P,2
H1,06/07/2009,14,GA,運動飲料,654,3,21,63,P,1
H1,06/07/2009,15,GA,運動飲料,654,1,32,32,P,1
H1,06/07/2009,16,GA,運動飲料,654,11,23,253,P,3
H1,06/07/2009,17,GA,運動飲料,654,1,32,32,P,1
H1,06/07/2009,18,GA,運動飲料,654,3,21,63,P,1
H1,06/07/2009,19,GA,運動飲料,654,1,32,32,P,1
H1,06/07/2009,21,GA,運動飲料,654,6,21,126,P,2
H1,06/07/2009,22,GA,運動飲料,654,4,24,96,P,1
H1,06/08/2009,09,GA,運動飲料,654,1,32,32,P,1
H1,06/08/2009,15,GA,運動飲料,654,1,32,32,P,1
H1,06/08/2009,18,GA,運動飲料,654,6,21,126,P,2
H1,06/08/2009,20,GA,運動飲料,654,3,21,63,P,1
H1,06/08/2009,21,GA,運動飲料,654,4,24,96,P,1
H1,06/08/2009,22,GA,運動飲料,654,1,32,32,P,1
H1,06/09/2009,11,GA,運動飲料,654,5,26,130,P,3
H1,06/09/2009,12,GA,運動飲料,654,8,24,192,P,2
H1,06/09/2009,13,GA,運動飲料,654,4,24,96,P,2
H1,06/09/2009,14,GA,運動飲料,654,1,32,32,P,1
H1,06/09/2009,15,GA,運動飲料,654,1,32,32,P,1
H1,06/09/2009,20,GA,運動飲料,654,1,32,32,P,1
H1,06/09/2009,21,GA,運動飲料,654,1,32,32,P,1
H1,06/09/2009,22,GA,運動飲料,654,1,32,32,P,1
H1,06/10/2009,10,GA,運動飲料,654,1,32,32,P,1
H1,06/10/2009,13,GA,運動飲料,654,1,32,32,P,1
H1,06/10/2009,15,GA,運動飲料,654,1,32,32,P,1
H1,06/10/2009,16,GA,運動飲料,654,9,25,225,P,2
H1,06/10/2009,17,GA,運動飲料,654,5,26,130,P,1
