demo_data_utf8.csv
Store,Date,Time,Dept,Family,Item_No,SalesQty,Price,SalesValue,Sales_Status,Sales_number
H1,06/10/2009,19,GA,運動飲料,654,3,21,63,P,1
H1,06/10/2009,22,GA,運動飲料,654,7,23,161,P,2
H1,06/11/2009,15,GA,運動飲料,654,1,32,32,P,1
H1,06/11/2009,19,GA,運動飲料,654,1,32,32,P,1
H1,06/11/2009,20,GA,運動飲料,654,3,21,63,P,1
H1,06/11/2009,21,GA,運動飲料,654,4,24,96,P,2
H1,06/11/2009,22,GA,運動飲料,654,8,24,192,P,2
H1,06/12/2009,10,GA,運動飲料,654,3,21,63,P,1
H1,06/12/2009,14,GA,運動飲料,654,6,27,162,P,1
H1,06/12/2009,16,GA,運動飲料,654,4,24,96,P,1
H1,06/12/2009,17,GA,運動飲料,654,2,32,64,P,2
H1,06/12/2009,18,GA,運動飲料,654,1,32,32,P,1
H1,06/12/2009,19,GA,運動飲料,654,1,32,32,P,1
H1,06/13/2009,10,GA,運動飲料,654,1,32,32,P,1
H1,06/13/2009,11,GA,運動飲料,654,1,32,32,P,1
H1,06/13/2009,12,GA,運動飲料,654,1,32,32,P,1
H1,06/13/2009,13,GA,運動飲料,654,3,21,63,P,1
H1,06/13/2009,14,GA,運動飲料,654,4,24,96,P,2
H1,06/13/2009,18,GA,運動飲料,654,5,26,130,P,1
H1,06/13/2009,19,GA,運動飲料,654,8,24,192,P,1
H1,06/13/2009,21,GA,運動飲料,654,5,26,130,P,3
H1,06/13/2009,22,GA,運動飲料,654,8,24,192,P,4
H1,06/14/2009,12,GA,運動飲料,654,1,32,32,P,1
H1,06/14/2009,13,GA,運動飲料,654,1,32,32,P,1
H1,06/14/2009,14,GA,運動飲料,654,5,26,130,P,3
H1,06/14/2009,15,GA,運動飲料,654,4,24,96,P,2
H1,06/14/2009,16,GA,運動飲料,654,4,24,96,P,2
H1,06/14/2009,17,GA,運動飲料,654,7,27,189,P,4
H1,06/14/2009,18,GA,運動飲料,654,2,32,64,P,2
H1,06/14/2009,19,GA,運動飲料,654,6,27,162,P,2
H1,06/14/2009,22,GA,運動飲料,654,1,32,32,P,1
H1,06/15/2009,10,GA,運動飲料,654,1,32,32,P,1
H1,06/15/2009,13,GA,運動飲料,654,3,21,63,P,1
H1,06/15/2009,14,GA,運動飲料,654,3,21,63,P,1
H1,06/15/2009,16,GA,運動飲料,654,9,21,189,P,3
H1,06/15/2009,19,GA,運動飲料,654,6,21,126,P,2
H1,06/16/2009,12,GA,運動飲料,654,1,32,32,P,1
H1,06/16/2009,14,GA,運動飲料,654,9,25,225,P,2
H1,06/16/2009,15,GA,運動飲料,654,4,24,96,P,2
H1,06/16/2009,19,GA,運動飲料,654,7,23,161,P,2
H1,06/16/2009,20,GA,運動飲料,654,2,32,64,P,2
H1,06/16/2009,21,GA,運動飲料,654,6,27,162,P,2
H1,06/17/2009,10,GA,運動飲料,654,8,22,176,P,1
H1,06/17/2009,11,GA,運動飲料,654,4,22,88,P,1
H1,06/17/2009,14,GA,運動飲料,654,1,29,29,P,1
H1,06/17/2009,15,GA,運動飲料,654,1,29,29,P,1
H1,06/17/2009,17,GA,運動飲料,654,1,29,29,P,1
H1,06/17/2009,18,GA,運動飲料,654,3,19,57,P,1
H1,06/17/2009,20,GA,運動飲料,654,1,29,29,P,1
H1,06/17/2009,21,GA,運動飲料,654,8,22,176,P,2
H1,06/18/2009,10,GA,運動飲料,654,3,19,57,P,1
H1,06/18/2009,12,GA,運動飲料,654,1,29,29,P,1
H1,06/18/2009,14,GA,運動飲料,654,4,22,88,P,2
H1,06/18/2009,15,GA,運動飲料,654,26,22,572,P,4
H1,06/18/2009,17,GA,運動飲料,654,3,19,57,P,1
H1,06/18/2009,18,GA,運動飲料,654,1,29,29,P,1
H1,06/19/2009,10,GA,運動飲料,654,3,19,57,P,1
H1,06/19/2009,14,GA,運動飲料,654,5,23,115,P,1
H1,06/19/2009,17,GA,運動飲料,654,2,29,58,P,2
H1,06/19/2009,20,GA,運動飲料,654,2,29,58,P,2
H1,06/19/2009,21,GA,運動飲料,654,3,19,57,P,1
H1,06/20/2009,09,GA,運動飲料,654,2,29,58,P,2
H1,06/20/2009,10,GA,運動飲料,654,1,29,29,P,1
H1,06/20/2009,11,GA,運動飲料,654,8,22,176,P,4
H1,06/20/2009,12,GA,運動飲料,654,2,29,58,P,2
H1,06/20/2009,14,GA,運動飲料,654,5,23,115,P,2
H1,06/20/2009,15,GA,運動飲料,654,3,29,87,P,3
H1,06/20/2009,16,GA,運動飲料,654,7,21,147,P,3
H1,06/20/2009,17,GA,運動飲料,654,1,29,29,P,1
H1,06/20/2009,18,GA,運動飲料,654,5,23,115,P,3
H1,06/20/2009,20,GA,運動飲料,654,7,21,147,P,3
H1,06/20/2009,21,GA,運動飲料,654,12,24,288,P,6
H1,06/20/2009,22,GA,運動飲料,654,3,19,57,P,1
H1,06/21/2009,10,GA,運動飲料,654,1,29,29,P,1
H1,06/21/2009,11,GA,運動飲料,654,3,29,87,P,3
H1,06/21/2009,12,GA,運動飲料,654,1,29,29,P,1
H1,06/21/2009,13,GA,運動飲料,654,8,22,176,P,4
H1,06/21/2009,14,GA,運動飲料,654,9,23,207,P,2
H1,06/21/2009,15,GA,運動飲料,654,6,19,114,P,2
H1,06/21/2009,16,GA,運動飲料,654,4,22,88,P,2
H1,06/21/2009,17,GA,運動飲料,654,1,29,29,P,1
H1,06/21/2009,18,GA,運動飲料,654,4,22,88,P,4
H1,06/21/2009,20,GA,運動飲料,654,3,19,57,P,1
H1,06/21/2009,21,GA,運動飲料,654,6,19,114,P,2
H1,06/21/2009,22,GA,運動飲料,654,5,23,115,P,2
H1,06/22/2009,21,GA,運動飲料,654,3,19,57,P,1
H1,06/22/2009,22,GA,運動飲料,654,1,29,29,P,1
H1,06/23/2009,10,GA,運動飲料,654,3,19,57,P,1
H1,06/23/2009,12,GA,運動飲料,654,3,19,57,P,1
H1,06/23/2009,14,GA,運動飲料,654,2,29,58,P,2
H1,06/23/2009,15,GA,運動飲料,654,3,19,57,P,1
H1,06/23/2009,17,GA,運動飲料,654,1,29,29,P,1
H1,06/23/2009,19,GA,運動飲料,654,4,22,88,P,2
H1,06/23/2009,21,GA,運動飲料,654,3,19,57,P,1
H1,06/23/2009,23,GA,運動飲料,654,1,29,29,P,1
H1,06/24/2009,11,GA,運動飲料,654,3,19,57,P,1
H1,06/24/2009,12,GA,運動飲料,654,1,29,29,P,1
H1,06/24/2009,15,GA,運動飲料,654,3,19,57,P,1
H1,06/24/2009,16,GA,運動飲料,654,8,22,176,P,1
H1,06/24/2009,18,GA,運動飲料,654,7,21,147,P,2
H1,06/24/2009,19,GA,運動飲料,654,1,29,29,P,1
H1,06/24/2009,20,GA,運動飲料,654,4,22,88,P,2
H1,06/24/2009,21,GA,運動飲料,654,12,24,288,P,3
H1,06/25/2009,10,GA,運動飲料,654,7,21,147,P,3
H1,06/25/2009,13,GA,運動飲料,654,1,29,29,P,1
H1,06/25/2009,16,GA,運動飲料,654,3,19,57,P,1
H1,06/25/2009,18,GA,運動飲料,654,4,22,88,P,2
H1,06/25/2009,19,GA,運動飲料,654,7,21,147,P,2
H1,06/25/2009,20,GA,運動飲料,654,1,29,29,P,1
H1,06/25/2009,21,GA,運動飲料,654,3,29,87,P,3
H1,06/25/2009,22,GA,運動飲料,654,3,19,57,P,1
H1,06/26/2009,10,GA,運動飲料,654,2,29,58,P,2
H1,06/27/2009,10,GA,運動飲料,654,1,29,29,P,1
H1,06/27/2009,11,GA,運動飲料,654,15,23,345,P,1
H1,06/27/2009,12,GA,運動飲料,654,3,29,87,P,3
H1,06/27/2009,13,GA,運動飲料,654,2,29,58,P,2
H1,06/27/2009,14,GA,運動飲料,654,7,21,147,P,3
H1,06/27/2009,15,GA,運動飲料,654,7,21,147,P,3
H1,06/27/2009,16,GA,運動飲料,654,4,22,88,P,2
H1,06/27/2009,17,GA,運動飲料,654,1,29,29,P,1
H1,06/27/2009,18,GA,運動飲料,654,4,22,88,P,1
H1,06/27/2009,19,GA,運動飲料,654,7,21,147,P,3
H1,06/27/2009,20,GA,運動飲料,654,5,23,115,P,3
H1,06/27/2009,21,GA,運動飲料,654,22,22,484,P,5
H1,06/28/2009,09,GA,運動飲料,654,3,29,87,P,3
H1,06/28/2009,11,GA,運動飲料,654,3,29,87,P,3
H1,06/28/2009,12,GA,運動飲料,654,15,21,315,P,4
H1,06/28/2009,13,GA,運動飲料,654,4,22,88,P,2
H1,06/28/2009,14,GA,運動飲料,654,7,21,147,P,3
H1,06/28/2009,15,GA,運動飲料,654,3,19,57,P,1
H1,06/28/2009,16,GA,運動飲料,654,4,22,88,P,2
H1,06/28/2009,17,GA,運動飲料,654,1,29,29,P,1
H1,06/28/2009,18,GA,運動飲料,654,7,25,175,P,3
H1,06/28/2009,19,GA,運動飲料,654,1,29,29,P,1
H1,06/28/2009,20,GA,運動飲料,654,18,23,414,P,5
H1,06/28/2009,21,GA,運動飲料,654,2,29,58,P,2
H1,06/28/2009,22,GA,運動飲料,654,5,23,115,P,1
H1,06/29/2009,11,GA,運動飲料,654,1,29,29,P,1
H1,06/29/2009,13,GA,運動飲料,654,2,29,58,P,2
H1,06/29/2009,15,GA,運動飲料,654,1,29,29,P,1
H1,06/29/2009,16,GA,運動飲料,654,8,22,176,P,3
H1,06/29/2009,17,GA,運動飲料,654,1,29,29,P,1
H1,06/29/2009,18,GA,運動飲料,654,2,29,58,P,2
H1,06/29/2009,19,GA,運動飲料,654,4,22,88,P,1
H1,06/29/2009,20,GA,運動飲料,654,1,29,29,P,1
H1,06/29/2009,21,GA,運動飲料,654,4,22,88,P,2
H1,06/29/2009,22,GA,運動飲料,654,5,23,115,P,3
H1,06/30/2009,12,GA,運動飲料,654,1,29,29,P,1
H1,06/30/2009,13,GA,運動飲料,654,3,19,57,P,1
H1,06/30/2009,15,GA,運動飲料,654,10,23,230,P,3
H1,06/30/2009,16,GA,運動飲料,654,1,29,29,P,1
H1,06/30/2009,17,GA,運動飲料,654,1,29,29,P,1
H1,06/30/2009,20,GA,運動飲料,654,9,23,207,P,2
H1,06/30/2009,21,GA,運動飲料,654,5,23,115,P,2
H1,06/30/2009,22,GA,運動飲料,654,3,19,57,P,1
H1,07/01/2009,11,GA,運動飲料,654,6,19,114,P,2
H1,07/01/2009,12,GA,運動飲料,654,7,21,147,P,2
H1,07/01/2009,14,GA,運動飲料,654,11,24,264,P,2
H1,07/01/2009,15,GA,運動飲料,654,3,19,57,P,1
H1,07/01/2009,17,GA,運動飲料,654,2,29,58,P,2
H1,07/01/2009,18,GA,運動飲料,654,3,19,57,P,1
H1,07/01/2009,21,GA,運動飲料,654,4,22,88,P,1
H1,07/01/2009,22,GA,運動飲料,654,4,22,88,P,1
H1,07/02/2009,12,GA,運動飲料,654,6,24,144,P,1
H1,07/02/2009,17,GA,運動飲料,654,31,23,713,P,3
H1,07/02/2009,19,GA,運動飲料,654,11,21,231,P,2
H1,07/02/2009,20,GA,運動飲料,654,1,29,29,P,1
H1,07/02/2009,22,GA,運動飲料,654,3,19,57,P,1
H1,07/03/2009,13,GA,運動飲料,654,1,29,29,P,1
H1,07/03/2009,19,GA,運動飲料,654,1,29,29,P,1
H1,07/04/2009,11,GA,運動飲料,654,4,22,88,P,1
H1,07/04/2009,12,GA,運動飲料,654,1,29,29,P,1
H1,07/04/2009,13,GA,運動飲料,654,31,23,713,P,3
H1,07/04/2009,16,GA,運動飲料,654,4,29,116,P,4
H1,07/04/2009,17,GA,運動飲料,654,1,29,29,P,1
H1,07/04/2009,19,GA,運動飲料,654,3,19,57,P,1
H1,07/04/2009,20,GA,運動飲料,654,3,19,57,P,1
H1,07/04/2009,21,GA,運動飲料,654,10,23,230,P,4
H1,07/05/2009,10,GA,運動飲料,654,3,19,57,P,1
H1,07/05/2009,11,GA,運動飲料,654,6,19,114,P,2
H1,07/05/2009,12,GA,運動飲料,654,9,23,207,P,2
H1,07/05/2009,14,GA,運動飲料,654,11,24,264,P,2
H1,07/05/2009,15,GA,運動飲料,654,1,29,29,P,1
H1,07/05/2009,16,GA,運動飲料,654,1,29,29,P,1
H1,07/05/2009,17,GA,運動飲料,654,8,25,200,P,5
H1,07/05/2009,18,GA,運動飲料,654,3,29,87,P,3
H1,07/05/2009,19,GA,運動飲料,654,9,19,171,P,3
H1,07/05/2009,20,GA,運動飲料,654,6,24,144,P,4
H1,07/05/2009,21,GA,運動飲料,654,4,22,88,P,2
H1,07/05/2009,22,GA,運動飲料,654,3,19,57,P,1
H1,07/06/2009,10,GA,運動飲料,654,1,29,29,P,1
H1,07/06/2009,12,GA,運動飲料,654,4,22,88,P,1
H1,07/06/2009,13,GA,運動飲料,654,1,29,29,P,1
H1,07/06/2009,14,GA,運動飲料,654,12,22,264,P,2
H1,07/06/2009,15,GA,運動飲料,654,3,19,57,P,1
H1,07/06/2009,16,GA,運動飲料,654,12,24,288,P,4
H1,07/06/2009,17,GA,運動飲料,654,5,23,115,P,1
H1,07/06/2009,18,GA,運動飲料,654,1,29,29,P,1
H1,07/06/2009,20,GA,運動飲料,654,1,29,29,P,1
H1,07/06/2009,21,GA,運動飲料,654,11,24,264,P,3
H1,07/06/2009,22,GA,運動飲料,654,4,22,88,P,2
H1,07/07/2009,10,GA,運動飲料,654,1,33,33,P,1
H1,07/07/2009,13,GA,運動飲料,654,3,22,66,P,1
H1,07/07/2009,16,GA,運動飲料,654,5,26,130,P,1
H1,07/07/2009,19,GA,運動飲料,654,2,33,66,P,2
H1,07/07/2009,20,GA,運動飲料,654,1,33,33,P,1
H1,07/07/2009,21,GA,運動飲料,654,3,22,66,P,1
H1,07/07/2009,22,GA,運動飲料,654,5,26,130,P,3
H1,07/08/2009,10,GA,運動飲料,654,1,33,33,P,1
H1,07/08/2009,11,GA,運動飲料,654,3,22,66,P,1
H1,07/08/2009,12,GA,運動飲料,654,1,33,33,P,1
H1,07/08/2009,15,GA,運動飲料,654,1,33,33,P,1
H1,07/08/2009,16,GA,運動飲料,654,1,33,33,P,1
H1,07/08/2009,18,GA,運動飲料,654,3,22,66,P,1
H1,07/08/2009,19,GA,運動飲料,654,4,25,100,P,2
H1,07/08/2009,20,GA,運動飲料,654,4,25,100,P,2
H1,07/08/2009,21,GA,運動飲料,654,11,27,297,P,4
H1,07/09/2009,11,GA,運動飲料,654,3,22,66,P,1
H1,07/09/2009,16,GA,運動飲料,654,3,22,66,P,1
H1,07/09/2009,18,GA,運動飲料,654,5,26,130,P,3
H1,07/09/2009,19,GA,運動飲料,654,1,33,33,P,1
H1,07/09/2009,20,GA,運動飲料,654,1,33,33,P,1
H1,07/09/2009,21,GA,運動飲料,654,1,33,33,P,1
H1,07/10/2009,13,GA,運動飲料,654,3,22,66,P,1
H1,07/10/2009,14,GA,運動飲料,654,3,22,66,P,1
H1,07/10/2009,15,GA,運動飲料,654,7,24,168,P,3
H1,07/10/2009,16,GA,運動飲料,654,1,33,33,P,1
H1,07/11/2009,09,GA,運動飲料,654,3,22,66,P,1
H1,07/11/2009,10,GA,運動飲料,654,3,22,66,P,1
H1,07/11/2009,11,GA,運動飲料,654,1,33,33,P,1
H1,07/11/2009,12,GA,運動飲料,654,5,26,130,P,1
H1,07/11/2009,13,GA,運動飲料,654,2,33,66,P,2
H1,07/11/2009,14,GA,運動飲料,654,7,24,168,P,2
H1,07/11/2009,15,GA,運動飲料,654,4,25,100,P,2
H1,07/11/2009,19,GA,運動飲料,654,2,33,66,P,2
H1,07/11/2009,20,GA,運動飲料,654,4,25,100,P,2
H1,07/11/2009,21,GA,運動飲料,654,6,28,168,P,1
H1,07/11/2009,23,GA,運動飲料,654,1,33,33,P,1
H1,07/12/2009,10,GA,運動飲料,654,4,25,100,P,2
H1,07/12/2009,11,GA,運動飲料,654,4,25,100,P,2
H1,07/12/2009,12,GA,運動飲料,654,6,28,168,P,3
H1,07/12/2009,13,GA,運動飲料,654,1,33,33,P,1
H1,07/12/2009,14,GA,運動飲料,654,1,33,33,P,1
H1,07/12/2009,15,GA,運動飲料,654,3,22,66,P,1
H1,07/12/2009,16,GA,運動飲料,654,1,33,33,P,1
H1,07/12/2009,17,GA,運動飲料,654,9,22,198,P,3
H1,07/12/2009,18,GA,運動飲料,654,6,22,132,P,2
H1,07/12/2009,19,GA,運動飲料,654,1,33,33,P,1
H1,07/12/2009,20,GA,運動飲料,654,12,25,300,P,3
H1,07/12/2009,21,GA,運動飲料,654,11,24,264,P,4
H1,07/12/2009,22,GA,運動飲料,654,3,22,66,P,1
H1,07/13/2009,10,GA,運動飲料,654,3,22,66,P,1
H1,07/13/2009,12,GA,運動飲料,654,4,25,100,P,1
H1,07/13/2009,13,GA,運動飲料,654,2,33,66,P,2
H1,07/13/2009,15,GA,運動飲料,654,1,33,33,P,1
H1,07/13/2009,16,GA,運動飲料,654,6,22,132,P,2
H1,07/13/2009,18,GA,運動飲料,654,1,33,33,P,1
H1,07/13/2009,21,GA,運動飲料,654,3,22,66,P,1
H1,07/14/2009,09,GA,運動飲料,654,6,28,168,P,2
H1,07/14/2009,12,GA,運動飲料,654,8,25,200,P,2
H1,07/14/2009,14,GA,運動飲料,654,3,22,66,P,1
H1,07/14/2009,17,GA,運動飲料,654,4,25,100,P,1
H1,07/14/2009,18,GA,運動飲料,654,1,33,33,P,1
H1,07/14/2009,22,GA,運動飲料,654,1,33,33,P,1
H1,07/15/2009,11,GA,運動飲料,654,1,33,33,P,1
H1,07/15/2009,13,GA,運動飲料,654,3,22,66,P,1
H1,07/15/2009,14,GA,運動飲料,654,1,33,33,P,1
H1,07/15/2009,16,GA,運動飲料,654,1,33,33,P,1
H1,07/15/2009,19,GA,運動飲料,654,3,22,66,P,1
H1,07/15/2009,20,GA,運動飲料,654,6,22,132,P,2
H1,07/15/2009,21,GA,運動飲料,654,4,25,100,P,2
H1,07/16/2009,09,GA,運動飲料,654,3,22,66,P,1
H1,07/16/2009,12,GA,運動飲料,654,6,28,168,P,2
H1,07/16/2009,15,GA,運動飲料,654,1,33,33,P,1
H1,07/16/2009,16,GA,運動飲料,654,4,25,100,P,2
H1,07/16/2009,17,GA,運動飲料,654,1,33,33,P,1
H1,07/16/2009,20,GA,運動飲料,654,2,33,66,P,2
H1,07/16/2009,21,GA,運動飲料,654,1,33,33,P,1
H1,07/17/2009,14,GA,運動飲料,654,1,33,33,P,1
H1,07/17/2009,15,GA,運動飲料,654,1,33,33,P,1
H1,07/17/2009,19,GA,運動飲料,654,1,33,33,P,1
H1,07/17/2009,21,GA,運動飲料,654,4,25,100,P,2
H1,07/18/2009,10,GA,運動飲料,654,1,33,33,P,1
H1,07/18/2009,11,GA,運動飲料,654,1,33,33,P,1
H1,07/18/2009,12,GA,運動飲料,654,9,26,234,P,4
H1,07/18/2009,16,GA,運動飲料,654,4,25,100,P,2
H1,07/18/2009,17,GA,運動飲料,654,1,33,33,P,1
H1,07/18/2009,18,GA,運動飲料,654,2,33,66,P,2
H1,07/18/2009,19,GA,運動飲料,654,2,33,66,P,2
H1,07/18/2009,20,GA,運動飲料,654,3,33,99,P,3
H1,07/18/2009,21,GA,運動飲料,654,13,25,325,P,6
H1,07/18/2009,22,GA,運動飲料,654,4,25,100,P,1
H1,07/19/2009,10,GA,運動飲料,654,2,33,66,P,2
H1,07/19/2009,11,GA,運動飲料,654,1,33,33,P,1
H1,07/19/2009,12,GA,運動飲料,654,4,25,100,P,2
H1,07/19/2009,13,GA,運動飲料,654,12,28,336,P,3
H1,07/19/2009,15,GA,運動飲料,654,3,22,66,P,1
H1,07/19/2009,17,GA,運動飲料,654,8,25,200,P,1
H1,07/19/2009,19,GA,運動飲料,654,6,28,168,P,4
H1,07/19/2009,21,GA,運動飲料,654,4,25,100,P,2
H1,07/19/2009,22,GA,運動飲料,654,3,22,66,P,1
H1,07/20/2009,09,GA,運動飲料,654,3,22,66,P,1
H1,07/20/2009,11,GA,運動飲料,654,4,25,100,P,1
H1,07/20/2009,12,GA,運動飲料,654,3,22,66,P,1
H1,07/20/2009,13,GA,運動飲料,654,4,25,100,P,1
H1,07/20/2009,14,GA,運動飲料,654,4,25,100,P,2
H1,07/20/2009,18,GA,運動飲料,654,5,26,130,P,2
H1,07/20/2009,19,GA,運動飲料,654,1,33,33,P,1
H1,07/20/2009,20,GA,運動飲料,654,4,25,100,P,1
H1,07/20/2009,22,GA,運動飲料,654,1,33,33,P,1
H1,07/21/2009,11,GA,運動飲料,654,4,25,100,P,2
H1,07/21/2009,13,GA,運動飲料,654,1,33,33,P,1
H1,07/21/2009,14,GA,運動飲料,654,3,22,66,P,1
H1,07/21/2009,16,GA,運動飲料,654,1,33,33,P,1
H1,07/21/2009,17,GA,運動飲料,654,1,33,33,P,1
H1,07/21/2009,19,GA,運動飲料,654,1,33,33,P,1
H1,07/21/2009,20,GA,運動飲料,654,1,33,33,P,1
H1,07/21/2009,21,GA,運動飲料,654,3,22,66,P,1
H1,07/22/2009,10,GA,運動飲料,654,1,33,33,P,1
H1,07/22/2009,13,GA,運動飲料,654,4,25,100,P,1
H1,07/22/2009,14,GA,運動飲料,654,1,33,33,P,1
H1,07/22/2009,17,GA,運動飲料,654,3,22,66,P,1
H1,07/22/2009,19,GA,運動飲料,654,2,33,66,P,2
H1,07/22/2009,21,GA,運動飲料,654,1,33,33,P,1
H1,07/23/2009,11,GA,運動飲料,654,3,22,66,P,1
H1,07/23/2009,13,GA,運動飲料,654,1,33,33,P,1
H1,07/23/2009,14,GA,運動飲料,654,4,25,100,P,1
H1,07/23/2009,15,GA,運動飲料,654,1,33,33,P,1
H1,07/23/2009,16,GA,運動飲料,654,1,33,33,P,1
H1,07/23/2009,19,GA,運動飲料,654,1,33,33,P,1
H1,07/23/2009,21,GA,運動飲料,654,8,25,200,P,1
H1,07/23/2009,22,GA,運動飲料,654,1,33,33,P,1
H1,07/24/2009,11,GA,運動飲料,654,4,25,100,P,2
H1,07/24/2009,12,GA,運動飲料,654,5,26,130,P,3
H1,07/24/2009,15,GA,運動飲料,654,6,28,168,P,1
H1,07/24/2009,16,GA,運動飲料,654,3,22,66,P,1
H1,07/24/2009,18,GA,運動飲料,654,2,33,66,P,2
H1,07/24/2009,19,GA,運動飲料,654,4,25,100,P,2
H1,07/24/2009,20,GA,運動飲料,654,7,24,168,P,3
H1,07/24/2009,22,GA,運動飲料,654,2,33,66,P,2
H1,07/25/2009,10,GA,運動飲料,654,1,33,33,P,1
H1,07/25/2009,12,GA,運動飲料,654,1,33,33,P,1
H1,07/25/2009,13,GA,運動飲料,654,4,25,100,P,2
H1,07/25/2009,14,GA,運動飲料,654,4,25,100,P,1
H1,07/25/2009,16,GA,運動飲料,654,6,28,168,P,3
H1,07/25/2009,17,GA,運動飲料,654,1,33,33,P,1
H1,07/25/2009,21,GA,運動飲料,654,4,25,100,P,2
H1,07/26/2009,11,GA,運動飲料,654,3,22,66,P,1
H1,07/26/2009,12,GA,運動飲料,654,1,33,33,P,1
H1,07/26/2009,13,GA,運動飲料,654,4,25,100,P,1
H1,07/26/2009,14,GA,運動飲料,654,3,33,99,P,3
H1,07/26/2009,15,GA,運動飲料,654,1,33,33,P,1
H1,07/26/2009,16,GA,運動飲料,654,2,33,66,P,2
H1,07/26/2009,17,GA,運動飲料,654,6,22,132,P,2
H1,07/26/2009,20,GA,運動飲料,654,6,28,168,P,2
H1,07/26/2009,21,GA,運動飲料,654,13,25,325,P,4
H1,07/27/2009,09,GA,運動飲料,654,1,34,34,N,1
H1,07/27/2009,12,GA,運動飲料,654,3,23,69,N,1
H1,07/27/2009,15,GA,運動飲料,654,10,27,270,N,1
H1,07/27/2009,19,GA,運動飲料,654,5,27,135,N,2
H1,07/27/2009,21,GA,運動飲料,654,1,34,34,N,1
H1,07/27/2009,22,GA,運動飲料,654,3,23,69,N,1
H1,07/28/2009,11,GA,運動飲料,654,1,34,34,N,1
H1,07/28/2009,14,GA,運動飲料,654,3,23,69,N,1
H1,07/28/2009,15,GA,運動飲料,654,3,23,69,N,1
H1,07/28/2009,16,GA,運動飲料,654,3,23,69,N,1
H1,07/28/2009,21,GA,運動飲料,654,1,34,34,N,1
H1,07/28/2009,22,GA,運動飲料,654,5,27,135,N,3
H1,07/29/2009,10,GA,運動飲料,654,5,27,135,N,1
H1,07/29/2009,13,GA,運動飲料,654,4,26,104,N,1
H1,07/29/2009,17,GA,運動飲料,654,3,23,69,N,1
H1,07/29/2009,18,GA,運動飲料,654,2,34,68,N,2
H1,07/29/2009,19,GA,運動飲料,654,3,23,69,N,1
H1,07/29/2009,22,GA,運動飲料,654,1,34,34,N,1
H1,07/30/2009,10,GA,運動飲料,654,4,26,104,N,1
H1,07/30/2009,11,GA,運動飲料,654,3,23,69,N,1
H1,07/30/2009,12,GA,運動飲料,654,1,34,34,N,1
H1,07/30/2009,13,GA,運動飲料,654,1,34,34,N,1
H1,07/30/2009,15,GA,運動飲料,654,1,34,34,N,1
H1,07/30/2009,16,GA,運動飲料,654,1,34,34,N,1
H1,07/30/2009,18,GA,運動飲料,654,1,34,34,N,1
H1,07/30/2009,19,GA,運動飲料,654,1,34,34,N,1
H1,07/30/2009,20,GA,運動飲料,654,5,27,135,N,3
H1,07/31/2009,13,GA,運動飲料,654,1,34,34,N,1
H1,07/31/2009,15,GA,運動飲料,654,1,34,34,N,1
H1,07/31/2009,17,GA,運動飲料,654,1,34,34,N,1
H1,07/31/2009,20,GA,運動飲料,654,10,27,270,N,2
H1,07/31/2009,21,GA,運動飲料,654,3,23,69,N,1
H1,07/31/2009,22,GA,運動飲料,654,1,34,34,N,1
H1,08/01/2009,10,GA,運動飲料,654,4,26,104,N,1
H1,08/01/2009,11,GA,運動飲料,654,1,34,34,N,1
H1,08/01/2009,12,GA,運動飲料,654,9,26,234,N,3
H1,08/01/2009,13,GA,運動飲料,654,2,34,68,N,2
H1,08/01/2009,14,GA,運動飲料,654,3,34,102,N,3
H1,08/01/2009,15,GA,運動飲料,654,5,27,135,N,3
H1,08/01/2009,16,GA,運動飲料,654,2,34,68,N,2
H1,08/01/2009,17,GA,運動飲料,654,1,34,34,N,1
H1,08/01/2009,19,GA,運動飲料,654,3,34,102,N,3
H1,08/01/2009,21,GA,運動飲料,654,1,34,34,N,1
H1,08/02/2009,09,GA,運動飲料,654,3,23,69,N,1
H1,08/02/2009,11,GA,運動飲料,654,6,23,138,N,2
H1,08/02/2009,14,GA,運動飲料,654,2,34,68,N,2
H1,08/02/2009,15,GA,運動飲料,654,1,34,34,N,1
H1,08/02/2009,16,GA,運動飲料,654,3,23,69,N,1
H1,08/02/2009,17,GA,運動飲料,654,1,34,34,N,1
H1,08/02/2009,18,GA,運動飲料,654,1,34,34,N,1
H1,08/02/2009,19,GA,運動飲料,654,1,34,34,N,1
H1,08/02/2009,20,GA,運動飲料,654,1,34,34,N,1
H1,08/02/2009,21,GA,運動飲料,654,3,23,69,N,1
H1,08/03/2009,10,GA,運動飲料,654,1,34,34,N,1
H1,08/03/2009,11,GA,運動飲料,654,1,34,34,N,1
H1,08/03/2009,12,GA,運動飲料,654,3,23,69,N,1
H1,08/03/2009,13,GA,運動飲料,654,3,23,69,N,1
H1,08/03/2009,16,GA,運動飲料,654,1,34,34,N,1
H1,08/03/2009,18,GA,運動飲料,654,3,34,102,N,3
H1,08/03/2009,19,GA,運動飲料,654,4,26,104,N,2
H1,08/03/2009,20,GA,運動飲料,654,1,34,34,N,1
H1,08/04/2009,11,GA,運動飲料,654,5,27,135,N,2
H1,08/04/2009,13,GA,運動飲料,654,3,23,69,N,1
H1,08/04/2009,15,GA,運動飲料,654,3,23,69,N,1
H1,08/04/2009,16,GA,運動飲料,654,4,26,104,N,2
H1,08/04/2009,19,GA,運動飲料,654,7,24,168,N,2
H1,08/04/2009,22,GA,運動飲料,654,3,23,69,N,3
H1,08/05/2009,17,GA,運動飲料,654,4,26,104,N,2
H1,08/05/2009,19,GA,運動飲料,654,3,23,69,N,1
H1,08/05/2009,21,GA,運動飲料,654,4,26,104,N,2
H1,08/05/2009,22,GA,運動飲料,654,3,23,69,N,1
H1,08/05/2009,23,GA,運動飲料,654,4,26,104,N,1
H1,08/06/2009,10,GA,運動飲料,654,3,23,69,N,1
H1,08/06/2009,13,GA,運動飲料,654,3,23,69,N,1
H1,08/06/2009,14,GA,運動飲料,654,4,26,104,N,2
H1,08/06/2009,18,GA,運動飲料,654,6,28,168,N,4
