demo_data_utf8.csv
Store,Date,Time,Dept,Family,Item_No,SalesQty,Price,SalesValue,Sales_Status,Sales_number
H1,08/06/2009,19,GA,運動飲料,654,1,34,34,N,1
H1,08/06/2009,20,GA,運動飲料,654,4,26,104,N,2
H1,08/06/2009,21,GA,運動飲料,654,5,27,135,N,3
H1,08/06/2009,22,GA,運動飲料,654,2,34,68,N,2
H1,08/07/2009,09,GA,運動飲料,654,3,22,66,P,1
H1,08/07/2009,10,GA,運動飲料,654,1,33,33,P,1
H1,08/07/2009,11,GA,運動飲料,654,1,33,33,P,1
H1,08/07/2009,12,GA,運動飲料,654,1,33,33,P,1
H1,08/07/2009,13,GA,運動飲料,654,1,33,33,P,1
H1,08/07/2009,15,GA,運動飲料,654,1,33,33,P,1
H1,08/07/2009,17,GA,運動飲料,654,4,25,100,P,2
H1,08/07/2009,19,GA,運動飲料,654,2,33,66,P,2
H1,08/07/2009,21,GA,運動飲料,654,4,25,100,P,2
H1,08/08/2009,11,GA,運動飲料,654,3,22,66,P,1
H1,08/08/2009,12,GA,運動飲料,654,5,26,130,P,3
H1,08/08/2009,14,GA,運動飲料,654,9,26,234,P,2
H1,08/08/2009,15,GA,運動飲料,654,4,25,100,P,2
H1,08/08/2009,16,GA,運動飲料,654,1,33,33,P,1
H1,08/08/2009,17,GA,運動飲料,654,3,33,99,P,3
H1,08/08/2009,18,GA,運動飲料,654,1,33,33,P,1
H1,08/08/2009,20,GA,運動飲料,654,1,33,33,P,1
H1,08/08/2009,21,GA,運動飲料,654,10,26,260,P,3
H1,08/09/2009,11,GA,運動飲料,654,1,33,33,P,1
H1,08/09/2009,14,GA,運動飲料,654,6,22,132,P,2
H1,08/09/2009,18,GA,運動飲料,654,15,24,360,P,3
H1,08/09/2009,20,GA,運動飲料,654,1,33,33,P,1
H1,08/09/2009,21,GA,運動飲料,654,1,33,33,P,1
H1,08/10/2009,13,GA,運動飲料,654,3,22,66,P,1
H1,08/10/2009,14,GA,運動飲料,654,3,33,99,P,3
H1,08/10/2009,16,GA,運動飲料,654,1,33,33,P,1
H1,08/10/2009,17,GA,運動飲料,654,1,33,33,P,1
H1,08/10/2009,19,GA,運動飲料,654,4,25,100,P,2
H1,08/11/2009,10,GA,運動飲料,654,1,33,33,P,1
H1,08/11/2009,12,GA,運動飲料,654,1,33,33,P,1
H1,08/11/2009,13,GA,運動飲料,654,1,33,33,P,1
H1,08/11/2009,14,GA,運動飲料,654,1,33,33,P,1
H1,08/11/2009,16,GA,運動飲料,654,1,33,33,P,1
H1,08/11/2009,19,GA,運動飲料,654,1,33,33,P,1
H1,08/11/2009,20,GA,運動飲料,654,4,25,100,P,2
H1,08/11/2009,21,GA,運動飲料,654,3,22,66,P,1
H1,08/12/2009,15,GA,運動飲料,654,1,33,33,P,1
H1,08/12/2009,18,GA,運動飲料,654,1,33,33,P,1
H1,08/12/2009,20,GA,運動飲料,654,8,25,200,P,1
H1,08/12/2009,22,GA,運動飲料,654,5,26,130,P,2
H1,08/13/2009,12,GA,運動飲料,654,1,33,33,P,1
H1,08/13/2009,17,GA,運動飲料,654,1,33,33,P,1
H1,08/13/2009,21,GA,運動飲料,654,3,22,66,P,1
H1,08/13/2009,22,GA,運動飲料,654,1,33,33,P,1
H1,08/14/2009,15,GA,運動飲料,654,1,33,33,P,1
H1,08/14/2009,16,GA,運動飲料,654,10,23,230,P,4
H1,08/14/2009,17,GA,運動飲料,654,1,33,33,P,1
H1,08/15/2009,01,GA,運動飲料,654,1,33,33,P,1
H1,08/15/2009,10,GA,運動飲料,654,1,33,33,P,1
H1,08/15/2009,11,GA,運動飲料,654,1,33,33,P,1
H1,08/15/2009,13,GA,運動飲料,654,1,33,33,P,1
H1,08/15/2009,15,GA,運動飲料,654,1,33,33,P,3
H1,08/15/2009,19,GA,運動飲料,654,1,33,33,P,1
H1,08/15/2009,20,GA,運動飲料,654,1,33,33,P,1
H1,08/15/2009,22,GA,運動飲料,654,2,33,66,P,2
H1,08/16/2009,10,GA,運動飲料,654,1,33,33,P,1
H1,08/16/2009,11,GA,運動飲料,654,3,33,99,P,3
H1,08/16/2009,13,GA,運動飲料,654,4,25,100,P,2
H1,08/16/2009,14,GA,運動飲料,654,1,33,33,P,1
H1,08/16/2009,15,GA,運動飲料,654,3,22,66,P,1
H1,08/16/2009,18,GA,運動飲料,654,1,33,33,P,1
H1,08/16/2009,22,GA,運動飲料,654,6,22,132,P,2
H1,08/17/2009,01,GA,運動飲料,654,33,27,891,P,3
H1,08/17/2009,02,GA,運動飲料,654,8,25,200,P,1
H1,08/17/2009,10,GA,運動飲料,654,7,24,168,P,2
H1,08/17/2009,11,GA,運動飲料,654,3,22,66,P,1
H1,08/17/2009,14,GA,運動飲料,654,3,22,66,P,1
H1,08/17/2009,15,GA,運動飲料,654,1,33,33,P,1
H1,08/17/2009,16,GA,運動飲料,654,5,26,130,P,1
H1,08/17/2009,18,GA,運動飲料,654,1,33,33,P,1
H1,08/17/2009,20,GA,運動飲料,654,8,25,200,P,3
H1,08/18/2009,11,GA,運動飲料,654,3,22,66,P,1
H1,01/01/2009,09,GA,運動飲料,876,5,14,70,P,1
H1,01/01/2009,11,GA,運動飲料,876,5,14,70,P,1
H1,01/01/2009,16,GA,運動飲料,876,10,14,140,P,2
H1,01/01/2009,17,GA,運動飲料,876,5,14,70,P,1
H1,01/01/2009,19,GA,運動飲料,876,5,14,70,P,1
H1,01/01/2009,20,GA,運動飲料,876,5,14,70,P,1
H1,01/01/2009,21,GA,運動飲料,876,5,14,70,P,1
H1,01/02/2009,15,GA,運動飲料,876,5,14,70,P,1
H1,01/02/2009,16,GA,運動飲料,876,5,14,70,P,1
H1,01/02/2009,18,GA,運動飲料,876,5,14,70,P,1
H1,01/03/2009,14,GA,運動飲料,876,10,14,140,P,2
H1,01/03/2009,15,GA,運動飲料,876,5,14,70,P,1
H1,01/03/2009,16,GA,運動飲料,876,5,14,70,P,1
H1,01/03/2009,19,GA,運動飲料,876,10,14,140,P,2
H1,01/05/2009,18,GA,運動飲料,876,5,14,70,P,1
H1,01/05/2009,21,GA,運動飲料,876,10,14,140,P,1
H1,01/06/2009,14,GA,運動飲料,876,5,14,70,P,1
H1,01/06/2009,21,GA,運動飲料,876,5,14,70,P,1
H1,01/07/2009,20,GA,運動飲料,876,5,15,75,N,3
H1,01/10/2009,19,GA,運動飲料,876,5,15,75,N,1
H1,01/10/2009,22,GA,運動飲料,876,5,15,75,N,1
H1,01/11/2009,17,GA,運動飲料,876,5,15,75,N,1
H1,01/12/2009,11,GA,運動飲料,876,15,15,225,N,1
H1,01/12/2009,12,GA,運動飲料,876,10,15,150,N,1
H1,01/12/2009,18,GA,運動飲料,876,5,15,75,N,1
H1,01/12/2009,20,GA,運動飲料,876,5,15,75,N,1
H1,01/13/2009,21,GA,運動飲料,876,5,15,75,N,1
H1,01/14/2009,17,GA,運動飲料,876,10,15,150,N,1
H1,01/14/2009,21,GA,運動飲料,876,5,15,75,N,1
H1,01/15/2009,20,GA,運動飲料,876,5,15,75,N,1
H1,01/16/2009,00,GA,運動飲料,876,5,15,75,N,1
H1,01/16/2009,21,GA,運動飲料,876,5,15,75,N,1
H1,01/17/2009,14,GA,運動飲料,876,5,15,75,N,1
H1,01/17/2009,21,GA,運動飲料,876,5,15,75,N,1
H1,01/18/2009,14,GA,運動飲料,876,10,15,150,N,2
H1,01/18/2009,16,GA,運動飲料,876,5,15,75,N,1
H1,01/19/2009,21,GA,運動飲料,876,5,15,75,N,1
H1,01/20/2009,00,GA,運動飲料,876,5,15,75,N,1
H1,01/20/2009,02,GA,運動飲料,876,5,15,75,N,1
H1,01/20/2009,11,GA,運動飲料,876,5,15,75,N,1
H1,01/20/2009,12,GA,運動飲料,876,10,15,150,N,2
H1,01/20/2009,15,GA,運動飲料,876,20,15,300,N,1
H1,01/20/2009,19,GA,運動飲料,876,10,15,150,N,1
H1,01/21/2009,14,GA,運動飲料,876,5,15,75,N,1
H1,01/21/2009,17,GA,運動飲料,876,5,15,75,N,1
H1,01/21/2009,21,GA,運動飲料,876,10,15,150,N,1
H1,01/22/2009,00,GA,運動飲料,876,5,15,75,N,1
H1,01/22/2009,08,GA,運動飲料,876,5,15,75,N,1
H1,01/22/2009,10,GA,運動飲料,876,5,15,75,N,1
H1,01/23/2009,01,GA,運動飲料,876,10,15,150,N,1
H1,01/23/2009,11,GA,運動飲料,876,5,15,75,N,1
H1,01/23/2009,13,GA,運動飲料,876,5,15,75,N,1
H1,01/23/2009,16,GA,運動飲料,876,5,15,75,N,1
H1,01/23/2009,17,GA,運動飲料,876,5,15,75,N,1
H1,01/23/2009,22,GA,運動飲料,876,10,15,150,N,1
H1,01/24/2009,00,GA,運動飲料,876,5,15,75,N,1
H1,01/24/2009,09,GA,運動飲料,876,5,15,75,N,1
H1,01/24/2009,16,GA,運動飲料,876,5,15,75,N,1
H1,01/24/2009,17,GA,運動飲料,876,5,15,75,N,1
H1,01/24/2009,23,GA,運動飲料,876,5,15,75,N,1
H1,01/25/2009,00,GA,運動飲料,876,10,15,150,N,2
H1,01/25/2009,02,GA,運動飲料,876,15,15,225,N,2
H1,01/25/2009,11,GA,運動飲料,876,5,15,75,N,1
H1,01/25/2009,12,GA,運動飲料,876,5,15,75,N,1
H1,01/25/2009,15,GA,運動飲料,876,5,15,75,N,1
H1,01/25/2009,16,GA,運動飲料,876,5,15,75,N,1
H1,01/25/2009,23,GA,運動飲料,876,5,15,75,N,1
H1,01/26/2009,13,GA,運動飲料,876,5,15,75,N,1
H1,01/27/2009,11,GA,運動飲料,876,5,15,75,N,1
H1,01/27/2009,13,GA,運動飲料,876,5,15,75,N,1
H1,01/27/2009,16,GA,運動飲料,876,10,15,150,N,2
H1,01/27/2009,18,GA,運動飲料,876,5,15,75,N,1
H1,01/27/2009,21,GA,運動飲料,876,5,15,75,N,1
H1,01/28/2009,10,GA,運動飲料,876,5,15,75,N,1
H1,01/28/2009,13,GA,運動飲料,876,5,15,75,N,1
H1,01/29/2009,23,GA,運動飲料,876,5,15,75,N,1
H1,01/30/2009,10,GA,運動飲料,876,5,15,75,N,1
H1,01/30/2009,14,GA,運動飲料,876,5,15,75,N,1
H1,01/31/2009,10,GA,運動飲料,876,5,15,75,N,1
H1,01/31/2009,12,GA,運動飲料,876,5,15,75,N,1
H1,02/01/2009,14,GA,運動飲料,876,30,15,450,N,3
H1,02/01/2009,16,GA,運動飲料,876,5,15,75,N,1
H1,02/02/2009,19,GA,運動飲料,876,5,15,75,N,1
H1,02/03/2009,20,GA,運動飲料,876,5,15,75,N,1
H1,02/04/2009,11,GA,運動飲料,876,5,15,75,N,1
H1,02/04/2009,12,GA,運動飲料,876,5,15,75,N,1
H1,02/04/2009,22,GA,運動飲料,876,5,15,75,N,1
H1,02/05/2009,16,GA,運動飲料,876,5,15,75,N,1
H1,02/06/2009,10,GA,運動飲料,876,5,15,75,N,1
H1,02/07/2009,12,GA,運動飲料,876,5,15,75,N,1
H1,02/07/2009,13,GA,運動飲料,876,15,15,225,N,3
H1,02/07/2009,14,GA,運動飲料,876,5,15,75,N,1
H1,02/07/2009,16,GA,運動飲料,876,5,15,75,N,1
H1,02/08/2009,11,GA,運動飲料,876,5,15,75,N,1
H1,02/08/2009,14,GA,運動飲料,876,10,15,150,N,2
H1,02/08/2009,15,GA,運動飲料,876,10,15,150,N,2
H1,02/09/2009,12,GA,運動飲料,876,5,15,75,N,1
H1,02/10/2009,13,GA,運動飲料,876,5,15,75,N,1
H1,02/10/2009,16,GA,運動飲料,876,5,15,75,N,1
H1,02/12/2009,10,GA,運動飲料,876,5,15,75,N,1
H1,02/12/2009,17,GA,運動飲料,876,5,15,75,N,1
H1,02/12/2009,21,GA,運動飲料,876,5,15,75,N,1
H1,02/13/2009,10,GA,運動飲料,876,5,14,70,P,1
H1,02/13/2009,12,GA,運動飲料,876,5,14,70,P,1
H1,02/13/2009,16,GA,運動飲料,876,5,14,70,P,1
H1,02/13/2009,20,GA,運動飲料,876,5,14,70,P,1
H1,02/14/2009,11,GA,運動飲料,876,10,14,140,P,1
H1,02/14/2009,17,GA,運動飲料,876,10,14,140,P,2
H1,02/14/2009,19,GA,運動飲料,876,10,14,140,P,2
H1,02/14/2009,20,GA,運動飲料,876,15,14,210,P,1
H1,02/15/2009,10,GA,運動飲料,876,5,14,70,P,1
H1,02/15/2009,11,GA,運動飲料,876,5,14,70,P,1
H1,02/15/2009,12,GA,運動飲料,876,5,14,70,P,1
H1,02/15/2009,13,GA,運動飲料,876,5,14,70,P,1
H1,02/15/2009,15,GA,運動飲料,876,5,14,70,P,1
H1,02/15/2009,18,GA,運動飲料,876,10,14,140,P,2
H1,02/15/2009,21,GA,運動飲料,876,5,14,70,P,1
H1,02/19/2009,17,GA,運動飲料,876,5,14,70,P,1
H1,02/20/2009,19,GA,運動飲料,876,5,14,70,P,1
H1,02/20/2009,20,GA,運動飲料,876,5,14,70,P,1
H1,02/21/2009,12,GA,運動飲料,876,5,14,70,P,1
H1,02/21/2009,13,GA,運動飲料,876,5,14,70,P,1
H1,02/21/2009,14,GA,運動飲料,876,5,14,70,P,1
H1,02/21/2009,16,GA,運動飲料,876,5,14,70,P,1
H1,02/21/2009,19,GA,運動飲料,876,5,14,70,P,1
H1,02/21/2009,21,GA,運動飲料,876,5,14,70,P,1
H1,02/22/2009,18,GA,運動飲料,876,10,14,140,P,1
H1,02/23/2009,21,GA,運動飲料,876,5,14,70,P,1
H1,02/24/2009,12,GA,運動飲料,876,5,14,70,P,1
H1,02/24/2009,13,GA,運動飲料,876,5,14,70,P,1
H1,02/24/2009,21,GA,運動飲料,876,5,14,70,P,1
H1,02/26/2009,12,GA,運動飲料,876,5,14,70,P,1
H1,02/26/2009,16,GA,運動飲料,876,5,14,70,P,1
H1,02/27/2009,14,GA,運動飲料,876,5,14,70,P,1
H1,02/27/2009,15,GA,運動飲料,876,5,14,70,P,1
H1,02/27/2009,17,GA,運動飲料,876,5,14,70,P,1
H1,02/27/2009,19,GA,運動飲料,876,5,14,70,P,1
H1,02/27/2009,22,GA,運動飲料,876,30,14,420,P,1
H1,02/28/2009,10,GA,運動飲料,876,5,14,70,P,1
H1,02/28/2009,14,GA,運動飲料,876,5,14,70,P,1
H1,02/28/2009,15,GA,運動飲料,876,5,14,70,P,1
H1,03/01/2009,11,GA,運動飲料,876,5,14,70,P,1
H1,03/01/2009,13,GA,運動飲料,876,5,14,70,P,1
H1,03/01/2009,15,GA,運動飲料,876,10,14,140,P,2
H1,03/02/2009,13,GA,運動飲料,876,5,14,70,P,1
H1,03/02/2009,14,GA,運動飲料,876,5,14,70,P,1
H1,03/02/2009,15,GA,運動飲料,876,5,14,70,P,1
H1,03/02/2009,17,GA,運動飲料,876,5,14,70,P,1
H1,03/03/2009,16,GA,運動飲料,876,5,14,70,P,1
H1,03/03/2009,19,GA,運動飲料,876,30,14,420,P,1
H1,03/04/2009,15,GA,運動飲料,876,10,14,140,P,2
H1,03/04/2009,17,GA,運動飲料,876,5,14,70,P,1
H1,03/04/2009,21,GA,運動飲料,876,5,14,70,P,1
H1,03/04/2009,22,GA,運動飲料,876,5,14,70,P,1
H1,03/05/2009,09,GA,運動飲料,876,10,14,140,P,1
H1,03/05/2009,10,GA,運動飲料,876,5,14,70,P,1
H1,03/05/2009,18,GA,運動飲料,876,5,14,70,P,1
H1,03/06/2009,18,GA,運動飲料,876,5,14,70,P,1
H1,03/06/2009,19,GA,運動飲料,876,15,14,210,P,3
H1,03/06/2009,20,GA,運動飲料,876,10,14,140,P,1
H1,03/06/2009,22,GA,運動飲料,876,5,14,70,P,1
H1,03/07/2009,14,GA,運動飲料,876,5,14,70,P,1
H1,03/07/2009,15,GA,運動飲料,876,5,14,70,P,1
H1,03/07/2009,16,GA,運動飲料,876,5,14,70,P,1
H1,03/07/2009,18,GA,運動飲料,876,5,14,70,P,1
H1,03/07/2009,20,GA,運動飲料,876,10,14,140,P,1
H1,03/07/2009,22,GA,運動飲料,876,5,14,70,P,1
H1,03/07/2009,23,GA,運動飲料,876,5,14,70,P,1
H1,03/08/2009,11,GA,運動飲料,876,5,14,70,P,1
H1,03/08/2009,12,GA,運動飲料,876,5,14,70,P,1
H1,03/08/2009,16,GA,運動飲料,876,5,14,70,P,1
H1,03/08/2009,17,GA,運動飲料,876,5,14,70,P,1
H1,03/08/2009,18,GA,運動飲料,876,10,14,140,P,1
H1,03/08/2009,21,GA,運動飲料,876,10,14,140,P,1
H1,03/09/2009,13,GA,運動飲料,876,5,14,70,P,1
H1,03/09/2009,14,GA,運動飲料,876,10,14,140,P,1
H1,03/09/2009,16,GA,運動飲料,876,35,14,490,P,1
H1,03/10/2009,11,GA,運動飲料,876,10,14,140,P,1
H1,03/10/2009,15,GA,運動飲料,876,5,14,70,P,1
H1,03/10/2009,18,GA,運動飲料,876,5,14,70,P,1
H1,03/10/2009,21,GA,運動飲料,876,5,14,70,P,1
H1,03/11/2009,10,GA,運動飲料,876,5,14,70,P,1
H1,03/11/2009,13,GA,運動飲料,876,5,14,70,P,1
H1,03/11/2009,16,GA,運動飲料,876,5,14,70,P,1
H1,03/11/2009,19,GA,運動飲料,876,5,14,70,P,1
H1,03/11/2009,21,GA,運動飲料,876,5,14,70,P,1
H1,03/12/2009,11,GA,運動飲料,876,10,14,140,P,1
H1,03/13/2009,10,GA,運動飲料,876,5,14,70,P,1
H1,03/13/2009,14,GA,運動飲料,876,5,14,70,P,1
H1,03/13/2009,15,GA,運動飲料,876,5,14,70,P,1
H1,03/13/2009,19,GA,運動飲料,876,5,14,70,P,1
H1,03/13/2009,22,GA,運動飲料,876,10,14,140,P,2
H1,03/14/2009,11,GA,運動飲料,876,5,14,70,P,1
H1,03/14/2009,13,GA,運動飲料,876,10,14,140,P,1
H1,03/14/2009,14,GA,運動飲料,876,5,14,70,P,1
H1,03/14/2009,15,GA,運動飲料,876,10,14,140,P,2
H1,03/14/2009,21,GA,運動飲料,876,5,14,70,P,1
H1,03/14/2009,22,GA,運動飲料,876,5,14,70,P,1
H1,03/15/2009,13,GA,運動飲料,876,5,14,70,P,1
H1,03/15/2009,14,GA,運動飲料,876,5,14,70,P,1
H1,03/15/2009,19,GA,運動飲料,876,5,14,70,P,1
H1,03/16/2009,13,GA,運動飲料,876,5,14,70,P,1
H1,03/16/2009,17,GA,運動飲料,876,5,14,70,P,1
H1,03/16/2009,18,GA,運動飲料,876,25,14,350,P,1
H1,03/16/2009,20,GA,運動飲料,876,15,14,210,P,2
H1,03/17/2009,14,GA,運動飲料,876,10,14,140,P,1
H1,03/17/2009,15,GA,運動飲料,876,20,14,280,P,1
H1,03/17/2009,21,GA,運動飲料,876,5,14,70,P,1
H1,03/18/2009,16,GA,運動飲料,876,5,13,65,P,1
H1,03/18/2009,20,GA,運動飲料,876,5,13,65,P,1
H1,03/18/2009,22,GA,運動飲料,876,5,13,65,P,1
H1,03/19/2009,15,GA,運動飲料,876,5,13,65,P,1
H1,03/19/2009,19,GA,運動飲料,876,5,13,65,P,1
H1,03/19/2009,20,GA,運動飲料,876,5,13,65,P,1
H1,03/19/2009,21,GA,運動飲料,876,10,13,130,P,2
H1,03/20/2009,12,GA,運動飲料,876,5,13,65,P,1
H1,03/20/2009,14,GA,運動飲料,876,5,13,65,P,1
H1,03/20/2009,20,GA,運動飲料,876,5,13,65,P,1
H1,03/20/2009,22,GA,運動飲料,876,5,13,65,P,1
H1,03/21/2009,12,GA,運動飲料,876,5,13,65,P,1
H1,03/21/2009,19,GA,運動飲料,876,10,13,130,P,2
H1,03/21/2009,21,GA,運動飲料,876,10,13,130,P,2
H1,03/21/2009,22,GA,運動飲料,876,5,13,65,P,1
H1,03/22/2009,19,GA,運動飲料,876,10,13,130,P,1
H1,03/22/2009,20,GA,運動飲料,876,5,13,65,P,1
H1,03/22/2009,22,GA,運動飲料,876,5,13,65,P,1
H1,03/23/2009,10,GA,運動飲料,876,5,13,65,P,1
H1,03/23/2009,15,GA,運動飲料,876,5,13,65,P,1
H1,03/23/2009,20,GA,運動飲料,876,10,13,130,P,2
H1,03/24/2009,10,GA,運動飲料,876,5,13,65,P,1
H1,03/24/2009,11,GA,運動飲料,876,5,13,65,P,1
H1,03/24/2009,21,GA,運動飲料,876,10,13,130,P,1
H1,03/25/2009,10,GA,運動飲料,876,10,13,130,P,2
H1,03/25/2009,11,GA,運動飲料,876,10,13,130,P,2
H1,03/25/2009,14,GA,運動飲料,876,10,13,130,P,2
H1,03/25/2009,16,GA,運動飲料,876,10,13,130,P,1
H1,03/26/2009,16,GA,運動飲料,876,5,13,65,P,1
H1,03/26/2009,22,GA,運動飲料,876,5,13,65,P,2
H1,03/27/2009,10,GA,運動飲料,876,15,13,195,P,1
H1,03/27/2009,11,GA,運動飲料,876,5,13,65,P,1
H1,03/27/2009,20,GA,運動飲料,876,5,13,65,P,1
H1,03/27/2009,21,GA,運動飲料,876,30,13,390,P,4
H1,03/28/2009,12,GA,運動飲料,876,5,13,65,P,1
H1,03/28/2009,13,GA,運動飲料,876,20,13,260,P,3
H1,03/28/2009,18,GA,運動飲料,876,5,13,65,P,1
H1,03/28/2009,21,GA,運動飲料,876,5,13,65,P,1
H1,03/29/2009,11,GA,運動飲料,876,5,13,65,P,1
H1,03/29/2009,13,GA,運動飲料,876,5,13,65,P,1
H1,03/29/2009,14,GA,運動飲料,876,10,13,130,P,1
H1,03/29/2009,19,GA,運動飲料,876,5,13,65,P,1
H1,03/29/2009,21,GA,運動飲料,876,15,13,195,P,2
H1,03/30/2009,12,GA,運動飲料,876,10,13,130,P,2
H1,03/30/2009,14,GA,運動飲料,876,10,13,130,P,1
H1,03/31/2009,11,GA,運動飲料,876,5,13,65,P,1
H1,03/31/2009,14,GA,運動飲料,876,5,13,65,P,1
H1,03/31/2009,16,GA,運動飲料,876,15,13,195,P,1
H1,03/31/2009,22,GA,運動飲料,876,5,13,65,P,1
H1,04/01/2009,10,GA,運動飲料,876,5,14,70,P,1
H1,04/01/2009,11,GA,運動飲料,876,5,14,70,P,1
H1,04/01/2009,12,GA,運動飲料,876,10,14,140,P,2
H1,04/01/2009,20,GA,運動飲料,876,5,14,70,P,1
H1,04/01/2009,21,GA,運動飲料,876,5,14,70,P,1
H1,04/02/2009,12,GA,運動飲料,876,5,14,70,P,1
H1,04/02/2009,15,GA,運動飲料,876,5,14,70,P,1
H1,04/03/2009,15,GA,運動飲料,876,5,14,70,P,1
H1,04/03/2009,16,GA,運動飲料,876,5,14,70,P,1
H1,04/03/2009,19,GA,運動飲料,876,10,14,140,P,1
H1,04/03/2009,20,GA,運動飲料,876,5,14,70,P,1
H1,04/03/2009,21,GA,運動飲料,876,5,14,70,P,1
H1,04/04/2009,10,GA,運動飲料,876,5,14,70,P,1
H1,04/04/2009,14,GA,運動飲料,876,15,14,210,P,5
H1,04/04/2009,18,GA,運動飲料,876,5,14,70,P,1
H1,04/05/2009,11,GA,運動飲料,876,10,14,140,P,2
H1,04/05/2009,12,GA,運動飲料,876,10,14,140,P,2
H1,04/05/2009,13,GA,運動飲料,876,5,14,70,P,1
H1,04/05/2009,14,GA,運動飲料,876,30,14,420,P,1
H1,04/05/2009,16,GA,運動飲料,876,10,14,140,P,2
H1,04/05/2009,17,GA,運動飲料,876,5,14,70,P,1
H1,04/05/2009,19,GA,運動飲料,876,5,14,70,P,1
H1,04/06/2009,12,GA,運動飲料,876,5,14,70,P,1
H1,04/06/2009,17,GA,運動飲料,876,5,14,70,P,1
H1,04/07/2009,09,GA,運動飲料,876,30,14,420,P,1
H1,04/07/2009,22,GA,運動飲料,876,5,14,70,P,1
H1,04/08/2009,11,GA,運動飲料,876,5,14,70,P,1
H1,04/09/2009,14,GA,運動飲料,876,15,14,210,P,1
H1,04/09/2009,15,GA,運動飲料,876,5,14,70,P,1
H1,04/09/2009,17,GA,運動飲料,876,5,14,70,P,1
H1,04/09/2009,19,GA,運動飲料,876,5,14,70,P,1
H1,04/09/2009,20,GA,運動飲料,876,5,14,70,P,1
H1,04/09/2009,22,GA,運動飲料,876,5,14,70,P,1
H1,04/10/2009,15,GA,運動飲料,876,20,14,280,P,2
H1,04/11/2009,09,GA,運動飲料,876,5,14,70,P,1
H1,04/11/2009,13,GA,運動飲料,876,5,14,70,P,1
H1,04/11/2009,17,GA,運動飲料,876,10,14,140,P,2
H1,04/11/2009,18,GA,運動飲料,876,5,14,70,P,1
H1,04/11/2009,20,GA,運動飲料,876,5,14,70,P,1
H1,04/11/2009,22,GA,運動飲料,876,20,14,280,P,1
H1,04/12/2009,11,GA,運動飲料,876,10,14,140,P,2
H1,04/12/2009,13,GA,運動飲料,876,5,14,70,P,1
H1,04/12/2009,14,GA,運動飲料,876,5,14,70,P,1
H1,04/12/2009,15,GA,運動飲料,876,10,14,140,P,1
H1,04/12/2009,16,GA,運動飲料,876,10,14,140,P,2
H1,04/12/2009,20,GA,運動飲料,876,5,14,70,P,1
H1,04/13/2009,11,GA,運動飲料,876,5,14,70,P,1
H1,04/13/2009,13,GA,運動飲料,876,5,14,70,P,1
H1,04/13/2009,19,GA,運動飲料,876,10,14,140,P,2
H1,04/13/2009,20,GA,運動飲料,876,10,14,140,P,2
H1,04/13/2009,21,GA,運動飲料,876,5,14,70,P,1
H1,04/14/2009,11,GA,運動飲料,876,5,14,70,P,1
H1,04/14/2009,12,GA,運動飲料,876,5,14,70,P,1
H1,04/14/2009,21,GA,運動飲料,876,5,14,70,P,1
H1,04/14/2009,22,GA,運動飲料,876,5,14,70,P,1
H1,04/15/2009,12,GA,運動飲料,876,5,14,70,P,1
H1,04/15/2009,13,GA,運動飲料,876,5,14,70,P,1
H1,04/15/2009,15,GA,運動飲料,876,5,14,70,P,1
H1,04/15/2009,18,GA,運動飲料,876,5,14,70,P,1
H1,04/15/2009,22,GA,運動飲料,876,5,14,70,P,1
H1,04/16/2009,10,GA,運動飲料,876,20,14,280,P,2
H1,04/16/2009,11,GA,運動飲料,876,5,14,70,P,1
H1,04/16/2009,13,GA,運動飲料,876,5,14,70,P,1
H1,04/17/2009,14,GA,運動飲料,876,10,14,140,P,1
H1,04/17/2009,21,GA,運動飲料,876,5,14,70,P,1
H1,04/18/2009,12,GA,運動飲料,876,5,14,70,P,3
H1,04/18/2009,13,GA,運動飲料,876,5,14,70,P,1
H1,04/18/2009,14,GA,運動飲料,876,5,14,70,P,1
H1,04/18/2009,17,GA,運動飲料,876,10,14,140,P,2
H1,04/18/2009,20,GA,運動飲料,876,5,14,70,P,1
H1,04/19/2009,10,GA,運動飲料,876,5,14,70,P,1
H1,04/19/2009,11,GA,運動飲料,876,10,14,140,P,2
H1,04/19/2009,12,GA,運動飲料,876,5,14,70,P,1
H1,04/19/2009,13,GA,運動飲料,876,5,14,70,P,1
H1,04/19/2009,17,GA,運動飲料,876,5,14,70,P,1
H1,04/19/2009,19,GA,運動飲料,876,5,14,70,P,1
H1,04/19/2009,20,GA,運動飲料,876,10,14,140,P,2
H1,04/20/2009,13,GA,運動飲料,876,5,14,70,P,1
H1,04/20/2009,14,GA,運動飲料,876,15,14,210,P,3
H1,04/20/2009,15,GA,運動飲料,876,5,14,70,P,1
H1,04/20/2009,17,GA,運動飲料,876,5,14,70,P,1
H1,04/20/2009,18,GA,運動飲料,876,5,14,70,P,1
H1,04/20/2009,19,GA,運動飲料,876,5,14,70,P,1
H1,04/20/2009,20,GA,運動飲料,876,5,14,70,P,1
H1,04/21/2009,12,GA,運動飲料,876,5,14,70,P,1
H1,04/21/2009,13,GA,運動飲料,876,6,15,90,P,2
H1,04/21/2009,17,GA,運動飲料,876,15,14,210,P,1
H1,04/22/2009,14,GA,運動飲料,876,5,14,70,P,1
H1,04/22/2009,15,GA,運動飲料,876,5,14,70,P,1
H1,04/22/2009,20,GA,運動飲料,876,10,14,140,P,1
H1,04/23/2009,14,GA,運動飲料,876,10,14,140,P,2
H1,04/23/2009,19,GA,運動飲料,876,5,14,70,P,1
H1,04/24/2009,15,GA,運動飲料,876,5,15,75,N,1
H1,04/24/2009,22,GA,運動飲料,876,5,15,75,N,1
H1,04/25/2009,09,GA,運動飲料,876,5,14,70,P,1
H1,04/25/2009,15,GA,運動飲料,876,20,14,280,P,2
H1,04/25/2009,16,GA,運動飲料,876,5,14,70,P,1
H1,04/25/2009,18,GA,運動飲料,876,5,14,70,P,1
