demo_data_utf8.csv
Store,Date,Time,Dept,Family,Item_No,SalesQty,Price,SalesValue,Sales_Status,Sales_number
H1,04/25/2009,20,GA,運動飲料,876,5,14,70,P,1
H1,04/25/2009,21,GA,運動飲料,876,10,14,140,P,1
H1,04/25/2009,22,GA,運動飲料,876,5,14,70,P,1
H1,04/26/2009,10,GA,運動飲料,876,5,14,70,P,1
H1,04/26/2009,12,GA,運動飲料,876,5,14,70,P,1
H1,04/26/2009,15,GA,運動飲料,876,45,14,630,P,1
H1,04/26/2009,18,GA,運動飲料,876,5,14,70,P,1
H1,04/27/2009,10,GA,運動飲料,876,5,14,70,P,1
H1,04/27/2009,12,GA,運動飲料,876,5,14,70,P,1
H1,04/28/2009,14,GA,運動飲料,876,5,14,70,P,1
H1,04/28/2009,15,GA,運動飲料,876,10,14,140,P,1
H1,04/28/2009,17,GA,運動飲料,876,5,14,70,P,1
H1,04/28/2009,22,GA,運動飲料,876,5,14,70,P,1
H1,04/29/2009,09,GA,運動飲料,876,5,14,70,P,1
H1,04/29/2009,10,GA,運動飲料,876,5,14,70,P,1
H1,04/29/2009,13,GA,運動飲料,876,5,14,70,P,1
H1,04/29/2009,14,GA,運動飲料,876,5,14,70,P,1
H1,04/30/2009,14,GA,運動飲料,876,5,14,70,P,1
H1,04/30/2009,21,GA,運動飲料,876,10,14,140,P,1
H1,04/30/2009,22,GA,運動飲料,876,5,14,70,P,1
H1,05/01/2009,09,GA,運動飲料,876,5,14,70,P,1
H1,05/01/2009,10,GA,運動飲料,876,5,14,70,P,1
H1,05/01/2009,14,GA,運動飲料,876,5,14,70,P,1
H1,05/01/2009,16,GA,運動飲料,876,15,14,210,P,3
H1,05/01/2009,17,GA,運動飲料,876,5,14,70,P,1
H1,05/01/2009,19,GA,運動飲料,876,5,14,70,P,1
H1,05/01/2009,20,GA,運動飲料,876,5,14,70,P,1
H1,05/01/2009,21,GA,運動飲料,876,10,14,140,P,2
H1,05/01/2009,22,GA,運動飲料,876,10,14,140,P,1
H1,05/02/2009,13,GA,運動飲料,876,5,14,70,P,1
H1,05/02/2009,14,GA,運動飲料,876,5,14,70,P,1
H1,05/02/2009,15,GA,運動飲料,876,5,14,70,P,1
H1,05/02/2009,19,GA,運動飲料,876,10,14,140,P,1
H1,05/02/2009,22,GA,運動飲料,876,5,14,70,P,1
H1,05/03/2009,14,GA,運動飲料,876,10,15,150,N,2
H1,05/03/2009,15,GA,運動飲料,876,5,15,75,N,1
H1,05/04/2009,13,GA,運動飲料,876,5,15,75,N,1
H1,05/04/2009,15,GA,運動飲料,876,5,15,75,N,1
H1,05/04/2009,21,GA,運動飲料,876,15,15,225,N,1
H1,05/05/2009,17,GA,運動飲料,876,5,15,75,N,1
H1,05/05/2009,20,GA,運動飲料,876,5,15,75,N,1
H1,05/05/2009,21,GA,運動飲料,876,5,15,75,N,1
H1,05/06/2009,11,GA,運動飲料,876,5,15,75,N,1
H1,05/06/2009,14,GA,運動飲料,876,5,15,75,N,1
H1,05/06/2009,15,GA,運動飲料,876,5,15,75,N,1
H1,05/08/2009,15,GA,運動飲料,876,5,15,75,N,1
H1,05/08/2009,20,GA,運動飲料,876,5,15,75,N,1
H1,05/09/2009,09,GA,運動飲料,876,5,15,75,N,1
H1,05/09/2009,13,GA,運動飲料,876,15,15,225,N,3
H1,05/09/2009,15,GA,運動飲料,876,5,15,75,N,1
H1,05/09/2009,20,GA,運動飲料,876,5,15,75,N,1
H1,05/10/2009,12,GA,運動飲料,876,5,15,75,N,1
H1,05/10/2009,13,GA,運動飲料,876,5,15,75,N,1
H1,05/10/2009,17,GA,運動飲料,876,10,15,150,N,2
H1,05/11/2009,11,GA,運動飲料,876,5,14,70,P,1
H1,05/11/2009,14,GA,運動飲料,876,5,14,70,P,1
H1,05/11/2009,15,GA,運動飲料,876,5,14,70,P,1
H1,05/11/2009,16,GA,運動飲料,876,5,14,70,P,1
H1,05/11/2009,19,GA,運動飲料,876,5,14,70,P,1
H1,05/11/2009,20,GA,運動飲料,876,25,14,350,P,4
H1,05/11/2009,21,GA,運動飲料,876,10,14,140,P,1
H1,05/12/2009,12,GA,運動飲料,876,20,14,280,P,2
H1,05/12/2009,13,GA,運動飲料,876,5,14,70,P,1
H1,05/13/2009,21,GA,運動飲料,876,20,14,280,P,2
H1,05/13/2009,22,GA,運動飲料,876,5,14,70,P,1
H1,05/14/2009,11,GA,運動飲料,876,5,14,70,P,1
H1,05/14/2009,12,GA,運動飲料,876,10,14,140,P,2
H1,05/14/2009,14,GA,運動飲料,876,5,14,70,P,1
H1,05/14/2009,17,GA,運動飲料,876,5,14,70,P,1
H1,05/14/2009,18,GA,運動飲料,876,5,14,70,P,1
H1,05/14/2009,20,GA,運動飲料,876,5,14,70,P,1
H1,05/15/2009,15,GA,運動飲料,876,10,14,140,P,1
H1,05/15/2009,16,GA,運動飲料,876,5,14,70,P,1
H1,05/15/2009,17,GA,運動飲料,876,5,14,70,P,1
H1,05/16/2009,09,GA,運動飲料,876,5,14,70,P,1
H1,05/16/2009,11,GA,運動飲料,876,5,14,70,P,1
H1,05/16/2009,12,GA,運動飲料,876,10,14,140,P,2
H1,05/16/2009,13,GA,運動飲料,876,5,14,70,P,1
H1,05/16/2009,14,GA,運動飲料,876,15,14,210,P,2
H1,05/16/2009,16,GA,運動飲料,876,5,14,70,P,1
H1,05/16/2009,17,GA,運動飲料,876,5,14,70,P,1
H1,05/16/2009,20,GA,運動飲料,876,10,14,140,P,2
H1,05/16/2009,21,GA,運動飲料,876,5,14,70,P,1
H1,05/16/2009,22,GA,運動飲料,876,20,14,280,P,3
H1,05/17/2009,10,GA,運動飲料,876,10,14,140,P,2
H1,05/17/2009,11,GA,運動飲料,876,5,14,70,P,1
H1,05/17/2009,22,GA,運動飲料,876,5,14,70,P,1
H1,05/18/2009,09,GA,運動飲料,876,10,14,140,P,1
H1,05/18/2009,10,GA,運動飲料,876,5,14,70,P,1
H1,05/18/2009,11,GA,運動飲料,876,10,14,140,P,1
H1,05/18/2009,19,GA,運動飲料,876,5,14,70,P,1
H1,05/19/2009,14,GA,運動飲料,876,5,15,75,N,1
H1,05/19/2009,16,GA,運動飲料,876,5,15,75,N,1
H1,05/19/2009,20,GA,運動飲料,876,5,15,75,N,1
H1,05/20/2009,11,GA,運動飲料,876,5,14,70,P,1
H1,05/20/2009,15,GA,運動飲料,876,5,14,70,P,1
H1,05/20/2009,21,GA,運動飲料,876,10,14,140,P,1
H1,05/21/2009,15,GA,運動飲料,876,20,14,280,P,1
H1,05/21/2009,18,GA,運動飲料,876,5,14,70,P,1
H1,05/21/2009,21,GA,運動飲料,876,5,14,70,P,1
H1,05/22/2009,15,GA,運動飲料,876,5,14,70,P,1
H1,05/22/2009,19,GA,運動飲料,876,5,14,70,P,1
H1,05/22/2009,21,GA,運動飲料,876,5,14,70,P,1
H1,05/23/2009,10,GA,運動飲料,876,5,14,70,P,1
H1,05/23/2009,12,GA,運動飲料,876,5,14,70,P,1
H1,05/23/2009,13,GA,運動飲料,876,5,14,70,P,1
H1,05/23/2009,15,GA,運動飲料,876,10,14,140,P,2
H1,05/23/2009,17,GA,運動飲料,876,5,14,70,P,1
H1,05/23/2009,18,GA,運動飲料,876,25,14,350,P,2
H1,05/23/2009,19,GA,運動飲料,876,5,14,70,P,1
H1,05/23/2009,21,GA,運動飲料,876,25,14,350,P,3
H1,05/24/2009,10,GA,運動飲料,876,5,14,70,P,1
H1,05/24/2009,19,GA,運動飲料,876,5,14,70,P,1
H1,05/24/2009,20,GA,運動飲料,876,5,14,70,P,1
H1,05/24/2009,21,GA,運動飲料,876,5,14,70,P,1
H1,05/25/2009,14,GA,運動飲料,876,5,14,70,P,1
H1,05/25/2009,16,GA,運動飲料,876,5,14,70,P,1
H1,05/26/2009,11,GA,運動飲料,876,5,14,70,P,1
H1,05/26/2009,14,GA,運動飲料,876,10,14,140,P,1
H1,05/27/2009,11,GA,運動飲料,876,5,14,70,P,1
H1,05/27/2009,17,GA,運動飲料,876,5,14,70,P,1
H1,05/27/2009,20,GA,運動飲料,876,5,14,70,P,1
H1,05/28/2009,11,GA,運動飲料,876,5,14,70,P,1
H1,05/28/2009,15,GA,運動飲料,876,5,14,70,P,1
H1,05/28/2009,16,GA,運動飲料,876,10,14,140,P,2
H1,05/28/2009,17,GA,運動飲料,876,10,14,140,P,2
H1,05/29/2009,11,GA,運動飲料,876,5,14,70,P,1
H1,05/29/2009,13,GA,運動飲料,876,10,14,140,P,2
H1,05/29/2009,15,GA,運動飲料,876,5,14,70,P,1
H1,05/29/2009,20,GA,運動飲料,876,10,14,140,P,2
H1,05/30/2009,14,GA,運動飲料,876,15,14,210,P,3
H1,05/30/2009,15,GA,運動飲料,876,5,14,70,P,1
H1,05/30/2009,20,GA,運動飲料,876,5,14,70,P,1
H1,05/30/2009,22,GA,運動飲料,876,10,14,140,P,2
H1,05/31/2009,11,GA,運動飲料,876,5,14,70,P,1
H1,05/31/2009,13,GA,運動飲料,876,5,14,70,P,1
H1,05/31/2009,16,GA,運動飲料,876,5,14,70,P,1
H1,05/31/2009,20,GA,運動飲料,876,25,14,350,P,2
H1,05/31/2009,21,GA,運動飲料,876,5,14,70,P,1
H1,05/31/2009,22,GA,運動飲料,876,5,14,70,P,1
H1,06/01/2009,09,GA,運動飲料,876,5,14,70,P,1
H1,06/01/2009,13,GA,運動飲料,876,5,14,70,P,1
H1,06/01/2009,15,GA,運動飲料,876,5,14,70,P,1
H1,06/01/2009,18,GA,運動飲料,876,5,14,70,P,1
H1,06/01/2009,21,GA,運動飲料,876,5,14,70,P,1
H1,06/02/2009,18,GA,運動飲料,876,5,14,70,P,1
H1,06/02/2009,19,GA,運動飲料,876,5,14,70,P,1
H1,06/02/2009,20,GA,運動飲料,876,5,14,70,P,1
H1,06/03/2009,10,GA,運動飲料,876,5,14,70,P,1
H1,06/03/2009,14,GA,運動飲料,876,5,14,70,P,1
H1,06/03/2009,20,GA,運動飲料,876,5,14,70,P,1
H1,06/03/2009,22,GA,運動飲料,876,10,14,140,P,1
H1,06/04/2009,11,GA,運動飲料,876,5,14,70,P,1
H1,06/04/2009,20,GA,運動飲料,876,10,14,140,P,2
H1,06/04/2009,22,GA,運動飲料,876,5,14,70,P,1
H1,06/05/2009,10,GA,運動飲料,876,45,14,630,P,1
H1,06/05/2009,17,GA,運動飲料,876,5,14,70,P,1
H1,06/05/2009,21,GA,運動飲料,876,15,14,210,P,2
H1,06/06/2009,14,GA,運動飲料,876,5,14,70,P,1
H1,06/06/2009,18,GA,運動飲料,876,5,14,70,P,1
H1,06/06/2009,19,GA,運動飲料,876,10,14,140,P,1
H1,06/06/2009,20,GA,運動飲料,876,15,14,210,P,3
H1,06/07/2009,09,GA,運動飲料,876,5,14,70,P,1
H1,06/07/2009,11,GA,運動飲料,876,15,14,210,P,2
H1,06/07/2009,12,GA,運動飲料,876,5,14,70,P,1
H1,06/07/2009,15,GA,運動飲料,876,5,14,70,P,1
H1,06/07/2009,16,GA,運動飲料,876,5,14,70,P,1
H1,06/07/2009,20,GA,運動飲料,876,5,14,70,P,1
H1,06/07/2009,21,GA,運動飲料,876,10,14,140,P,2
H1,06/08/2009,12,GA,運動飲料,876,5,14,70,P,1
H1,06/08/2009,17,GA,運動飲料,876,25,14,350,P,2
H1,06/08/2009,18,GA,運動飲料,876,10,14,140,P,2
H1,06/08/2009,22,GA,運動飲料,876,5,14,70,P,1
H1,06/09/2009,15,GA,運動飲料,876,10,14,140,P,1
H1,06/09/2009,16,GA,運動飲料,876,5,14,70,P,1
H1,06/09/2009,18,GA,運動飲料,876,5,14,70,P,1
H1,06/09/2009,22,GA,運動飲料,876,5,14,70,P,1
H1,06/10/2009,16,GA,運動飲料,876,5,14,70,P,1
H1,06/11/2009,13,GA,運動飲料,876,5,14,70,P,1
H1,06/11/2009,16,GA,運動飲料,876,5,14,70,P,1
H1,06/11/2009,19,GA,運動飲料,876,5,14,70,P,1
H1,06/11/2009,22,GA,運動飲料,876,5,14,70,P,1
H1,06/12/2009,15,GA,運動飲料,876,5,14,70,P,1
H1,06/12/2009,18,GA,運動飲料,876,10,14,140,P,1
H1,06/12/2009,19,GA,運動飲料,876,5,14,70,P,1
H1,06/13/2009,10,GA,運動飲料,876,5,13,65,N,1
H1,06/13/2009,12,GA,運動飲料,876,5,13,65,N,1
H1,06/13/2009,16,GA,運動飲料,876,5,13,65,N,1
H1,06/13/2009,17,GA,運動飲料,876,5,13,65,N,1
H1,06/13/2009,18,GA,運動飲料,876,10,13,130,N,1
H1,06/14/2009,10,GA,運動飲料,876,10,13,130,N,2
H1,06/14/2009,11,GA,運動飲料,876,5,13,65,N,1
H1,06/14/2009,13,GA,運動飲料,876,5,13,65,N,1
H1,06/14/2009,14,GA,運動飲料,876,10,13,130,N,2
H1,06/14/2009,15,GA,運動飲料,876,10,13,130,N,2
H1,06/14/2009,16,GA,運動飲料,876,15,13,195,N,1
H1,06/14/2009,17,GA,運動飲料,876,5,13,65,N,1
H1,06/14/2009,18,GA,運動飲料,876,10,13,130,N,1
H1,06/14/2009,19,GA,運動飲料,876,10,13,130,N,2
H1,06/14/2009,20,GA,運動飲料,876,5,13,65,N,1
H1,06/14/2009,21,GA,運動飲料,876,5,13,65,N,1
H1,06/15/2009,12,GA,運動飲料,876,5,13,65,N,1
H1,06/15/2009,17,GA,運動飲料,876,5,13,65,N,1
H1,06/15/2009,20,GA,運動飲料,876,10,13,130,N,2
H1,06/16/2009,13,GA,運動飲料,876,5,13,65,N,1
H1,06/16/2009,15,GA,運動飲料,876,5,13,65,N,1
H1,06/16/2009,20,GA,運動飲料,876,35,13,455,N,2
H1,06/16/2009,21,GA,運動飲料,876,30,13,390,N,2
H1,06/17/2009,15,GA,運動飲料,876,5,13,65,N,1
H1,06/17/2009,17,GA,運動飲料,876,30,13,390,N,1
H1,06/17/2009,18,GA,運動飲料,876,5,13,65,N,1
H1,06/18/2009,17,GA,運動飲料,876,10,13,130,N,2
H1,06/18/2009,19,GA,運動飲料,876,5,13,65,N,1
H1,06/19/2009,14,GA,運動飲料,876,30,13,390,N,3
H1,06/19/2009,20,GA,運動飲料,876,15,13,195,N,3
H1,06/20/2009,09,GA,運動飲料,876,5,13,65,N,1
H1,06/20/2009,13,GA,運動飲料,876,5,13,65,N,1
H1,06/20/2009,14,GA,運動飲料,876,10,13,130,N,2
H1,06/20/2009,15,GA,運動飲料,876,5,13,65,N,1
H1,06/20/2009,16,GA,運動飲料,876,10,13,130,N,2
H1,06/20/2009,20,GA,運動飲料,876,15,13,195,N,3
H1,06/20/2009,21,GA,運動飲料,876,5,13,65,N,1
H1,06/21/2009,10,GA,運動飲料,876,5,13,65,N,1
H1,06/21/2009,13,GA,運動飲料,876,5,13,65,N,1
H1,06/21/2009,15,GA,運動飲料,876,15,13,195,N,3
H1,06/21/2009,19,GA,運動飲料,876,5,13,65,N,1
H1,06/21/2009,20,GA,運動飲料,876,15,13,195,N,1
H1,06/21/2009,21,GA,運動飲料,876,10,13,130,N,2
H1,06/22/2009,12,GA,運動飲料,876,5,13,65,N,1
H1,06/22/2009,13,GA,運動飲料,876,5,13,65,N,1
H1,06/22/2009,17,GA,運動飲料,876,5,13,65,N,1
H1,06/22/2009,18,GA,運動飲料,876,5,13,65,N,1
H1,06/22/2009,20,GA,運動飲料,876,15,13,195,N,3
H1,06/22/2009,21,GA,運動飲料,876,5,13,65,N,1
H1,06/23/2009,14,GA,運動飲料,876,5,13,65,N,1
H1,06/23/2009,20,GA,運動飲料,876,15,13,195,N,2
H1,06/24/2009,14,GA,運動飲料,876,5,13,65,N,1
H1,06/24/2009,15,GA,運動飲料,876,5,13,65,N,1
H1,06/24/2009,20,GA,運動飲料,876,5,13,65,N,1
H1,06/24/2009,21,GA,運動飲料,876,5,13,65,N,1
H1,06/25/2009,10,GA,運動飲料,876,5,13,65,N,1
H1,06/25/2009,11,GA,運動飲料,876,5,13,65,N,1
H1,06/25/2009,19,GA,運動飲料,876,10,13,130,N,2
H1,06/25/2009,22,GA,運動飲料,876,5,13,65,N,1
H1,06/26/2009,09,GA,運動飲料,876,5,13,65,N,1
H1,06/26/2009,11,GA,運動飲料,876,10,13,130,N,2
H1,06/26/2009,14,GA,運動飲料,876,10,13,130,N,2
H1,06/27/2009,15,GA,運動飲料,876,15,13,195,N,1
H1,06/27/2009,16,GA,運動飲料,876,10,13,130,N,2
H1,06/27/2009,21,GA,運動飲料,876,20,13,260,N,4
H1,06/28/2009,11,GA,運動飲料,876,5,13,65,N,1
H1,06/28/2009,12,GA,運動飲料,876,40,13,520,N,2
H1,06/28/2009,13,GA,運動飲料,876,10,13,130,N,2
H1,06/28/2009,14,GA,運動飲料,876,5,13,65,N,1
H1,06/28/2009,17,GA,運動飲料,876,10,13,130,N,2
H1,06/29/2009,09,GA,運動飲料,876,5,13,65,N,1
H1,06/29/2009,11,GA,運動飲料,876,10,13,130,N,1
H1,06/29/2009,12,GA,運動飲料,876,5,13,65,N,1
H1,06/29/2009,14,GA,運動飲料,876,5,13,65,N,1
H1,06/29/2009,15,GA,運動飲料,876,5,13,65,N,1
H1,06/29/2009,19,GA,運動飲料,876,5,13,65,N,1
H1,06/29/2009,20,GA,運動飲料,876,10,13,130,N,1
H1,06/29/2009,21,GA,運動飲料,876,5,13,65,N,1
H1,06/30/2009,17,GA,運動飲料,876,5,13,65,N,1
H1,06/30/2009,20,GA,運動飲料,876,5,13,65,N,1
H1,06/30/2009,21,GA,運動飲料,876,5,13,65,N,1
H1,07/01/2009,14,GA,運動飲料,876,50,16,800,N,1
H1,07/01/2009,19,GA,運動飲料,876,5,16,80,N,1
H1,07/01/2009,20,GA,運動飲料,876,5,16,80,N,1
H1,07/01/2009,21,GA,運動飲料,876,5,16,80,N,1
H1,07/02/2009,22,GA,運動飲料,876,5,13,65,P,1
H1,07/03/2009,11,GA,運動飲料,876,5,13,65,P,1
H1,07/03/2009,15,GA,運動飲料,876,15,13,195,P,1
H1,07/03/2009,16,GA,運動飲料,876,15,13,195,P,3
H1,07/03/2009,19,GA,運動飲料,876,5,13,65,P,1
H1,07/03/2009,20,GA,運動飲料,876,5,13,65,P,1
H1,07/03/2009,21,GA,運動飲料,876,5,13,65,P,1
H1,07/03/2009,22,GA,運動飲料,876,15,13,195,P,3
H1,07/04/2009,09,GA,運動飲料,876,10,13,130,P,2
H1,07/04/2009,10,GA,運動飲料,876,30,13,390,P,5
H1,07/04/2009,11,GA,運動飲料,876,20,13,260,P,3
H1,07/04/2009,15,GA,運動飲料,876,10,13,130,P,2
H1,07/04/2009,17,GA,運動飲料,876,20,13,260,P,3
H1,07/04/2009,19,GA,運動飲料,876,10,13,130,P,2
H1,07/04/2009,20,GA,運動飲料,876,20,13,260,P,3
H1,07/04/2009,21,GA,運動飲料,876,60,13,780,P,7
H1,07/04/2009,22,GA,運動飲料,876,15,13,195,P,1
H1,07/05/2009,10,GA,運動飲料,876,5,13,65,P,1
H1,07/05/2009,11,GA,運動飲料,876,5,13,65,P,1
H1,07/05/2009,14,GA,運動飲料,876,10,13,130,P,2
H1,07/05/2009,15,GA,運動飲料,876,10,13,130,P,2
H1,07/05/2009,16,GA,運動飲料,876,5,13,65,P,1
H1,07/05/2009,17,GA,運動飲料,876,15,13,195,P,2
H1,07/05/2009,18,GA,運動飲料,876,5,13,65,P,1
H1,07/05/2009,19,GA,運動飲料,876,10,13,130,P,2
H1,07/05/2009,20,GA,運動飲料,876,5,13,65,P,1
H1,07/06/2009,09,GA,運動飲料,876,5,13,65,P,1
H1,07/06/2009,10,GA,運動飲料,876,5,13,65,P,1
H1,07/06/2009,11,GA,運動飲料,876,5,13,65,P,1
H1,07/06/2009,12,GA,運動飲料,876,5,13,65,P,1
H1,07/06/2009,13,GA,運動飲料,876,20,13,260,P,3
H1,07/06/2009,14,GA,運動飲料,876,10,13,130,P,2
H1,07/06/2009,15,GA,運動飲料,876,5,13,65,P,1
H1,07/06/2009,16,GA,運動飲料,876,10,13,130,P,1
H1,07/06/2009,17,GA,運動飲料,876,5,13,65,P,1
H1,07/06/2009,18,GA,運動飲料,876,15,13,195,P,1
H1,07/06/2009,20,GA,運動飲料,876,35,13,455,P,6
H1,07/06/2009,21,GA,運動飲料,876,15,13,195,P,3
H1,07/06/2009,22,GA,運動飲料,876,10,13,130,P,2
H1,07/07/2009,11,GA,運動飲料,876,5,13,65,P,1
H1,07/07/2009,12,GA,運動飲料,876,15,13,195,P,3
H1,07/07/2009,14,GA,運動飲料,876,10,13,130,P,2
H1,07/07/2009,15,GA,運動飲料,876,15,13,195,P,3
H1,07/07/2009,17,GA,運動飲料,876,10,13,130,P,2
H1,07/07/2009,19,GA,運動飲料,876,15,13,195,P,2
H1,07/07/2009,20,GA,運動飲料,876,30,13,390,P,6
H1,07/07/2009,21,GA,運動飲料,876,15,13,195,P,3
H1,07/07/2009,23,GA,運動飲料,876,5,13,65,P,1
H1,07/08/2009,09,GA,運動飲料,876,5,13,65,P,1
H1,07/08/2009,10,GA,運動飲料,876,20,13,260,P,1
H1,07/08/2009,12,GA,運動飲料,876,20,13,260,P,2
H1,07/08/2009,14,GA,運動飲料,876,5,13,65,P,1
H1,07/08/2009,16,GA,運動飲料,876,5,13,65,P,1
H1,07/08/2009,17,GA,運動飲料,876,15,13,195,P,3
H1,07/08/2009,18,GA,運動飲料,876,20,13,260,P,4
H1,07/08/2009,19,GA,運動飲料,876,15,13,195,P,3
H1,07/08/2009,20,GA,運動飲料,876,25,13,325,P,3
H1,07/08/2009,21,GA,運動飲料,876,30,13,390,P,6
H1,07/08/2009,22,GA,運動飲料,876,5,13,65,P,1
H1,07/09/2009,12,GA,運動飲料,876,10,13,130,P,2
H1,07/09/2009,13,GA,運動飲料,876,5,13,65,P,1
H1,07/09/2009,14,GA,運動飲料,876,5,13,65,P,1
H1,07/09/2009,15,GA,運動飲料,876,10,13,130,P,2
H1,07/09/2009,16,GA,運動飲料,876,5,13,65,P,1
H1,07/09/2009,17,GA,運動飲料,876,15,13,195,P,2
H1,07/09/2009,20,GA,運動飲料,876,10,13,130,P,2
H1,07/09/2009,22,GA,運動飲料,876,5,13,65,P,1
H1,07/10/2009,10,GA,運動飲料,876,5,13,65,P,1
H1,07/10/2009,12,GA,運動飲料,876,20,13,260,P,1
H1,07/10/2009,13,GA,運動飲料,876,15,13,195,P,2
H1,07/10/2009,14,GA,運動飲料,876,20,13,260,P,2
H1,07/10/2009,20,GA,運動飲料,876,10,13,130,P,2
H1,07/10/2009,21,GA,運動飲料,876,10,13,130,P,1
H1,07/11/2009,09,GA,運動飲料,876,10,13,130,P,2
H1,07/11/2009,11,GA,運動飲料,876,5,13,65,P,1
H1,07/11/2009,13,GA,運動飲料,876,10,13,130,P,2
H1,07/11/2009,17,GA,運動飲料,876,5,13,65,P,1
H1,07/11/2009,18,GA,運動飲料,876,5,13,65,P,1
H1,07/11/2009,19,GA,運動飲料,876,5,13,65,P,1
H1,07/11/2009,20,GA,運動飲料,876,10,13,130,P,2
H1,07/11/2009,21,GA,運動飲料,876,20,13,260,P,4
H1,07/11/2009,22,GA,運動飲料,876,10,13,130,P,2
H1,07/12/2009,10,GA,運動飲料,876,5,13,65,P,1
H1,07/12/2009,11,GA,運動飲料,876,5,13,65,P,1
H1,07/12/2009,12,GA,運動飲料,876,5,13,65,P,1
H1,07/12/2009,13,GA,運動飲料,876,25,13,325,P,3
H1,07/12/2009,15,GA,運動飲料,876,5,13,65,P,1
H1,07/12/2009,16,GA,運動飲料,876,10,13,130,P,2
H1,07/12/2009,17,GA,運動飲料,876,5,13,65,P,1
H1,07/12/2009,19,GA,運動飲料,876,10,13,130,P,2
H1,07/12/2009,20,GA,運動飲料,876,15,13,195,P,2
H1,07/12/2009,21,GA,運動飲料,876,11,14,154,P,2
H1,07/13/2009,10,GA,運動飲料,876,15,13,195,P,2
H1,07/13/2009,12,GA,運動飲料,876,5,13,65,P,1
H1,07/13/2009,13,GA,運動飲料,876,5,13,65,P,1
H1,07/13/2009,16,GA,運動飲料,876,5,13,65,P,1
H1,07/13/2009,18,GA,運動飲料,876,15,13,195,P,1
H1,07/13/2009,19,GA,運動飲料,876,5,13,65,P,1
H1,07/13/2009,21,GA,運動飲料,876,10,13,130,P,1
H1,07/13/2009,22,GA,運動飲料,876,15,13,195,P,2
H1,07/14/2009,13,GA,運動飲料,876,5,13,65,P,1
H1,07/14/2009,14,GA,運動飲料,876,5,13,65,P,1
H1,07/14/2009,18,GA,運動飲料,876,5,13,65,P,1
H1,07/14/2009,19,GA,運動飲料,876,10,13,130,P,1
H1,07/14/2009,20,GA,運動飲料,876,5,13,65,P,1
H1,07/14/2009,21,GA,運動飲料,876,5,13,65,P,1
H1,07/15/2009,09,GA,運動飲料,876,5,16,80,N,1
H1,07/15/2009,19,GA,運動飲料,876,5,16,80,N,1
H1,07/15/2009,20,GA,運動飲料,876,5,16,80,N,1
H1,07/16/2009,09,GA,運動飲料,876,5,16,80,N,1
H1,07/16/2009,12,GA,運動飲料,876,5,16,80,N,1
H1,07/17/2009,13,GA,運動飲料,876,5,16,80,N,1
H1,07/17/2009,17,GA,運動飲料,876,5,16,80,N,1
H1,07/18/2009,10,GA,運動飲料,876,5,16,80,N,1
H1,07/18/2009,11,GA,運動飲料,876,5,16,80,N,1
H1,07/18/2009,17,GA,運動飲料,876,5,16,80,N,1
H1,07/18/2009,18,GA,運動飲料,876,5,16,80,N,1
H1,07/18/2009,22,GA,運動飲料,876,20,16,320,N,1
H1,07/19/2009,10,GA,運動飲料,876,5,16,80,N,1
H1,07/19/2009,14,GA,運動飲料,876,6,17,102,N,2
H1,07/19/2009,19,GA,運動飲料,876,5,16,80,N,1
H1,07/19/2009,20,GA,運動飲料,876,20,16,320,N,1
H1,07/20/2009,13,GA,運動飲料,876,60,16,960,N,2
H1,07/20/2009,14,GA,運動飲料,876,5,16,80,N,1
H1,07/20/2009,15,GA,運動飲料,876,5,16,80,N,1
H1,07/20/2009,17,GA,運動飲料,876,5,16,80,N,1
H1,07/20/2009,18,GA,運動飲料,876,23,15,345,N,3
H1,07/20/2009,20,GA,運動飲料,876,5,16,80,N,1
H1,07/20/2009,21,GA,運動飲料,876,5,16,80,N,1
H1,07/21/2009,13,GA,運動飲料,876,5,15,75,P,1
H1,07/21/2009,14,GA,運動飲料,876,5,15,75,P,1
H1,07/21/2009,15,GA,運動飲料,876,5,15,75,P,1
H1,07/21/2009,19,GA,運動飲料,876,10,15,150,P,2
H1,07/21/2009,20,GA,運動飲料,876,10,15,150,P,2
H1,07/21/2009,21,GA,運動飲料,876,5,15,75,P,1
H1,07/22/2009,10,GA,運動飲料,876,5,15,75,N,1
H1,07/22/2009,11,GA,運動飲料,876,5,15,75,N,1
H1,07/22/2009,18,GA,運動飲料,876,5,15,75,N,1
H1,07/22/2009,21,GA,運動飲料,876,10,15,150,N,2
H1,07/23/2009,10,GA,運動飲料,876,10,15,150,N,1
H1,07/23/2009,17,GA,運動飲料,876,5,15,75,N,1
H1,07/23/2009,21,GA,運動飲料,876,5,15,75,N,1
H1,07/24/2009,09,GA,運動飲料,876,5,15,75,N,1
H1,07/24/2009,18,GA,運動飲料,876,10,15,150,N,2
H1,07/24/2009,21,GA,運動飲料,876,10,15,150,N,1
H1,07/24/2009,22,GA,運動飲料,876,5,15,75,N,1
H1,07/25/2009,10,GA,運動飲料,876,5,15,75,N,1
H1,07/25/2009,12,GA,運動飲料,876,10,15,150,N,1
H1,07/25/2009,19,GA,運動飲料,876,5,15,75,N,1
H1,07/26/2009,11,GA,運動飲料,876,15,15,225,N,1
H1,07/26/2009,14,GA,運動飲料,876,15,15,225,N,2
H1,07/26/2009,15,GA,運動飲料,876,5,15,75,N,1
H1,07/26/2009,21,GA,運動飲料,876,10,15,150,N,2
H1,07/27/2009,12,GA,運動飲料,876,15,15,225,N,3
H1,07/27/2009,14,GA,運動飲料,876,30,15,450,N,1
H1,07/27/2009,18,GA,運動飲料,876,5,15,75,N,1
H1,07/28/2009,17,GA,運動飲料,876,5,15,75,N,1
H1,07/28/2009,18,GA,運動飲料,876,5,15,75,N,1
