demo_data_utf8.csv
Store,Date,Time,Dept,Family,Item_No,SalesQty,Price,SalesValue,Sales_Status,Sales_number
H1,04/12/2009,14,GA,運動飲料,186,30,5,150,P,1
H1,04/12/2009,15,GA,運動飲料,186,30,5,150,P,1
H1,04/12/2009,17,GA,運動飲料,186,30,5,150,P,1
H1,04/12/2009,18,GA,運動飲料,186,30,5,150,P,1
H1,04/12/2009,19,GA,運動飲料,186,30,5,150,P,1
H1,04/12/2009,19,GA,運動飲料,186,5,9,45,P,1
H1,04/12/2009,20,GA,運動飲料,186,5,9,45,P,1
H1,04/12/2009,21,GA,運動飲料,186,30,5,150,P,1
H1,04/12/2009,22,GA,運動飲料,186,5,9,45,P,1
H1,04/13/2009,15,GA,運動飲料,186,30,5,150,P,1
H1,04/13/2009,20,GA,運動飲料,186,5,9,45,P,1
H1,04/13/2009,21,GA,運動飲料,186,5,9,45,P,1
H1,04/14/2009,20,GA,運動飲料,186,60,5,300,P,1
H1,04/15/2009,13,GA,運動飲料,186,30,5,150,P,1
H1,04/15/2009,18,GA,運動飲料,186,30,5,150,P,1
H1,04/15/2009,19,GA,運動飲料,186,30,5,150,P,1
H1,04/15/2009,20,GA,運動飲料,186,30,5,150,P,1
H1,04/16/2009,14,GA,運動飲料,186,30,5,150,P,1
H1,04/16/2009,15,GA,運動飲料,186,5,9,45,P,1
H1,04/16/2009,17,GA,運動飲料,186,30,5,150,P,1
H1,04/16/2009,21,GA,運動飲料,186,30,5,150,P,1
H1,04/17/2009,10,GA,運動飲料,186,30,5,150,P,1
H1,04/17/2009,15,GA,運動飲料,186,60,5,300,P,2
H1,04/17/2009,19,GA,運動飲料,186,30,5,150,P,1
H1,04/18/2009,12,GA,運動飲料,186,30,5,150,P,1
H1,04/18/2009,15,GA,運動飲料,186,30,5,150,P,1
H1,04/18/2009,16,GA,運動飲料,186,30,5,150,P,1
H1,04/18/2009,19,GA,運動飲料,186,30,5,150,P,1
H1,04/18/2009,20,GA,運動飲料,186,60,5,300,P,2
H1,04/18/2009,22,GA,運動飲料,186,90,5,450,P,2
H1,04/19/2009,15,GA,運動飲料,186,60,5,300,P,2
H1,04/19/2009,17,GA,運動飲料,186,5,9,45,P,1
H1,04/20/2009,14,GA,運動飲料,186,30,5,150,P,1
H1,04/20/2009,15,GA,運動飲料,186,30,5,150,P,1
H1,04/20/2009,16,GA,運動飲料,186,10,9,90,P,2
H1,04/20/2009,18,GA,運動飲料,186,30,5,150,P,1
H1,04/21/2009,15,GA,運動飲料,186,60,5,300,P,2
H1,04/21/2009,17,GA,運動飲料,186,5,9,45,P,1
H1,04/21/2009,18,GA,運動飲料,186,5,9,45,P,1
H1,04/22/2009,16,GA,運動飲料,186,60,5,300,P,2
H1,04/23/2009,20,GA,運動飲料,186,30,5,150,P,1
H1,04/24/2009,13,GA,運動飲料,186,60,6,360,N,1
H1,04/24/2009,14,GA,運動飲料,186,60,6,360,N,1
H1,04/25/2009,16,GA,運動飲料,186,5,9,45,P,1
H1,04/25/2009,17,GA,運動飲料,186,5,9,45,P,1
H1,04/26/2009,12,GA,運動飲料,186,5,9,45,P,1
H1,04/26/2009,18,GA,運動飲料,186,5,9,45,P,1
H1,04/29/2009,14,GA,運動飲料,186,30,6,180,N,1
H1,04/29/2009,20,GA,運動飲料,186,5,9,45,P,1
H1,04/30/2009,19,GA,運動飲料,186,60,6,360,N,1
H1,04/30/2009,21,GA,運動飲料,186,5,9,45,P,1
H1,05/01/2009,09,GA,運動飲料,186,30,6,180,N,1
H1,05/01/2009,11,GA,運動飲料,186,5,10,50,N,1
H1,05/01/2009,13,GA,運動飲料,186,60,6,360,N,2
H1,05/01/2009,21,GA,運動飲料,186,5,10,50,N,1
H1,05/02/2009,12,GA,運動飲料,186,30,6,180,N,1
H1,05/02/2009,16,GA,運動飲料,186,5,9,45,P,1
H1,05/02/2009,17,GA,運動飲料,186,5,9,45,P,1
H1,05/03/2009,13,GA,運動飲料,186,30,6,180,N,1
H1,05/03/2009,14,GA,運動飲料,186,5,9,45,P,1
H1,05/03/2009,16,GA,運動飲料,186,30,6,180,N,1
H1,05/03/2009,18,GA,運動飲料,186,30,6,180,N,1
H1,05/03/2009,22,GA,運動飲料,186,10,9,90,P,1
H1,05/04/2009,12,GA,運動飲料,186,5,9,45,P,1
H1,05/04/2009,16,GA,運動飲料,186,30,6,180,N,1
H1,05/05/2009,10,GA,運動飲料,186,5,9,45,P,1
H1,05/05/2009,15,GA,運動飲料,186,5,9,45,P,1
H1,05/05/2009,21,GA,運動飲料,186,15,9,135,P,1
H1,05/06/2009,22,GA,運動飲料,186,30,5,150,P,1
H1,05/06/2009,22,GA,運動飲料,186,5,9,45,P,1
H1,05/07/2009,14,GA,運動飲料,186,30,5,150,P,1
H1,05/07/2009,15,GA,運動飲料,186,30,5,150,P,1
H1,05/07/2009,17,GA,運動飲料,186,30,5,150,P,1
H1,05/07/2009,19,GA,運動飲料,186,30,5,150,P,1
H1,05/08/2009,11,GA,運動飲料,186,60,5,300,P,2
H1,05/08/2009,13,GA,運動飲料,186,30,5,150,P,1
H1,05/08/2009,15,GA,運動飲料,186,5,9,45,P,1
H1,05/08/2009,16,GA,運動飲料,186,120,5,600,P,2
H1,05/08/2009,19,GA,運動飲料,186,5,9,45,P,1
H1,05/08/2009,20,GA,運動飲料,186,5,9,45,P,1
H1,05/09/2009,12,GA,運動飲料,186,30,5,150,P,1
H1,05/09/2009,12,GA,運動飲料,186,5,9,45,P,1
H1,05/09/2009,14,GA,運動飲料,186,60,5,300,P,2
H1,05/09/2009,15,GA,運動飲料,186,30,5,150,P,1
H1,05/09/2009,16,GA,運動飲料,186,30,5,150,P,1
H1,05/09/2009,17,GA,運動飲料,186,5,9,45,P,1
H1,05/09/2009,20,GA,運動飲料,186,60,5,300,P,1
H1,05/09/2009,20,GA,運動飲料,186,5,9,45,P,1
H1,05/09/2009,22,GA,運動飲料,186,30,5,150,P,1
H1,05/10/2009,10,GA,運動飲料,186,30,5,150,P,1
H1,05/10/2009,15,GA,運動飲料,186,5,9,45,P,1
H1,05/10/2009,16,GA,運動飲料,186,30,5,150,P,1
H1,05/10/2009,18,GA,運動飲料,186,30,5,150,P,1
H1,05/11/2009,09,GA,運動飲料,186,5,9,45,P,1
H1,05/11/2009,15,GA,運動飲料,186,30,5,150,P,1
H1,05/12/2009,11,GA,運動飲料,186,30,5,150,P,1
H1,05/12/2009,17,GA,運動飲料,186,30,5,150,P,1
H1,05/12/2009,19,GA,運動飲料,186,60,5,300,P,1
H1,05/13/2009,20,GA,運動飲料,186,5,9,45,P,1
H1,05/14/2009,11,GA,運動飲料,186,30,5,150,P,1
H1,05/14/2009,16,GA,運動飲料,186,30,5,150,P,1
H1,05/14/2009,20,GA,運動飲料,186,5,9,45,P,1
H1,05/15/2009,09,GA,運動飲料,186,5,9,45,P,1
H1,05/15/2009,14,GA,運動飲料,186,10,9,90,P,1
H1,05/15/2009,15,GA,運動飲料,186,60,5,300,P,1
H1,05/15/2009,21,GA,運動飲料,186,60,5,300,P,2
H1,05/16/2009,10,GA,運動飲料,186,30,5,150,P,1
H1,05/16/2009,16,GA,運動飲料,186,30,5,150,P,1
H1,05/16/2009,16,GA,運動飲料,186,10,10,100,N,1
H1,05/16/2009,20,GA,運動飲料,186,5,10,50,N,1
H1,05/17/2009,11,GA,運動飲料,186,30,5,150,P,1
H1,05/17/2009,14,GA,運動飲料,186,30,5,150,P,1
H1,05/17/2009,15,GA,運動飲料,186,30,5,150,P,1
H1,05/17/2009,16,GA,運動飲料,186,60,5,300,P,2
H1,05/17/2009,16,GA,運動飲料,186,5,10,50,N,1
H1,05/17/2009,17,GA,運動飲料,186,90,5,450,P,3
H1,05/17/2009,18,GA,運動飲料,186,30,5,150,P,1
H1,05/17/2009,20,GA,運動飲料,186,30,5,150,P,1
H1,05/18/2009,09,GA,運動飲料,186,5,10,50,N,1
H1,05/18/2009,15,GA,運動飲料,186,30,5,150,P,1
H1,05/18/2009,18,GA,運動飲料,186,30,5,150,P,1
H1,05/18/2009,20,GA,運動飲料,186,30,5,150,P,1
H1,05/19/2009,11,GA,運動飲料,186,30,5,150,P,1
H1,05/19/2009,12,GA,運動飲料,186,30,5,150,P,1
H1,05/19/2009,13,GA,運動飲料,186,30,5,150,P,1
H1,05/20/2009,15,GA,運動飲料,186,60,5,300,P,1
H1,05/20/2009,16,GA,運動飲料,186,30,5,150,P,1
H1,05/20/2009,22,GA,運動飲料,186,60,5,300,P,2
H1,05/21/2009,09,GA,運動飲料,186,30,5,150,P,1
H1,05/21/2009,16,GA,運動飲料,186,60,5,300,P,2
H1,05/21/2009,18,GA,運動飲料,186,30,5,150,P,1
H1,05/21/2009,19,GA,運動飲料,186,30,5,150,P,1
H1,05/21/2009,20,GA,運動飲料,186,30,5,150,P,1
H1,05/22/2009,10,GA,運動飲料,186,60,5,300,P,2
H1,05/22/2009,14,GA,運動飲料,186,30,5,150,P,1
H1,05/22/2009,15,GA,運動飲料,186,30,5,150,P,1
H1,05/23/2009,09,GA,運動飲料,186,5,10,50,P,1
H1,05/23/2009,10,GA,運動飲料,186,30,5,150,P,1
H1,05/23/2009,11,GA,運動飲料,186,30,5,150,P,1
H1,05/23/2009,12,GA,運動飲料,186,60,5,300,P,2
H1,05/23/2009,15,GA,運動飲料,186,30,5,150,P,1
H1,05/23/2009,16,GA,運動飲料,186,60,5,300,P,2
H1,05/23/2009,18,GA,運動飲料,186,30,5,150,P,1
H1,05/23/2009,21,GA,運動飲料,186,30,5,150,P,1
H1,05/23/2009,22,GA,運動飲料,186,30,5,150,P,1
H1,05/24/2009,11,GA,運動飲料,186,60,5,300,P,2
H1,05/24/2009,15,GA,運動飲料,186,30,5,150,P,1
H1,05/24/2009,17,GA,運動飲料,186,30,5,150,P,1
H1,05/24/2009,18,GA,運動飲料,186,30,5,150,P,1
H1,05/24/2009,18,GA,運動飲料,186,5,10,50,P,1
H1,05/24/2009,19,GA,運動飲料,186,30,5,150,P,1
H1,05/25/2009,11,GA,運動飲料,186,60,5,300,P,2
H1,05/25/2009,15,GA,運動飲料,186,5,10,50,P,1
H1,05/26/2009,11,GA,運動飲料,186,10,10,100,P,1
H1,05/26/2009,12,GA,運動飲料,186,38,5,190,P,2
H1,05/26/2009,15,GA,運動飲料,186,30,5,150,P,1
H1,05/26/2009,19,GA,運動飲料,186,30,5,150,P,1
H1,05/26/2009,19,GA,運動飲料,186,10,10,100,P,1
H1,05/27/2009,13,GA,運動飲料,186,50,10,500,P,1
H1,05/27/2009,18,GA,運動飲料,186,30,5,150,P,1
H1,05/27/2009,21,GA,運動飲料,186,60,5,300,P,2
H1,05/27/2009,22,GA,運動飲料,186,30,5,150,P,1
H1,05/28/2009,13,GA,運動飲料,186,30,5,150,P,1
H1,05/28/2009,20,GA,運動飲料,186,5,10,50,P,1
H1,05/28/2009,21,GA,運動飲料,186,60,5,300,P,2
H1,05/29/2009,09,GA,運動飲料,186,5,10,50,P,1
H1,05/29/2009,10,GA,運動飲料,186,30,5,150,P,1
H1,05/29/2009,15,GA,運動飲料,186,30,5,150,P,1
H1,05/29/2009,17,GA,運動飲料,186,60,5,300,P,2
H1,05/29/2009,20,GA,運動飲料,186,30,5,150,P,1
H1,05/29/2009,22,GA,運動飲料,186,30,5,150,P,1
H1,05/30/2009,12,GA,運動飲料,186,30,5,150,P,1
H1,05/30/2009,16,GA,運動飲料,186,30,5,150,P,1
H1,05/31/2009,10,GA,運動飲料,186,30,5,150,P,1
H1,05/31/2009,11,GA,運動飲料,186,90,5,450,P,1
H1,05/31/2009,13,GA,運動飲料,186,30,5,150,P,1
H1,05/31/2009,14,GA,運動飲料,186,60,5,300,P,1
H1,05/31/2009,15,GA,運動飲料,186,60,5,300,P,1
H1,05/31/2009,16,GA,運動飲料,186,30,5,150,P,1
H1,05/31/2009,17,GA,運動飲料,186,30,5,150,P,1
H1,05/31/2009,19,GA,運動飲料,186,10,10,100,P,2
H1,05/31/2009,21,GA,運動飲料,186,30,5,150,P,1
H1,06/01/2009,17,GA,運動飲料,186,30,5,150,P,1
H1,06/01/2009,19,GA,運動飲料,186,60,5,300,P,1
H1,06/01/2009,20,GA,運動飲料,186,30,5,150,P,1
H1,06/02/2009,20,GA,運動飲料,186,5,10,50,P,1
H1,06/04/2009,13,GA,運動飲料,186,30,6,180,N,1
H1,06/05/2009,18,GA,運動飲料,186,60,6,360,N,1
H1,06/06/2009,11,GA,運動飲料,186,30,6,180,N,2
H1,06/06/2009,13,GA,運動飲料,186,30,6,180,N,1
H1,06/06/2009,13,GA,運動飲料,186,5,10,50,P,1
H1,06/06/2009,14,GA,運動飲料,186,5,10,50,P,1
H1,06/06/2009,15,GA,運動飲料,186,60,6,360,N,1
H1,06/06/2009,20,GA,運動飲料,186,30,6,180,N,1
H1,06/06/2009,21,GA,運動飲料,186,30,6,180,N,1
H1,06/06/2009,22,GA,運動飲料,186,60,6,360,N,1
H1,06/07/2009,09,GA,運動飲料,186,30,6,180,N,1
H1,06/07/2009,10,GA,運動飲料,186,30,6,180,N,1
H1,06/07/2009,10,GA,運動飲料,186,5,10,50,P,1
H1,06/07/2009,11,GA,運動飲料,186,5,10,50,P,1
H1,06/07/2009,12,GA,運動飲料,186,30,6,180,N,1
H1,06/07/2009,13,GA,運動飲料,186,30,6,180,N,1
H1,06/07/2009,15,GA,運動飲料,186,30,6,180,N,1
H1,06/07/2009,18,GA,運動飲料,186,30,6,180,N,1
H1,06/08/2009,10,GA,運動飲料,186,30,6,180,N,1
H1,06/09/2009,11,GA,運動飲料,186,30,6,180,N,1
H1,06/09/2009,19,GA,運動飲料,186,30,6,180,N,1
H1,06/09/2009,22,GA,運動飲料,186,30,6,180,N,1
H1,06/10/2009,11,GA,運動飲料,186,30,6,180,N,1
H1,06/10/2009,14,GA,運動飲料,186,30,6,180,N,1
H1,06/11/2009,11,GA,運動飲料,186,10,10,100,P,2
H1,06/11/2009,15,GA,運動飲料,186,30,6,180,N,1
H1,06/12/2009,12,GA,運動飲料,186,30,6,180,N,1
H1,06/12/2009,18,GA,運動飲料,186,30,6,180,N,1
H1,06/12/2009,19,GA,運動飲料,186,60,6,360,N,2
H1,06/13/2009,10,GA,運動飲料,186,60,6,360,N,1
H1,06/13/2009,14,GA,運動飲料,186,30,6,180,N,1
H1,06/13/2009,18,GA,運動飲料,186,30,6,180,N,1
H1,06/13/2009,19,GA,運動飲料,186,60,6,360,N,2
H1,06/14/2009,10,GA,運動飲料,186,30,6,180,N,1
H1,06/14/2009,13,GA,運動飲料,186,5,10,50,N,1
H1,06/14/2009,14,GA,運動飲料,186,30,6,180,N,1
H1,06/14/2009,14,GA,運動飲料,186,5,10,50,N,1
H1,06/14/2009,16,GA,運動飲料,186,30,6,180,N,1
H1,06/14/2009,18,GA,運動飲料,186,30,6,180,N,1
H1,06/14/2009,20,GA,運動飲料,186,30,6,180,N,1
H1,06/15/2009,11,GA,運動飲料,186,60,6,360,N,1
H1,06/15/2009,16,GA,運動飲料,186,60,6,360,N,2
H1,06/16/2009,10,GA,運動飲料,186,30,6,180,N,1
H1,06/16/2009,14,GA,運動飲料,186,5,10,50,N,1
H1,06/16/2009,22,GA,運動飲料,186,5,10,50,N,1
H1,06/17/2009,12,GA,運動飲料,186,30,6,180,N,1
H1,06/17/2009,14,GA,運動飲料,186,30,6,180,N,1
H1,06/17/2009,20,GA,運動飲料,186,30,6,180,N,1
H1,06/17/2009,20,GA,運動飲料,186,5,10,50,N,1
H1,06/17/2009,21,GA,運動飲料,186,5,10,50,N,1
H1,06/18/2009,19,GA,運動飲料,186,30,6,180,N,1
H1,06/18/2009,21,GA,運動飲料,186,30,6,180,N,1
H1,06/19/2009,09,GA,運動飲料,186,30,6,180,N,1
H1,06/19/2009,11,GA,運動飲料,186,30,6,180,N,1
H1,06/19/2009,13,GA,運動飲料,186,30,6,180,N,1
H1,06/19/2009,19,GA,運動飲料,186,5,10,50,N,1
H1,06/19/2009,21,GA,運動飲料,186,30,6,180,N,1
H1,06/19/2009,22,GA,運動飲料,186,60,6,360,N,1
H1,06/20/2009,13,GA,運動飲料,186,30,6,180,N,1
H1,06/20/2009,14,GA,運動飲料,186,90,6,540,N,2
H1,06/20/2009,15,GA,運動飲料,186,30,6,180,N,1
H1,06/20/2009,15,GA,運動飲料,186,5,10,50,N,1
H1,06/20/2009,21,GA,運動飲料,186,60,6,360,N,2
H1,06/21/2009,10,GA,運動飲料,186,90,6,540,N,3
H1,06/21/2009,10,GA,運動飲料,186,5,10,50,N,1
H1,06/21/2009,11,GA,運動飲料,186,5,10,50,N,1
H1,06/21/2009,13,GA,運動飲料,186,30,6,180,N,1
H1,06/21/2009,14,GA,運動飲料,186,5,10,50,N,1
H1,06/21/2009,16,GA,運動飲料,186,5,10,50,N,1
H1,06/21/2009,18,GA,運動飲料,186,90,6,540,N,2
H1,06/21/2009,18,GA,運動飲料,186,5,10,50,N,1
H1,06/21/2009,19,GA,運動飲料,186,5,10,50,N,1
H1,06/22/2009,11,GA,運動飲料,186,58,6,348,N,2
H1,06/22/2009,11,GA,運動飲料,186,5,10,50,N,1
H1,06/22/2009,17,GA,運動飲料,186,45,10,450,N,1
H1,06/22/2009,20,GA,運動飲料,186,60,6,360,N,2
H1,06/23/2009,13,GA,運動飲料,186,30,6,180,N,1
H1,06/23/2009,15,GA,運動飲料,186,30,6,180,N,1
H1,06/23/2009,15,GA,運動飲料,186,5,10,50,N,1
H1,06/23/2009,16,GA,運動飲料,186,10,10,100,N,1
H1,06/23/2009,19,GA,運動飲料,186,60,6,360,N,2
H1,06/23/2009,20,GA,運動飲料,186,10,10,100,N,2
H1,06/24/2009,10,GA,運動飲料,186,30,6,180,N,1
H1,06/24/2009,12,GA,運動飲料,186,5,10,50,N,1
H1,06/24/2009,13,GA,運動飲料,186,60,6,360,N,2
H1,06/24/2009,15,GA,運動飲料,186,5,10,50,N,1
H1,06/24/2009,20,GA,運動飲料,186,30,6,180,N,1
H1,06/24/2009,21,GA,運動飲料,186,30,6,180,N,1
H1,06/25/2009,11,GA,運動飲料,186,30,6,180,N,1
H1,06/25/2009,12,GA,運動飲料,186,5,10,50,N,1
H1,06/25/2009,13,GA,運動飲料,186,60,6,360,N,1
H1,06/25/2009,13,GA,運動飲料,186,5,10,50,N,1
H1,06/25/2009,21,GA,運動飲料,186,30,6,180,N,1
H1,06/26/2009,12,GA,運動飲料,186,33,5,165,P,2
H1,06/26/2009,12,GA,運動飲料,186,5,10,50,N,1
H1,06/26/2009,13,GA,運動飲料,186,5,10,50,N,1
H1,06/26/2009,14,GA,運動飲料,186,30,5,150,P,1
H1,06/26/2009,16,GA,運動飲料,186,5,10,50,N,1
H1,06/26/2009,17,GA,運動飲料,186,5,10,50,N,1
H1,06/26/2009,18,GA,運動飲料,186,60,5,300,P,1
H1,06/26/2009,21,GA,運動飲料,186,5,10,50,N,1
H1,06/27/2009,10,GA,運動飲料,186,5,10,50,N,1
H1,06/27/2009,11,GA,運動飲料,186,30,5,150,P,1
H1,06/27/2009,13,GA,運動飲料,186,60,5,300,P,2
H1,06/27/2009,14,GA,運動飲料,186,30,5,150,P,1
H1,06/27/2009,15,GA,運動飲料,186,30,5,150,P,1
H1,06/27/2009,15,GA,運動飲料,186,5,10,50,N,1
H1,06/27/2009,16,GA,運動飲料,186,30,5,150,P,1
H1,06/27/2009,16,GA,運動飲料,186,5,10,50,N,1
H1,06/27/2009,17,GA,運動飲料,186,30,5,150,P,1
H1,06/27/2009,18,GA,運動飲料,186,30,5,150,P,1
H1,06/27/2009,19,GA,運動飲料,186,30,5,150,P,1
H1,06/27/2009,19,GA,運動飲料,186,5,10,50,N,1
H1,06/27/2009,20,GA,運動飲料,186,30,5,150,P,1
H1,06/27/2009,22,GA,運動飲料,186,60,5,300,P,2
H1,06/28/2009,11,GA,運動飲料,186,120,5,600,P,3
H1,06/28/2009,12,GA,運動飲料,186,30,5,150,P,1
H1,06/28/2009,12,GA,運動飲料,186,5,9,45,P,1
H1,06/28/2009,14,GA,運動飲料,186,150,5,750,P,4
H1,06/28/2009,15,GA,運動飲料,186,150,5,750,P,4
H1,06/28/2009,16,GA,運動飲料,186,5,9,45,P,1
H1,06/28/2009,17,GA,運動飲料,186,30,5,150,P,1
H1,06/28/2009,19,GA,運動飲料,186,5,9,45,P,1
H1,06/28/2009,20,GA,運動飲料,186,30,5,150,P,1
H1,06/28/2009,20,GA,運動飲料,186,5,9,45,P,1
H1,06/28/2009,21,GA,運動飲料,186,30,5,150,P,1
H1,06/29/2009,10,GA,運動飲料,186,30,5,150,P,1
H1,06/29/2009,12,GA,運動飲料,186,90,5,450,P,2
H1,06/29/2009,13,GA,運動飲料,186,5,9,45,P,1
H1,06/29/2009,15,GA,運動飲料,186,30,5,150,P,1
H1,06/29/2009,15,GA,運動飲料,186,5,9,45,P,1
H1,06/29/2009,17,GA,運動飲料,186,10,9,90,P,2
H1,06/29/2009,18,GA,運動飲料,186,20,9,180,P,2
H1,06/29/2009,20,GA,運動飲料,186,10,9,90,P,2
H1,06/30/2009,15,GA,運動飲料,186,90,5,450,P,1
H1,06/30/2009,17,GA,運動飲料,186,5,9,45,P,1
H1,06/30/2009,20,GA,運動飲料,186,5,9,45,P,1
H1,06/30/2009,22,GA,運動飲料,186,5,9,45,P,1
H1,07/01/2009,12,GA,運動飲料,186,60,5,300,P,2
H1,07/01/2009,15,GA,運動飲料,186,90,5,450,P,2
H1,07/01/2009,16,GA,運動飲料,186,10,9,90,P,1
H1,07/01/2009,17,GA,運動飲料,186,30,5,150,P,1
H1,07/01/2009,20,GA,運動飲料,186,5,9,45,P,1
H1,07/01/2009,21,GA,運動飲料,186,30,5,150,P,1
H1,07/01/2009,22,GA,運動飲料,186,60,5,300,P,2
H1,07/02/2009,09,GA,運動飲料,186,60,5,300,P,2
H1,07/02/2009,10,GA,運動飲料,186,120,5,600,P,2
H1,07/02/2009,12,GA,運動飲料,186,90,5,450,P,2
H1,07/02/2009,13,GA,運動飲料,186,30,5,150,P,1
H1,07/02/2009,16,GA,運動飲料,186,31,5,155,P,2
H1,07/02/2009,20,GA,運動飲料,186,60,5,300,P,1
H1,07/03/2009,11,GA,運動飲料,186,30,5,150,P,1
H1,07/03/2009,12,GA,運動飲料,186,30,5,150,P,1
H1,07/03/2009,14,GA,運動飲料,186,5,9,45,P,1
H1,07/03/2009,17,GA,運動飲料,186,90,5,450,P,2
H1,07/03/2009,18,GA,運動飲料,186,30,5,150,P,1
H1,07/03/2009,19,GA,運動飲料,186,90,5,450,P,2
H1,07/03/2009,20,GA,運動飲料,186,60,5,300,P,2
H1,07/04/2009,10,GA,運動飲料,186,5,9,45,P,1
H1,07/04/2009,11,GA,運動飲料,186,420,5,2100,P,3
H1,07/04/2009,12,GA,運動飲料,186,30,5,150,P,1
H1,07/04/2009,12,GA,運動飲料,186,5,9,45,P,1
H1,07/04/2009,14,GA,運動飲料,186,90,5,450,P,2
H1,07/04/2009,15,GA,運動飲料,186,5,9,45,P,1
H1,07/04/2009,20,GA,運動飲料,186,5,9,45,P,1
H1,07/05/2009,09,GA,運動飲料,186,30,5,150,P,1
H1,07/05/2009,10,GA,運動飲料,186,60,5,300,P,2
H1,07/05/2009,10,GA,運動飲料,186,10,9,90,P,1
H1,07/05/2009,12,GA,運動飲料,186,30,5,150,P,1
H1,07/05/2009,13,GA,運動飲料,186,60,5,300,P,1
H1,07/05/2009,14,GA,運動飲料,186,30,5,150,P,1
H1,07/05/2009,15,GA,運動飲料,186,60,5,300,P,2
H1,07/05/2009,15,GA,運動飲料,186,10,9,90,P,1
H1,07/05/2009,16,GA,運動飲料,186,30,5,150,P,1
H1,07/05/2009,18,GA,運動飲料,186,30,5,150,P,1
H1,07/05/2009,19,GA,運動飲料,186,30,5,150,P,1
H1,07/05/2009,20,GA,運動飲料,186,90,5,450,P,3
H1,07/05/2009,21,GA,運動飲料,186,30,5,150,P,1
H1,07/06/2009,09,GA,運動飲料,186,180,5,900,P,2
H1,07/06/2009,12,GA,運動飲料,186,30,5,150,P,1
H1,07/06/2009,12,GA,運動飲料,186,5,9,45,P,1
H1,07/06/2009,14,GA,運動飲料,186,90,5,450,P,3
H1,07/06/2009,16,GA,運動飲料,186,30,5,150,P,1
H1,07/06/2009,17,GA,運動飲料,186,20,9,180,P,1
H1,07/06/2009,21,GA,運動飲料,186,90,5,450,P,3
H1,07/06/2009,22,GA,運動飲料,186,60,5,300,P,2
H1,07/06/2009,22,GA,運動飲料,186,5,9,45,P,1
H1,07/07/2009,11,GA,運動飲料,186,5,9,45,P,1
H1,07/07/2009,14,GA,運動飲料,186,150,5,750,P,3
H1,07/07/2009,17,GA,運動飲料,186,30,5,150,P,1
H1,07/07/2009,20,GA,運動飲料,186,120,5,600,P,2
H1,07/07/2009,21,GA,運動飲料,186,30,5,150,P,1
H1,07/07/2009,21,GA,運動飲料,186,10,9,90,P,1
H1,07/07/2009,22,GA,運動飲料,186,30,5,150,P,1
H1,07/08/2009,10,GA,運動飲料,186,60,5,300,P,2
H1,07/08/2009,11,GA,運動飲料,186,60,5,300,P,2
H1,07/08/2009,12,GA,運動飲料,186,60,5,300,P,2
H1,07/08/2009,13,GA,運動飲料,186,60,5,300,P,2
H1,07/08/2009,14,GA,運動飲料,186,120,5,600,P,4
H1,07/08/2009,15,GA,運動飲料,186,90,5,450,P,2
H1,07/08/2009,20,GA,運動飲料,186,93,5,465,P,4
H1,07/08/2009,22,GA,運動飲料,186,60,5,300,P,2
H1,07/09/2009,12,GA,運動飲料,186,30,5,150,P,1
H1,07/09/2009,19,GA,運動飲料,186,30,5,150,P,1
H1,07/09/2009,20,GA,運動飲料,186,60,5,300,P,1
H1,07/09/2009,21,GA,運動飲料,186,10,9,90,P,3
H1,07/10/2009,13,GA,運動飲料,186,30,5,150,P,2
H1,07/10/2009,15,GA,運動飲料,186,90,5,450,P,3
H1,07/10/2009,18,GA,運動飲料,186,30,5,150,P,1
H1,07/10/2009,22,GA,運動飲料,186,30,5,150,P,1
H1,07/11/2009,11,GA,運動飲料,186,30,5,150,P,1
H1,07/11/2009,12,GA,運動飲料,186,30,5,150,P,1
H1,07/11/2009,12,GA,運動飲料,186,5,9,45,P,1
H1,07/11/2009,15,GA,運動飲料,186,60,5,300,P,2
H1,07/11/2009,17,GA,運動飲料,186,30,5,150,P,1
H1,07/11/2009,18,GA,運動飲料,186,60,5,300,P,2
H1,07/11/2009,20,GA,運動飲料,186,120,5,600,P,3
H1,07/11/2009,20,GA,運動飲料,186,5,9,45,P,1
H1,07/11/2009,21,GA,運動飲料,186,90,5,450,P,2
H1,07/12/2009,09,GA,運動飲料,186,5,9,45,P,1
H1,07/12/2009,10,GA,運動飲料,186,90,5,450,P,3
H1,07/12/2009,11,GA,運動飲料,186,150,5,750,P,2
H1,07/12/2009,12,GA,運動飲料,186,60,5,300,P,2
H1,07/12/2009,13,GA,運動飲料,186,5,9,45,P,1
H1,07/12/2009,14,GA,運動飲料,186,30,5,150,P,1
H1,07/12/2009,15,GA,運動飲料,186,30,5,150,P,1
H1,07/12/2009,19,GA,運動飲料,186,30,5,150,P,1
H1,07/12/2009,20,GA,運動飲料,186,30,5,150,P,1
H1,07/12/2009,21,GA,運動飲料,186,150,5,750,P,4
H1,07/13/2009,13,GA,運動飲料,186,30,5,150,P,1
H1,07/13/2009,18,GA,運動飲料,186,30,5,150,P,1
H1,07/13/2009,19,GA,運動飲料,186,10,9,90,P,1
H1,07/13/2009,21,GA,運動飲料,186,30,5,150,P,1
H1,07/14/2009,12,GA,運動飲料,186,30,5,150,P,1
H1,07/15/2009,11,GA,運動飲料,186,120,5,600,P,2
H1,07/15/2009,17,GA,運動飲料,186,60,5,300,P,1
H1,07/15/2009,20,GA,運動飲料,186,5,10,50,N,1
H1,07/15/2009,21,GA,運動飲料,186,60,5,300,P,2
H1,07/15/2009,21,GA,運動飲料,186,5,10,50,N,1
H1,07/15/2009,22,GA,運動飲料,186,90,5,450,P,1
H1,07/16/2009,10,GA,運動飲料,186,120,5,600,P,1
H1,07/16/2009,13,GA,運動飲料,186,5,10,50,N,1
H1,07/16/2009,14,GA,運動飲料,186,30,5,150,P,1
