demo_data_utf8.csv
Store,Date,Time,Dept,Family,Item_No,SalesQty,Price,SalesValue,Sales_Status,Sales_number
H1,07/16/2009,15,GA,運動飲料,186,30,5,150,P,1
H1,07/16/2009,16,GA,運動飲料,186,90,5,450,P,1
H1,07/16/2009,21,GA,運動飲料,186,30,5,150,P,1
H1,07/16/2009,22,GA,運動飲料,186,30,5,150,P,1
H1,07/17/2009,09,GA,運動飲料,186,30,5,150,P,1
H1,07/17/2009,12,GA,運動飲料,186,60,5,300,P,2
H1,07/18/2009,09,GA,運動飲料,186,30,5,150,P,1
H1,07/18/2009,11,GA,運動飲料,186,60,5,300,P,1
H1,07/18/2009,14,GA,運動飲料,186,30,5,150,P,1
H1,07/18/2009,18,GA,運動飲料,186,30,5,150,P,1
H1,07/18/2009,19,GA,運動飲料,186,30,5,150,P,1
H1,07/18/2009,21,GA,運動飲料,186,60,5,300,P,2
H1,07/19/2009,09,GA,運動飲料,186,5,10,50,N,1
H1,07/19/2009,10,GA,運動飲料,186,30,5,150,P,1
H1,07/19/2009,11,GA,運動飲料,186,30,5,150,P,1
H1,07/19/2009,12,GA,運動飲料,186,30,5,150,P,1
H1,07/19/2009,12,GA,運動飲料,186,10,10,100,N,2
H1,07/19/2009,13,GA,運動飲料,186,90,5,450,P,2
H1,07/19/2009,15,GA,運動飲料,186,30,5,150,P,1
H1,07/19/2009,18,GA,運動飲料,186,30,5,150,P,1
H1,07/19/2009,20,GA,運動飲料,186,30,5,150,P,1
H1,07/19/2009,20,GA,運動飲料,186,5,10,50,N,1
H1,07/19/2009,21,GA,運動飲料,186,30,5,150,P,1
H1,07/20/2009,09,GA,運動飲料,186,30,5,150,P,1
H1,07/20/2009,13,GA,運動飲料,186,240,5,1200,P,1
H1,07/20/2009,14,GA,運動飲料,186,60,5,300,P,1
H1,07/20/2009,20,GA,運動飲料,186,90,5,450,P,1
H1,07/20/2009,21,GA,運動飲料,186,30,5,150,P,1
H1,07/21/2009,09,GA,運動飲料,186,30,5,150,P,1
H1,07/21/2009,11,GA,運動飲料,186,30,5,150,P,1
H1,07/21/2009,14,GA,運動飲料,186,30,5,150,P,1
H1,07/21/2009,18,GA,運動飲料,186,30,5,150,P,1
H1,07/21/2009,20,GA,運動飲料,186,210,5,1050,P,5
H1,07/21/2009,21,GA,運動飲料,186,30,5,150,P,1
H1,07/21/2009,21,GA,運動飲料,186,5,10,50,N,1
H1,07/22/2009,11,GA,運動飲料,186,90,5,450,P,3
H1,07/22/2009,15,GA,運動飲料,186,60,5,300,P,2
H1,07/22/2009,19,GA,運動飲料,186,60,5,300,P,2
H1,07/22/2009,20,GA,運動飲料,186,30,5,150,P,1
H1,07/22/2009,21,GA,運動飲料,186,120,5,600,P,4
H1,07/23/2009,10,GA,運動飲料,186,60,5,300,P,1
H1,07/23/2009,11,GA,運動飲料,186,60,5,300,P,2
H1,07/23/2009,15,GA,運動飲料,186,30,5,150,P,1
H1,07/23/2009,15,GA,運動飲料,186,5,10,50,N,1
H1,07/23/2009,18,GA,運動飲料,186,30,5,150,P,1
H1,07/23/2009,19,GA,運動飲料,186,90,5,450,P,1
H1,07/24/2009,11,GA,運動飲料,186,30,5,150,P,1
H1,07/24/2009,12,GA,運動飲料,186,5,10,50,N,1
H1,07/24/2009,16,GA,運動飲料,186,30,5,150,P,1
H1,07/24/2009,18,GA,運動飲料,186,5,10,50,N,1
H1,07/24/2009,20,GA,運動飲料,186,60,5,300,P,1
H1,07/25/2009,11,GA,運動飲料,186,60,5,300,P,2
H1,07/25/2009,13,GA,運動飲料,186,270,5,1350,P,1
H1,07/25/2009,20,GA,運動飲料,186,30,5,150,P,1
H1,07/26/2009,11,GA,運動飲料,186,90,5,450,P,2
H1,07/26/2009,12,GA,運動飲料,186,30,5,150,P,1
H1,07/26/2009,14,GA,運動飲料,186,30,5,150,P,1
H1,07/26/2009,15,GA,運動飲料,186,90,5,450,P,3
H1,07/26/2009,17,GA,運動飲料,186,30,5,150,P,1
H1,07/26/2009,20,GA,運動飲料,186,90,5,450,P,2
H1,07/27/2009,10,GA,運動飲料,186,30,6,180,N,1
H1,07/27/2009,15,GA,運動飲料,186,150,6,900,N,3
H1,07/27/2009,19,GA,運動飲料,186,30,6,180,N,1
H1,07/27/2009,21,GA,運動飲料,186,5,10,50,N,1
H1,07/28/2009,14,GA,運動飲料,186,60,6,360,N,1
H1,07/28/2009,22,GA,運動飲料,186,5,9,45,P,1
H1,07/29/2009,11,GA,運動飲料,186,30,6,180,N,1
H1,07/29/2009,17,GA,運動飲料,186,60,6,360,N,1
H1,07/29/2009,22,GA,運動飲料,186,30,6,180,N,1
H1,07/30/2009,10,GA,運動飲料,186,60,6,360,N,1
H1,07/30/2009,19,GA,運動飲料,186,30,6,180,N,1
H1,07/30/2009,22,GA,運動飲料,186,30,6,180,N,1
H1,07/31/2009,11,GA,運動飲料,186,30,5,150,P,1
H1,07/31/2009,12,GA,運動飲料,186,60,5,300,P,1
H1,07/31/2009,13,GA,運動飲料,186,60,5,300,P,2
H1,07/31/2009,14,GA,運動飲料,186,60,5,300,P,2
H1,07/31/2009,15,GA,運動飲料,186,150,5,750,P,4
H1,07/31/2009,16,GA,運動飲料,186,90,5,450,P,2
H1,07/31/2009,17,GA,運動飲料,186,120,5,600,P,3
H1,07/31/2009,18,GA,運動飲料,186,30,5,150,P,1
H1,07/31/2009,20,GA,運動飲料,186,300,5,1500,P,3
H1,07/31/2009,21,GA,運動飲料,186,30,5,150,P,1
H1,07/31/2009,22,GA,運動飲料,186,90,5,450,P,3
H1,08/01/2009,10,GA,運動飲料,186,30,5,150,P,1
H1,08/01/2009,12,GA,運動飲料,186,120,5,600,P,4
H1,08/01/2009,13,GA,運動飲料,186,60,5,300,P,2
H1,08/01/2009,14,GA,運動飲料,186,150,5,750,P,4
H1,08/01/2009,15,GA,運動飲料,186,90,5,450,P,3
H1,08/01/2009,16,GA,運動飲料,186,60,5,300,P,2
H1,08/01/2009,18,GA,運動飲料,186,30,5,150,P,1
H1,08/01/2009,19,GA,運動飲料,186,120,5,600,P,4
H1,08/01/2009,20,GA,運動飲料,186,60,5,300,P,2
H1,08/01/2009,21,GA,運動飲料,186,90,5,450,P,3
H1,08/01/2009,22,GA,運動飲料,186,60,5,300,P,2
H1,08/01/2009,23,GA,運動飲料,186,30,5,150,P,1
H1,08/02/2009,10,GA,運動飲料,186,30,5,150,P,1
H1,08/02/2009,10,GA,運動飲料,186,5,9,45,P,1
H1,08/02/2009,11,GA,運動飲料,186,30,5,150,P,1
H1,08/02/2009,13,GA,運動飲料,186,90,5,450,P,3
H1,08/02/2009,13,GA,運動飲料,186,5,9,45,P,1
H1,08/02/2009,14,GA,運動飲料,186,120,5,600,P,3
H1,08/02/2009,15,GA,運動飲料,186,210,5,1050,P,5
H1,08/02/2009,16,GA,運動飲料,186,120,5,600,P,4
H1,08/02/2009,17,GA,運動飲料,186,90,5,450,P,3
H1,08/02/2009,18,GA,運動飲料,186,150,5,750,P,3
H1,08/02/2009,19,GA,運動飲料,186,120,5,600,P,4
H1,08/02/2009,20,GA,運動飲料,186,60,5,300,P,2
H1,08/02/2009,21,GA,運動飲料,186,150,5,750,P,5
H1,08/02/2009,22,GA,運動飲料,186,30,5,150,P,1
H1,08/02/2009,22,GA,運動飲料,186,5,9,45,P,1
H1,08/03/2009,09,GA,運動飲料,186,30,5,150,P,1
H1,08/03/2009,10,GA,運動飲料,186,30,5,150,P,1
H1,08/03/2009,11,GA,運動飲料,186,60,5,300,P,2
H1,08/03/2009,12,GA,運動飲料,186,5,9,45,P,1
H1,08/03/2009,13,GA,運動飲料,186,30,5,150,P,1
H1,08/03/2009,14,GA,運動飲料,186,150,5,750,P,3
H1,08/03/2009,15,GA,運動飲料,186,90,5,450,P,3
H1,08/03/2009,16,GA,運動飲料,186,60,5,300,P,2
H1,08/03/2009,21,GA,運動飲料,186,30,5,150,P,1
H1,08/04/2009,10,GA,運動飲料,186,90,5,450,P,3
H1,08/04/2009,11,GA,運動飲料,186,30,5,150,P,1
H1,08/04/2009,13,GA,運動飲料,186,30,5,150,P,1
H1,08/04/2009,14,GA,運動飲料,186,120,5,600,P,3
H1,08/04/2009,15,GA,運動飲料,186,90,5,450,P,3
H1,08/04/2009,17,GA,運動飲料,186,30,5,150,P,1
H1,08/04/2009,18,GA,運動飲料,186,30,5,150,P,1
H1,08/04/2009,19,GA,運動飲料,186,480,5,2400,P,5
H1,08/04/2009,20,GA,運動飲料,186,30,5,150,P,1
H1,08/04/2009,21,GA,運動飲料,186,60,5,300,P,2
H1,08/04/2009,22,GA,運動飲料,186,30,5,150,P,1
H1,08/04/2009,23,GA,運動飲料,186,30,5,150,P,1
H1,08/05/2009,11,GA,運動飲料,186,90,5,450,P,2
H1,08/05/2009,12,GA,運動飲料,186,90,5,450,P,3
H1,08/05/2009,14,GA,運動飲料,186,120,5,600,P,1
H1,08/05/2009,15,GA,運動飲料,186,30,5,150,P,1
H1,08/05/2009,16,GA,運動飲料,186,30,5,150,P,1
H1,08/05/2009,18,GA,運動飲料,186,90,5,450,P,2
H1,08/05/2009,21,GA,運動飲料,186,90,5,450,P,2
H1,08/05/2009,22,GA,運動飲料,186,210,5,1050,P,6
H1,08/06/2009,10,GA,運動飲料,186,60,5,300,P,2
H1,08/06/2009,11,GA,運動飲料,186,90,5,450,P,3
H1,08/06/2009,12,GA,運動飲料,186,30,5,150,P,1
H1,08/06/2009,13,GA,運動飲料,186,60,5,300,P,1
H1,08/06/2009,15,GA,運動飲料,186,150,5,750,P,4
H1,08/06/2009,16,GA,運動飲料,186,30,5,150,P,1
H1,08/06/2009,17,GA,運動飲料,186,60,5,300,P,2
H1,08/06/2009,20,GA,運動飲料,186,60,5,300,P,2
H1,08/06/2009,21,GA,運動飲料,186,120,5,600,P,4
H1,08/06/2009,22,GA,運動飲料,186,103,5,515,P,4
H1,08/07/2009,10,GA,運動飲料,186,30,5,150,P,1
H1,08/07/2009,11,GA,運動飲料,186,30,5,150,P,1
H1,08/07/2009,12,GA,運動飲料,186,5,9,45,P,1
H1,08/07/2009,14,GA,運動飲料,186,30,5,150,P,1
H1,08/07/2009,16,GA,運動飲料,186,30,5,150,P,1
H1,08/07/2009,19,GA,運動飲料,186,30,5,150,P,1
H1,08/07/2009,21,GA,運動飲料,186,30,5,150,P,1
H1,08/08/2009,11,GA,運動飲料,186,90,5,450,P,3
H1,08/08/2009,14,GA,運動飲料,186,30,5,150,P,1
H1,08/08/2009,15,GA,運動飲料,186,60,5,300,P,2
H1,08/08/2009,19,GA,運動飲料,186,60,5,300,P,1
H1,08/08/2009,19,GA,運動飲料,186,5,9,45,P,1
H1,08/08/2009,22,GA,運動飲料,186,30,5,150,P,1
H1,08/09/2009,11,GA,運動飲料,186,30,5,150,P,1
H1,08/09/2009,12,GA,運動飲料,186,30,5,150,P,1
H1,08/09/2009,13,GA,運動飲料,186,30,5,150,P,1
H1,08/09/2009,15,GA,運動飲料,186,90,5,450,P,2
H1,08/09/2009,17,GA,運動飲料,186,30,5,150,P,1
H1,08/10/2009,09,GA,運動飲料,186,120,5,600,P,1
H1,08/10/2009,12,GA,運動飲料,186,30,5,150,P,1
H1,08/10/2009,13,GA,運動飲料,186,30,5,150,P,1
H1,08/10/2009,14,GA,運動飲料,186,60,5,300,P,1
H1,08/10/2009,15,GA,運動飲料,186,90,5,450,P,1
H1,08/10/2009,17,GA,運動飲料,186,5,9,45,P,1
H1,08/10/2009,22,GA,運動飲料,186,30,5,150,P,1
H1,08/11/2009,18,GA,運動飲料,186,30,5,150,P,1
H1,08/11/2009,21,GA,運動飲料,186,90,5,450,P,2
H1,08/12/2009,11,GA,運動飲料,186,60,5,300,P,2
H1,08/13/2009,10,GA,運動飲料,186,10,9,90,P,1
H1,08/13/2009,13,GA,運動飲料,186,5,9,45,P,1
H1,08/13/2009,16,GA,運動飲料,186,30,5,150,P,1
H1,08/13/2009,17,GA,運動飲料,186,30,5,150,P,1
H1,08/13/2009,18,GA,運動飲料,186,30,5,150,P,1
H1,08/14/2009,12,GA,運動飲料,186,60,5,300,P,1
H1,08/14/2009,13,GA,運動飲料,186,60,5,300,P,1
H1,08/14/2009,14,GA,運動飲料,186,30,5,150,P,1
H1,08/15/2009,10,GA,運動飲料,186,60,5,300,P,2
H1,08/15/2009,11,GA,運動飲料,186,30,5,150,P,1
H1,08/15/2009,14,GA,運動飲料,186,60,5,300,P,1
H1,08/15/2009,15,GA,運動飲料,186,30,5,150,P,1
H1,08/15/2009,17,GA,運動飲料,186,30,5,150,P,1
H1,08/15/2009,19,GA,運動飲料,186,60,5,300,P,1
H1,08/15/2009,20,GA,運動飲料,186,30,5,150,P,1
H1,08/15/2009,21,GA,運動飲料,186,60,5,300,P,2
H1,08/15/2009,22,GA,運動飲料,186,270,5,1350,P,3
H1,08/15/2009,23,GA,運動飲料,186,10,9,90,P,1
H1,08/16/2009,01,GA,運動飲料,186,180,5,900,P,3
H1,08/16/2009,02,GA,運動飲料,186,60,5,300,P,1
H1,08/16/2009,03,GA,運動飲料,186,60,5,300,P,1
H1,08/16/2009,09,GA,運動飲料,186,60,5,300,P,1
H1,08/16/2009,11,GA,運動飲料,186,30,5,150,P,1
H1,08/16/2009,16,GA,運動飲料,186,60,5,300,P,1
H1,08/16/2009,17,GA,運動飲料,186,90,5,450,P,2
H1,08/16/2009,18,GA,運動飲料,186,90,5,450,P,3
H1,08/16/2009,19,GA,運動飲料,186,30,5,150,P,1
H1,08/16/2009,21,GA,運動飲料,186,180,5,900,P,5
H1,08/17/2009,01,GA,運動飲料,186,120,5,600,P,3
H1,08/17/2009,06,GA,運動飲料,186,150,5,750,P,1
H1,01/01/2009,14,GA,運動飲料,634,30,5,150,P,1
H1,01/01/2009,19,GA,運動飲料,634,30,5,150,P,1
H1,01/01/2009,20,GA,運動飲料,634,30,5,150,P,1
H1,01/03/2009,14,GA,運動飲料,634,30,5,150,P,1
H1,01/03/2009,16,GA,運動飲料,634,30,5,150,P,1
H1,01/04/2009,12,GA,運動飲料,634,30,5,150,P,1
H1,01/04/2009,19,GA,運動飲料,634,30,5,150,P,1
H1,01/05/2009,14,GA,運動飲料,634,30,5,150,P,1
H1,01/05/2009,18,GA,運動飲料,634,30,5,150,P,1
H1,01/07/2009,16,GA,運動飲料,634,30,6,180,N,1
H1,01/08/2009,17,GA,運動飲料,634,30,6,180,N,1
H1,01/08/2009,21,GA,運動飲料,634,30,6,180,N,1
H1,01/10/2009,10,GA,運動飲料,634,30,6,180,N,1
H1,01/10/2009,11,GA,運動飲料,634,30,6,180,N,1
H1,01/10/2009,17,GA,運動飲料,634,30,6,180,N,1
H1,01/15/2009,09,GA,運動飲料,634,30,5,150,P,1
H1,01/16/2009,10,GA,運動飲料,634,60,5,300,P,3
H1,01/16/2009,18,GA,運動飲料,634,30,5,150,P,1
H1,01/16/2009,19,GA,運動飲料,634,30,5,150,P,1
H1,01/18/2009,16,GA,運動飲料,634,60,5,300,P,1
H1,01/18/2009,19,GA,運動飲料,634,30,5,150,P,1
H1,01/18/2009,20,GA,運動飲料,634,30,5,150,P,1
H1,01/18/2009,21,GA,運動飲料,634,30,5,150,P,1
H1,01/19/2009,02,GA,運動飲料,634,30,5,150,P,1
H1,01/19/2009,09,GA,運動飲料,634,30,5,150,P,1
H1,01/19/2009,18,GA,運動飲料,634,30,5,150,P,1
H1,01/19/2009,20,GA,運動飲料,634,30,5,150,P,1
H1,01/20/2009,00,GA,運動飲料,634,30,5,150,P,1
H1,01/20/2009,01,GA,運動飲料,634,30,5,150,P,1
H1,01/20/2009,11,GA,運動飲料,634,30,5,150,P,1
H1,01/20/2009,18,GA,運動飲料,634,30,5,150,P,1
H1,01/21/2009,00,GA,運動飲料,634,30,5,150,P,1
H1,01/21/2009,01,GA,運動飲料,634,30,5,150,P,1
H1,01/21/2009,12,GA,運動飲料,634,60,5,300,P,1
H1,01/21/2009,15,GA,運動飲料,634,30,5,150,P,1
H1,01/21/2009,17,GA,運動飲料,634,30,5,150,P,1
H1,01/21/2009,19,GA,運動飲料,634,60,5,300,P,1
H1,01/21/2009,20,GA,運動飲料,634,30,5,150,P,1
H1,01/21/2009,22,GA,運動飲料,634,30,5,150,P,1
H1,01/22/2009,00,GA,運動飲料,634,30,5,150,P,1
H1,01/22/2009,01,GA,運動飲料,634,30,5,150,P,1
H1,01/22/2009,19,GA,運動飲料,634,30,5,150,P,1
H1,01/22/2009,20,GA,運動飲料,634,60,5,300,P,1
H1,01/22/2009,21,GA,運動飲料,634,30,5,150,P,1
H1,01/22/2009,22,GA,運動飲料,634,120,5,600,P,3
H1,01/22/2009,23,GA,運動飲料,634,30,5,150,P,1
H1,01/23/2009,16,GA,運動飲料,634,30,5,150,P,1
H1,01/23/2009,23,GA,運動飲料,634,30,5,150,P,1
H1,01/24/2009,16,GA,運動飲料,634,30,5,150,P,1
H1,01/24/2009,20,GA,運動飲料,634,30,5,150,P,1
H1,01/25/2009,01,GA,運動飲料,634,30,5,150,P,1
H1,01/25/2009,03,GA,運動飲料,634,30,5,150,P,1
H1,01/25/2009,15,GA,運動飲料,634,30,5,150,P,1
H1,01/25/2009,22,GA,運動飲料,634,30,5,150,P,1
H1,01/27/2009,11,GA,運動飲料,634,60,6,360,N,1
H1,01/28/2009,18,GA,運動飲料,634,120,6,720,N,2
H1,01/30/2009,16,GA,運動飲料,634,30,6,180,N,1
H1,01/31/2009,10,GA,運動飲料,634,30,6,180,P,1
H1,02/01/2009,11,GA,運動飲料,634,30,6,180,P,1
H1,02/01/2009,16,GA,運動飲料,634,60,6,360,P,1
H1,02/01/2009,18,GA,運動飲料,634,30,6,180,P,1
H1,02/01/2009,21,GA,運動飲料,634,30,6,180,P,1
H1,02/02/2009,10,GA,運動飲料,634,30,6,180,N,1
H1,02/03/2009,14,GA,運動飲料,634,60,6,360,N,2
H1,02/05/2009,16,GA,運動飲料,634,30,6,180,N,1
H1,02/05/2009,17,GA,運動飲料,634,30,6,180,N,1
H1,02/06/2009,14,GA,運動飲料,634,30,6,180,N,1
H1,02/07/2009,16,GA,運動飲料,634,30,6,180,N,1
H1,02/07/2009,20,GA,運動飲料,634,30,6,180,N,1
H1,02/08/2009,12,GA,運動飲料,634,30,6,180,N,1
H1,02/09/2009,14,GA,運動飲料,634,31,6,186,N,2
H1,02/10/2009,12,GA,運動飲料,634,30,6,180,N,1
H1,02/12/2009,13,GA,運動飲料,634,30,6,180,N,1
H1,02/12/2009,14,GA,運動飲料,634,30,6,180,N,1
H1,02/13/2009,11,GA,運動飲料,634,60,6,360,N,1
H1,02/14/2009,15,GA,運動飲料,634,30,6,180,N,1
H1,02/14/2009,21,GA,運動飲料,634,90,6,540,N,1
H1,02/15/2009,15,GA,運動飲料,634,30,6,180,N,1
H1,02/15/2009,16,GA,運動飲料,634,30,6,180,N,1
H1,02/16/2009,16,GA,運動飲料,634,30,6,180,N,1
H1,02/16/2009,17,GA,運動飲料,634,30,6,180,N,1
H1,02/16/2009,22,GA,運動飲料,634,30,6,180,N,1
H1,02/19/2009,16,GA,運動飲料,634,30,6,180,N,1
H1,02/22/2009,18,GA,運動飲料,634,30,6,180,N,1
H1,02/24/2009,15,GA,運動飲料,634,30,6,180,N,1
H1,02/25/2009,15,GA,運動飲料,634,30,6,180,N,1
H1,02/25/2009,19,GA,運動飲料,634,60,6,360,N,1
H1,02/27/2009,12,GA,運動飲料,634,30,6,180,N,1
H1,02/27/2009,15,GA,運動飲料,634,30,6,180,N,1
H1,02/28/2009,20,GA,運動飲料,634,30,6,180,N,1
H1,03/01/2009,18,GA,運動飲料,634,30,6,180,N,1
H1,03/01/2009,21,GA,運動飲料,634,30,6,180,N,1
H1,03/03/2009,21,GA,運動飲料,634,30,6,180,N,1
H1,03/05/2009,21,GA,運動飲料,634,30,6,180,N,1
H1,03/07/2009,16,GA,運動飲料,634,30,6,180,N,1
H1,03/07/2009,18,GA,運動飲料,634,30,6,180,N,1
H1,03/09/2009,15,GA,運動飲料,634,30,6,180,N,1
H1,03/09/2009,16,GA,運動飲料,634,30,6,180,N,1
H1,03/10/2009,14,GA,運動飲料,634,30,6,180,N,1
H1,03/10/2009,18,GA,運動飲料,634,30,6,180,N,1
H1,03/12/2009,14,GA,運動飲料,634,30,6,180,N,1
H1,03/13/2009,19,GA,運動飲料,634,30,6,180,N,1
H1,03/14/2009,13,GA,運動飲料,634,30,6,180,N,1
H1,03/14/2009,21,GA,運動飲料,634,60,6,360,N,1
H1,03/17/2009,18,GA,運動飲料,634,60,6,360,N,2
H1,03/18/2009,16,GA,運動飲料,634,30,6,180,N,1
H1,03/18/2009,19,GA,運動飲料,634,60,6,360,N,1
H1,03/19/2009,10,GA,運動飲料,634,30,6,180,N,1
H1,03/19/2009,13,GA,運動飲料,634,60,6,360,N,2
H1,03/20/2009,21,GA,運動飲料,634,30,6,180,N,1
H1,03/21/2009,15,GA,運動飲料,634,60,6,360,N,1
H1,03/21/2009,17,GA,運動飲料,634,30,6,180,N,1
H1,03/22/2009,12,GA,運動飲料,634,30,6,180,N,1
H1,03/26/2009,11,GA,運動飲料,634,30,6,180,N,1
H1,03/26/2009,15,GA,運動飲料,634,30,6,180,N,1
H1,03/26/2009,16,GA,運動飲料,634,30,6,180,N,1
H1,03/27/2009,17,GA,運動飲料,634,30,6,180,N,1
H1,03/30/2009,13,GA,運動飲料,634,30,5,150,P,1
H1,03/31/2009,17,GA,運動飲料,634,30,5,150,P,1
H1,03/31/2009,20,GA,運動飲料,634,30,5,150,P,1
H1,04/01/2009,13,GA,運動飲料,634,30,5,150,P,1
H1,04/01/2009,15,GA,運動飲料,634,60,5,300,P,1
H1,04/02/2009,14,GA,運動飲料,634,30,5,150,P,1
H1,04/02/2009,16,GA,運動飲料,634,90,5,450,P,1
H1,04/02/2009,18,GA,運動飲料,634,30,5,150,P,1
H1,04/02/2009,20,GA,運動飲料,634,60,5,300,P,1
H1,04/03/2009,12,GA,運動飲料,634,60,5,300,P,2
H1,04/03/2009,16,GA,運動飲料,634,30,5,150,P,1
H1,04/03/2009,17,GA,運動飲料,634,30,5,150,P,1
H1,04/03/2009,18,GA,運動飲料,634,30,5,150,P,1
H1,04/03/2009,21,GA,運動飲料,634,30,5,150,P,1
H1,04/04/2009,15,GA,運動飲料,634,30,5,150,P,1
H1,04/04/2009,17,GA,運動飲料,634,30,5,150,P,1
H1,04/04/2009,20,GA,運動飲料,634,30,5,150,P,1
H1,04/04/2009,21,GA,運動飲料,634,30,5,150,P,1
H1,04/06/2009,15,GA,運動飲料,634,30,5,150,P,1
H1,04/06/2009,16,GA,運動飲料,634,90,5,450,P,1
H1,04/08/2009,18,GA,運動飲料,634,30,5,150,P,1
H1,04/09/2009,13,GA,運動飲料,634,30,5,150,P,1
H1,04/09/2009,18,GA,運動飲料,634,30,5,150,P,1
H1,04/11/2009,11,GA,運動飲料,634,30,5,150,P,1
H1,04/11/2009,12,GA,運動飲料,634,60,5,300,P,1
H1,04/11/2009,13,GA,運動飲料,634,60,5,300,P,1
H1,04/12/2009,19,GA,運動飲料,634,30,5,150,P,1
H1,04/13/2009,13,GA,運動飲料,634,30,5,150,P,1
H1,04/14/2009,14,GA,運動飲料,634,30,5,150,P,1
H1,04/15/2009,18,GA,運動飲料,634,30,5,150,P,1
H1,04/15/2009,22,GA,運動飲料,634,30,5,150,P,1
H1,04/17/2009,10,GA,運動飲料,634,30,6,180,N,1
H1,04/17/2009,22,GA,運動飲料,634,30,6,180,N,1
H1,04/18/2009,13,GA,運動飲料,634,30,6,180,N,1
H1,04/18/2009,15,GA,運動飲料,634,30,6,180,N,1
H1,04/18/2009,20,GA,運動飲料,634,90,6,540,N,1
H1,04/19/2009,11,GA,運動飲料,634,30,6,180,N,1
H1,04/20/2009,13,GA,運動飲料,634,30,6,180,N,1
H1,04/20/2009,19,GA,運動飲料,634,30,6,180,N,1
H1,04/23/2009,18,GA,運動飲料,634,30,6,180,N,2
H1,04/23/2009,21,GA,運動飲料,634,60,6,360,N,1
H1,04/24/2009,15,GA,運動飲料,634,60,6,360,N,1
H1,04/24/2009,21,GA,運動飲料,634,30,6,180,N,1
H1,04/25/2009,16,GA,運動飲料,634,30,6,180,N,1
H1,04/25/2009,21,GA,運動飲料,634,60,6,360,N,1
H1,04/26/2009,11,GA,運動飲料,634,30,6,180,P,1
H1,04/26/2009,14,GA,運動飲料,634,60,6,360,P,2
H1,04/26/2009,21,GA,運動飲料,634,30,6,180,P,1
H1,04/27/2009,13,GA,運動飲料,634,30,6,180,P,1
H1,04/27/2009,19,GA,運動飲料,634,60,6,360,P,1
H1,04/28/2009,13,GA,運動飲料,634,60,6,360,P,1
H1,04/28/2009,21,GA,運動飲料,634,30,6,180,P,1
H1,04/29/2009,11,GA,運動飲料,634,30,6,180,P,1
H1,04/29/2009,12,GA,運動飲料,634,30,6,180,P,1
H1,04/30/2009,20,GA,運動飲料,634,30,6,180,P,1
H1,05/01/2009,10,GA,運動飲料,634,30,6,180,P,2
H1,05/01/2009,19,GA,運動飲料,634,30,6,180,P,1
H1,05/01/2009,20,GA,運動飲料,634,30,6,180,P,1
H1,05/01/2009,22,GA,運動飲料,634,60,6,360,P,1
H1,05/02/2009,10,GA,運動飲料,634,30,6,180,P,1
H1,05/02/2009,22,GA,運動飲料,634,30,6,180,P,2
H1,05/03/2009,11,GA,運動飲料,634,60,6,360,P,3
H1,05/03/2009,16,GA,運動飲料,634,30,6,180,P,1
H1,05/03/2009,20,GA,運動飲料,634,30,6,180,P,1
H1,05/04/2009,19,GA,運動飲料,634,30,6,180,P,1
H1,05/05/2009,19,GA,運動飲料,634,30,6,180,P,1
H1,05/05/2009,22,GA,運動飲料,634,30,6,180,P,1
H1,05/07/2009,21,GA,運動飲料,634,30,6,180,P,1
H1,05/08/2009,12,GA,運動飲料,634,30,6,180,P,1
H1,05/08/2009,20,GA,運動飲料,634,30,6,180,P,1
H1,05/09/2009,11,GA,運動飲料,634,30,6,180,P,1
H1,05/09/2009,15,GA,運動飲料,634,30,6,180,P,1
H1,05/10/2009,10,GA,運動飲料,634,30,6,180,P,1
H1,05/11/2009,14,GA,運動飲料,634,30,6,180,P,1
H1,05/11/2009,19,GA,運動飲料,634,30,6,180,P,1
H1,05/12/2009,13,GA,運動飲料,634,30,6,180,P,1
H1,05/12/2009,14,GA,運動飲料,634,90,6,540,P,1
H1,05/12/2009,15,GA,運動飲料,634,30,6,180,P,1
H1,05/12/2009,20,GA,運動飲料,634,60,6,360,P,2
H1,05/13/2009,19,GA,運動飲料,634,30,6,180,P,1
H1,05/14/2009,13,GA,運動飲料,634,30,6,180,P,1
H1,05/14/2009,14,GA,運動飲料,634,30,6,180,P,1
H1,05/14/2009,20,GA,運動飲料,634,30,6,180,P,1
H1,05/14/2009,21,GA,運動飲料,634,30,6,180,P,1
H1,05/14/2009,23,GA,運動飲料,634,30,6,180,P,1
H1,05/15/2009,16,GA,運動飲料,634,120,6,720,P,2
H1,05/15/2009,19,GA,運動飲料,634,30,6,180,P,1
H1,05/15/2009,20,GA,運動飲料,634,30,6,180,P,1
H1,05/15/2009,21,GA,運動飲料,634,30,6,180,P,1
H1,05/16/2009,14,GA,運動飲料,634,30,6,180,P,1
H1,05/16/2009,17,GA,運動飲料,634,30,6,180,P,1
H1,05/17/2009,11,GA,運動飲料,634,30,6,180,P,1
H1,05/17/2009,13,GA,運動飲料,634,30,6,180,P,1
H1,05/17/2009,16,GA,運動飲料,634,30,6,180,P,1
H1,05/17/2009,20,GA,運動飲料,634,150,6,900,P,1
H1,05/17/2009,22,GA,運動飲料,634,30,6,180,P,1
H1,05/18/2009,12,GA,運動飲料,634,30,5,150,P,1
H1,05/19/2009,13,GA,運動飲料,634,30,5,150,P,1
H1,05/19/2009,14,GA,運動飲料,634,30,5,150,P,1
H1,05/19/2009,17,GA,運動飲料,634,30,5,150,P,1
H1,05/20/2009,17,GA,運動飲料,634,30,5,150,P,1
