demo_data_utf8.csv
Store,Date,Time,Dept,Family,Item_No,SalesQty,Price,SalesValue,Sales_Status,Sales_number
H1,05/21/2009,13,GA,運動飲料,634,30,5,150,P,1
H1,05/22/2009,16,GA,運動飲料,634,30,5,150,P,1
H1,05/23/2009,11,GA,運動飲料,634,60,5,300,P,2
H1,05/23/2009,13,GA,運動飲料,634,30,5,150,P,1
H1,05/23/2009,14,GA,運動飲料,634,60,5,300,P,1
H1,05/23/2009,15,GA,運動飲料,634,30,5,150,P,1
H1,05/23/2009,18,GA,運動飲料,634,30,5,150,P,1
H1,05/23/2009,21,GA,運動飲料,634,30,5,150,P,1
H1,05/24/2009,14,GA,運動飲料,634,30,5,150,P,1
H1,05/24/2009,15,GA,運動飲料,634,30,5,150,P,1
H1,05/24/2009,18,GA,運動飲料,634,90,5,450,P,1
H1,05/24/2009,21,GA,運動飲料,634,30,5,150,P,1
H1,05/25/2009,10,GA,運動飲料,634,30,5,150,P,2
H1,05/25/2009,18,GA,運動飲料,634,30,5,150,P,1
H1,05/25/2009,21,GA,運動飲料,634,30,5,150,P,1
H1,05/26/2009,18,GA,運動飲料,634,30,5,150,P,1
H1,05/26/2009,21,GA,運動飲料,634,30,5,150,P,1
H1,05/27/2009,16,GA,運動飲料,634,150,5,750,P,1
H1,05/27/2009,19,GA,運動飲料,634,30,5,150,P,1
H1,05/28/2009,09,GA,運動飲料,634,30,5,150,P,1
H1,05/28/2009,11,GA,運動飲料,634,30,5,150,P,1
H1,05/28/2009,21,GA,運動飲料,634,60,5,300,P,2
H1,05/28/2009,22,GA,運動飲料,634,60,5,300,P,1
H1,05/29/2009,14,GA,運動飲料,634,30,5,150,P,1
H1,05/29/2009,19,GA,運動飲料,634,30,5,150,P,1
H1,05/30/2009,11,GA,運動飲料,634,30,5,150,P,1
H1,05/30/2009,16,GA,運動飲料,634,30,5,150,P,1
H1,05/30/2009,22,GA,運動飲料,634,30,5,150,P,1
H1,05/31/2009,17,GA,運動飲料,634,30,5,150,P,1
H1,06/02/2009,11,GA,運動飲料,634,30,5,150,P,1
H1,06/03/2009,10,GA,運動飲料,634,30,5,150,P,1
H1,06/03/2009,16,GA,運動飲料,634,30,5,150,P,1
H1,06/03/2009,18,GA,運動飲料,634,60,5,300,P,1
H1,06/03/2009,19,GA,運動飲料,634,30,5,150,P,1
H1,06/04/2009,21,GA,運動飲料,634,30,5,150,P,1
H1,06/05/2009,17,GA,運動飲料,634,30,5,150,P,1
H1,06/05/2009,21,GA,運動飲料,634,30,5,150,P,1
H1,06/06/2009,15,GA,運動飲料,634,30,5,150,P,1
H1,06/06/2009,17,GA,運動飲料,634,30,5,150,P,1
H1,06/06/2009,22,GA,運動飲料,634,120,5,600,P,3
H1,06/07/2009,09,GA,運動飲料,634,30,5,150,P,1
H1,06/07/2009,17,GA,運動飲料,634,30,5,150,P,1
H1,06/07/2009,19,GA,運動飲料,634,60,5,300,P,2
H1,06/08/2009,18,GA,運動飲料,634,30,5,150,P,1
H1,06/08/2009,22,GA,運動飲料,634,60,5,300,P,2
H1,06/09/2009,12,GA,運動飲料,634,30,5,150,P,1
H1,06/09/2009,15,GA,運動飲料,634,30,5,150,P,1
H1,06/10/2009,09,GA,運動飲料,634,30,5,150,P,1
H1,06/10/2009,17,GA,運動飲料,634,30,5,150,P,1
H1,06/11/2009,18,GA,運動飲料,634,30,5,150,P,1
H1,06/12/2009,11,GA,運動飲料,634,30,5,150,P,1
H1,06/12/2009,13,GA,運動飲料,634,30,5,150,P,1
H1,06/12/2009,21,GA,運動飲料,634,60,5,300,P,2
H1,06/13/2009,18,GA,運動飲料,634,30,6,180,N,1
H1,06/13/2009,20,GA,運動飲料,634,60,6,360,N,1
H1,06/14/2009,14,GA,運動飲料,634,30,6,180,N,1
H1,06/15/2009,15,GA,運動飲料,634,60,6,360,N,1
H1,06/15/2009,17,GA,運動飲料,634,90,6,540,N,1
H1,06/17/2009,10,GA,運動飲料,634,30,6,180,N,1
H1,06/18/2009,12,GA,運動飲料,634,30,6,180,N,1
H1,06/18/2009,15,GA,運動飲料,634,30,6,180,N,2
H1,06/19/2009,10,GA,運動飲料,634,30,6,180,N,1
H1,06/19/2009,11,GA,運動飲料,634,30,6,180,N,1
H1,06/21/2009,15,GA,運動飲料,634,30,6,180,N,1
H1,06/21/2009,20,GA,運動飲料,634,30,6,180,N,1
H1,06/22/2009,10,GA,運動飲料,634,30,6,180,N,1
H1,06/22/2009,12,GA,運動飲料,634,30,6,180,N,1
H1,06/22/2009,14,GA,運動飲料,634,30,6,180,N,1
H1,06/22/2009,17,GA,運動飲料,634,30,6,180,N,1
H1,06/22/2009,21,GA,運動飲料,634,30,6,180,N,1
H1,06/23/2009,19,GA,運動飲料,634,30,6,180,N,1
H1,06/24/2009,20,GA,運動飲料,634,30,6,180,N,1
H1,06/25/2009,10,GA,運動飲料,634,30,6,180,N,1
H1,06/25/2009,14,GA,運動飲料,634,30,6,180,N,1
H1,06/26/2009,20,GA,運動飲料,634,30,6,180,N,1
H1,06/27/2009,13,GA,運動飲料,634,90,6,540,N,1
H1,06/27/2009,14,GA,運動飲料,634,60,6,360,N,2
H1,06/27/2009,15,GA,運動飲料,634,30,6,180,N,1
H1,06/27/2009,16,GA,運動飲料,634,30,6,180,N,1
H1,06/28/2009,15,GA,運動飲料,634,30,6,180,N,1
H1,06/28/2009,17,GA,運動飲料,634,30,6,180,N,1
H1,06/28/2009,19,GA,運動飲料,634,30,6,180,N,1
H1,06/29/2009,10,GA,運動飲料,634,90,6,540,N,1
H1,06/29/2009,14,GA,運動飲料,634,60,6,360,N,1
H1,06/29/2009,15,GA,運動飲料,634,30,6,180,N,1
H1,06/29/2009,16,GA,運動飲料,634,60,6,360,N,2
H1,06/30/2009,12,GA,運動飲料,634,60,6,360,N,1
H1,06/30/2009,18,GA,運動飲料,634,60,6,360,N,3
H1,07/01/2009,19,GA,運動飲料,634,30,6,180,N,1
H1,07/01/2009,20,GA,運動飲料,634,60,6,360,N,1
H1,07/03/2009,21,GA,運動飲料,634,30,6,180,N,1
H1,07/04/2009,12,GA,運動飲料,634,30,6,180,N,1
H1,07/04/2009,16,GA,運動飲料,634,30,6,180,N,1
H1,07/04/2009,19,GA,運動飲料,634,30,6,180,N,1
H1,07/04/2009,22,GA,運動飲料,634,60,6,360,N,3
H1,07/05/2009,13,GA,運動飲料,634,30,6,180,N,1
H1,07/06/2009,12,GA,運動飲料,634,60,6,360,N,1
H1,07/07/2009,11,GA,運動飲料,634,30,5,150,P,1
H1,07/07/2009,17,GA,運動飲料,634,30,5,150,P,1
H1,07/09/2009,09,GA,運動飲料,634,30,5,150,P,1
H1,07/09/2009,13,GA,運動飲料,634,30,5,150,P,1
H1,07/09/2009,22,GA,運動飲料,634,30,5,150,P,1
H1,07/10/2009,14,GA,運動飲料,634,30,5,150,P,1
H1,07/10/2009,15,GA,運動飲料,634,60,5,300,P,1
H1,07/11/2009,13,GA,運動飲料,634,30,5,150,P,1
H1,07/11/2009,17,GA,運動飲料,634,30,5,150,P,1
H1,07/11/2009,20,GA,運動飲料,634,30,5,150,P,1
H1,07/11/2009,21,GA,運動飲料,634,30,5,150,P,1
H1,07/12/2009,16,GA,運動飲料,634,60,5,300,P,1
H1,07/13/2009,11,GA,運動飲料,634,30,5,150,P,1
H1,07/13/2009,15,GA,運動飲料,634,180,5,900,P,1
H1,07/13/2009,19,GA,運動飲料,634,30,5,150,P,1
H1,07/13/2009,20,GA,運動飲料,634,60,5,300,P,1
H1,07/13/2009,22,GA,運動飲料,634,60,5,300,P,1
H1,07/14/2009,14,GA,運動飲料,634,30,5,150,P,2
H1,07/14/2009,18,GA,運動飲料,634,30,5,150,P,1
H1,07/14/2009,21,GA,運動飲料,634,30,5,150,P,1
H1,07/15/2009,11,GA,運動飲料,634,30,5,150,P,1
H1,07/16/2009,13,GA,運動飲料,634,30,5,150,P,1
H1,07/17/2009,11,GA,運動飲料,634,120,5,600,P,3
H1,07/17/2009,17,GA,運動飲料,634,30,5,150,P,1
H1,07/18/2009,10,GA,運動飲料,634,60,5,300,P,2
H1,07/18/2009,11,GA,運動飲料,634,30,5,150,P,1
H1,07/18/2009,13,GA,運動飲料,634,60,5,300,P,1
H1,07/18/2009,21,GA,運動飲料,634,60,5,300,P,2
H1,07/19/2009,10,GA,運動飲料,634,60,5,300,P,1
H1,07/19/2009,11,GA,運動飲料,634,60,5,300,P,1
H1,07/19/2009,15,GA,運動飲料,634,30,5,150,P,1
H1,07/19/2009,20,GA,運動飲料,634,90,5,450,P,3
H1,07/19/2009,22,GA,運動飲料,634,30,5,150,P,1
H1,07/20/2009,11,GA,運動飲料,634,60,5,300,P,2
H1,07/20/2009,13,GA,運動飲料,634,270,5,1350,P,1
H1,07/21/2009,18,GA,運動飲料,634,30,5,150,P,1
H1,07/21/2009,21,GA,運動飲料,634,30,5,150,P,1
H1,07/22/2009,11,GA,運動飲料,634,60,5,300,P,1
H1,07/22/2009,15,GA,運動飲料,634,90,5,450,P,2
H1,07/22/2009,18,GA,運動飲料,634,30,5,150,P,1
H1,07/22/2009,21,GA,運動飲料,634,60,5,300,P,2
H1,07/23/2009,11,GA,運動飲料,634,30,5,150,P,2
H1,07/23/2009,22,GA,運動飲料,634,30,5,150,P,1
H1,07/24/2009,18,GA,運動飲料,634,30,5,150,P,1
H1,07/24/2009,20,GA,運動飲料,634,60,5,300,P,2
H1,07/24/2009,21,GA,運動飲料,634,30,5,150,P,1
H1,07/25/2009,14,GA,運動飲料,634,150,5,750,P,2
H1,07/25/2009,16,GA,運動飲料,634,30,5,150,P,1
H1,07/25/2009,17,GA,運動飲料,634,90,5,450,P,2
H1,07/26/2009,21,GA,運動飲料,634,30,5,150,P,1
H1,07/26/2009,22,GA,運動飲料,634,30,5,150,P,1
H1,07/27/2009,11,GA,運動飲料,634,60,6,360,N,2
H1,07/27/2009,14,GA,運動飲料,634,30,6,180,N,1
H1,07/27/2009,21,GA,運動飲料,634,60,6,360,N,2
H1,07/28/2009,17,GA,運動飲料,634,30,6,180,N,1
H1,07/29/2009,09,GA,運動飲料,634,30,6,180,N,1
H1,07/30/2009,14,GA,運動飲料,634,30,6,180,N,1
H1,07/30/2009,20,GA,運動飲料,634,30,6,180,N,1
H1,07/31/2009,15,GA,運動飲料,634,30,6,180,N,1
H1,08/01/2009,11,GA,運動飲料,634,30,6,180,N,1
H1,08/01/2009,12,GA,運動飲料,634,90,6,540,N,2
H1,08/01/2009,15,GA,運動飲料,634,30,6,180,N,1
H1,08/01/2009,16,GA,運動飲料,634,30,6,180,N,1
H1,08/01/2009,17,GA,運動飲料,634,30,6,180,N,1
H1,08/01/2009,20,GA,運動飲料,634,30,6,180,N,1
H1,08/01/2009,21,GA,運動飲料,634,30,6,180,N,1
H1,08/02/2009,10,GA,運動飲料,634,30,6,180,N,1
H1,08/02/2009,13,GA,運動飲料,634,30,6,180,N,1
H1,08/02/2009,14,GA,運動飲料,634,30,6,180,N,1
H1,08/02/2009,20,GA,運動飲料,634,90,6,540,N,1
H1,08/02/2009,21,GA,運動飲料,634,30,6,180,N,1
H1,08/03/2009,17,GA,運動飲料,634,30,6,180,N,1
H1,08/04/2009,11,GA,運動飲料,634,30,6,180,N,1
H1,08/04/2009,13,GA,運動飲料,634,30,6,180,N,1
H1,08/04/2009,20,GA,運動飲料,634,30,6,180,N,1
H1,08/05/2009,13,GA,運動飲料,634,30,6,180,N,1
H1,08/05/2009,17,GA,運動飲料,634,30,6,180,N,1
H1,08/05/2009,20,GA,運動飲料,634,60,6,360,N,1
H1,08/05/2009,21,GA,運動飲料,634,30,6,180,N,1
H1,08/05/2009,23,GA,運動飲料,634,30,6,180,N,1
H1,08/06/2009,10,GA,運動飲料,634,30,6,180,N,1
H1,08/06/2009,17,GA,運動飲料,634,30,6,180,N,1
H1,08/06/2009,22,GA,運動飲料,634,90,6,540,N,2
H1,08/07/2009,09,GA,運動飲料,634,30,6,180,N,1
H1,08/07/2009,12,GA,運動飲料,634,30,6,180,N,1
H1,08/07/2009,15,GA,運動飲料,634,30,6,180,N,1
H1,08/07/2009,21,GA,運動飲料,634,30,6,180,N,1
H1,08/08/2009,14,GA,運動飲料,634,30,6,180,N,1
H1,08/08/2009,17,GA,運動飲料,634,30,6,180,N,1
H1,08/09/2009,14,GA,運動飲料,634,60,6,360,N,2
H1,08/11/2009,11,GA,運動飲料,634,30,6,180,N,1
H1,08/11/2009,12,GA,運動飲料,634,60,6,360,N,2
H1,08/11/2009,16,GA,運動飲料,634,60,6,360,N,2
H1,08/11/2009,17,GA,運動飲料,634,30,6,180,N,1
H1,08/12/2009,10,GA,運動飲料,634,30,6,180,N,1
H1,08/12/2009,11,GA,運動飲料,634,30,6,180,N,1
H1,08/12/2009,19,GA,運動飲料,634,30,6,180,N,1
H1,08/12/2009,20,GA,運動飲料,634,30,6,180,N,1
H1,08/13/2009,10,GA,運動飲料,634,30,6,180,N,2
H1,08/13/2009,11,GA,運動飲料,634,90,6,540,N,3
H1,08/13/2009,15,GA,運動飲料,634,30,6,180,N,1
H1,08/14/2009,10,GA,運動飲料,634,30,5,150,P,1
H1,08/14/2009,12,GA,運動飲料,634,90,5,450,P,3
H1,08/14/2009,16,GA,運動飲料,634,30,5,150,P,1
H1,08/14/2009,17,GA,運動飲料,634,180,5,900,P,3
H1,08/14/2009,18,GA,運動飲料,634,30,5,150,P,1
H1,08/14/2009,19,GA,運動飲料,634,30,5,150,P,1
H1,08/15/2009,01,GA,運動飲料,634,60,5,300,P,2
H1,08/15/2009,05,GA,運動飲料,634,60,5,300,P,1
H1,08/15/2009,11,GA,運動飲料,634,30,5,150,P,1
H1,08/15/2009,12,GA,運動飲料,634,60,5,300,P,2
H1,08/15/2009,14,GA,運動飲料,634,120,5,600,P,4
H1,08/15/2009,15,GA,運動飲料,634,90,5,450,P,2
H1,08/15/2009,16,GA,運動飲料,634,60,5,300,P,2
H1,08/15/2009,17,GA,運動飲料,634,60,5,300,P,1
H1,08/15/2009,18,GA,運動飲料,634,30,5,150,P,1
H1,08/15/2009,19,GA,運動飲料,634,30,5,150,P,1
H1,08/15/2009,20,GA,運動飲料,634,60,5,300,P,2
H1,08/15/2009,22,GA,運動飲料,634,60,5,300,P,2
H1,08/16/2009,01,GA,運動飲料,634,751,5,3755,P,6
H1,08/16/2009,02,GA,運動飲料,634,420,5,2100,P,3
H1,08/16/2009,06,GA,運動飲料,634,210,5,1050,P,4
H1,08/16/2009,08,GA,運動飲料,634,90,5,450,P,2
H1,08/16/2009,10,GA,運動飲料,634,60,5,300,P,1
H1,08/16/2009,11,GA,運動飲料,634,30,5,150,P,1
H1,08/16/2009,12,GA,運動飲料,634,60,5,300,P,2
H1,08/16/2009,13,GA,運動飲料,634,90,5,450,P,3
H1,08/16/2009,14,GA,運動飲料,634,120,5,600,P,4
H1,08/16/2009,15,GA,運動飲料,634,60,5,300,P,2
H1,08/16/2009,16,GA,運動飲料,634,60,5,300,P,1
H1,08/16/2009,17,GA,運動飲料,634,120,5,600,P,4
H1,08/16/2009,20,GA,運動飲料,634,90,5,450,P,3
H1,08/16/2009,21,GA,運動飲料,634,60,5,300,P,2
H1,08/16/2009,22,GA,運動飲料,634,30,5,150,P,1
H1,08/17/2009,02,GA,運動飲料,634,30,5,150,P,1
H1,08/17/2009,04,GA,運動飲料,634,120,5,600,P,1
H1,08/17/2009,06,GA,運動飲料,634,90,5,450,P,2
H1,08/17/2009,09,GA,運動飲料,634,30,5,150,P,1
H1,08/17/2009,10,GA,運動飲料,634,30,5,150,P,1
H1,08/17/2009,11,GA,運動飲料,634,30,5,150,P,2
H1,08/17/2009,12,GA,運動飲料,634,90,5,450,P,2
H1,08/17/2009,13,GA,運動飲料,634,30,5,150,P,1
H1,08/17/2009,14,GA,運動飲料,634,120,5,600,P,1
H1,08/17/2009,15,GA,運動飲料,634,30,5,150,P,1
H1,08/17/2009,16,GA,運動飲料,634,60,5,300,P,2
H1,08/17/2009,17,GA,運動飲料,634,30,5,150,P,1
H1,08/17/2009,18,GA,運動飲料,634,120,5,600,P,3
H1,08/17/2009,20,GA,運動飲料,634,30,5,150,P,1
H1,08/17/2009,22,GA,運動飲料,634,30,5,150,P,1
H1,08/17/2009,23,GA,運動飲料,634,30,5,150,P,1
H1,08/18/2009,10,GA,運動飲料,634,60,5,300,P,3
H1,08/18/2009,11,GA,運動飲料,634,30,5,150,P,2
H1,01/01/2009,15,GA,運動飲料,020,10,15,150,P,1
H1,01/01/2009,16,GA,運動飲料,020,5,15,75,P,1
H1,01/01/2009,20,GA,運動飲料,020,5,15,75,P,1
H1,01/01/2009,21,GA,運動飲料,020,5,15,75,P,1
H1,01/02/2009,13,GA,運動飲料,020,5,15,75,P,1
H1,01/02/2009,16,GA,運動飲料,020,5,15,75,P,1
H1,01/02/2009,18,GA,運動飲料,020,5,15,75,P,1
H1,01/03/2009,21,GA,運動飲料,020,5,15,75,P,1
H1,01/03/2009,22,GA,運動飲料,020,5,15,75,P,1
H1,01/04/2009,15,GA,運動飲料,020,5,15,75,P,1
H1,01/07/2009,10,GA,運動飲料,020,15,16,240,N,2
H1,01/07/2009,12,GA,運動飲料,020,5,16,80,N,1
H1,01/07/2009,16,GA,運動飲料,020,5,16,80,N,1
H1,01/07/2009,17,GA,運動飲料,020,5,16,80,N,1
H1,01/10/2009,22,GA,運動飲料,020,5,16,80,N,1
H1,01/11/2009,12,GA,運動飲料,020,5,16,80,N,1
H1,01/11/2009,14,GA,運動飲料,020,5,16,80,N,1
H1,01/12/2009,18,GA,運動飲料,020,5,16,80,N,1
H1,01/12/2009,21,GA,運動飲料,020,5,16,80,N,1
H1,01/13/2009,11,GA,運動飲料,020,5,16,80,N,1
H1,01/15/2009,13,GA,運動飲料,020,5,16,80,N,1
H1,01/15/2009,18,GA,運動飲料,020,5,16,80,N,1
H1,01/17/2009,12,GA,運動飲料,020,5,16,80,N,1
H1,01/17/2009,21,GA,運動飲料,020,5,16,80,N,1
H1,01/18/2009,09,GA,運動飲料,020,5,16,80,N,1
H1,01/18/2009,10,GA,運動飲料,020,5,16,80,N,1
H1,01/18/2009,22,GA,運動飲料,020,5,16,80,N,1
H1,01/19/2009,16,GA,運動飲料,020,6,17,102,N,2
H1,01/19/2009,19,GA,運動飲料,020,5,16,80,N,1
H1,01/19/2009,20,GA,運動飲料,020,5,16,80,N,1
H1,01/20/2009,01,GA,運動飲料,020,5,16,80,N,1
H1,01/20/2009,14,GA,運動飲料,020,5,16,80,N,1
H1,01/20/2009,22,GA,運動飲料,020,5,16,80,N,1
H1,01/21/2009,18,GA,運動飲料,020,5,16,80,N,1
H1,01/21/2009,20,GA,運動飲料,020,5,16,80,N,1
H1,01/21/2009,21,GA,運動飲料,020,5,16,80,N,1
H1,01/22/2009,10,GA,運動飲料,020,5,16,80,N,1
H1,01/22/2009,19,GA,運動飲料,020,5,16,80,N,1
H1,01/23/2009,02,GA,運動飲料,020,15,16,240,N,1
H1,01/23/2009,11,GA,運動飲料,020,5,16,80,N,1
H1,01/23/2009,14,GA,運動飲料,020,5,16,80,N,1
H1,01/23/2009,15,GA,運動飲料,020,10,16,160,N,1
H1,01/23/2009,20,GA,運動飲料,020,5,16,80,N,1
H1,01/24/2009,01,GA,運動飲料,020,10,16,160,N,2
H1,01/24/2009,06,GA,運動飲料,020,5,16,80,N,1
H1,01/24/2009,10,GA,運動飲料,020,10,16,160,N,1
H1,01/25/2009,02,GA,運動飲料,020,5,16,80,N,1
H1,01/25/2009,11,GA,運動飲料,020,5,16,80,N,1
H1,01/25/2009,13,GA,運動飲料,020,5,16,80,N,1
H1,01/26/2009,16,GA,運動飲料,020,5,16,80,N,1
H1,01/26/2009,17,GA,運動飲料,020,5,16,80,N,2
H1,01/26/2009,22,GA,運動飲料,020,5,16,80,N,1
H1,01/27/2009,11,GA,運動飲料,020,5,16,80,N,1
H1,01/27/2009,17,GA,運動飲料,020,5,16,80,N,1
H1,01/28/2009,16,GA,運動飲料,020,5,16,80,N,1
H1,01/28/2009,20,GA,運動飲料,020,5,16,80,N,1
H1,01/29/2009,10,GA,運動飲料,020,5,16,80,N,1
H1,01/29/2009,13,GA,運動飲料,020,5,16,80,N,1
H1,01/29/2009,15,GA,運動飲料,020,5,16,80,N,1
H1,01/29/2009,19,GA,運動飲料,020,5,16,80,N,1
H1,01/30/2009,13,GA,運動飲料,020,5,16,80,N,1
H1,01/30/2009,15,GA,運動飲料,020,10,16,160,N,1
H1,01/30/2009,18,GA,運動飲料,020,5,16,80,N,1
H1,01/30/2009,21,GA,運動飲料,020,5,16,80,N,1
H1,01/31/2009,17,GA,運動飲料,020,5,16,80,N,1
H1,02/01/2009,09,GA,運動飲料,020,5,16,80,N,1
H1,02/01/2009,12,GA,運動飲料,020,5,16,80,N,1
H1,02/01/2009,13,GA,運動飲料,020,5,16,80,N,1
H1,02/01/2009,19,GA,運動飲料,020,5,16,80,N,1
H1,02/01/2009,20,GA,運動飲料,020,5,16,80,N,1
H1,02/02/2009,13,GA,運動飲料,020,10,16,160,N,1
H1,02/03/2009,17,GA,運動飲料,020,5,16,80,N,1
H1,02/05/2009,14,GA,運動飲料,020,5,16,80,N,1
H1,02/06/2009,13,GA,運動飲料,020,10,16,160,N,1
H1,02/06/2009,15,GA,運動飲料,020,5,16,80,N,1
H1,02/06/2009,19,GA,運動飲料,020,5,16,80,N,1
H1,02/06/2009,20,GA,運動飲料,020,5,16,80,N,1
H1,02/07/2009,22,GA,運動飲料,020,5,16,80,N,1
H1,02/08/2009,16,GA,運動飲料,020,10,16,160,N,2
H1,02/08/2009,19,GA,運動飲料,020,5,16,80,N,1
H1,02/08/2009,22,GA,運動飲料,020,10,16,160,N,1
H1,02/09/2009,18,GA,運動飲料,020,5,16,80,N,2
H1,02/09/2009,21,GA,運動飲料,020,5,16,80,N,1
H1,02/10/2009,12,GA,運動飲料,020,5,16,80,N,1
H1,02/11/2009,19,GA,運動飲料,020,5,16,80,N,1
H1,02/12/2009,10,GA,運動飲料,020,5,16,80,N,1
H1,02/13/2009,12,GA,運動飲料,020,10,16,160,N,1
H1,02/14/2009,16,GA,運動飲料,020,5,16,80,N,1
H1,02/14/2009,19,GA,運動飲料,020,5,16,80,N,1
H1,02/15/2009,10,GA,運動飲料,020,5,16,80,N,1
H1,02/16/2009,11,GA,運動飲料,020,5,12,60,P,1
H1,02/16/2009,13,GA,運動飲料,020,25,12,300,P,1
H1,02/16/2009,20,GA,運動飲料,020,15,12,180,P,2
H1,02/16/2009,21,GA,運動飲料,020,10,12,120,P,1
H1,02/16/2009,22,GA,運動飲料,020,5,12,60,P,1
H1,02/17/2009,17,GA,運動飲料,020,10,12,120,P,1
H1,02/17/2009,19,GA,運動飲料,020,5,12,60,P,1
H1,02/17/2009,20,GA,運動飲料,020,5,12,60,P,1
H1,02/18/2009,13,GA,運動飲料,020,30,12,360,P,2
H1,02/18/2009,14,GA,運動飲料,020,15,12,180,P,2
H1,02/18/2009,16,GA,運動飲料,020,10,12,120,P,1
H1,02/18/2009,17,GA,運動飲料,020,5,12,60,P,1
H1,02/18/2009,20,GA,運動飲料,020,5,12,60,P,1
H1,02/18/2009,21,GA,運動飲料,020,15,12,180,P,1
H1,02/19/2009,13,GA,運動飲料,020,20,12,240,P,1
H1,02/19/2009,14,GA,運動飲料,020,10,12,120,P,2
H1,02/19/2009,18,GA,運動飲料,020,20,12,240,P,2
H1,02/19/2009,19,GA,運動飲料,020,30,12,360,P,2
H1,02/19/2009,21,GA,運動飲料,020,30,12,360,P,2
H1,02/20/2009,13,GA,運動飲料,020,5,12,60,P,1
H1,02/20/2009,14,GA,運動飲料,020,5,12,60,P,1
H1,02/20/2009,15,GA,運動飲料,020,15,12,180,P,2
H1,02/20/2009,20,GA,運動飲料,020,15,12,180,P,2
H1,02/20/2009,21,GA,運動飲料,020,35,12,420,P,3
H1,02/21/2009,10,GA,運動飲料,020,20,12,240,P,1
H1,02/21/2009,11,GA,運動飲料,020,10,12,120,P,2
H1,02/21/2009,12,GA,運動飲料,020,5,12,60,P,1
H1,02/21/2009,13,GA,運動飲料,020,5,12,60,P,1
H1,02/21/2009,14,GA,運動飲料,020,5,12,60,P,1
H1,02/21/2009,15,GA,運動飲料,020,15,12,180,P,3
H1,02/21/2009,16,GA,運動飲料,020,20,12,240,P,3
H1,02/21/2009,17,GA,運動飲料,020,10,12,120,P,2
H1,02/21/2009,19,GA,運動飲料,020,25,12,300,P,3
H1,02/21/2009,20,GA,運動飲料,020,10,12,120,P,2
H1,02/21/2009,21,GA,運動飲料,020,25,12,300,P,3
H1,02/21/2009,22,GA,運動飲料,020,25,12,300,P,2
H1,02/22/2009,10,GA,運動飲料,020,10,12,120,P,2
H1,02/22/2009,12,GA,運動飲料,020,5,12,60,P,1
H1,02/22/2009,13,GA,運動飲料,020,20,12,240,P,3
H1,02/22/2009,14,GA,運動飲料,020,10,12,120,P,2
H1,02/22/2009,15,GA,運動飲料,020,10,12,120,P,2
H1,02/22/2009,17,GA,運動飲料,020,25,12,300,P,3
H1,02/22/2009,19,GA,運動飲料,020,10,12,120,P,2
H1,02/22/2009,20,GA,運動飲料,020,10,12,120,P,1
H1,02/22/2009,21,GA,運動飲料,020,40,12,480,P,5
H1,02/23/2009,10,GA,運動飲料,020,5,12,60,P,1
H1,02/23/2009,12,GA,運動飲料,020,25,12,300,P,4
H1,02/23/2009,13,GA,運動飲料,020,5,12,60,P,1
H1,02/23/2009,14,GA,運動飲料,020,5,12,60,P,1
H1,02/23/2009,15,GA,運動飲料,020,10,12,120,P,1
H1,02/23/2009,18,GA,運動飲料,020,5,12,60,P,1
H1,02/23/2009,19,GA,運動飲料,020,35,12,420,P,2
H1,02/24/2009,19,GA,運動飲料,020,5,12,60,P,1
H1,02/24/2009,21,GA,運動飲料,020,10,12,120,P,1
H1,02/25/2009,13,GA,運動飲料,020,5,12,60,P,1
H1,02/25/2009,14,GA,運動飲料,020,5,12,60,P,1
H1,02/25/2009,15,GA,運動飲料,020,5,12,60,P,1
H1,02/25/2009,18,GA,運動飲料,020,5,12,60,P,1
H1,02/25/2009,19,GA,運動飲料,020,5,12,60,P,1
H1,02/25/2009,20,GA,運動飲料,020,20,12,240,P,3
H1,02/25/2009,22,GA,運動飲料,020,10,12,120,P,2
H1,02/26/2009,12,GA,運動飲料,020,5,12,60,P,1
H1,02/26/2009,17,GA,運動飲料,020,5,12,60,P,1
H1,02/26/2009,18,GA,運動飲料,020,10,12,120,P,1
H1,02/26/2009,19,GA,運動飲料,020,5,12,60,P,1
H1,02/27/2009,11,GA,運動飲料,020,5,12,60,P,1
H1,02/27/2009,12,GA,運動飲料,020,5,12,60,P,1
H1,02/27/2009,13,GA,運動飲料,020,5,12,60,P,1
H1,02/27/2009,15,GA,運動飲料,020,35,12,420,P,2
H1,02/27/2009,16,GA,運動飲料,020,5,12,60,P,1
H1,02/27/2009,20,GA,運動飲料,020,10,12,120,P,2
H1,02/27/2009,21,GA,運動飲料,020,5,12,60,P,1
H1,02/27/2009,23,GA,運動飲料,020,5,12,60,P,1
H1,02/28/2009,09,GA,運動飲料,020,5,12,60,P,1
H1,02/28/2009,10,GA,運動飲料,020,5,12,60,P,1
H1,02/28/2009,11,GA,運動飲料,020,10,12,120,P,2
H1,02/28/2009,12,GA,運動飲料,020,20,12,240,P,2
H1,02/28/2009,13,GA,運動飲料,020,5,12,60,P,1
H1,02/28/2009,15,GA,運動飲料,020,10,12,120,P,1
H1,02/28/2009,16,GA,運動飲料,020,10,12,120,P,1
H1,02/28/2009,19,GA,運動飲料,020,5,12,60,P,1
H1,02/28/2009,20,GA,運動飲料,020,30,12,360,P,2
H1,02/28/2009,21,GA,運動飲料,020,5,12,60,P,1
H1,02/28/2009,22,GA,運動飲料,020,5,12,60,P,1
H1,03/01/2009,11,GA,運動飲料,020,10,12,120,P,1
H1,03/01/2009,12,GA,運動飲料,020,5,12,60,P,1
H1,03/01/2009,13,GA,運動飲料,020,15,12,180,P,3
