demo_data_utf8.csv
Store,Date,Time,Dept,Family,Item_No,SalesQty,Price,SalesValue,Sales_Status,Sales_number
H1,03/01/2009,14,GA,運動飲料,020,5,12,60,P,1
H1,03/01/2009,15,GA,運動飲料,020,5,12,60,P,1
H1,03/01/2009,18,GA,運動飲料,020,15,12,180,P,2
H1,03/01/2009,19,GA,運動飲料,020,5,12,60,P,1
H1,03/01/2009,20,GA,運動飲料,020,10,12,120,P,2
H1,03/01/2009,21,GA,運動飲料,020,10,12,120,P,1
H1,03/02/2009,13,GA,運動飲料,020,20,12,240,P,1
H1,03/02/2009,14,GA,運動飲料,020,5,12,60,P,1
H1,03/02/2009,17,GA,運動飲料,020,15,12,180,P,3
H1,03/02/2009,20,GA,運動飲料,020,5,12,60,P,1
H1,03/03/2009,10,GA,運動飲料,020,10,12,120,P,2
H1,03/03/2009,16,GA,運動飲料,020,10,12,120,P,1
H1,03/03/2009,17,GA,運動飲料,020,15,12,180,P,1
H1,03/04/2009,09,GA,運動飲料,020,5,12,60,P,1
H1,03/04/2009,11,GA,運動飲料,020,10,12,120,P,1
H1,03/04/2009,13,GA,運動飲料,020,10,12,120,P,1
H1,03/04/2009,15,GA,運動飲料,020,15,12,180,P,2
H1,03/04/2009,16,GA,運動飲料,020,5,12,60,P,1
H1,03/04/2009,17,GA,運動飲料,020,5,12,60,P,1
H1,03/04/2009,19,GA,運動飲料,020,5,12,60,P,1
H1,03/04/2009,20,GA,運動飲料,020,15,12,180,P,1
H1,03/04/2009,22,GA,運動飲料,020,30,12,360,P,1
H1,03/05/2009,10,GA,運動飲料,020,5,12,60,P,1
H1,03/05/2009,16,GA,運動飲料,020,10,12,120,P,1
H1,03/07/2009,16,GA,運動飲料,020,5,15,75,P,1
H1,03/07/2009,19,GA,運動飲料,020,15,15,225,P,1
H1,03/08/2009,10,GA,運動飲料,020,10,15,150,P,1
H1,03/08/2009,14,GA,運動飲料,020,5,15,75,P,1
H1,03/08/2009,18,GA,運動飲料,020,5,15,75,P,1
H1,03/09/2009,17,GA,運動飲料,020,5,15,75,P,1
H1,03/10/2009,15,GA,運動飲料,020,10,15,150,P,2
H1,03/10/2009,18,GA,運動飲料,020,5,15,75,P,1
H1,03/10/2009,20,GA,運動飲料,020,5,15,75,P,1
H1,03/12/2009,09,GA,運動飲料,020,5,16,80,N,1
H1,03/13/2009,11,GA,運動飲料,020,65,16,1040,N,2
H1,03/14/2009,12,GA,運動飲料,020,5,16,80,N,1
H1,03/15/2009,20,GA,運動飲料,020,10,16,160,N,1
H1,03/16/2009,14,GA,運動飲料,020,5,15,75,P,1
H1,03/18/2009,14,GA,運動飲料,020,10,12,120,P,2
H1,03/18/2009,20,GA,運動飲料,020,5,12,60,P,1
H1,03/19/2009,10,GA,運動飲料,020,25,12,300,P,1
H1,03/19/2009,12,GA,運動飲料,020,5,12,60,P,1
H1,03/19/2009,13,GA,運動飲料,020,5,12,60,P,1
H1,03/19/2009,20,GA,運動飲料,020,5,12,60,P,1
H1,03/20/2009,11,GA,運動飲料,020,15,12,180,P,1
H1,03/20/2009,12,GA,運動飲料,020,10,12,120,P,1
H1,03/20/2009,19,GA,運動飲料,020,5,12,60,P,1
H1,03/20/2009,20,GA,運動飲料,020,5,12,60,P,1
H1,03/20/2009,21,GA,運動飲料,020,10,12,120,P,2
H1,03/20/2009,22,GA,運動飲料,020,5,12,60,P,1
H1,03/21/2009,11,GA,運動飲料,020,5,12,60,P,1
H1,03/21/2009,12,GA,運動飲料,020,10,12,120,P,2
H1,03/21/2009,13,GA,運動飲料,020,5,12,60,P,1
H1,03/21/2009,14,GA,運動飲料,020,15,12,180,P,2
H1,03/21/2009,15,GA,運動飲料,020,10,12,120,P,1
H1,03/21/2009,18,GA,運動飲料,020,15,12,180,P,3
H1,03/21/2009,21,GA,運動飲料,020,5,12,60,P,1
H1,03/21/2009,22,GA,運動飲料,020,5,12,60,P,1
H1,03/22/2009,12,GA,運動飲料,020,5,12,60,P,1
H1,03/22/2009,14,GA,運動飲料,020,10,12,120,P,2
H1,03/22/2009,15,GA,運動飲料,020,5,12,60,P,1
H1,03/22/2009,20,GA,運動飲料,020,10,12,120,P,2
H1,03/23/2009,10,GA,運動飲料,020,5,12,60,P,1
H1,03/23/2009,13,GA,運動飲料,020,5,12,60,P,1
H1,03/23/2009,14,GA,運動飲料,020,5,12,60,P,1
H1,03/23/2009,15,GA,運動飲料,020,5,12,60,P,1
H1,03/23/2009,16,GA,運動飲料,020,5,12,60,P,1
H1,03/24/2009,12,GA,運動飲料,020,5,12,60,P,1
H1,03/24/2009,16,GA,運動飲料,020,5,12,60,P,1
H1,03/24/2009,20,GA,運動飲料,020,25,12,300,P,1
H1,03/24/2009,22,GA,運動飲料,020,5,12,60,P,1
H1,03/25/2009,19,GA,運動飲料,020,5,12,60,P,1
H1,03/26/2009,14,GA,運動飲料,020,5,12,60,P,1
H1,03/26/2009,17,GA,運動飲料,020,5,12,60,P,1
H1,03/26/2009,19,GA,運動飲料,020,5,12,60,P,1
H1,03/26/2009,21,GA,運動飲料,020,10,12,120,P,1
H1,03/26/2009,22,GA,運動飲料,020,5,12,60,P,1
H1,03/27/2009,10,GA,運動飲料,020,10,12,120,P,1
H1,03/28/2009,16,GA,運動飲料,020,25,12,300,P,3
H1,03/28/2009,18,GA,運動飲料,020,5,12,60,P,1
H1,03/28/2009,19,GA,運動飲料,020,10,12,120,P,1
H1,03/28/2009,20,GA,運動飲料,020,5,12,60,P,1
H1,03/28/2009,22,GA,運動飲料,020,5,12,60,P,1
H1,03/29/2009,15,GA,運動飲料,020,5,12,60,P,1
H1,03/29/2009,20,GA,運動飲料,020,15,12,180,P,2
H1,03/29/2009,21,GA,運動飲料,020,15,12,180,P,2
H1,03/29/2009,22,GA,運動飲料,020,70,12,840,P,2
H1,03/31/2009,12,GA,運動飲料,020,5,12,60,P,1
H1,03/31/2009,13,GA,運動飲料,020,5,12,60,P,1
H1,03/31/2009,14,GA,運動飲料,020,10,12,120,P,1
H1,03/31/2009,15,GA,運動飲料,020,15,12,180,P,2
H1,03/31/2009,17,GA,運動飲料,020,10,12,120,P,1
H1,03/31/2009,21,GA,運動飲料,020,10,12,120,P,1
H1,03/31/2009,22,GA,運動飲料,020,35,12,420,P,1
H1,04/02/2009,17,GA,運動飲料,020,5,16,80,N,1
H1,04/03/2009,13,GA,運動飲料,020,5,16,80,N,1
H1,04/03/2009,21,GA,運動飲料,020,5,16,80,N,1
H1,04/04/2009,14,GA,運動飲料,020,5,16,80,N,1
H1,04/04/2009,16,GA,運動飲料,020,5,16,80,N,1
H1,04/04/2009,17,GA,運動飲料,020,10,16,160,N,1
H1,04/05/2009,11,GA,運動飲料,020,5,16,80,N,1
H1,04/05/2009,14,GA,運動飲料,020,5,16,80,N,1
H1,04/06/2009,14,GA,運動飲料,020,5,13,65,P,1
H1,04/07/2009,13,GA,運動飲料,020,5,13,65,P,1
H1,04/07/2009,22,GA,運動飲料,020,10,13,130,P,1
H1,04/08/2009,11,GA,運動飲料,020,5,13,65,P,1
H1,04/08/2009,14,GA,運動飲料,020,5,13,65,P,1
H1,04/08/2009,18,GA,運動飲料,020,5,13,65,P,1
H1,04/09/2009,11,GA,運動飲料,020,5,11,55,P,1
H1,04/09/2009,12,GA,運動飲料,020,5,11,55,P,1
H1,04/09/2009,18,GA,運動飲料,020,60,11,660,P,1
H1,04/10/2009,10,GA,運動飲料,020,5,14,70,P,1
H1,04/10/2009,11,GA,運動飲料,020,10,14,140,P,1
H1,04/10/2009,15,GA,運動飲料,020,10,14,140,P,2
H1,04/11/2009,09,GA,運動飲料,020,5,14,70,P,1
H1,04/11/2009,14,GA,運動飲料,020,15,14,210,P,2
H1,04/11/2009,19,GA,運動飲料,020,5,14,70,P,1
H1,04/11/2009,21,GA,運動飲料,020,5,14,70,P,1
H1,04/11/2009,22,GA,運動飲料,020,5,14,70,P,1
H1,04/12/2009,11,GA,運動飲料,020,5,14,70,P,1
H1,04/12/2009,12,GA,運動飲料,020,5,14,70,P,1
H1,04/12/2009,13,GA,運動飲料,020,5,14,70,P,1
H1,04/12/2009,16,GA,運動飲料,020,20,14,280,P,2
H1,04/12/2009,17,GA,運動飲料,020,10,14,140,P,1
H1,04/12/2009,20,GA,運動飲料,020,5,14,70,P,1
H1,04/13/2009,15,GA,運動飲料,020,15,14,210,P,1
H1,04/13/2009,16,GA,運動飲料,020,5,14,70,P,1
H1,04/13/2009,17,GA,運動飲料,020,10,14,140,P,2
H1,04/13/2009,22,GA,運動飲料,020,5,14,70,P,1
H1,04/14/2009,15,GA,運動飲料,020,10,14,140,P,1
H1,04/14/2009,18,GA,運動飲料,020,5,14,70,P,1
H1,04/14/2009,19,GA,運動飲料,020,15,14,210,P,1
H1,04/14/2009,21,GA,運動飲料,020,15,14,210,P,1
H1,04/15/2009,11,GA,運動飲料,020,10,14,140,P,1
H1,04/15/2009,19,GA,運動飲料,020,5,14,70,P,1
H1,04/16/2009,09,GA,運動飲料,020,5,14,70,P,1
H1,04/16/2009,10,GA,運動飲料,020,5,14,70,P,1
H1,04/16/2009,12,GA,運動飲料,020,5,14,70,P,1
H1,04/16/2009,14,GA,運動飲料,020,15,14,210,P,1
H1,04/17/2009,16,GA,運動飲料,020,5,14,70,P,1
H1,04/17/2009,19,GA,運動飲料,020,5,14,70,P,1
H1,04/17/2009,20,GA,運動飲料,020,10,14,140,P,2
H1,04/17/2009,21,GA,運動飲料,020,5,14,70,P,1
H1,04/18/2009,09,GA,運動飲料,020,5,14,70,P,1
H1,04/18/2009,11,GA,運動飲料,020,5,14,70,P,1
H1,04/18/2009,16,GA,運動飲料,020,5,14,70,P,1
H1,04/18/2009,20,GA,運動飲料,020,5,14,70,P,1
H1,04/19/2009,10,GA,運動飲料,020,10,14,140,P,2
H1,04/19/2009,11,GA,運動飲料,020,5,14,70,P,1
H1,04/19/2009,17,GA,運動飲料,020,10,14,140,P,2
H1,04/19/2009,18,GA,運動飲料,020,10,14,140,P,1
H1,04/19/2009,22,GA,運動飲料,020,5,14,70,P,1
H1,04/20/2009,11,GA,運動飲料,020,5,14,70,P,1
H1,04/20/2009,13,GA,運動飲料,020,5,14,70,P,1
H1,04/20/2009,15,GA,運動飲料,020,10,14,140,P,1
H1,04/21/2009,13,GA,運動飲料,020,10,14,140,P,1
H1,04/21/2009,14,GA,運動飲料,020,10,14,140,P,2
H1,04/22/2009,21,GA,運動飲料,020,5,14,70,P,1
H1,04/23/2009,22,GA,運動飲料,020,5,14,70,P,1
H1,04/24/2009,11,GA,運動飲料,020,5,14,70,P,1
H1,04/24/2009,17,GA,運動飲料,020,5,14,70,P,1
H1,04/24/2009,20,GA,運動飲料,020,15,14,210,P,1
H1,04/25/2009,10,GA,運動飲料,020,5,14,70,P,1
H1,04/25/2009,11,GA,運動飲料,020,5,14,70,P,1
H1,04/25/2009,13,GA,運動飲料,020,5,14,70,P,1
H1,04/25/2009,14,GA,運動飲料,020,5,14,70,P,1
H1,04/25/2009,15,GA,運動飲料,020,5,14,70,P,1
H1,04/25/2009,17,GA,運動飲料,020,5,14,70,P,1
H1,04/25/2009,22,GA,運動飲料,020,5,14,70,P,1
H1,04/26/2009,10,GA,運動飲料,020,20,14,280,P,3
H1,04/26/2009,11,GA,運動飲料,020,5,14,70,P,1
H1,04/26/2009,13,GA,運動飲料,020,5,14,70,P,1
H1,04/26/2009,14,GA,運動飲料,020,5,14,70,P,1
H1,04/26/2009,15,GA,運動飲料,020,5,14,70,P,1
H1,04/26/2009,17,GA,運動飲料,020,5,14,70,P,1
H1,04/27/2009,14,GA,運動飲料,020,15,14,210,P,1
H1,04/28/2009,15,GA,運動飲料,020,10,15,150,N,1
H1,04/29/2009,10,GA,運動飲料,020,5,15,75,N,1
H1,04/29/2009,15,GA,運動飲料,020,5,15,75,N,1
H1,04/30/2009,14,GA,運動飲料,020,5,15,75,N,1
H1,04/30/2009,18,GA,運動飲料,020,5,15,75,N,1
H1,05/01/2009,10,GA,運動飲料,020,10,15,150,N,1
H1,05/01/2009,13,GA,運動飲料,020,5,15,75,N,1
H1,05/01/2009,20,GA,運動飲料,020,5,15,75,N,1
H1,05/01/2009,22,GA,運動飲料,020,10,15,150,N,1
H1,05/02/2009,11,GA,運動飲料,020,5,15,75,N,1
H1,05/02/2009,16,GA,運動飲料,020,5,15,75,N,1
H1,05/03/2009,09,GA,運動飲料,020,5,15,75,N,1
H1,05/03/2009,13,GA,運動飲料,020,5,15,75,N,1
H1,05/03/2009,14,GA,運動飲料,020,5,15,75,N,1
H1,05/03/2009,16,GA,運動飲料,020,5,15,75,N,1
H1,05/03/2009,19,GA,運動飲料,020,10,15,150,N,1
H1,05/04/2009,15,GA,運動飲料,020,5,15,75,N,1
H1,05/04/2009,17,GA,運動飲料,020,5,15,75,N,1
H1,05/04/2009,20,GA,運動飲料,020,5,15,75,N,1
H1,05/04/2009,21,GA,運動飲料,020,5,15,75,N,1
H1,05/05/2009,10,GA,運動飲料,020,10,16,160,N,1
H1,05/05/2009,20,GA,運動飲料,020,5,16,80,N,1
H1,05/05/2009,22,GA,運動飲料,020,5,16,80,N,1
H1,05/06/2009,20,GA,運動飲料,020,5,16,80,N,1
H1,05/06/2009,21,GA,運動飲料,020,5,16,80,N,1
H1,05/06/2009,22,GA,運動飲料,020,5,16,80,N,1
H1,05/07/2009,18,GA,運動飲料,020,5,16,80,N,1
H1,05/08/2009,10,GA,運動飲料,020,5,16,80,N,1
H1,05/08/2009,11,GA,運動飲料,020,5,16,80,N,1
H1,05/08/2009,19,GA,運動飲料,020,5,16,80,N,1
H1,05/08/2009,21,GA,運動飲料,020,10,16,160,N,1
H1,05/09/2009,11,GA,運動飲料,020,5,16,80,N,1
H1,05/09/2009,13,GA,運動飲料,020,5,16,80,N,1
H1,05/09/2009,14,GA,運動飲料,020,5,16,80,N,1
H1,05/09/2009,19,GA,運動飲料,020,5,16,80,N,1
H1,05/09/2009,20,GA,運動飲料,020,5,16,80,N,1
H1,05/10/2009,11,GA,運動飲料,020,5,16,80,N,1
H1,05/10/2009,13,GA,運動飲料,020,5,16,80,N,1
H1,05/10/2009,15,GA,運動飲料,020,5,16,80,N,1
H1,05/10/2009,16,GA,運動飲料,020,15,16,240,N,2
H1,05/10/2009,17,GA,運動飲料,020,5,16,80,N,1
H1,05/10/2009,18,GA,運動飲料,020,5,16,80,N,1
H1,05/10/2009,20,GA,運動飲料,020,5,16,80,N,1
H1,05/10/2009,22,GA,運動飲料,020,5,16,80,N,1
H1,05/13/2009,10,GA,運動飲料,020,5,14,70,P,1
H1,05/13/2009,11,GA,運動飲料,020,20,14,280,P,1
H1,05/13/2009,14,GA,運動飲料,020,5,14,70,P,1
H1,05/13/2009,19,GA,運動飲料,020,5,14,70,P,1
H1,05/13/2009,20,GA,運動飲料,020,5,14,70,P,1
H1,05/14/2009,20,GA,運動飲料,020,5,14,70,P,1
H1,05/15/2009,19,GA,運動飲料,020,15,14,210,P,2
H1,05/15/2009,21,GA,運動飲料,020,5,14,70,P,1
H1,05/16/2009,14,GA,運動飲料,020,25,14,350,P,2
H1,05/16/2009,15,GA,運動飲料,020,5,14,70,P,1
H1,05/16/2009,16,GA,運動飲料,020,10,14,140,P,1
H1,05/16/2009,19,GA,運動飲料,020,5,14,70,P,1
H1,05/16/2009,20,GA,運動飲料,020,5,14,70,P,1
H1,05/16/2009,21,GA,運動飲料,020,5,14,70,P,1
H1,05/16/2009,22,GA,運動飲料,020,5,14,70,P,1
H1,05/17/2009,10,GA,運動飲料,020,5,14,70,P,1
H1,05/17/2009,11,GA,運動飲料,020,5,14,70,P,1
H1,05/17/2009,14,GA,運動飲料,020,5,14,70,P,1
H1,05/17/2009,16,GA,運動飲料,020,5,14,70,P,1
H1,05/17/2009,17,GA,運動飲料,020,5,14,70,P,1
H1,05/17/2009,18,GA,運動飲料,020,5,14,70,P,1
H1,05/17/2009,20,GA,運動飲料,020,10,14,140,P,2
H1,05/18/2009,15,GA,運動飲料,020,5,14,70,P,1
H1,05/18/2009,18,GA,運動飲料,020,15,14,210,P,2
H1,05/18/2009,22,GA,運動飲料,020,5,14,70,P,1
H1,05/19/2009,12,GA,運動飲料,020,10,14,140,P,1
H1,05/19/2009,15,GA,運動飲料,020,5,14,70,P,1
H1,05/19/2009,16,GA,運動飲料,020,5,14,70,P,1
H1,05/19/2009,17,GA,運動飲料,020,5,14,70,P,1
H1,05/20/2009,14,GA,運動飲料,020,5,14,70,P,1
H1,05/20/2009,15,GA,運動飲料,020,5,14,70,P,1
H1,05/20/2009,16,GA,運動飲料,020,5,14,70,P,1
H1,05/20/2009,17,GA,運動飲料,020,5,14,70,P,1
H1,05/21/2009,15,GA,運動飲料,020,5,14,70,P,1
H1,05/21/2009,20,GA,運動飲料,020,10,14,140,P,1
H1,05/21/2009,22,GA,運動飲料,020,30,14,420,P,1
H1,05/22/2009,11,GA,運動飲料,020,5,14,70,P,1
H1,05/22/2009,16,GA,運動飲料,020,10,14,140,P,2
H1,05/22/2009,20,GA,運動飲料,020,5,14,70,P,1
H1,05/22/2009,21,GA,運動飲料,020,5,14,70,P,1
H1,05/23/2009,09,GA,運動飲料,020,10,14,140,P,2
H1,05/23/2009,14,GA,運動飲料,020,5,14,70,P,1
H1,05/23/2009,16,GA,運動飲料,020,15,14,210,P,2
H1,05/23/2009,18,GA,運動飲料,020,5,14,70,P,1
H1,05/23/2009,21,GA,運動飲料,020,20,14,280,P,4
H1,05/24/2009,12,GA,運動飲料,020,5,14,70,P,1
H1,05/24/2009,14,GA,運動飲料,020,5,14,70,P,1
H1,05/24/2009,15,GA,運動飲料,020,5,14,70,P,1
H1,05/24/2009,18,GA,運動飲料,020,5,14,70,P,1
H1,05/24/2009,20,GA,運動飲料,020,5,14,70,P,1
H1,05/25/2009,15,GA,運動飲料,020,5,14,70,P,1
H1,05/25/2009,17,GA,運動飲料,020,5,14,70,P,1
H1,05/25/2009,21,GA,運動飲料,020,15,14,210,P,1
H1,05/25/2009,22,GA,運動飲料,020,5,14,70,P,1
H1,05/26/2009,13,GA,運動飲料,020,15,14,210,P,2
H1,05/27/2009,14,GA,運動飲料,020,5,14,70,P,1
H1,05/27/2009,17,GA,運動飲料,020,5,14,70,P,1
H1,05/27/2009,22,GA,運動飲料,020,5,14,70,P,1
H1,05/28/2009,09,GA,運動飲料,020,5,14,70,P,1
H1,05/28/2009,15,GA,運動飲料,020,10,14,140,P,2
H1,05/28/2009,16,GA,運動飲料,020,5,14,70,P,1
H1,05/28/2009,20,GA,運動飲料,020,5,14,70,P,1
H1,05/28/2009,22,GA,運動飲料,020,5,14,70,P,1
H1,05/29/2009,13,GA,運動飲料,020,10,16,160,N,1
H1,05/30/2009,11,GA,運動飲料,020,5,16,80,N,1
H1,05/30/2009,13,GA,運動飲料,020,5,16,80,N,1
H1,05/30/2009,14,GA,運動飲料,020,5,16,80,N,1
H1,05/30/2009,15,GA,運動飲料,020,5,16,80,N,1
H1,05/30/2009,20,GA,運動飲料,020,5,16,80,N,1
H1,05/31/2009,13,GA,運動飲料,020,5,16,80,N,1
H1,05/31/2009,15,GA,運動飲料,020,5,16,80,N,1
H1,05/31/2009,17,GA,運動飲料,020,5,16,80,N,1
H1,05/31/2009,20,GA,運動飲料,020,5,16,80,N,1
H1,05/31/2009,22,GA,運動飲料,020,5,16,80,N,1
H1,06/01/2009,11,GA,運動飲料,020,5,16,80,N,1
H1,06/01/2009,17,GA,運動飲料,020,15,16,240,N,2
H1,06/03/2009,14,GA,運動飲料,020,5,16,80,N,1
H1,06/03/2009,22,GA,運動飲料,020,5,16,80,N,1
H1,06/04/2009,17,GA,運動飲料,020,5,16,80,N,1
H1,06/04/2009,21,GA,運動飲料,020,5,16,80,N,1
H1,06/05/2009,10,GA,運動飲料,020,5,16,80,N,1
H1,06/06/2009,09,GA,運動飲料,020,15,16,240,N,1
H1,06/07/2009,09,GA,運動飲料,020,5,16,80,N,1
H1,06/07/2009,12,GA,運動飲料,020,10,16,160,N,2
H1,06/07/2009,15,GA,運動飲料,020,10,16,160,N,1
H1,06/07/2009,16,GA,運動飲料,020,5,16,80,N,1
H1,06/08/2009,14,GA,運動飲料,020,5,16,80,N,1
H1,06/08/2009,18,GA,運動飲料,020,10,16,160,N,2
H1,06/08/2009,20,GA,運動飲料,020,5,16,80,N,1
H1,06/09/2009,13,GA,運動飲料,020,5,16,80,N,1
H1,06/09/2009,16,GA,運動飲料,020,5,16,80,N,1
H1,06/09/2009,17,GA,運動飲料,020,5,16,80,N,1
H1,06/09/2009,18,GA,運動飲料,020,5,16,80,N,1
H1,06/10/2009,14,GA,運動飲料,020,5,16,80,N,1
H1,06/10/2009,20,GA,運動飲料,020,10,16,160,N,1
H1,06/11/2009,18,GA,運動飲料,020,5,16,80,N,1
H1,06/11/2009,19,GA,運動飲料,020,5,16,80,N,1
H1,06/12/2009,09,GA,運動飲料,020,20,16,320,N,1
H1,06/12/2009,14,GA,運動飲料,020,5,16,80,N,1
H1,06/12/2009,17,GA,運動飲料,020,10,16,160,N,1
H1,06/12/2009,19,GA,運動飲料,020,5,16,80,N,1
H1,06/13/2009,09,GA,運動飲料,020,5,16,80,N,1
H1,06/13/2009,15,GA,運動飲料,020,5,16,80,N,1
H1,06/13/2009,18,GA,運動飲料,020,5,16,80,N,1
H1,06/13/2009,21,GA,運動飲料,020,5,16,80,N,1
H1,06/14/2009,11,GA,運動飲料,020,5,16,80,N,1
H1,06/14/2009,14,GA,運動飲料,020,5,16,80,N,1
H1,06/14/2009,19,GA,運動飲料,020,5,16,80,N,1
H1,06/14/2009,21,GA,運動飲料,020,5,16,80,N,1
H1,06/15/2009,10,GA,運動飲料,020,5,16,80,N,1
H1,06/15/2009,11,GA,運動飲料,020,5,16,80,N,1
H1,06/15/2009,16,GA,運動飲料,020,5,16,80,N,1
H1,06/16/2009,17,GA,運動飲料,020,5,16,80,N,1
H1,06/17/2009,11,GA,運動飲料,020,5,16,80,N,1
H1,06/18/2009,21,GA,運動飲料,020,5,16,80,N,1
H1,06/18/2009,22,GA,運動飲料,020,5,16,80,N,1
H1,06/19/2009,18,GA,運動飲料,020,10,16,160,N,1
H1,06/19/2009,22,GA,運動飲料,020,5,16,80,N,1
H1,06/20/2009,17,GA,運動飲料,020,5,16,80,N,1
H1,06/20/2009,18,GA,運動飲料,020,5,16,80,N,1
H1,06/20/2009,20,GA,運動飲料,020,5,16,80,N,1
H1,06/20/2009,22,GA,運動飲料,020,5,16,80,N,1
H1,06/21/2009,10,GA,運動飲料,020,5,16,80,N,1
H1,06/21/2009,11,GA,運動飲料,020,10,16,160,N,2
H1,06/21/2009,16,GA,運動飲料,020,5,16,80,N,1
H1,06/21/2009,18,GA,運動飲料,020,20,16,320,N,3
H1,06/21/2009,21,GA,運動飲料,020,5,16,80,N,1
H1,06/22/2009,12,GA,運動飲料,020,5,16,80,N,1
H1,06/22/2009,14,GA,運動飲料,020,10,16,160,N,1
H1,06/23/2009,18,GA,運動飲料,020,10,16,160,N,2
H1,06/24/2009,13,GA,運動飲料,020,5,16,80,N,1
H1,06/24/2009,14,GA,運動飲料,020,5,16,80,N,1
H1,06/24/2009,19,GA,運動飲料,020,5,16,80,N,1
H1,06/25/2009,12,GA,運動飲料,020,15,16,240,N,1
H1,06/25/2009,21,GA,運動飲料,020,10,16,160,N,2
H1,06/26/2009,10,GA,運動飲料,020,5,16,80,N,1
H1,06/26/2009,15,GA,運動飲料,020,5,16,80,N,1
H1,06/26/2009,18,GA,運動飲料,020,5,16,80,N,1
H1,06/27/2009,14,GA,運動飲料,020,15,16,240,N,2
H1,06/27/2009,17,GA,運動飲料,020,10,16,160,N,2
H1,06/27/2009,18,GA,運動飲料,020,5,16,80,N,1
H1,06/27/2009,20,GA,運動飲料,020,5,16,80,N,1
H1,06/27/2009,21,GA,運動飲料,020,10,16,160,N,1
H1,06/28/2009,12,GA,運動飲料,020,10,16,160,N,1
H1,06/28/2009,13,GA,運動飲料,020,5,16,80,N,1
H1,06/28/2009,17,GA,運動飲料,020,5,16,80,N,1
H1,06/28/2009,19,GA,運動飲料,020,10,16,160,N,1
H1,06/29/2009,09,GA,運動飲料,020,20,16,320,N,1
H1,06/29/2009,12,GA,運動飲料,020,30,16,480,N,1
H1,06/29/2009,16,GA,運動飲料,020,5,16,80,N,1
H1,06/29/2009,19,GA,運動飲料,020,5,16,80,N,1
H1,06/29/2009,20,GA,運動飲料,020,10,16,160,N,1
H1,06/29/2009,22,GA,運動飲料,020,10,16,160,N,2
H1,06/30/2009,15,GA,運動飲料,020,20,16,320,N,1
H1,07/01/2009,21,GA,運動飲料,020,5,16,80,N,1
H1,07/02/2009,18,GA,運動飲料,020,20,16,320,N,2
H1,07/02/2009,20,GA,運動飲料,020,5,16,80,N,1
H1,07/03/2009,15,GA,運動飲料,020,5,16,80,N,1
H1,07/04/2009,10,GA,運動飲料,020,5,16,80,N,1
H1,07/04/2009,11,GA,運動飲料,020,5,16,80,N,1
H1,07/04/2009,14,GA,運動飲料,020,5,16,80,N,1
H1,07/04/2009,15,GA,運動飲料,020,5,16,80,N,1
H1,07/04/2009,19,GA,運動飲料,020,5,16,80,N,1
H1,07/04/2009,21,GA,運動飲料,020,5,16,80,N,1
H1,07/05/2009,09,GA,運動飲料,020,5,16,80,N,1
H1,07/05/2009,12,GA,運動飲料,020,5,16,80,N,1
H1,07/05/2009,14,GA,運動飲料,020,5,16,80,N,1
H1,07/05/2009,16,GA,運動飲料,020,10,16,160,N,2
H1,07/05/2009,18,GA,運動飲料,020,5,16,80,N,1
H1,07/05/2009,20,GA,運動飲料,020,5,16,80,N,1
H1,07/05/2009,22,GA,運動飲料,020,5,16,80,N,1
H1,07/06/2009,09,GA,運動飲料,020,5,16,80,N,1
H1,07/06/2009,10,GA,運動飲料,020,15,16,240,N,1
H1,07/06/2009,11,GA,運動飲料,020,5,16,80,N,1
H1,07/06/2009,12,GA,運動飲料,020,5,16,80,N,1
H1,07/06/2009,14,GA,運動飲料,020,5,16,80,N,1
H1,07/06/2009,15,GA,運動飲料,020,8,15,120,N,2
H1,07/06/2009,21,GA,運動飲料,020,5,16,80,N,1
H1,07/07/2009,11,GA,運動飲料,020,5,16,80,N,1
H1,07/07/2009,14,GA,運動飲料,020,6,17,102,N,2
H1,07/07/2009,15,GA,運動飲料,020,15,16,240,N,1
H1,07/07/2009,18,GA,運動飲料,020,5,16,80,N,1
H1,07/08/2009,17,GA,運動飲料,020,5,16,80,N,1
H1,07/08/2009,20,GA,運動飲料,020,15,16,240,N,1
H1,07/09/2009,13,GA,運動飲料,020,5,16,80,N,1
H1,07/09/2009,14,GA,運動飲料,020,5,16,80,N,1
H1,07/09/2009,18,GA,運動飲料,020,5,16,80,N,1
H1,07/09/2009,21,GA,運動飲料,020,5,16,80,N,1
H1,07/10/2009,12,GA,運動飲料,020,15,16,240,N,1
H1,07/10/2009,15,GA,運動飲料,020,5,16,80,N,1
H1,07/10/2009,18,GA,運動飲料,020,5,16,80,N,1
H1,07/10/2009,20,GA,運動飲料,020,5,16,80,N,1
H1,07/11/2009,10,GA,運動飲料,020,5,16,80,N,1
H1,07/11/2009,13,GA,運動飲料,020,5,16,80,N,1
H1,07/11/2009,16,GA,運動飲料,020,5,16,80,N,1
H1,07/11/2009,17,GA,運動飲料,020,11,16,176,N,3
H1,07/11/2009,18,GA,運動飲料,020,5,16,80,N,1
H1,07/11/2009,19,GA,運動飲料,020,5,16,80,N,1
H1,07/11/2009,20,GA,運動飲料,020,5,16,80,N,1
H1,07/12/2009,09,GA,運動飲料,020,5,16,80,N,1
H1,07/12/2009,10,GA,運動飲料,020,5,16,80,N,1
H1,07/12/2009,11,GA,運動飲料,020,15,16,240,N,2
H1,07/12/2009,18,GA,運動飲料,020,5,16,80,N,1
H1,07/12/2009,19,GA,運動飲料,020,15,16,240,N,3
H1,07/12/2009,20,GA,運動飲料,020,5,16,80,N,1
H1,07/12/2009,21,GA,運動飲料,020,5,16,80,N,1
H1,07/12/2009,22,GA,運動飲料,020,5,16,80,N,1
H1,07/13/2009,09,GA,運動飲料,020,5,16,80,N,1
H1,07/13/2009,10,GA,運動飲料,020,20,16,320,N,2
H1,07/13/2009,12,GA,運動飲料,020,5,16,80,N,1
