demo_data_utf8.csv
Store,Date,Time,Dept,Family,Item_No,SalesQty,Price,SalesValue,Sales_Status,Sales_number
H1,07/13/2009,16,GA,運動飲料,020,10,16,160,N,1
H1,07/14/2009,12,GA,運動飲料,020,5,16,80,N,1
H1,07/14/2009,19,GA,運動飲料,020,10,16,160,N,2
H1,07/15/2009,14,GA,運動飲料,020,35,16,560,N,2
H1,07/15/2009,15,GA,運動飲料,020,5,16,80,N,1
H1,07/15/2009,16,GA,運動飲料,020,5,16,80,N,1
H1,07/16/2009,15,GA,運動飲料,020,10,16,160,N,1
H1,07/16/2009,17,GA,運動飲料,020,5,16,80,N,1
H1,07/16/2009,20,GA,運動飲料,020,10,16,160,N,2
H1,07/17/2009,12,GA,運動飲料,020,40,16,640,N,1
H1,07/17/2009,13,GA,運動飲料,020,10,16,160,N,1
H1,07/17/2009,14,GA,運動飲料,020,5,16,80,N,1
H1,07/17/2009,17,GA,運動飲料,020,5,16,80,N,1
H1,07/17/2009,18,GA,運動飲料,020,5,16,80,N,1
H1,07/18/2009,10,GA,運動飲料,020,10,16,160,N,1
H1,07/18/2009,13,GA,運動飲料,020,5,16,80,N,1
H1,07/18/2009,14,GA,運動飲料,020,5,16,80,N,1
H1,07/18/2009,19,GA,運動飲料,020,5,16,80,N,1
H1,07/18/2009,21,GA,運動飲料,020,10,16,160,N,2
H1,07/19/2009,09,GA,運動飲料,020,5,16,80,N,1
H1,07/19/2009,10,GA,運動飲料,020,5,16,80,N,1
H1,07/19/2009,11,GA,運動飲料,020,5,16,80,N,1
H1,07/19/2009,12,GA,運動飲料,020,5,16,80,N,1
H1,07/19/2009,14,GA,運動飲料,020,5,16,80,N,1
H1,07/19/2009,19,GA,運動飲料,020,5,16,80,N,1
H1,07/19/2009,22,GA,運動飲料,020,15,16,240,N,3
H1,07/20/2009,12,GA,運動飲料,020,25,16,400,N,1
H1,07/20/2009,13,GA,運動飲料,020,35,16,560,N,1
H1,07/20/2009,17,GA,運動飲料,020,5,16,80,N,1
H1,07/20/2009,20,GA,運動飲料,020,5,16,80,N,1
H1,07/20/2009,23,GA,運動飲料,020,10,16,160,N,2
H1,07/21/2009,11,GA,運動飲料,020,5,15,75,P,1
H1,07/21/2009,17,GA,運動飲料,020,5,15,75,P,1
H1,07/22/2009,14,GA,運動飲料,020,5,15,75,P,1
H1,07/22/2009,15,GA,運動飲料,020,5,15,75,P,1
H1,07/22/2009,17,GA,運動飲料,020,5,15,75,P,1
H1,07/22/2009,19,GA,運動飲料,020,25,15,375,P,1
H1,07/22/2009,20,GA,運動飲料,020,40,15,600,P,1
H1,07/23/2009,10,GA,運動飲料,020,5,15,75,P,1
H1,07/23/2009,12,GA,運動飲料,020,15,15,225,P,2
H1,07/23/2009,13,GA,運動飲料,020,10,15,150,P,1
H1,07/23/2009,14,GA,運動飲料,020,5,15,75,P,1
H1,07/23/2009,17,GA,運動飲料,020,5,15,75,P,1
H1,07/23/2009,19,GA,運動飲料,020,15,15,225,P,3
H1,07/23/2009,20,GA,運動飲料,020,10,15,150,P,1
H1,07/23/2009,21,GA,運動飲料,020,5,15,75,P,1
H1,07/24/2009,13,GA,運動飲料,020,5,15,75,P,1
H1,07/24/2009,18,GA,運動飲料,020,5,15,75,P,1
H1,07/24/2009,19,GA,運動飲料,020,5,15,75,P,1
H1,07/24/2009,21,GA,運動飲料,020,5,15,75,P,1
H1,07/24/2009,22,GA,運動飲料,020,5,15,75,P,1
H1,07/25/2009,10,GA,運動飲料,020,5,15,75,P,1
H1,07/26/2009,14,GA,運動飲料,020,10,15,150,P,1
H1,07/26/2009,15,GA,運動飲料,020,10,15,150,P,2
H1,07/26/2009,16,GA,運動飲料,020,10,15,150,P,1
H1,07/26/2009,20,GA,運動飲料,020,5,15,75,P,1
H1,07/27/2009,10,GA,運動飲料,020,35,15,525,P,2
H1,07/27/2009,14,GA,運動飲料,020,10,15,150,P,2
H1,07/27/2009,15,GA,運動飲料,020,25,15,375,P,2
H1,07/28/2009,13,GA,運動飲料,020,5,15,75,P,1
H1,07/28/2009,14,GA,運動飲料,020,5,15,75,P,1
H1,07/28/2009,22,GA,運動飲料,020,10,15,150,P,2
H1,07/29/2009,14,GA,運動飲料,020,10,15,150,P,1
H1,07/29/2009,15,GA,運動飲料,020,5,15,75,P,1
H1,07/30/2009,10,GA,運動飲料,020,30,15,450,P,2
H1,07/30/2009,12,GA,運動飲料,020,5,15,75,P,1
H1,07/30/2009,20,GA,運動飲料,020,5,15,75,P,1
H1,07/30/2009,22,GA,運動飲料,020,10,15,150,P,2
H1,07/31/2009,11,GA,運動飲料,020,10,15,150,P,1
H1,07/31/2009,14,GA,運動飲料,020,5,15,75,P,1
H1,07/31/2009,16,GA,運動飲料,020,15,15,225,P,2
H1,07/31/2009,19,GA,運動飲料,020,15,15,225,P,2
H1,08/01/2009,09,GA,運動飲料,020,5,15,75,P,1
H1,08/01/2009,12,GA,運動飲料,020,5,15,75,P,1
H1,08/01/2009,16,GA,運動飲料,020,5,15,75,P,1
H1,08/01/2009,20,GA,運動飲料,020,10,15,150,P,2
H1,08/01/2009,21,GA,運動飲料,020,10,15,150,P,2
H1,08/02/2009,09,GA,運動飲料,020,5,15,75,P,1
H1,08/02/2009,10,GA,運動飲料,020,10,15,150,P,1
H1,08/02/2009,11,GA,運動飲料,020,5,15,75,P,1
H1,08/02/2009,14,GA,運動飲料,020,15,15,225,P,2
H1,08/02/2009,15,GA,運動飲料,020,5,15,75,P,1
H1,08/02/2009,20,GA,運動飲料,020,5,15,75,P,1
H1,08/02/2009,22,GA,運動飲料,020,5,15,75,P,1
H1,08/03/2009,10,GA,運動飲料,020,15,15,225,P,1
H1,08/03/2009,16,GA,運動飲料,020,5,15,75,P,1
H1,08/03/2009,21,GA,運動飲料,020,5,15,75,P,1
H1,08/04/2009,12,GA,運動飲料,020,5,15,75,P,1
H1,08/04/2009,16,GA,運動飲料,020,5,15,75,P,1
H1,08/04/2009,18,GA,運動飲料,020,5,15,75,P,1
H1,08/05/2009,09,GA,運動飲料,020,5,15,75,P,1
H1,08/05/2009,16,GA,運動飲料,020,15,15,225,P,3
H1,08/05/2009,19,GA,運動飲料,020,5,15,75,P,1
H1,08/05/2009,20,GA,運動飲料,020,5,15,75,P,1
H1,08/06/2009,18,GA,運動飲料,020,5,15,75,P,1
H1,08/07/2009,09,GA,運動飲料,020,5,15,75,P,1
H1,08/07/2009,10,GA,運動飲料,020,5,15,75,P,1
H1,08/07/2009,12,GA,運動飲料,020,15,15,225,P,1
H1,08/07/2009,13,GA,運動飲料,020,5,15,75,P,1
H1,08/07/2009,15,GA,運動飲料,020,10,15,150,P,1
H1,08/07/2009,16,GA,運動飲料,020,5,15,75,P,1
H1,08/07/2009,19,GA,運動飲料,020,5,15,75,P,1
H1,08/07/2009,20,GA,運動飲料,020,5,15,75,P,1
H1,08/08/2009,10,GA,運動飲料,020,10,15,150,P,1
H1,08/08/2009,11,GA,運動飲料,020,15,15,225,P,2
H1,08/09/2009,12,GA,運動飲料,020,10,15,150,P,1
H1,08/09/2009,14,GA,運動飲料,020,15,15,225,P,1
H1,08/09/2009,18,GA,運動飲料,020,5,15,75,P,1
H1,08/09/2009,20,GA,運動飲料,020,10,15,150,P,1
H1,08/10/2009,13,GA,運動飲料,020,5,15,75,P,1
H1,08/10/2009,16,GA,運動飲料,020,5,15,75,P,1
H1,08/11/2009,13,GA,運動飲料,020,10,15,150,P,1
H1,08/11/2009,21,GA,運動飲料,020,10,15,150,P,2
H1,08/12/2009,10,GA,運動飲料,020,5,15,75,P,1
H1,08/12/2009,18,GA,運動飲料,020,5,15,75,P,1
H1,08/12/2009,20,GA,運動飲料,020,5,15,75,P,1
H1,08/12/2009,21,GA,運動飲料,020,5,15,75,P,1
H1,08/13/2009,16,GA,運動飲料,020,10,15,150,P,2
H1,08/13/2009,17,GA,運動飲料,020,10,15,150,P,1
H1,08/13/2009,18,GA,運動飲料,020,10,15,150,P,1
H1,08/14/2009,12,GA,運動飲料,020,30,11,330,P,1
H1,08/14/2009,19,GA,運動飲料,020,5,11,55,P,1
H1,08/14/2009,21,GA,運動飲料,020,85,11,935,P,4
H1,08/15/2009,09,GA,運動飲料,020,15,11,165,P,2
H1,08/15/2009,11,GA,運動飲料,020,10,11,110,P,2
H1,08/15/2009,13,GA,運動飲料,020,15,11,165,P,2
H1,08/15/2009,18,GA,運動飲料,020,10,11,110,P,1
H1,08/15/2009,19,GA,運動飲料,020,5,11,55,P,1
H1,08/15/2009,20,GA,運動飲料,020,5,11,55,P,1
H1,08/15/2009,22,GA,運動飲料,020,5,11,55,P,1
H1,08/16/2009,01,GA,運動飲料,020,30,11,330,P,3
H1,08/16/2009,02,GA,運動飲料,020,5,11,55,P,1
H1,08/16/2009,04,GA,運動飲料,020,5,11,55,P,1
H1,08/16/2009,05,GA,運動飲料,020,5,11,55,P,1
H1,08/16/2009,06,GA,運動飲料,020,5,11,55,P,1
H1,08/16/2009,09,GA,運動飲料,020,5,11,55,P,1
H1,08/16/2009,10,GA,運動飲料,020,10,11,110,P,1
H1,08/16/2009,12,GA,運動飲料,020,5,11,55,P,1
H1,08/16/2009,13,GA,運動飲料,020,5,11,55,P,1
H1,08/16/2009,15,GA,運動飲料,020,5,11,55,P,1
H1,08/16/2009,19,GA,運動飲料,020,10,11,110,P,1
H1,08/16/2009,22,GA,運動飲料,020,20,11,220,P,1
H1,08/17/2009,02,GA,運動飲料,020,30,11,330,P,1
H1,08/17/2009,10,GA,運動飲料,020,5,11,55,P,1
H1,08/17/2009,23,GA,運動飲料,020,10,11,110,P,1
H1,08/18/2009,11,GA,運動飲料,020,5,11,55,P,1
