demo_data_utf8.csv
Store,Date,Time,Dept,Family,Item_No,SalesQty,Price,SalesValue,Sales_Status,Sales_number
H1,01/01/2009,16,GA,運動飲料,274,1,28,28,N,1
H1,01/01/2009,19,GA,運動飲料,274,1,28,28,N,1
H1,01/01/2009,21,GA,運動飲料,274,1,28,28,N,1
H1,01/03/2009,22,GA,運動飲料,274,1,28,28,N,1
H1,01/04/2009,13,GA,運動飲料,274,1,28,28,N,1
H1,01/05/2009,19,GA,運動飲料,274,3,17,51,N,1
H1,01/10/2009,14,GA,運動飲料,274,1,28,28,N,1
H1,01/11/2009,10,GA,運動飲料,274,1,28,28,N,1
H1,01/11/2009,15,GA,運動飲料,274,1,28,28,N,1
H1,01/13/2009,16,GA,運動飲料,274,1,28,28,N,1
H1,01/18/2009,21,GA,運動飲料,274,1,28,28,N,1
H1,01/20/2009,17,GA,運動飲料,274,4,21,84,N,1
H1,01/21/2009,10,GA,運動飲料,274,3,19,57,N,1
H1,01/21/2009,13,GA,運動飲料,274,6,23,138,N,1
H1,01/21/2009,20,GA,運動飲料,274,3,19,57,N,1
H1,01/21/2009,22,GA,運動飲料,274,1,28,28,N,1
H1,01/22/2009,23,GA,運動飲料,274,1,28,28,N,1
H1,01/23/2009,17,GA,運動飲料,274,2,28,56,N,2
H1,01/24/2009,12,GA,運動飲料,274,1,28,28,N,1
H1,01/25/2009,10,GA,運動飲料,274,1,28,28,N,1
H1,01/27/2009,17,GA,運動飲料,274,1,28,28,N,1
H1,01/29/2009,22,GA,運動飲料,274,1,28,28,N,1
H1,01/31/2009,20,GA,運動飲料,274,2,28,56,N,2
H1,02/04/2009,09,GA,運動飲料,274,1,28,28,N,1
H1,02/04/2009,18,GA,運動飲料,274,1,28,28,N,1
H1,02/04/2009,20,GA,運動飲料,274,3,19,57,N,1
H1,02/05/2009,17,GA,運動飲料,274,4,21,84,N,1
H1,02/06/2009,13,GA,運動飲料,274,4,21,84,N,2
H1,02/06/2009,22,GA,運動飲料,274,1,28,28,N,1
H1,02/07/2009,18,GA,運動飲料,274,1,28,28,N,1
H1,02/07/2009,21,GA,運動飲料,274,1,28,28,N,1
H1,02/08/2009,12,GA,運動飲料,274,3,19,57,N,1
H1,02/08/2009,19,GA,運動飲料,274,1,28,28,N,1
H1,02/10/2009,21,GA,運動飲料,274,3,19,57,N,1
H1,02/12/2009,17,GA,運動飲料,274,3,19,57,N,1
H1,02/12/2009,20,GA,運動飲料,274,1,28,28,N,1
H1,02/13/2009,20,GA,運動飲料,274,1,28,28,N,1
H1,02/15/2009,11,GA,運動飲料,274,1,28,28,N,1
H1,02/16/2009,16,GA,運動飲料,274,5,22,110,N,1
H1,02/17/2009,16,GA,運動飲料,274,3,19,57,N,1
H1,02/19/2009,22,GA,運動飲料,274,1,28,28,N,1
H1,02/20/2009,21,GA,運動飲料,274,1,28,28,N,1
H1,02/22/2009,16,GA,運動飲料,274,3,19,57,N,1
H1,02/22/2009,18,GA,運動飲料,274,1,28,28,N,1
H1,02/23/2009,22,GA,運動飲料,274,1,28,28,N,1
H1,02/25/2009,19,GA,運動飲料,274,1,28,28,N,1
H1,02/25/2009,20,GA,運動飲料,274,1,28,28,N,1
H1,02/25/2009,22,GA,運動飲料,274,1,28,28,N,1
H1,02/26/2009,22,GA,運動飲料,274,1,28,28,N,1
H1,02/27/2009,16,GA,運動飲料,274,6,19,114,N,2
H1,02/28/2009,10,GA,運動飲料,274,1,28,28,N,1
H1,02/28/2009,11,GA,運動飲料,274,4,21,84,N,1
H1,02/28/2009,22,GA,運動飲料,274,3,19,57,N,1
H1,03/01/2009,11,GA,運動飲料,274,3,19,57,N,1
H1,03/01/2009,15,GA,運動飲料,274,1,28,28,N,1
H1,03/02/2009,13,GA,運動飲料,274,1,28,28,N,1
H1,03/07/2009,22,GA,運動飲料,274,5,22,110,N,1
H1,03/07/2009,23,GA,運動飲料,274,1,28,28,N,1
H1,03/08/2009,22,GA,運動飲料,274,1,28,28,N,1
H1,03/11/2009,20,GA,運動飲料,274,1,28,28,N,1
H1,03/14/2009,20,GA,運動飲料,274,5,22,110,N,1
H1,03/17/2009,17,GA,運動飲料,274,3,19,57,N,1
H1,03/20/2009,17,GA,運動飲料,274,5,22,110,N,1
H1,03/22/2009,17,GA,運動飲料,274,1,28,28,N,1
H1,03/22/2009,21,GA,運動飲料,274,4,21,84,N,2
H1,03/25/2009,20,GA,運動飲料,274,1,28,28,N,1
H1,03/27/2009,19,GA,運動飲料,274,3,19,57,N,1
H1,03/28/2009,14,GA,運動飲料,274,1,28,28,N,1
H1,03/29/2009,16,GA,運動飲料,274,1,28,28,N,1
H1,03/30/2009,19,GA,運動飲料,274,1,28,28,N,1
H1,04/03/2009,12,GA,運動飲料,274,1,28,28,N,1
H1,04/03/2009,22,GA,運動飲料,274,3,19,57,N,1
H1,04/04/2009,20,GA,運動飲料,274,5,22,110,N,1
H1,04/05/2009,14,GA,運動飲料,274,1,28,28,N,1
H1,04/05/2009,16,GA,運動飲料,274,1,28,28,N,1
H1,04/05/2009,17,GA,運動飲料,274,1,28,28,N,1
H1,04/06/2009,21,GA,運動飲料,274,1,28,28,N,1
H1,04/08/2009,21,GA,運動飲料,274,1,23,23,P,1
H1,04/11/2009,11,GA,運動飲料,274,4,17,68,P,1
H1,04/11/2009,15,GA,運動飲料,274,3,15,45,P,1
H1,04/11/2009,16,GA,運動飲料,274,4,17,68,P,1
H1,04/11/2009,19,GA,運動飲料,274,3,15,45,P,1
H1,04/11/2009,20,GA,運動飲料,274,1,23,23,P,1
H1,04/12/2009,16,GA,運動飲料,274,9,18,162,P,2
H1,04/12/2009,20,GA,運動飲料,274,1,23,23,P,1
H1,04/13/2009,21,GA,運動飲料,274,1,23,23,P,1
H1,04/14/2009,14,GA,運動飲料,274,4,17,68,P,2
H1,04/15/2009,14,GA,運動飲料,274,1,23,23,P,1
H1,04/16/2009,13,GA,運動飲料,274,1,23,23,P,1
H1,04/16/2009,21,GA,運動飲料,274,3,15,45,P,1
H1,04/17/2009,16,GA,運動飲料,274,1,23,23,P,1
H1,04/18/2009,10,GA,運動飲料,274,6,19,114,P,1
H1,04/19/2009,17,GA,運動飲料,274,3,15,45,P,1
H1,04/20/2009,15,GA,運動飲料,274,1,23,23,P,1
H1,04/21/2009,22,GA,運動飲料,274,1,23,23,P,1
H1,04/22/2009,13,GA,運動飲料,274,1,23,23,P,1
H1,04/26/2009,21,GA,運動飲料,274,3,15,45,P,1
H1,04/26/2009,22,GA,運動飲料,274,5,18,90,P,1
H1,04/27/2009,15,GA,運動飲料,274,1,23,23,P,1
H1,04/28/2009,14,GA,運動飲料,274,1,23,23,P,1
H1,04/29/2009,21,GA,運動飲料,274,4,17,68,P,1
H1,05/03/2009,15,GA,運動飲料,274,3,17,51,P,1
H1,05/03/2009,17,GA,運動飲料,274,1,25,25,P,1
H1,05/03/2009,20,GA,運動飲料,274,5,20,100,P,1
H1,05/03/2009,21,GA,運動飲料,274,6,21,126,P,2
H1,05/04/2009,12,GA,運動飲料,274,3,17,51,P,1
H1,05/04/2009,14,GA,運動飲料,274,1,25,25,P,1
H1,05/04/2009,20,GA,運動飲料,274,1,25,25,P,1
H1,05/05/2009,14,GA,運動飲料,274,1,25,25,P,1
H1,05/05/2009,17,GA,運動飲料,274,1,25,25,P,1
H1,05/05/2009,20,GA,運動飲料,274,5,20,100,P,1
H1,05/06/2009,15,GA,運動飲料,274,1,25,25,P,1
H1,05/07/2009,14,GA,運動飲料,274,1,25,25,P,1
H1,05/07/2009,19,GA,運動飲料,274,1,25,25,P,1
H1,05/07/2009,22,GA,運動飲料,274,1,25,25,P,1
H1,05/08/2009,17,GA,運動飲料,274,4,19,76,P,1
H1,05/08/2009,19,GA,運動飲料,274,3,17,51,P,1
H1,05/09/2009,15,GA,運動飲料,274,2,23,46,P,2
H1,05/09/2009,19,GA,運動飲料,274,2,23,46,P,2
H1,05/09/2009,20,GA,運動飲料,274,9,18,162,P,3
H1,05/10/2009,11,GA,運動飲料,274,1,23,23,P,1
H1,05/10/2009,13,GA,運動飲料,274,3,15,45,P,1
H1,05/10/2009,15,GA,運動飲料,274,3,15,45,P,1
H1,05/10/2009,16,GA,運動飲料,274,1,23,23,P,1
H1,05/11/2009,11,GA,運動飲料,274,1,23,23,P,1
H1,05/11/2009,17,GA,運動飲料,274,1,23,23,P,1
H1,05/11/2009,20,GA,運動飲料,274,1,23,23,P,1
H1,05/11/2009,22,GA,運動飲料,274,1,23,23,P,1
H1,05/12/2009,13,GA,運動飲料,274,1,23,23,N,1
H1,05/12/2009,15,GA,運動飲料,274,3,15,45,N,1
H1,05/12/2009,17,GA,運動飲料,274,5,17,85,N,1
H1,05/12/2009,22,GA,運動飲料,274,6,14,84,N,2
H1,05/13/2009,15,GA,運動飲料,274,1,23,23,N,1
H1,05/13/2009,20,GA,運動飲料,274,3,14,42,N,1
H1,05/14/2009,19,GA,運動飲料,274,3,14,42,N,1
H1,05/14/2009,20,GA,運動飲料,274,3,14,42,N,1
H1,05/15/2009,15,GA,運動飲料,274,8,16,128,N,1
H1,05/15/2009,21,GA,運動飲料,274,3,14,42,N,1
H1,05/16/2009,12,GA,運動飲料,274,16,16,256,N,3
H1,05/16/2009,13,GA,運動飲料,274,3,14,42,N,1
H1,05/16/2009,14,GA,運動飲料,274,3,14,42,N,1
H1,05/16/2009,15,GA,運動飲料,274,3,14,42,N,1
H1,05/16/2009,16,GA,運動飲料,274,5,18,90,N,3
H1,05/16/2009,17,GA,運動飲料,274,7,16,112,N,3
H1,05/16/2009,21,GA,運動飲料,274,4,17,68,N,1
H1,05/17/2009,09,GA,運動飲料,274,4,17,68,N,2
H1,05/17/2009,14,GA,運動飲料,274,8,16,128,N,1
H1,05/17/2009,19,GA,運動飲料,274,3,14,42,N,1
H1,05/17/2009,21,GA,運動飲料,274,4,17,68,N,2
H1,05/17/2009,22,GA,運動飲料,274,3,23,69,N,3
H1,05/18/2009,11,GA,運動飲料,274,3,14,42,N,1
H1,05/18/2009,14,GA,運動飲料,274,1,23,23,N,1
H1,05/18/2009,16,GA,運動飲料,274,3,14,42,N,1
H1,05/18/2009,22,GA,運動飲料,274,6,14,84,N,2
H1,05/19/2009,18,GA,運動飲料,274,3,14,42,N,1
H1,05/19/2009,20,GA,運動飲料,274,3,14,42,N,1
H1,05/20/2009,11,GA,運動飲料,274,5,17,85,N,1
H1,05/20/2009,22,GA,運動飲料,274,3,14,42,N,1
H1,05/21/2009,15,GA,運動飲料,274,1,23,23,N,1
H1,05/22/2009,11,GA,運動飲料,274,3,17,51,P,1
H1,05/23/2009,11,GA,運動飲料,274,1,25,25,P,1
H1,05/23/2009,16,GA,運動飲料,274,1,25,25,P,1
H1,05/24/2009,12,GA,運動飲料,274,1,25,25,P,1
H1,05/24/2009,17,GA,運動飲料,274,1,25,25,P,1
H1,05/24/2009,20,GA,運動飲料,274,1,25,25,P,1
H1,05/24/2009,22,GA,運動飲料,274,3,17,51,P,1
H1,05/25/2009,13,GA,運動飲料,274,3,17,51,P,1
H1,05/27/2009,17,GA,運動飲料,274,3,17,51,P,1
H1,05/27/2009,22,GA,運動飲料,274,2,25,50,P,2
H1,05/28/2009,14,GA,運動飲料,274,1,25,25,P,1
H1,05/28/2009,20,GA,運動飲料,274,3,17,51,P,1
H1,05/29/2009,20,GA,運動飲料,274,6,21,126,P,1
H1,05/30/2009,12,GA,運動飲料,274,1,25,25,P,1
H1,05/30/2009,14,GA,運動飲料,274,1,25,25,P,1
H1,05/31/2009,13,GA,運動飲料,274,1,25,25,P,1
H1,06/01/2009,16,GA,運動飲料,274,1,25,25,P,1
H1,06/02/2009,13,GA,運動飲料,274,3,17,51,P,1
H1,06/02/2009,15,GA,運動飲料,274,1,25,25,P,1
H1,06/02/2009,20,GA,運動飲料,274,4,19,76,P,1
H1,06/02/2009,21,GA,運動飲料,274,1,25,25,P,1
H1,06/03/2009,18,GA,運動飲料,274,1,25,25,P,1
H1,06/03/2009,20,GA,運動飲料,274,1,25,25,P,1
H1,06/03/2009,22,GA,運動飲料,274,1,25,25,P,1
H1,06/04/2009,21,GA,運動飲料,274,1,25,25,P,1
H1,06/04/2009,22,GA,運動飲料,274,3,17,51,P,1
H1,06/05/2009,14,GA,運動飲料,274,1,25,25,P,1
H1,06/07/2009,12,GA,運動飲料,274,1,25,25,P,1
H1,06/07/2009,16,GA,運動飲料,274,4,19,76,P,1
H1,06/07/2009,18,GA,運動飲料,274,2,25,50,P,2
H1,06/07/2009,21,GA,運動飲料,274,1,25,25,P,1
H1,06/08/2009,14,GA,運動飲料,274,1,25,25,P,1
H1,06/08/2009,22,GA,運動飲料,274,3,17,51,P,1
H1,06/09/2009,11,GA,運動飲料,274,3,17,51,P,1
H1,06/09/2009,18,GA,運動飲料,274,1,25,25,P,1
H1,06/10/2009,16,GA,運動飲料,274,3,17,51,P,1
H1,06/10/2009,18,GA,運動飲料,274,1,25,25,P,1
H1,06/10/2009,22,GA,運動飲料,274,3,17,51,P,1
H1,06/11/2009,14,GA,運動飲料,274,1,25,25,P,1
H1,06/11/2009,17,GA,運動飲料,274,3,17,51,P,1
H1,06/11/2009,22,GA,運動飲料,274,3,17,51,P,1
H1,06/12/2009,17,GA,運動飲料,274,5,20,100,P,1
H1,06/13/2009,13,GA,運動飲料,274,5,22,110,N,1
H1,06/13/2009,14,GA,運動飲料,274,1,28,28,N,1
H1,06/16/2009,22,GA,運動飲料,274,3,19,57,N,1
H1,06/18/2009,15,GA,運動飲料,274,5,22,110,N,1
H1,06/19/2009,20,GA,運動飲料,274,1,28,28,N,1
H1,06/20/2009,14,GA,運動飲料,274,1,28,28,N,1
H1,06/20/2009,20,GA,運動飲料,274,2,28,56,N,2
H1,06/20/2009,21,GA,運動飲料,274,1,28,28,N,1
H1,06/21/2009,19,GA,運動飲料,274,4,21,84,N,1
H1,06/21/2009,21,GA,運動飲料,274,1,28,28,N,1
H1,06/21/2009,22,GA,運動飲料,274,6,23,138,N,1
H1,06/22/2009,15,GA,運動飲料,274,1,28,28,N,1
H1,06/22/2009,19,GA,運動飲料,274,3,19,57,N,1
H1,06/23/2009,15,GA,運動飲料,274,5,22,110,N,1
H1,06/25/2009,10,GA,運動飲料,274,3,19,57,N,1
H1,06/25/2009,21,GA,運動飲料,274,3,19,57,N,1
H1,06/26/2009,21,GA,運動飲料,274,1,28,28,N,1
H1,06/26/2009,22,GA,運動飲料,274,1,28,28,N,1
H1,06/27/2009,10,GA,運動飲料,274,1,28,28,N,1
H1,06/27/2009,22,GA,運動飲料,274,3,19,57,N,1
H1,06/28/2009,10,GA,運動飲料,274,1,23,23,P,1
H1,06/28/2009,14,GA,運動飲料,274,1,23,23,P,1
H1,06/28/2009,16,GA,運動飲料,274,1,23,23,P,1
H1,06/28/2009,17,GA,運動飲料,274,1,23,23,P,1
H1,06/28/2009,20,GA,運動飲料,274,1,23,23,P,1
H1,06/28/2009,21,GA,運動飲料,274,5,18,90,P,1
H1,06/28/2009,22,GA,運動飲料,274,3,15,45,P,1
H1,06/29/2009,14,GA,運動飲料,274,16,19,304,P,1
H1,06/30/2009,14,GA,運動飲料,274,5,18,90,P,1
H1,06/30/2009,19,GA,運動飲料,274,3,15,45,P,1
H1,07/01/2009,12,GA,運動飲料,274,1,23,23,P,1
H1,07/01/2009,15,GA,運動飲料,274,1,23,23,P,1
H1,07/01/2009,22,GA,運動飲料,274,2,23,46,P,2
H1,07/02/2009,18,GA,運動飲料,274,1,23,23,P,1
H1,07/03/2009,11,GA,運動飲料,274,1,23,23,P,1
H1,07/03/2009,16,GA,運動飲料,274,2,12,24,P,2
H1,07/03/2009,21,GA,運動飲料,274,3,15,45,P,1
H1,07/04/2009,10,GA,運動飲料,274,1,23,23,P,1
H1,07/04/2009,12,GA,運動飲料,274,1,23,23,P,1
H1,07/04/2009,13,GA,運動飲料,274,1,23,23,P,1
H1,07/04/2009,19,GA,運動飲料,274,6,19,114,P,2
H1,07/04/2009,21,GA,運動飲料,274,4,17,68,P,1
H1,07/04/2009,22,GA,運動飲料,274,2,23,46,P,2
H1,07/05/2009,10,GA,運動飲料,274,3,15,45,P,1
H1,07/05/2009,12,GA,運動飲料,274,1,23,23,P,1
H1,07/05/2009,22,GA,運動飲料,274,3,15,45,P,1
H1,07/06/2009,14,GA,運動飲料,274,1,23,23,P,1
H1,07/07/2009,18,GA,運動飲料,274,3,15,45,P,1
H1,07/07/2009,21,GA,運動飲料,274,3,15,45,P,1
H1,07/07/2009,22,GA,運動飲料,274,1,23,23,P,1
H1,07/08/2009,19,GA,運動飲料,274,3,15,45,P,1
H1,07/10/2009,10,GA,運動飲料,274,3,15,45,P,1
H1,07/10/2009,21,GA,運動飲料,274,7,16,112,P,2
H1,07/10/2009,22,GA,運動飲料,274,3,15,45,P,1
H1,07/11/2009,11,GA,運動飲料,274,25,18,450,P,1
H1,07/11/2009,19,GA,運動飲料,274,1,23,23,P,1
H1,07/12/2009,19,GA,運動飲料,274,1,23,23,P,1
H1,07/12/2009,22,GA,運動飲料,274,5,18,90,P,1
H1,07/13/2009,11,GA,運動飲料,274,1,23,23,P,1
H1,07/13/2009,15,GA,運動飲料,274,3,15,45,P,1
H1,07/13/2009,20,GA,運動飲料,274,3,15,45,P,1
H1,07/13/2009,21,GA,運動飲料,274,4,17,68,P,1
H1,07/14/2009,09,GA,運動飲料,274,1,28,28,N,1
H1,07/14/2009,16,GA,運動飲料,274,3,19,57,N,1
H1,07/16/2009,21,GA,運動飲料,274,3,28,84,N,3
H1,07/16/2009,22,GA,運動飲料,274,6,19,114,N,2
H1,07/17/2009,11,GA,運動飲料,274,1,28,28,N,1
H1,07/17/2009,14,GA,運動飲料,274,1,28,28,N,1
H1,07/18/2009,12,GA,運動飲料,274,1,28,28,N,1
H1,07/18/2009,13,GA,運動飲料,274,25,22,550,N,1
H1,07/18/2009,19,GA,運動飲料,274,2,28,56,N,2
H1,07/18/2009,21,GA,運動飲料,274,3,19,57,N,1
H1,07/19/2009,09,GA,運動飲料,274,3,19,57,N,1
H1,07/19/2009,14,GA,運動飲料,274,3,19,57,N,1
H1,07/20/2009,20,GA,運動飲料,274,4,21,84,N,1
H1,07/21/2009,09,GA,運動飲料,274,1,28,28,N,1
H1,07/21/2009,13,GA,運動飲料,274,1,28,28,N,1
H1,07/23/2009,13,GA,運動飲料,274,1,28,28,N,1
H1,07/23/2009,15,GA,運動飲料,274,1,28,28,N,1
H1,07/24/2009,17,GA,運動飲料,274,3,19,57,N,1
H1,07/24/2009,21,GA,運動飲料,274,1,28,28,N,1
H1,07/26/2009,19,GA,運動飲料,274,3,19,57,N,1
H1,07/27/2009,15,GA,運動飲料,274,3,19,57,N,1
H1,07/28/2009,10,GA,運動飲料,274,1,25,25,P,1
H1,07/28/2009,14,GA,運動飲料,274,1,25,25,P,1
H1,07/28/2009,22,GA,運動飲料,274,6,17,102,P,2
H1,07/29/2009,10,GA,運動飲料,274,1,25,25,P,1
H1,07/29/2009,11,GA,運動飲料,274,3,17,51,P,1
H1,07/30/2009,09,GA,運動飲料,274,1,25,25,P,1
H1,07/30/2009,13,GA,運動飲料,274,5,20,100,P,1
H1,07/31/2009,11,GA,運動飲料,274,1,25,25,P,1
H1,07/31/2009,16,GA,運動飲料,274,3,17,51,P,1
H1,07/31/2009,18,GA,運動飲料,274,1,25,25,P,1
H1,08/01/2009,10,GA,運動飲料,274,1,25,25,P,1
H1,08/01/2009,11,GA,運動飲料,274,8,19,152,P,2
H1,08/01/2009,16,GA,運動飲料,274,3,17,51,P,1
H1,08/01/2009,17,GA,運動飲料,274,1,25,25,P,1
H1,08/02/2009,16,GA,運動飲料,274,1,25,25,P,1
H1,08/02/2009,21,GA,運動飲料,274,3,17,51,P,1
H1,08/02/2009,22,GA,運動飲料,274,1,25,25,P,1
H1,08/03/2009,20,GA,運動飲料,274,1,25,25,P,1
H1,01/01/2009,20,GA,運動飲料,152,8,9,72,P,1
H1,01/03/2009,17,GA,運動飲料,152,8,9,72,P,1
H1,01/04/2009,16,GA,運動飲料,152,8,9,72,P,1
H1,01/04/2009,18,GA,運動飲料,152,8,9,72,P,1
H1,01/04/2009,19,GA,運動飲料,152,8,9,72,P,1
H1,01/05/2009,15,GA,運動飲料,152,8,9,72,P,1
H1,01/07/2009,18,GA,運動飲料,152,8,10,80,N,1
H1,01/09/2009,19,GA,運動飲料,152,8,10,80,N,1
H1,01/15/2009,19,GA,運動飲料,152,8,8,64,P,1
H1,01/17/2009,19,GA,運動飲料,152,15,9,135,P,1
H1,01/18/2009,16,GA,運動飲料,152,8,8,64,P,1
H1,01/18/2009,17,GA,運動飲料,152,8,8,64,P,1
H1,01/19/2009,20,GA,運動飲料,152,8,8,64,P,1
H1,01/20/2009,20,GA,運動飲料,152,8,8,64,P,1
H1,01/21/2009,13,GA,運動飲料,152,8,8,64,P,1
H1,01/21/2009,20,GA,運動飲料,152,15,9,135,P,1
H1,01/22/2009,00,GA,運動飲料,152,8,8,64,P,1
H1,01/22/2009,12,GA,運動飲料,152,8,8,64,P,1
H1,01/22/2009,14,GA,運動飲料,152,8,8,64,P,1
H1,01/22/2009,19,GA,運動飲料,152,8,8,64,P,1
H1,01/23/2009,00,GA,運動飲料,152,8,8,64,P,1
H1,01/23/2009,10,GA,運動飲料,152,8,7,56,P,1
H1,01/23/2009,11,GA,運動飲料,152,15,8,120,P,1
H1,01/23/2009,13,GA,運動飲料,152,23,8,184,P,2
H1,01/23/2009,16,GA,運動飲料,152,8,7,56,P,1
H1,01/23/2009,17,GA,運動飲料,152,8,7,56,P,1
H1,01/23/2009,19,GA,運動飲料,152,8,7,56,P,1
H1,01/23/2009,21,GA,運動飲料,152,8,7,56,P,1
H1,01/23/2009,22,GA,運動飲料,152,8,7,56,P,1
H1,01/24/2009,01,GA,運動飲料,152,38,8,304,P,2
H1,01/24/2009,04,GA,運動飲料,152,23,8,184,P,2
H1,01/24/2009,05,GA,運動飲料,152,8,7,56,P,1
H1,01/24/2009,11,GA,運動飲料,152,8,7,56,P,1
H1,01/24/2009,12,GA,運動飲料,152,8,7,56,P,1
H1,01/24/2009,13,GA,運動飲料,152,16,7,112,P,2
H1,01/24/2009,17,GA,運動飲料,152,8,7,56,P,1
H1,01/24/2009,18,GA,運動飲料,152,16,7,112,P,2
H1,01/24/2009,19,GA,運動飲料,152,8,7,56,P,1
H1,01/24/2009,20,GA,運動飲料,152,8,7,56,P,1
H1,01/24/2009,21,GA,運動飲料,152,24,7,168,P,3
H1,01/24/2009,22,GA,運動飲料,152,31,7,217,P,3
H1,01/24/2009,23,GA,運動飲料,152,8,7,56,P,1
H1,01/25/2009,00,GA,運動飲料,152,8,7,56,P,1
H1,01/25/2009,01,GA,運動飲料,152,16,7,112,P,2
H1,01/25/2009,02,GA,運動飲料,152,16,7,112,P,2
H1,01/25/2009,03,GA,運動飲料,152,8,7,56,P,1
H1,01/25/2009,05,GA,運動飲料,152,23,8,184,P,2
H1,01/25/2009,06,GA,運動飲料,152,8,7,56,P,1
H1,01/25/2009,11,GA,運動飲料,152,8,7,56,P,3
H1,01/25/2009,14,GA,運動飲料,152,16,7,112,P,2
H1,01/25/2009,15,GA,運動飲料,152,8,7,56,P,1
H1,01/25/2009,17,GA,運動飲料,152,31,7,217,P,3
H1,01/25/2009,21,GA,運動飲料,152,8,7,56,P,1
H1,01/25/2009,23,GA,運動飲料,152,23,8,184,P,2
H1,01/26/2009,11,GA,運動飲料,152,8,7,56,P,1
H1,01/26/2009,12,GA,運動飲料,152,16,7,112,P,2
H1,01/26/2009,13,GA,運動飲料,152,15,8,120,P,1
H1,01/26/2009,14,GA,運動飲料,152,8,7,56,P,1
H1,01/26/2009,15,GA,運動飲料,152,8,7,56,P,1
H1,01/26/2009,17,GA,運動飲料,152,17,8,136,P,3
H1,01/26/2009,19,GA,運動飲料,152,16,7,112,P,2
H1,01/26/2009,20,GA,運動飲料,152,23,8,184,P,2
H1,01/26/2009,21,GA,運動飲料,152,8,7,56,P,1
H1,01/26/2009,22,GA,運動飲料,152,23,8,184,P,2
H1,01/27/2009,10,GA,運動飲料,152,8,8,64,P,1
H1,01/27/2009,11,GA,運動飲料,152,16,8,128,P,2
H1,01/27/2009,17,GA,運動飲料,152,16,8,128,P,2
H1,01/27/2009,18,GA,運動飲料,152,8,8,64,P,1
H1,01/27/2009,19,GA,運動飲料,152,23,8,184,P,2
H1,01/27/2009,20,GA,運動飲料,152,16,8,128,P,2
H1,01/28/2009,12,GA,運動飲料,152,8,8,64,P,1
H1,01/28/2009,18,GA,運動飲料,152,8,8,64,P,1
H1,01/29/2009,13,GA,運動飲料,152,8,8,64,P,1
H1,01/29/2009,16,GA,運動飲料,152,8,8,64,P,1
H1,01/29/2009,19,GA,運動飲料,152,8,8,64,P,1
H1,01/29/2009,20,GA,運動飲料,152,30,9,270,P,1
H1,01/29/2009,22,GA,運動飲料,152,8,8,64,P,1
H1,01/30/2009,10,GA,運動飲料,152,16,8,128,P,2
H1,01/30/2009,12,GA,運動飲料,152,8,8,64,P,1
H1,01/30/2009,13,GA,運動飲料,152,8,8,64,P,1
H1,01/30/2009,15,GA,運動飲料,152,8,8,64,P,1
H1,01/30/2009,16,GA,運動飲料,152,8,8,64,P,1
H1,01/30/2009,17,GA,運動飲料,152,16,8,128,P,2
H1,01/30/2009,18,GA,運動飲料,152,8,8,64,P,1
H1,01/30/2009,19,GA,運動飲料,152,16,8,128,P,2
H1,01/30/2009,20,GA,運動飲料,152,8,8,64,P,1
H1,01/30/2009,21,GA,運動飲料,152,16,8,128,P,2
H1,01/30/2009,22,GA,運動飲料,152,8,8,64,P,1
H1,01/31/2009,11,GA,運動飲料,152,24,8,192,P,3
H1,01/31/2009,19,GA,運動飲料,152,8,8,64,P,1
H1,01/31/2009,20,GA,運動飲料,152,15,9,135,P,1
H1,01/31/2009,21,GA,運動飲料,152,16,8,128,P,2
H1,01/31/2009,22,GA,運動飲料,152,30,9,270,P,1
H1,02/01/2009,12,GA,運動飲料,152,8,9,72,N,1
H1,02/01/2009,13,GA,運動飲料,152,8,9,72,N,1
H1,02/01/2009,16,GA,運動飲料,152,8,9,72,N,1
H1,02/01/2009,20,GA,運動飲料,152,39,9,351,N,4
H1,02/01/2009,21,GA,運動飲料,152,8,9,72,N,1
H1,02/02/2009,09,GA,運動飲料,152,8,9,72,N,1
H1,02/02/2009,10,GA,運動飲料,152,8,9,72,N,1
H1,02/02/2009,12,GA,運動飲料,152,38,9,342,N,2
H1,02/02/2009,13,GA,運動飲料,152,38,9,342,N,2
H1,02/02/2009,15,GA,運動飲料,152,16,9,144,N,2
H1,02/02/2009,21,GA,運動飲料,152,30,9,270,N,1
H1,02/03/2009,13,GA,運動飲料,152,8,9,72,N,1
H1,02/03/2009,15,GA,運動飲料,152,8,9,72,N,1
H1,02/03/2009,17,GA,運動飲料,152,8,9,72,N,1
H1,02/03/2009,20,GA,運動飲料,152,8,9,72,N,1
H1,02/04/2009,13,GA,運動飲料,152,8,9,72,N,1
H1,02/04/2009,16,GA,運動飲料,152,16,9,144,N,2
H1,02/04/2009,21,GA,運動飲料,152,23,9,207,N,1
H1,02/04/2009,22,GA,運動飲料,152,8,9,72,N,1
H1,02/05/2009,12,GA,運動飲料,152,15,9,135,N,1
H1,02/05/2009,15,GA,運動飲料,152,8,9,72,N,1
H1,02/05/2009,16,GA,運動飲料,152,8,9,72,N,1
H1,02/06/2009,12,GA,運動飲料,152,8,9,72,N,1
H1,02/06/2009,15,GA,運動飲料,152,8,9,72,N,1
H1,02/06/2009,20,GA,運動飲料,152,8,9,72,N,1
H1,02/07/2009,15,GA,運動飲料,152,15,9,135,N,1
H1,02/08/2009,18,GA,運動飲料,152,8,9,72,N,1
H1,02/09/2009,12,GA,運動飲料,152,8,9,72,N,1
H1,02/09/2009,13,GA,運動飲料,152,8,9,72,N,1
H1,02/09/2009,15,GA,運動飲料,152,8,9,72,N,1
H1,02/09/2009,17,GA,運動飲料,152,8,9,72,N,1
H1,02/10/2009,18,GA,運動飲料,152,98,9,882,P,1
H1,02/12/2009,18,GA,運動飲料,152,8,9,72,P,1
H1,02/12/2009,20,GA,運動飲料,152,23,9,207,P,2
H1,02/13/2009,19,GA,運動飲料,152,8,9,72,P,1
H1,02/14/2009,12,GA,運動飲料,152,8,9,72,P,1
H1,02/14/2009,14,GA,運動飲料,152,15,9,135,P,1
H1,02/14/2009,18,GA,運動飲料,152,23,9,207,P,2
H1,02/14/2009,19,GA,運動飲料,152,8,9,72,P,1
H1,02/14/2009,20,GA,運動飲料,152,8,9,72,P,1
H1,02/15/2009,12,GA,運動飲料,152,8,9,72,P,1
