demo_data_utf8.csv
Store,Date,Time,Dept,Family,Item_No,SalesQty,Price,SalesValue,Sales_Status,Sales_number
H1,02/15/2009,17,GA,運動飲料,152,30,9,270,P,1
H1,02/15/2009,19,GA,運動飲料,152,8,9,72,P,1
H1,02/15/2009,22,GA,運動飲料,152,8,9,72,P,1
H1,02/16/2009,14,GA,運動飲料,152,8,9,72,N,1
H1,02/17/2009,12,GA,運動飲料,152,8,9,72,N,1
H1,02/21/2009,21,GA,運動飲料,152,8,9,72,N,1
H1,02/22/2009,16,GA,運動飲料,152,8,9,72,N,1
H1,02/22/2009,17,GA,運動飲料,152,8,9,72,N,1
H1,02/22/2009,21,GA,運動飲料,152,8,9,72,N,1
H1,02/25/2009,15,GA,運動飲料,152,8,9,72,P,1
H1,02/25/2009,18,GA,運動飲料,152,8,9,72,P,1
H1,02/25/2009,21,GA,運動飲料,152,8,9,72,P,1
H1,02/26/2009,18,GA,運動飲料,152,8,9,72,P,1
H1,02/26/2009,20,GA,運動飲料,152,8,9,72,P,1
H1,02/27/2009,10,GA,運動飲料,152,30,9,270,P,1
H1,02/27/2009,23,GA,運動飲料,152,23,9,207,P,1
H1,02/28/2009,15,GA,運動飲料,152,8,9,72,P,1
H1,02/28/2009,16,GA,運動飲料,152,8,9,72,P,1
H1,02/28/2009,17,GA,運動飲料,152,30,9,270,P,1
H1,02/28/2009,21,GA,運動飲料,152,8,9,72,P,1
H1,03/01/2009,14,GA,運動飲料,152,8,9,72,P,1
H1,03/01/2009,18,GA,運動飲料,152,8,9,72,P,1
H1,03/03/2009,09,GA,運動飲料,152,15,9,135,P,3
H1,03/04/2009,17,GA,運動飲料,152,8,9,72,P,1
H1,03/07/2009,14,GA,運動飲料,152,8,9,72,P,1
H1,03/07/2009,15,GA,運動飲料,152,8,9,72,P,1
H1,03/07/2009,16,GA,運動飲料,152,8,9,72,P,1
H1,03/07/2009,18,GA,運動飲料,152,8,9,72,P,1
H1,03/07/2009,19,GA,運動飲料,152,8,9,72,P,1
H1,03/08/2009,15,GA,運動飲料,152,8,9,72,P,1
H1,03/08/2009,17,GA,運動飲料,152,15,9,135,P,1
H1,03/08/2009,21,GA,運動飲料,152,8,9,72,P,1
H1,03/10/2009,13,GA,運動飲料,152,8,9,72,P,1
H1,03/11/2009,13,GA,運動飲料,152,15,9,135,P,1
H1,03/11/2009,15,GA,運動飲料,152,8,9,72,P,1
H1,03/12/2009,18,GA,運動飲料,152,16,9,144,P,2
H1,03/13/2009,10,GA,運動飲料,152,8,9,72,P,1
H1,03/13/2009,18,GA,運動飲料,152,8,9,72,P,1
H1,03/13/2009,20,GA,運動飲料,152,8,9,72,P,1
H1,03/14/2009,16,GA,運動飲料,152,8,9,72,P,1
H1,03/14/2009,17,GA,運動飲料,152,15,9,135,P,1
H1,03/15/2009,11,GA,運動飲料,152,8,9,72,P,1
H1,03/15/2009,18,GA,運動飲料,152,15,9,135,P,1
H1,03/15/2009,21,GA,運動飲料,152,8,9,72,P,1
H1,03/16/2009,21,GA,運動飲料,152,8,9,72,P,1
H1,03/17/2009,14,GA,運動飲料,152,15,9,135,P,1
H1,03/17/2009,19,GA,運動飲料,152,8,9,72,P,1
H1,03/20/2009,10,GA,運動飲料,152,30,8,240,P,1
H1,03/20/2009,12,GA,運動飲料,152,8,7,56,P,1
H1,03/20/2009,22,GA,運動飲料,152,16,7,112,P,2
H1,03/21/2009,14,GA,運動飲料,152,15,8,120,P,1
H1,03/21/2009,15,GA,運動飲料,152,8,7,56,P,1
H1,03/21/2009,19,GA,運動飲料,152,8,7,56,P,1
H1,03/21/2009,22,GA,運動飲料,152,8,7,56,P,1
H1,03/22/2009,22,GA,運動飲料,152,60,8,480,P,1
H1,03/23/2009,13,GA,運動飲料,152,8,7,56,P,1
H1,03/23/2009,16,GA,運動飲料,152,8,7,56,P,1
H1,03/25/2009,14,GA,運動飲料,152,30,8,240,P,1
H1,03/25/2009,16,GA,運動飲料,152,8,7,56,P,1
H1,03/25/2009,20,GA,運動飲料,152,30,8,240,P,1
H1,03/27/2009,20,GA,運動飲料,152,8,7,56,P,1
H1,03/28/2009,14,GA,運動飲料,152,15,8,120,P,1
H1,03/28/2009,15,GA,運動飲料,152,15,8,120,P,1
H1,03/28/2009,18,GA,運動飲料,152,8,7,56,P,1
H1,03/28/2009,19,GA,運動飲料,152,8,7,56,P,1
H1,03/28/2009,20,GA,運動飲料,152,8,7,56,P,1
H1,03/30/2009,10,GA,運動飲料,152,8,7,56,P,1
H1,03/30/2009,23,GA,運動飲料,152,8,7,56,P,1
H1,03/31/2009,21,GA,運動飲料,152,15,8,120,P,1
H1,04/02/2009,12,GA,運動飲料,152,8,9,72,N,1
H1,04/03/2009,21,GA,運動飲料,152,24,9,216,N,3
H1,04/04/2009,09,GA,運動飲料,152,8,9,72,N,1
H1,04/05/2009,09,GA,運動飲料,152,23,9,207,N,2
H1,04/07/2009,12,GA,運動飲料,152,8,8,64,P,1
H1,04/07/2009,16,GA,運動飲料,152,15,9,135,P,1
H1,04/09/2009,11,GA,運動飲料,152,8,8,64,P,1
H1,04/09/2009,19,GA,運動飲料,152,16,8,128,P,2
H1,04/09/2009,20,GA,運動飲料,152,60,9,540,P,1
H1,04/11/2009,09,GA,運動飲料,152,8,8,64,P,1
H1,04/11/2009,12,GA,運動飲料,152,16,8,128,P,2
H1,04/11/2009,20,GA,運動飲料,152,8,8,64,P,1
H1,04/12/2009,10,GA,運動飲料,152,15,9,135,P,1
H1,04/12/2009,17,GA,運動飲料,152,8,8,64,P,1
H1,04/15/2009,11,GA,運動飲料,152,8,9,72,N,1
H1,04/17/2009,20,GA,運動飲料,152,8,9,72,N,1
H1,04/19/2009,14,GA,運動飲料,152,15,10,150,N,1
H1,04/20/2009,22,GA,運動飲料,152,8,9,72,N,1
H1,04/23/2009,09,GA,運動飲料,152,15,10,150,N,1
H1,04/23/2009,12,GA,運動飲料,152,8,9,72,N,1
H1,04/23/2009,16,GA,運動飲料,152,15,10,150,N,1
H1,04/24/2009,21,GA,運動飲料,152,8,9,72,N,1
H1,04/24/2009,22,GA,運動飲料,152,8,9,72,N,1
H1,04/25/2009,12,GA,運動飲料,152,45,10,450,N,1
H1,04/25/2009,16,GA,運動飲料,152,8,9,72,N,1
H1,04/26/2009,11,GA,運動飲料,152,8,9,72,N,1
H1,04/26/2009,13,GA,運動飲料,152,8,9,72,N,1
H1,04/26/2009,21,GA,運動飲料,152,8,9,72,N,1
H1,04/27/2009,17,GA,運動飲料,152,8,9,72,N,1
H1,04/27/2009,19,GA,運動飲料,152,8,9,72,N,1
H1,04/29/2009,20,GA,運動飲料,152,8,9,72,N,1
H1,04/30/2009,19,GA,運動飲料,152,8,9,72,N,1
H1,05/01/2009,16,GA,運動飲料,152,23,10,230,N,2
H1,05/01/2009,21,GA,運動飲料,152,8,9,72,N,1
H1,05/02/2009,17,GA,運動飲料,152,8,9,72,N,1
H1,05/02/2009,20,GA,運動飲料,152,16,9,144,N,2
H1,05/03/2009,13,GA,運動飲料,152,8,9,72,N,1
H1,05/03/2009,18,GA,運動飲料,152,8,9,72,N,1
H1,05/03/2009,19,GA,運動飲料,152,8,9,72,N,1
H1,05/04/2009,15,GA,運動飲料,152,8,9,72,N,1
H1,05/05/2009,11,GA,運動飲料,152,8,10,80,N,1
H1,05/06/2009,13,GA,運動飲料,152,8,10,80,N,1
H1,05/07/2009,10,GA,運動飲料,152,8,10,80,N,1
H1,05/08/2009,09,GA,運動飲料,152,15,11,165,N,1
H1,05/08/2009,13,GA,運動飲料,152,8,10,80,N,1
H1,05/08/2009,14,GA,運動飲料,152,8,10,80,N,1
H1,05/09/2009,10,GA,運動飲料,152,15,8,120,P,1
H1,05/09/2009,13,GA,運動飲料,152,8,7,56,P,1
H1,05/09/2009,14,GA,運動飲料,152,8,7,56,P,1
H1,05/09/2009,15,GA,運動飲料,152,15,8,120,P,1
H1,05/09/2009,16,GA,運動飲料,152,8,7,56,P,1
H1,05/09/2009,22,GA,運動飲料,152,16,7,112,P,2
H1,05/10/2009,11,GA,運動飲料,152,8,7,56,P,1
H1,05/10/2009,13,GA,運動飲料,152,53,8,424,P,3
H1,05/10/2009,14,GA,運動飲料,152,16,7,112,P,2
H1,05/10/2009,16,GA,運動飲料,152,15,8,120,P,1
H1,05/10/2009,17,GA,運動飲料,152,8,7,56,P,1
H1,05/10/2009,20,GA,運動飲料,152,8,7,56,P,1
H1,05/10/2009,21,GA,運動飲料,152,15,8,120,P,1
H1,05/11/2009,19,GA,運動飲料,152,53,8,424,P,3
H1,05/11/2009,21,GA,運動飲料,152,8,7,56,P,1
H1,05/12/2009,11,GA,運動飲料,152,15,8,120,N,1
H1,05/12/2009,20,GA,運動飲料,152,8,7,56,N,1
H1,05/12/2009,22,GA,運動飲料,152,8,7,56,N,1
H1,05/13/2009,09,GA,運動飲料,152,8,7,56,N,1
H1,05/13/2009,14,GA,運動飲料,152,15,8,120,N,1
H1,05/13/2009,20,GA,運動飲料,152,38,8,304,N,2
H1,05/13/2009,21,GA,運動飲料,152,8,7,56,N,1
H1,05/14/2009,09,GA,運動飲料,152,15,8,120,N,1
H1,05/14/2009,13,GA,運動飲料,152,30,8,240,N,2
H1,05/14/2009,19,GA,運動飲料,152,8,7,56,N,1
H1,05/14/2009,20,GA,運動飲料,152,15,8,120,N,1
H1,05/14/2009,21,GA,運動飲料,152,98,8,784,N,2
H1,05/15/2009,10,GA,運動飲料,152,8,7,56,N,1
H1,05/15/2009,11,GA,運動飲料,152,75,8,600,N,1
H1,05/15/2009,12,GA,運動飲料,152,8,7,56,N,1
H1,05/15/2009,15,GA,運動飲料,152,8,7,56,N,1
H1,05/15/2009,21,GA,運動飲料,152,60,8,480,N,1
H1,05/15/2009,22,GA,運動飲料,152,15,8,120,N,3
H1,05/16/2009,14,GA,運動飲料,152,8,7,56,N,1
H1,05/16/2009,15,GA,運動飲料,152,8,7,56,N,1
H1,05/16/2009,18,GA,運動飲料,152,30,8,240,N,2
H1,05/16/2009,22,GA,運動飲料,152,9,8,72,N,2
H1,05/17/2009,09,GA,運動飲料,152,8,7,56,N,1
H1,05/17/2009,11,GA,運動飲料,152,8,7,56,N,1
H1,05/17/2009,13,GA,運動飲料,152,60,8,480,N,3
H1,05/17/2009,16,GA,運動飲料,152,8,7,56,N,1
H1,05/17/2009,18,GA,運動飲料,152,68,8,544,N,2
H1,05/17/2009,19,GA,運動飲料,152,53,8,424,N,2
H1,05/17/2009,22,GA,運動飲料,152,15,8,120,N,1
H1,05/18/2009,10,GA,運動飲料,152,75,8,600,N,2
H1,05/18/2009,13,GA,運動飲料,152,8,7,56,N,1
H1,05/18/2009,17,GA,運動飲料,152,15,8,120,N,1
H1,05/18/2009,20,GA,運動飲料,152,15,8,120,N,1
H1,05/18/2009,21,GA,運動飲料,152,8,7,56,N,1
H1,05/19/2009,21,GA,運動飲料,152,16,7,112,N,2
H1,05/19/2009,22,GA,運動飲料,152,15,8,120,N,1
H1,05/20/2009,11,GA,運動飲料,152,23,8,184,N,2
H1,05/20/2009,12,GA,運動飲料,152,16,7,112,N,2
H1,05/20/2009,13,GA,運動飲料,152,15,8,120,N,1
H1,05/20/2009,14,GA,運動飲料,152,8,7,56,N,1
H1,05/20/2009,22,GA,運動飲料,152,30,8,240,N,2
H1,05/21/2009,09,GA,運動飲料,152,45,8,360,N,1
H1,05/21/2009,16,GA,運動飲料,152,8,7,56,N,1
H1,05/21/2009,17,GA,運動飲料,152,8,7,56,N,1
H1,05/21/2009,18,GA,運動飲料,152,23,8,184,N,2
H1,05/21/2009,20,GA,運動飲料,152,8,7,56,N,1
H1,05/21/2009,21,GA,運動飲料,152,16,7,112,N,2
H1,05/22/2009,09,GA,運動飲料,152,8,9,72,N,1
H1,05/22/2009,11,GA,運動飲料,152,8,9,72,N,1
H1,05/22/2009,15,GA,運動飲料,152,8,9,72,N,1
H1,05/23/2009,10,GA,運動飲料,152,8,9,72,N,1
H1,05/23/2009,11,GA,運動飲料,152,8,9,72,N,1
H1,05/23/2009,21,GA,運動飲料,152,31,10,310,N,3
H1,05/24/2009,09,GA,運動飲料,152,38,10,380,N,2
H1,05/24/2009,13,GA,運動飲料,152,8,9,72,N,1
H1,05/24/2009,14,GA,運動飲料,152,8,9,72,N,1
H1,05/24/2009,20,GA,運動飲料,152,8,9,72,N,1
H1,05/25/2009,11,GA,運動飲料,152,15,10,150,N,1
H1,05/25/2009,19,GA,運動飲料,152,8,9,72,N,1
H1,05/26/2009,17,GA,運動飲料,152,60,10,600,N,1
H1,05/27/2009,22,GA,運動飲料,152,15,10,150,N,1
H1,05/28/2009,18,GA,運動飲料,152,8,9,72,N,1
H1,05/28/2009,20,GA,運動飲料,152,8,9,72,N,1
H1,05/29/2009,14,GA,運動飲料,152,8,9,72,N,1
H1,05/29/2009,19,GA,運動飲料,152,8,9,72,N,1
H1,05/29/2009,20,GA,運動飲料,152,8,9,72,N,1
H1,05/29/2009,21,GA,運動飲料,152,8,9,72,N,1
H1,05/30/2009,17,GA,運動飲料,152,8,9,72,N,1
H1,06/01/2009,11,GA,運動飲料,152,8,9,72,N,1
H1,06/01/2009,14,GA,運動飲料,152,8,9,72,N,1
H1,06/02/2009,21,GA,運動飲料,152,8,9,72,N,1
H1,06/06/2009,09,GA,運動飲料,152,15,10,150,N,1
H1,06/06/2009,12,GA,運動飲料,152,8,9,72,N,1
H1,06/06/2009,17,GA,運動飲料,152,8,9,72,N,1
H1,06/06/2009,20,GA,運動飲料,152,8,9,72,N,1
H1,06/07/2009,10,GA,運動飲料,152,9,10,90,N,2
H1,06/07/2009,13,GA,運動飲料,152,8,9,72,N,1
H1,06/07/2009,22,GA,運動飲料,152,8,9,72,N,1
H1,06/07/2009,23,GA,運動飲料,152,8,9,72,N,1
H1,06/08/2009,19,GA,運動飲料,152,8,9,72,N,1
H1,06/09/2009,17,GA,運動飲料,152,16,9,144,N,2
H1,06/10/2009,14,GA,運動飲料,152,8,9,72,N,1
H1,06/12/2009,15,GA,運動飲料,152,8,9,72,N,1
H1,06/13/2009,11,GA,運動飲料,152,8,9,72,N,1
H1,06/13/2009,19,GA,運動飲料,152,8,9,72,N,1
H1,06/14/2009,14,GA,運動飲料,152,15,10,150,N,1
H1,06/14/2009,16,GA,運動飲料,152,53,10,530,N,5
H1,06/14/2009,18,GA,運動飲料,152,8,9,72,N,1
H1,06/14/2009,21,GA,運動飲料,152,8,9,72,N,1
H1,06/15/2009,18,GA,運動飲料,152,8,9,72,N,1
H1,06/17/2009,13,GA,運動飲料,152,15,10,150,N,1
H1,06/17/2009,15,GA,運動飲料,152,8,9,72,N,1
H1,06/17/2009,17,GA,運動飲料,152,8,9,72,N,1
H1,06/18/2009,12,GA,運動飲料,152,90,10,900,N,1
H1,06/18/2009,17,GA,運動飲料,152,8,9,72,N,1
H1,06/18/2009,19,GA,運動飲料,152,8,9,72,N,1
H1,06/19/2009,18,GA,運動飲料,152,8,9,72,N,1
H1,06/19/2009,21,GA,運動飲料,152,8,9,72,N,1
H1,06/20/2009,14,GA,運動飲料,152,8,9,72,N,1
H1,06/20/2009,15,GA,運動飲料,152,15,10,150,N,1
H1,06/20/2009,19,GA,運動飲料,152,8,9,72,N,1
H1,06/20/2009,21,GA,運動飲料,152,15,10,150,N,1
H1,06/21/2009,19,GA,運動飲料,152,8,9,72,N,3
H1,06/22/2009,11,GA,運動飲料,152,8,9,72,N,1
H1,06/22/2009,15,GA,運動飲料,152,16,9,144,N,2
H1,06/22/2009,17,GA,運動飲料,152,8,9,72,N,1
H1,06/24/2009,13,GA,運動飲料,152,15,10,150,N,1
H1,06/25/2009,14,GA,運動飲料,152,8,9,72,N,1
H1,06/25/2009,16,GA,運動飲料,152,30,10,300,N,1
H1,06/25/2009,20,GA,運動飲料,152,16,9,144,N,2
H1,06/26/2009,19,GA,運動飲料,152,8,9,72,N,1
H1,06/26/2009,21,GA,運動飲料,152,8,9,72,N,1
H1,06/27/2009,16,GA,運動飲料,152,8,9,72,N,1
H1,06/27/2009,20,GA,運動飲料,152,8,9,72,N,1
H1,06/27/2009,21,GA,運動飲料,152,15,10,150,N,1
H1,06/27/2009,22,GA,運動飲料,152,8,9,72,N,1
H1,06/28/2009,11,GA,運動飲料,152,8,9,72,N,1
H1,06/28/2009,15,GA,運動飲料,152,23,9,207,N,1
H1,06/28/2009,21,GA,運動飲料,152,8,9,72,N,1
H1,06/29/2009,09,GA,運動飲料,152,23,9,207,N,1
H1,06/29/2009,20,GA,運動飲料,152,8,9,72,N,1
H1,06/30/2009,11,GA,運動飲料,152,8,9,72,N,1
H1,07/01/2009,13,GA,運動飲料,152,8,9,72,N,1
H1,07/01/2009,20,GA,運動飲料,152,8,9,72,N,1
H1,07/02/2009,18,GA,運動飲料,152,8,9,72,N,1
H1,07/04/2009,10,GA,運動飲料,152,8,9,72,N,1
H1,07/04/2009,12,GA,運動飲料,152,8,9,72,N,1
H1,07/04/2009,14,GA,運動飲料,152,30,10,300,N,1
H1,07/04/2009,15,GA,運動飲料,152,8,9,72,N,1
H1,07/04/2009,16,GA,運動飲料,152,8,9,72,N,1
H1,07/04/2009,19,GA,運動飲料,152,8,9,72,N,1
H1,07/04/2009,20,GA,運動飲料,152,8,9,72,N,1
H1,07/05/2009,13,GA,運動飲料,152,8,9,72,N,1
H1,07/05/2009,16,GA,運動飲料,152,16,9,144,N,2
H1,07/05/2009,21,GA,運動飲料,152,8,9,72,N,1
H1,07/06/2009,10,GA,運動飲料,152,15,10,150,N,1
H1,07/06/2009,13,GA,運動飲料,152,8,9,72,N,1
H1,07/07/2009,15,GA,運動飲料,152,16,9,144,N,2
H1,07/07/2009,22,GA,運動飲料,152,15,10,150,N,1
H1,07/08/2009,13,GA,運動飲料,152,8,9,72,N,1
H1,07/08/2009,18,GA,運動飲料,152,8,9,72,N,1
H1,07/08/2009,20,GA,運動飲料,152,8,9,72,N,1
H1,07/09/2009,12,GA,運動飲料,152,8,9,72,N,1
H1,07/09/2009,17,GA,運動飲料,152,8,9,72,N,1
H1,07/09/2009,18,GA,運動飲料,152,8,9,72,N,1
H1,07/09/2009,20,GA,運動飲料,152,8,9,72,N,1
H1,07/10/2009,10,GA,運動飲料,152,8,9,72,N,1
H1,07/10/2009,12,GA,運動飲料,152,16,9,144,N,2
H1,07/10/2009,17,GA,運動飲料,152,8,9,72,N,1
H1,07/10/2009,20,GA,運動飲料,152,8,9,72,N,1
H1,07/11/2009,09,GA,運動飲料,152,15,10,150,N,1
H1,07/11/2009,10,GA,運動飲料,152,8,9,72,N,1
H1,07/11/2009,12,GA,運動飲料,152,8,9,72,N,1
H1,07/11/2009,16,GA,運動飲料,152,8,9,72,N,1
H1,07/12/2009,12,GA,運動飲料,152,16,9,144,N,2
H1,07/12/2009,14,GA,運動飲料,152,8,9,72,N,1
H1,07/12/2009,22,GA,運動飲料,152,23,9,207,N,2
H1,07/13/2009,10,GA,運動飲料,152,8,9,72,N,1
H1,07/13/2009,16,GA,運動飲料,152,8,9,72,N,1
H1,07/13/2009,17,GA,運動飲料,152,8,9,72,N,1
H1,07/14/2009,12,GA,運動飲料,152,8,9,72,N,1
H1,07/14/2009,18,GA,運動飲料,152,30,10,300,N,1
H1,07/15/2009,10,GA,運動飲料,152,8,9,72,N,1
H1,07/16/2009,19,GA,運動飲料,152,8,9,72,N,1
H1,07/16/2009,22,GA,運動飲料,152,8,9,72,N,1
H1,07/17/2009,16,GA,運動飲料,152,8,9,72,N,1
H1,07/17/2009,20,GA,運動飲料,152,16,9,144,N,2
H1,07/18/2009,20,GA,運動飲料,152,15,10,150,N,1
H1,07/18/2009,21,GA,運動飲料,152,16,9,144,N,2
H1,07/19/2009,16,GA,運動飲料,152,8,9,72,N,1
H1,07/20/2009,10,GA,運動飲料,152,15,10,150,N,1
H1,07/20/2009,15,GA,運動飲料,152,8,9,72,N,1
H1,07/20/2009,18,GA,運動飲料,152,23,9,207,N,2
H1,07/20/2009,19,GA,運動飲料,152,8,9,72,N,1
H1,07/20/2009,21,GA,運動飲料,152,15,10,150,N,1
H1,07/21/2009,13,GA,運動飲料,152,23,9,207,N,2
H1,07/21/2009,21,GA,運動飲料,152,8,9,72,N,1
H1,07/23/2009,21,GA,運動飲料,152,8,9,72,N,1
H1,07/24/2009,14,GA,運動飲料,152,8,9,72,N,1
H1,07/24/2009,16,GA,運動飲料,152,16,9,144,N,2
H1,07/24/2009,17,GA,運動飲料,152,8,9,72,N,1
H1,07/24/2009,19,GA,運動飲料,152,9,9,81,N,2
H1,07/25/2009,12,GA,運動飲料,152,8,9,72,N,1
H1,07/25/2009,13,GA,運動飲料,152,8,9,72,N,1
H1,07/25/2009,15,GA,運動飲料,152,8,9,72,N,1
H1,07/25/2009,16,GA,運動飲料,152,8,9,72,N,1
H1,07/25/2009,17,GA,運動飲料,152,8,9,72,N,1
H1,07/25/2009,19,GA,運動飲料,152,8,9,72,N,1
H1,07/25/2009,22,GA,運動飲料,152,8,9,72,N,1
H1,07/26/2009,12,GA,運動飲料,152,8,9,72,N,1
H1,07/26/2009,13,GA,運動飲料,152,8,9,72,N,1
H1,07/26/2009,17,GA,運動飲料,152,8,9,72,N,1
H1,07/26/2009,21,GA,運動飲料,152,31,9,279,N,2
H1,07/27/2009,14,GA,運動飲料,152,8,9,72,N,1
H1,07/27/2009,15,GA,運動飲料,152,8,9,72,N,1
H1,07/28/2009,21,GA,運動飲料,152,8,9,72,N,1
H1,07/29/2009,11,GA,運動飲料,152,8,9,72,N,1
H1,07/29/2009,15,GA,運動飲料,152,8,9,72,N,1
H1,07/30/2009,19,GA,運動飲料,152,8,9,72,N,1
H1,07/30/2009,21,GA,運動飲料,152,8,9,72,N,1
H1,07/31/2009,16,GA,運動飲料,152,8,9,72,N,1
H1,08/01/2009,10,GA,運動飲料,152,23,9,207,N,2
H1,08/01/2009,19,GA,運動飲料,152,8,9,72,N,1
H1,08/01/2009,21,GA,運動飲料,152,15,10,150,N,1
H1,08/02/2009,11,GA,運動飲料,152,15,10,150,N,1
H1,08/02/2009,12,GA,運動飲料,152,8,9,72,N,1
H1,08/02/2009,14,GA,運動飲料,152,8,9,72,N,1
H1,08/02/2009,20,GA,運動飲料,152,8,9,72,N,1
H1,08/03/2009,10,GA,運動飲料,152,15,10,150,N,1
H1,08/03/2009,11,GA,運動飲料,152,8,9,72,N,1
H1,08/03/2009,16,GA,運動飲料,152,8,9,72,N,1
H1,08/05/2009,14,GA,運動飲料,152,15,10,150,N,1
H1,08/05/2009,15,GA,運動飲料,152,8,9,72,N,1
H1,08/05/2009,17,GA,運動飲料,152,16,9,144,N,2
H1,08/05/2009,22,GA,運動飲料,152,23,9,207,N,1
H1,08/06/2009,17,GA,運動飲料,152,8,9,72,N,1
H1,08/06/2009,20,GA,運動飲料,152,8,9,72,N,1
H1,08/06/2009,21,GA,運動飲料,152,8,9,72,N,1
H1,08/07/2009,17,GA,運動飲料,152,8,9,72,N,1
H1,08/08/2009,15,GA,運動飲料,152,23,9,207,N,2
H1,08/08/2009,20,GA,運動飲料,152,8,9,72,N,1
H1,08/09/2009,10,GA,運動飲料,152,8,9,72,N,1
H1,08/09/2009,12,GA,運動飲料,152,8,9,72,N,1
H1,08/09/2009,14,GA,運動飲料,152,8,9,72,N,1
H1,08/09/2009,17,GA,運動飲料,152,15,10,150,N,1
H1,08/10/2009,16,GA,運動飲料,152,8,9,72,P,1
H1,08/10/2009,22,GA,運動飲料,152,23,9,207,P,1
H1,08/11/2009,16,GA,運動飲料,152,8,9,72,P,1
H1,08/11/2009,21,GA,運動飲料,152,8,9,72,P,1
H1,08/12/2009,19,GA,運動飲料,152,8,9,72,P,1
H1,08/13/2009,11,GA,運動飲料,152,8,9,72,P,1
H1,08/13/2009,12,GA,運動飲料,152,8,9,72,P,1
H1,08/13/2009,15,GA,運動飲料,152,8,9,72,P,1
H1,08/14/2009,20,GA,運動飲料,152,8,9,72,P,1
H1,08/14/2009,22,GA,運動飲料,152,8,9,72,P,1
H1,08/15/2009,11,GA,運動飲料,152,23,9,207,P,2
H1,08/15/2009,12,GA,運動飲料,152,8,9,72,P,1
H1,08/15/2009,16,GA,運動飲料,152,8,9,72,P,1
H1,08/15/2009,17,GA,運動飲料,152,8,9,72,P,1
H1,08/16/2009,01,GA,運動飲料,152,25,9,225,P,4
H1,08/16/2009,02,GA,運動飲料,152,8,9,72,P,3
H1,08/16/2009,14,GA,運動飲料,152,8,9,72,P,1
H1,08/16/2009,15,GA,運動飲料,152,8,9,72,P,1
H1,08/16/2009,17,GA,運動飲料,152,30,9,270,P,1
H1,08/16/2009,21,GA,運動飲料,152,8,9,72,P,1
H1,08/17/2009,02,GA,運動飲料,152,8,9,72,P,1
H1,08/17/2009,09,GA,運動飲料,152,23,9,207,P,1
H1,08/17/2009,10,GA,運動飲料,152,8,9,72,P,1
H1,08/17/2009,14,GA,運動飲料,152,8,9,72,P,1
H1,08/17/2009,20,GA,運動飲料,152,8,9,72,P,1
H1,08/18/2009,10,GA,運動飲料,152,15,9,135,P,1
H1,01/01/2009,20,GA,運動飲料,666,5,17,85,N,1
H1,01/01/2009,22,GA,運動飲料,666,5,17,85,N,1
H1,01/02/2009,13,GA,運動飲料,666,10,17,170,N,1
H1,01/02/2009,14,GA,運動飲料,666,5,17,85,N,1
H1,01/02/2009,19,GA,運動飲料,666,5,17,85,N,1
H1,01/02/2009,21,GA,運動飲料,666,5,17,85,N,1
H1,01/03/2009,20,GA,運動飲料,666,15,17,255,N,2
H1,01/04/2009,12,GA,運動飲料,666,10,17,170,N,1
H1,01/05/2009,13,GA,運動飲料,666,5,17,85,N,1
H1,01/07/2009,19,GA,運動飲料,666,5,17,85,N,1
H1,01/07/2009,21,GA,運動飲料,666,5,17,85,N,1
H1,01/09/2009,23,GA,運動飲料,666,5,17,85,N,1
H1,01/10/2009,18,GA,運動飲料,666,5,17,85,N,1
H1,01/10/2009,19,GA,運動飲料,666,5,17,85,N,1
H1,01/11/2009,13,GA,運動飲料,666,15,17,255,N,1
H1,01/11/2009,19,GA,運動飲料,666,5,17,85,N,1
H1,01/13/2009,20,GA,運動飲料,666,10,17,170,N,1
H1,01/14/2009,13,GA,運動飲料,666,5,17,85,N,1
H1,01/14/2009,17,GA,運動飲料,666,5,17,85,N,1
H1,01/14/2009,21,GA,運動飲料,666,5,17,85,N,1
H1,01/16/2009,12,GA,運動飲料,666,5,17,85,N,1
H1,01/17/2009,14,GA,運動飲料,666,5,17,85,N,1
H1,01/18/2009,12,GA,運動飲料,666,5,17,85,N,1
H1,01/18/2009,20,GA,運動飲料,666,10,17,170,N,2
H1,01/24/2009,19,GA,運動飲料,666,5,14,70,N,1
H1,01/25/2009,01,GA,運動飲料,666,10,14,140,N,1
H1,01/25/2009,10,GA,運動飲料,666,5,14,70,N,1
H1,01/25/2009,22,GA,運動飲料,666,5,14,70,N,1
H1,01/25/2009,23,GA,運動飲料,666,5,14,70,N,1
H1,01/26/2009,22,GA,運動飲料,666,5,14,70,N,1
H1,01/28/2009,13,GA,運動飲料,666,5,14,70,N,1
H1,01/28/2009,20,GA,運動飲料,666,5,14,70,N,1
H1,01/30/2009,15,GA,運動飲料,666,5,14,70,N,1
H1,01/30/2009,19,GA,運動飲料,666,5,14,70,N,1
H1,01/31/2009,14,GA,運動飲料,666,5,14,70,N,1
H1,02/01/2009,10,GA,運動飲料,666,5,14,70,N,1
H1,02/01/2009,13,GA,運動飲料,666,5,14,70,N,1
H1,02/03/2009,16,GA,運動飲料,666,5,14,70,N,1
H1,02/03/2009,22,GA,運動飲料,666,5,14,70,N,1
H1,02/04/2009,21,GA,運動飲料,666,10,14,140,N,1
H1,02/04/2009,22,GA,運動飲料,666,25,14,350,N,2
H1,02/05/2009,09,GA,運動飲料,666,20,14,280,N,1
H1,02/07/2009,19,GA,運動飲料,666,15,14,210,N,1
H1,02/07/2009,20,GA,運動飲料,666,5,14,70,N,1
H1,02/09/2009,11,GA,運動飲料,666,5,14,70,N,1
H1,02/09/2009,22,GA,運動飲料,666,10,14,140,N,1
H1,02/10/2009,13,GA,運動飲料,666,5,14,70,N,1
H1,02/10/2009,20,GA,運動飲料,666,5,14,70,N,1
H1,02/10/2009,21,GA,運動飲料,666,5,14,70,N,1
H1,02/13/2009,21,GA,運動飲料,666,10,14,140,N,1
H1,02/14/2009,19,GA,運動飲料,666,10,14,140,N,2
H1,02/14/2009,20,GA,運動飲料,666,5,14,70,N,1
H1,02/14/2009,22,GA,運動飲料,666,5,14,70,N,1
H1,02/15/2009,15,GA,運動飲料,666,20,14,280,N,2
H1,02/15/2009,16,GA,運動飲料,666,5,14,70,N,1
H1,02/17/2009,18,GA,運動飲料,666,5,14,70,N,1
H1,02/17/2009,20,GA,運動飲料,666,5,14,70,N,1
