demo_data_utf8.csv
Store,Date,Time,Dept,Family,Item_No,SalesQty,Price,SalesValue,Sales_Status,Sales_number
H1,02/18/2009,12,GA,運動飲料,666,10,14,140,N,1
H1,02/18/2009,21,GA,運動飲料,666,5,14,70,N,1
H1,02/19/2009,11,GA,運動飲料,666,5,14,70,N,1
H1,02/19/2009,14,GA,運動飲料,666,5,14,70,N,1
H1,02/19/2009,22,GA,運動飲料,666,5,14,70,N,1
H1,02/21/2009,19,GA,運動飲料,666,10,14,140,N,2
H1,02/22/2009,18,GA,運動飲料,666,20,14,280,N,1
H1,02/23/2009,21,GA,運動飲料,666,5,14,70,N,1
H1,02/25/2009,12,GA,運動飲料,666,5,14,70,N,1
H1,02/25/2009,21,GA,運動飲料,666,10,14,140,N,1
H1,02/26/2009,13,GA,運動飲料,666,5,14,70,N,1
H1,02/27/2009,12,GA,運動飲料,666,10,14,140,N,1
H1,02/27/2009,14,GA,運動飲料,666,5,14,70,N,1
H1,02/28/2009,16,GA,運動飲料,666,15,17,255,N,2
H1,03/04/2009,12,GA,運動飲料,666,5,17,85,N,1
H1,03/05/2009,13,GA,運動飲料,666,25,17,425,N,1
H1,03/06/2009,17,GA,運動飲料,666,10,17,170,N,1
H1,03/06/2009,20,GA,運動飲料,666,5,17,85,N,1
H1,03/06/2009,21,GA,運動飲料,666,5,17,85,N,1
H1,03/08/2009,11,GA,運動飲料,666,5,17,85,N,1
H1,03/08/2009,14,GA,運動飲料,666,5,17,85,N,1
H1,03/09/2009,16,GA,運動飲料,666,50,14,700,P,1
H1,03/12/2009,13,GA,運動飲料,666,5,14,70,P,1
H1,03/12/2009,21,GA,運動飲料,666,5,14,70,P,1
H1,03/13/2009,11,GA,運動飲料,666,60,14,840,P,1
H1,03/13/2009,17,GA,運動飲料,666,5,14,70,P,1
H1,03/13/2009,18,GA,運動飲料,666,5,14,70,P,1
H1,03/14/2009,11,GA,運動飲料,666,15,14,210,P,2
H1,03/14/2009,18,GA,運動飲料,666,5,14,70,P,1
H1,03/14/2009,20,GA,運動飲料,666,5,14,70,P,1
H1,03/15/2009,09,GA,運動飲料,666,20,14,280,P,1
H1,03/15/2009,11,GA,運動飲料,666,20,14,280,P,1
H1,03/15/2009,16,GA,運動飲料,666,5,14,70,P,1
H1,03/16/2009,20,GA,運動飲料,666,5,14,70,P,1
H1,03/16/2009,22,GA,運動飲料,666,5,14,70,P,1
H1,03/17/2009,21,GA,運動飲料,666,5,14,70,P,1
H1,03/18/2009,09,GA,運動飲料,666,20,14,280,P,1
H1,03/18/2009,21,GA,運動飲料,666,10,14,140,P,1
H1,03/19/2009,13,GA,運動飲料,666,5,14,70,P,1
H1,03/19/2009,19,GA,運動飲料,666,5,14,70,P,1
H1,03/22/2009,14,GA,運動飲料,666,10,14,140,P,1
H1,03/23/2009,19,GA,運動飲料,666,5,14,70,P,1
H1,03/25/2009,16,GA,運動飲料,666,35,14,490,P,1
H1,03/27/2009,13,GA,運動飲料,666,10,14,140,P,1
H1,03/27/2009,18,GA,運動飲料,666,10,14,140,P,1
H1,03/28/2009,14,GA,運動飲料,666,5,14,70,P,1
H1,03/28/2009,17,GA,運動飲料,666,10,14,140,P,2
H1,03/28/2009,20,GA,運動飲料,666,5,14,70,P,1
H1,03/29/2009,18,GA,運動飲料,666,5,14,70,P,1
H1,03/30/2009,20,GA,運動飲料,666,10,14,140,P,2
H1,03/31/2009,20,GA,運動飲料,666,25,14,350,P,2
H1,04/03/2009,13,GA,運動飲料,666,10,16,160,N,1
H1,04/03/2009,15,GA,運動飲料,666,5,16,80,N,1
H1,04/03/2009,20,GA,運動飲料,666,5,16,80,N,1
H1,04/04/2009,11,GA,運動飲料,666,30,16,480,N,1
H1,04/05/2009,17,GA,運動飲料,666,5,16,80,N,1
H1,04/06/2009,12,GA,運動飲料,666,5,14,70,P,1
H1,04/06/2009,15,GA,運動飲料,666,5,14,70,P,1
H1,04/06/2009,17,GA,運動飲料,666,45,14,630,P,1
H1,04/09/2009,10,GA,運動飲料,666,5,14,70,P,1
H1,04/09/2009,11,GA,運動飲料,666,5,14,70,P,1
H1,04/09/2009,16,GA,運動飲料,666,5,14,70,P,1
H1,04/09/2009,17,GA,運動飲料,666,10,14,140,P,1
H1,04/10/2009,20,GA,運動飲料,666,5,14,70,P,1
H1,04/11/2009,14,GA,運動飲料,666,10,14,140,P,2
H1,04/11/2009,15,GA,運動飲料,666,20,14,280,P,2
H1,04/11/2009,20,GA,運動飲料,666,5,14,70,P,1
H1,04/11/2009,21,GA,運動飲料,666,5,14,70,P,1
H1,04/12/2009,13,GA,運動飲料,666,5,14,70,P,1
H1,04/13/2009,17,GA,運動飲料,666,15,16,240,N,2
H1,04/16/2009,12,GA,運動飲料,666,15,16,240,N,1
H1,04/17/2009,16,GA,運動飲料,666,5,16,80,N,1
H1,04/17/2009,19,GA,運動飲料,666,5,16,80,N,1
H1,04/18/2009,11,GA,運動飲料,666,5,16,80,N,1
H1,04/18/2009,14,GA,運動飲料,666,5,16,80,N,1
H1,04/18/2009,17,GA,運動飲料,666,10,16,160,N,2
H1,04/19/2009,17,GA,運動飲料,666,5,16,80,N,1
H1,04/21/2009,19,GA,運動飲料,666,5,16,80,N,1
H1,04/25/2009,15,GA,運動飲料,666,10,14,140,P,2
H1,04/25/2009,16,GA,運動飲料,666,5,14,70,P,1
H1,04/25/2009,21,GA,運動飲料,666,5,14,70,P,1
H1,04/26/2009,09,GA,運動飲料,666,10,14,140,P,1
H1,04/26/2009,13,GA,運動飲料,666,5,14,70,P,1
H1,04/26/2009,18,GA,運動飲料,666,5,14,70,P,1
H1,04/26/2009,22,GA,運動飲料,666,5,14,70,P,1
H1,04/27/2009,10,GA,運動飲料,666,5,14,70,P,1
H1,04/28/2009,13,GA,運動飲料,666,5,14,70,P,1
H1,04/28/2009,14,GA,運動飲料,666,15,14,210,P,2
H1,04/28/2009,19,GA,運動飲料,666,5,14,70,P,1
H1,04/28/2009,21,GA,運動飲料,666,10,14,140,P,2
H1,04/29/2009,17,GA,運動飲料,666,5,14,70,P,1
H1,04/29/2009,19,GA,運動飲料,666,10,14,140,P,1
H1,04/29/2009,21,GA,運動飲料,666,5,14,70,P,1
H1,04/30/2009,13,GA,運動飲料,666,5,14,70,P,1
H1,04/30/2009,19,GA,運動飲料,666,5,14,70,P,1
H1,04/30/2009,22,GA,運動飲料,666,10,14,140,P,2
H1,05/01/2009,13,GA,運動飲料,666,10,14,140,P,1
H1,05/01/2009,17,GA,運動飲料,666,10,14,140,P,1
H1,05/01/2009,20,GA,運動飲料,666,10,14,140,P,1
H1,05/02/2009,15,GA,運動飲料,666,5,14,70,P,1
H1,05/02/2009,16,GA,運動飲料,666,40,14,560,P,2
H1,05/02/2009,19,GA,運動飲料,666,5,14,70,P,1
H1,05/02/2009,22,GA,運動飲料,666,5,14,70,P,1
H1,05/03/2009,10,GA,運動飲料,666,5,16,80,N,1
H1,05/03/2009,13,GA,運動飲料,666,5,16,80,N,1
H1,05/03/2009,17,GA,運動飲料,666,5,16,80,N,1
H1,05/04/2009,16,GA,運動飲料,666,5,16,80,N,1
H1,05/04/2009,21,GA,運動飲料,666,10,16,160,N,2
H1,05/06/2009,11,GA,運動飲料,666,5,17,85,N,1
H1,05/06/2009,13,GA,運動飲料,666,5,17,85,N,1
H1,05/06/2009,14,GA,運動飲料,666,5,17,85,N,1
H1,05/08/2009,12,GA,運動飲料,666,5,17,85,N,1
H1,05/08/2009,19,GA,運動飲料,666,60,17,1020,N,1
H1,05/09/2009,16,GA,運動飲料,666,5,17,85,N,1
H1,05/10/2009,11,GA,運動飲料,666,5,17,85,N,1
H1,05/10/2009,19,GA,運動飲料,666,10,17,170,N,1
H1,05/10/2009,21,GA,運動飲料,666,15,17,255,N,1
H1,05/10/2009,22,GA,運動飲料,666,5,17,85,N,1
H1,05/11/2009,15,GA,運動飲料,666,10,14,140,P,1
H1,05/11/2009,16,GA,運動飲料,666,20,14,280,P,2
H1,05/11/2009,17,GA,運動飲料,666,15,14,210,P,1
H1,05/11/2009,19,GA,運動飲料,666,5,14,70,P,1
H1,05/12/2009,14,GA,運動飲料,666,10,14,140,P,1
H1,05/12/2009,16,GA,運動飲料,666,5,14,70,P,1
H1,05/12/2009,20,GA,運動飲料,666,5,14,70,P,1
H1,05/12/2009,21,GA,運動飲料,666,5,14,70,P,1
H1,05/12/2009,22,GA,運動飲料,666,5,14,70,P,1
H1,05/13/2009,17,GA,運動飲料,666,10,14,140,P,1
H1,05/13/2009,19,GA,運動飲料,666,5,14,70,P,1
H1,05/14/2009,11,GA,運動飲料,666,5,14,70,P,1
H1,05/14/2009,12,GA,運動飲料,666,5,14,70,P,1
H1,05/14/2009,13,GA,運動飲料,666,40,14,560,P,3
H1,05/16/2009,15,GA,運動飲料,666,5,14,70,P,1
H1,05/16/2009,16,GA,運動飲料,666,5,14,70,P,1
H1,05/16/2009,18,GA,運動飲料,666,5,14,70,P,1
H1,05/16/2009,19,GA,運動飲料,666,5,14,70,P,1
H1,05/16/2009,20,GA,運動飲料,666,10,14,140,P,2
H1,05/16/2009,21,GA,運動飲料,666,20,14,280,P,5
H1,05/16/2009,22,GA,運動飲料,666,10,14,140,P,2
H1,05/17/2009,10,GA,運動飲料,666,20,14,280,P,1
H1,05/17/2009,11,GA,運動飲料,666,10,14,140,P,1
H1,05/17/2009,13,GA,運動飲料,666,10,14,140,P,2
H1,05/17/2009,14,GA,運動飲料,666,20,14,280,P,1
H1,05/17/2009,16,GA,運動飲料,666,10,14,140,P,1
H1,05/17/2009,17,GA,運動飲料,666,5,14,70,P,1
H1,05/17/2009,18,GA,運動飲料,666,45,14,630,P,2
H1,05/20/2009,11,GA,運動飲料,666,10,14,140,P,1
H1,05/20/2009,12,GA,運動飲料,666,5,14,70,P,1
H1,05/20/2009,17,GA,運動飲料,666,25,14,350,P,2
H1,05/20/2009,19,GA,運動飲料,666,10,14,140,P,1
H1,05/21/2009,13,GA,運動飲料,666,5,14,70,P,1
H1,05/21/2009,15,GA,運動飲料,666,5,14,70,P,1
H1,05/21/2009,21,GA,運動飲料,666,5,14,70,P,1
H1,05/22/2009,10,GA,運動飲料,666,5,14,70,P,1
H1,05/22/2009,13,GA,運動飲料,666,5,14,70,P,1
H1,05/22/2009,14,GA,運動飲料,666,15,14,210,P,2
H1,05/22/2009,16,GA,運動飲料,666,10,14,140,P,1
H1,05/23/2009,11,GA,運動飲料,666,5,14,70,P,1
H1,05/23/2009,12,GA,運動飲料,666,25,14,350,P,1
H1,05/23/2009,15,GA,運動飲料,666,5,14,70,P,1
H1,05/23/2009,21,GA,運動飲料,666,5,14,70,P,1
H1,05/24/2009,11,GA,運動飲料,666,5,14,70,P,1
H1,05/24/2009,14,GA,運動飲料,666,10,14,140,P,1
H1,05/24/2009,16,GA,運動飲料,666,10,14,140,P,1
H1,05/24/2009,18,GA,運動飲料,666,5,14,70,P,1
H1,05/24/2009,19,GA,運動飲料,666,10,14,140,P,2
H1,05/24/2009,20,GA,運動飲料,666,5,14,70,P,1
H1,05/24/2009,21,GA,運動飲料,666,5,14,70,P,1
H1,05/24/2009,22,GA,運動飲料,666,5,14,70,P,1
H1,05/25/2009,11,GA,運動飲料,666,15,14,210,P,2
H1,05/25/2009,21,GA,運動飲料,666,5,14,70,P,1
H1,05/25/2009,22,GA,運動飲料,666,15,14,210,P,2
H1,05/26/2009,10,GA,運動飲料,666,10,14,140,P,1
H1,05/26/2009,11,GA,運動飲料,666,10,14,140,P,2
H1,05/26/2009,12,GA,運動飲料,666,5,14,70,P,1
H1,05/26/2009,13,GA,運動飲料,666,5,14,70,P,1
H1,05/26/2009,16,GA,運動飲料,666,5,14,70,P,1
H1,05/26/2009,21,GA,運動飲料,666,5,14,70,P,1
H1,05/27/2009,14,GA,運動飲料,666,20,14,280,P,2
H1,05/27/2009,20,GA,運動飲料,666,5,14,70,P,1
H1,05/27/2009,21,GA,運動飲料,666,5,14,70,P,1
H1,05/28/2009,10,GA,運動飲料,666,10,14,140,P,1
H1,05/28/2009,15,GA,運動飲料,666,15,14,210,P,2
H1,05/28/2009,20,GA,運動飲料,666,5,14,70,P,1
H1,05/29/2009,10,GA,運動飲料,666,5,17,85,N,1
H1,05/29/2009,12,GA,運動飲料,666,5,17,85,N,1
H1,05/29/2009,13,GA,運動飲料,666,5,17,85,N,1
H1,05/29/2009,19,GA,運動飲料,666,5,17,85,N,1
H1,05/29/2009,21,GA,運動飲料,666,10,17,170,N,2
H1,05/31/2009,15,GA,運動飲料,666,5,17,85,N,1
H1,05/31/2009,17,GA,運動飲料,666,5,17,85,N,1
H1,05/31/2009,20,GA,運動飲料,666,5,17,85,N,1
H1,06/01/2009,16,GA,運動飲料,666,5,17,85,N,1
H1,06/01/2009,20,GA,運動飲料,666,5,17,85,N,1
H1,06/03/2009,19,GA,運動飲料,666,5,17,85,N,1
H1,06/04/2009,18,GA,運動飲料,666,5,17,85,N,1
H1,06/04/2009,19,GA,運動飲料,666,10,17,170,N,1
H1,06/05/2009,12,GA,運動飲料,666,5,17,85,N,1
H1,06/06/2009,11,GA,運動飲料,666,5,17,85,N,1
H1,06/06/2009,18,GA,運動飲料,666,5,17,85,N,1
H1,06/07/2009,13,GA,運動飲料,666,10,17,170,N,1
H1,06/08/2009,19,GA,運動飲料,666,10,17,170,N,1
H1,06/09/2009,09,GA,運動飲料,666,20,17,340,N,1
H1,06/09/2009,15,GA,運動飲料,666,5,17,85,N,1
H1,06/10/2009,17,GA,運動飲料,666,5,17,85,N,1
H1,06/11/2009,20,GA,運動飲料,666,10,17,170,N,1
H1,06/11/2009,21,GA,運動飲料,666,5,17,85,N,1
H1,06/12/2009,12,GA,運動飲料,666,15,17,255,N,2
H1,06/12/2009,17,GA,運動飲料,666,5,17,85,N,1
H1,06/12/2009,22,GA,運動飲料,666,5,17,85,N,1
H1,06/14/2009,14,GA,運動飲料,666,10,17,170,N,2
H1,06/14/2009,15,GA,運動飲料,666,5,17,85,N,1
H1,06/14/2009,20,GA,運動飲料,666,20,17,340,N,3
H1,06/15/2009,20,GA,運動飲料,666,5,17,85,N,1
H1,06/16/2009,22,GA,運動飲料,666,5,17,85,N,1
H1,06/17/2009,15,GA,運動飲料,666,5,14,70,P,1
H1,06/17/2009,16,GA,運動飲料,666,5,14,70,P,1
H1,06/17/2009,17,GA,運動飲料,666,10,14,140,P,1
H1,06/17/2009,18,GA,運動飲料,666,5,14,70,P,1
H1,06/18/2009,14,GA,運動飲料,666,5,14,70,P,1
H1,06/18/2009,15,GA,運動飲料,666,5,14,70,P,1
H1,06/18/2009,18,GA,運動飲料,666,5,14,70,P,1
H1,06/18/2009,20,GA,運動飲料,666,5,14,70,P,1
H1,06/19/2009,12,GA,運動飲料,666,20,14,280,P,2
H1,06/19/2009,13,GA,運動飲料,666,5,14,70,P,1
H1,06/19/2009,17,GA,運動飲料,666,5,14,70,P,1
H1,06/19/2009,20,GA,運動飲料,666,10,14,140,P,2
H1,06/20/2009,10,GA,運動飲料,666,5,14,70,P,1
H1,06/20/2009,13,GA,運動飲料,666,10,14,140,P,2
H1,06/20/2009,14,GA,運動飲料,666,20,14,280,P,2
H1,06/20/2009,16,GA,運動飲料,666,5,14,70,P,1
H1,06/20/2009,17,GA,運動飲料,666,15,14,210,P,2
H1,06/20/2009,19,GA,運動飲料,666,10,14,140,P,1
H1,06/20/2009,21,GA,運動飲料,666,40,14,560,P,2
H1,06/20/2009,22,GA,運動飲料,666,10,14,140,P,2
H1,06/21/2009,13,GA,運動飲料,666,20,14,280,P,1
H1,06/21/2009,14,GA,運動飲料,666,5,14,70,P,1
H1,06/21/2009,15,GA,運動飲料,666,15,14,210,P,3
H1,06/21/2009,16,GA,運動飲料,666,10,14,140,P,1
H1,06/21/2009,19,GA,運動飲料,666,5,14,70,P,1
H1,06/21/2009,21,GA,運動飲料,666,5,14,70,P,1
H1,06/22/2009,21,GA,運動飲料,666,10,14,140,P,1
H1,06/22/2009,22,GA,運動飲料,666,5,14,70,P,1
H1,06/23/2009,20,GA,運動飲料,666,10,14,140,P,1
H1,06/24/2009,17,GA,運動飲料,666,5,14,70,P,1
H1,06/24/2009,20,GA,運動飲料,666,5,14,70,P,1
H1,06/25/2009,10,GA,運動飲料,666,5,14,70,P,1
H1,06/25/2009,11,GA,運動飲料,666,5,14,70,P,1
H1,06/25/2009,13,GA,運動飲料,666,20,14,280,P,2
H1,06/25/2009,18,GA,運動飲料,666,5,14,70,P,1
H1,06/25/2009,19,GA,運動飲料,666,10,14,140,P,1
H1,06/25/2009,20,GA,運動飲料,666,5,14,70,P,1
H1,06/26/2009,10,GA,運動飲料,666,5,14,70,P,1
H1,06/26/2009,11,GA,運動飲料,666,5,14,70,P,1
H1,06/26/2009,14,GA,運動飲料,666,5,14,70,P,1
H1,06/26/2009,15,GA,運動飲料,666,5,14,70,P,1
H1,06/26/2009,17,GA,運動飲料,666,10,14,140,P,1
H1,06/27/2009,13,GA,運動飲料,666,5,14,70,P,1
H1,06/27/2009,17,GA,運動飲料,666,5,14,70,P,1
H1,06/27/2009,19,GA,運動飲料,666,10,14,140,P,2
H1,06/27/2009,20,GA,運動飲料,666,15,14,210,P,3
H1,06/27/2009,22,GA,運動飲料,666,10,14,140,P,2
H1,06/28/2009,14,GA,運動飲料,666,15,14,210,P,2
H1,06/28/2009,16,GA,運動飲料,666,5,14,70,P,1
H1,06/29/2009,15,GA,運動飲料,666,10,14,140,P,2
H1,06/29/2009,16,GA,運動飲料,666,10,14,140,P,2
H1,06/29/2009,17,GA,運動飲料,666,15,14,210,P,1
H1,06/29/2009,18,GA,運動飲料,666,20,14,280,P,2
H1,06/29/2009,21,GA,運動飲料,666,10,14,140,P,2
H1,06/30/2009,14,GA,運動飲料,666,20,14,280,P,1
H1,06/30/2009,19,GA,運動飲料,666,5,14,70,P,1
H1,07/01/2009,09,GA,運動飲料,666,5,14,70,P,1
H1,07/01/2009,19,GA,運動飲料,666,5,14,70,P,1
H1,07/01/2009,20,GA,運動飲料,666,5,14,70,P,1
H1,07/01/2009,22,GA,運動飲料,666,5,14,70,P,1
H1,07/02/2009,11,GA,運動飲料,666,5,14,70,P,1
H1,07/02/2009,22,GA,運動飲料,666,10,14,140,P,2
H1,07/03/2009,10,GA,運動飲料,666,35,14,490,P,1
H1,07/03/2009,21,GA,運動飲料,666,5,14,70,P,1
H1,07/03/2009,22,GA,運動飲料,666,5,14,70,P,1
H1,07/04/2009,11,GA,運動飲料,666,5,14,70,P,1
H1,07/04/2009,14,GA,運動飲料,666,15,14,210,P,2
H1,07/04/2009,16,GA,運動飲料,666,5,14,70,P,1
H1,07/04/2009,17,GA,運動飲料,666,15,14,210,P,2
H1,07/04/2009,18,GA,運動飲料,666,5,14,70,P,1
H1,07/04/2009,20,GA,運動飲料,666,5,14,70,P,1
H1,07/04/2009,21,GA,運動飲料,666,5,14,70,P,1
H1,07/05/2009,10,GA,運動飲料,666,5,14,70,P,1
H1,07/05/2009,12,GA,運動飲料,666,10,14,140,P,2
H1,07/05/2009,13,GA,運動飲料,666,15,14,210,P,2
H1,07/05/2009,15,GA,運動飲料,666,5,14,70,P,1
H1,07/05/2009,17,GA,運動飲料,666,5,14,70,P,1
H1,07/05/2009,18,GA,運動飲料,666,15,14,210,P,2
H1,07/05/2009,19,GA,運動飲料,666,5,14,70,P,1
H1,07/05/2009,22,GA,運動飲料,666,5,14,70,P,1
H1,07/06/2009,13,GA,運動飲料,666,5,14,70,P,1
H1,07/06/2009,18,GA,運動飲料,666,5,14,70,P,1
H1,07/06/2009,22,GA,運動飲料,666,15,14,210,P,3
H1,07/07/2009,14,GA,運動飲料,666,5,14,70,P,1
H1,07/07/2009,20,GA,運動飲料,666,5,14,70,P,1
H1,07/08/2009,14,GA,運動飲料,666,5,14,70,P,1
H1,07/08/2009,17,GA,運動飲料,666,5,14,70,P,1
H1,07/08/2009,22,GA,運動飲料,666,5,14,70,P,1
H1,07/09/2009,13,GA,運動飲料,666,10,14,140,P,1
H1,07/09/2009,14,GA,運動飲料,666,5,14,70,P,1
H1,07/09/2009,16,GA,運動飲料,666,5,14,70,P,1
H1,07/09/2009,19,GA,運動飲料,666,5,14,70,P,1
H1,07/09/2009,20,GA,運動飲料,666,5,14,70,P,1
H1,07/09/2009,21,GA,運動飲料,666,5,14,70,P,1
H1,07/10/2009,13,GA,運動飲料,666,5,14,70,P,1
H1,07/10/2009,15,GA,運動飲料,666,5,14,70,P,1
H1,07/10/2009,21,GA,運動飲料,666,5,14,70,P,1
H1,07/10/2009,22,GA,運動飲料,666,5,14,70,P,1
H1,07/11/2009,11,GA,運動飲料,666,5,14,70,P,1
H1,07/11/2009,12,GA,運動飲料,666,5,14,70,P,1
H1,07/11/2009,14,GA,運動飲料,666,10,14,140,P,1
H1,07/11/2009,16,GA,運動飲料,666,15,14,210,P,2
H1,07/11/2009,18,GA,運動飲料,666,5,14,70,P,1
H1,07/11/2009,20,GA,運動飲料,666,15,14,210,P,2
H1,07/12/2009,14,GA,運動飲料,666,20,14,280,P,1
H1,07/12/2009,15,GA,運動飲料,666,5,14,70,P,1
H1,07/12/2009,16,GA,運動飲料,666,5,14,70,P,1
H1,07/12/2009,17,GA,運動飲料,666,10,14,140,P,2
H1,07/12/2009,19,GA,運動飲料,666,10,14,140,P,2
H1,07/12/2009,20,GA,運動飲料,666,5,14,70,P,1
H1,07/12/2009,21,GA,運動飲料,666,5,14,70,P,1
H1,07/12/2009,22,GA,運動飲料,666,10,14,140,P,1
H1,07/13/2009,10,GA,運動飲料,666,5,14,70,P,1
H1,07/13/2009,12,GA,運動飲料,666,10,14,140,P,2
H1,07/13/2009,21,GA,運動飲料,666,5,14,70,P,1
H1,07/13/2009,22,GA,運動飲料,666,5,14,70,P,1
H1,07/14/2009,14,GA,運動飲料,666,10,14,140,P,1
H1,07/14/2009,21,GA,運動飲料,666,10,14,140,P,1
H1,07/14/2009,22,GA,運動飲料,666,5,14,70,P,1
H1,07/15/2009,12,GA,運動飲料,666,5,14,70,P,1
H1,07/15/2009,18,GA,運動飲料,666,10,14,140,P,1
H1,07/15/2009,19,GA,運動飲料,666,5,14,70,P,1
H1,07/16/2009,19,GA,運動飲料,666,5,14,70,P,1
H1,07/16/2009,20,GA,運動飲料,666,5,14,70,P,1
H1,07/17/2009,15,GA,運動飲料,666,5,14,70,P,1
H1,07/17/2009,19,GA,運動飲料,666,10,14,140,P,2
H1,07/18/2009,11,GA,運動飲料,666,5,14,70,P,1
H1,07/18/2009,13,GA,運動飲料,666,10,14,140,P,1
H1,07/18/2009,16,GA,運動飲料,666,5,14,70,P,1
H1,07/18/2009,17,GA,運動飲料,666,5,14,70,P,1
H1,07/18/2009,19,GA,運動飲料,666,10,14,140,P,2
H1,07/18/2009,22,GA,運動飲料,666,5,14,70,P,1
H1,07/19/2009,11,GA,運動飲料,666,5,14,70,P,1
H1,07/19/2009,14,GA,運動飲料,666,10,14,140,P,2
H1,07/19/2009,17,GA,運動飲料,666,5,14,70,P,1
H1,07/19/2009,19,GA,運動飲料,666,5,14,70,P,1
H1,07/19/2009,22,GA,運動飲料,666,5,14,70,P,1
H1,07/20/2009,12,GA,運動飲料,666,5,14,70,P,1
H1,07/20/2009,13,GA,運動飲料,666,45,14,630,P,1
H1,07/20/2009,21,GA,運動飲料,666,10,14,140,P,2
H1,07/21/2009,10,GA,運動飲料,666,5,14,70,P,1
H1,07/21/2009,18,GA,運動飲料,666,10,14,140,P,2
H1,07/22/2009,09,GA,運動飲料,666,10,14,140,N,1
H1,07/22/2009,20,GA,運動飲料,666,5,14,70,N,1
H1,07/22/2009,22,GA,運動飲料,666,5,14,70,N,1
H1,07/23/2009,10,GA,運動飲料,666,5,14,70,N,1
H1,07/23/2009,16,GA,運動飲料,666,10,14,140,N,1
H1,07/23/2009,19,GA,運動飲料,666,5,14,70,N,1
H1,07/23/2009,21,GA,運動飲料,666,10,14,140,N,1
H1,07/24/2009,21,GA,運動飲料,666,15,14,210,N,2
H1,07/25/2009,10,GA,運動飲料,666,5,14,70,N,1
H1,07/25/2009,13,GA,運動飲料,666,10,14,140,N,2
H1,07/25/2009,15,GA,運動飲料,666,5,14,70,N,1
H1,07/25/2009,18,GA,運動飲料,666,5,14,70,N,1
H1,07/25/2009,19,GA,運動飲料,666,10,14,140,N,2
H1,07/25/2009,20,GA,運動飲料,666,5,14,70,N,1
H1,07/25/2009,21,GA,運動飲料,666,5,14,70,N,1
H1,07/25/2009,22,GA,運動飲料,666,15,14,210,N,1
H1,07/26/2009,12,GA,運動飲料,666,5,14,70,N,1
H1,07/26/2009,14,GA,運動飲料,666,10,14,140,N,2
H1,07/26/2009,16,GA,運動飲料,666,5,14,70,N,1
H1,07/26/2009,22,GA,運動飲料,666,5,14,70,N,1
H1,07/27/2009,10,GA,運動飲料,666,5,14,70,N,1
H1,07/27/2009,14,GA,運動飲料,666,5,14,70,N,1
H1,07/27/2009,16,GA,運動飲料,666,5,14,70,N,1
H1,07/27/2009,18,GA,運動飲料,666,5,14,70,N,1
H1,07/27/2009,19,GA,運動飲料,666,15,14,210,N,1
H1,07/27/2009,21,GA,運動飲料,666,5,14,70,N,1
H1,07/28/2009,21,GA,運動飲料,666,5,14,70,N,1
H1,07/28/2009,22,GA,運動飲料,666,5,14,70,N,1
H1,07/29/2009,12,GA,運動飲料,666,10,14,140,N,2
H1,07/29/2009,13,GA,運動飲料,666,10,14,140,N,1
H1,07/29/2009,14,GA,運動飲料,666,10,14,140,N,1
H1,07/29/2009,19,GA,運動飲料,666,5,14,70,N,1
H1,07/30/2009,10,GA,運動飲料,666,5,14,70,N,1
H1,07/30/2009,17,GA,運動飲料,666,5,14,70,N,1
H1,07/30/2009,20,GA,運動飲料,666,10,14,140,N,1
H1,07/31/2009,12,GA,運動飲料,666,5,14,70,N,1
H1,07/31/2009,17,GA,運動飲料,666,5,14,70,N,1
H1,08/01/2009,10,GA,運動飲料,666,15,14,210,N,2
H1,08/01/2009,12,GA,運動飲料,666,10,14,140,N,1
H1,08/01/2009,15,GA,運動飲料,666,5,14,70,N,1
H1,08/01/2009,16,GA,運動飲料,666,5,14,70,N,1
H1,08/01/2009,18,GA,運動飲料,666,5,14,70,N,1
H1,08/01/2009,20,GA,運動飲料,666,5,14,70,N,1
H1,08/01/2009,21,GA,運動飲料,666,5,14,70,N,1
H1,08/01/2009,22,GA,運動飲料,666,5,14,70,N,1
H1,08/02/2009,12,GA,運動飲料,666,15,14,210,N,2
H1,08/02/2009,15,GA,運動飲料,666,5,14,70,N,1
H1,08/02/2009,19,GA,運動飲料,666,5,14,70,N,1
H1,08/03/2009,13,GA,運動飲料,666,10,14,140,N,1
H1,08/03/2009,19,GA,運動飲料,666,5,14,70,N,1
H1,08/03/2009,20,GA,運動飲料,666,5,14,70,N,1
H1,08/04/2009,16,GA,運動飲料,666,10,14,140,N,1
H1,08/05/2009,10,GA,運動飲料,666,20,14,280,N,1
H1,08/05/2009,12,GA,運動飲料,666,15,14,210,N,2
H1,08/05/2009,16,GA,運動飲料,666,5,14,70,N,1
H1,08/05/2009,20,GA,運動飲料,666,5,14,70,N,1
H1,08/05/2009,21,GA,運動飲料,666,15,14,210,N,2
H1,08/06/2009,13,GA,運動飲料,666,5,14,70,N,1
H1,08/06/2009,18,GA,運動飲料,666,10,14,140,N,3
H1,08/07/2009,10,GA,運動飲料,666,5,14,70,N,1
H1,08/07/2009,11,GA,運動飲料,666,5,14,70,N,1
H1,08/07/2009,15,GA,運動飲料,666,5,14,70,N,1
H1,08/07/2009,16,GA,運動飲料,666,10,14,140,N,2
H1,08/07/2009,17,GA,運動飲料,666,10,14,140,N,1
H1,08/08/2009,10,GA,運動飲料,666,5,14,70,N,1
H1,08/08/2009,11,GA,運動飲料,666,10,14,140,N,1
H1,08/08/2009,15,GA,運動飲料,666,10,14,140,N,2
H1,08/08/2009,16,GA,運動飲料,666,5,14,70,N,1
H1,08/08/2009,18,GA,運動飲料,666,5,14,70,N,1
H1,08/09/2009,12,GA,運動飲料,666,5,14,70,N,1
H1,08/09/2009,13,GA,運動飲料,666,15,14,210,N,2
