demo_data_utf8.csv
Store,Date,Time,Dept,Family,Item_No,SalesQty,Price,SalesValue,Sales_Status,Sales_number
H1,08/09/2009,19,GA,運動飲料,666,5,14,70,N,1
H1,08/09/2009,20,GA,運動飲料,666,5,14,70,N,1
H1,08/09/2009,21,GA,運動飲料,666,15,14,210,N,1
H1,08/10/2009,13,GA,運動飲料,666,5,14,70,N,1
H1,08/10/2009,14,GA,運動飲料,666,5,14,70,N,1
H1,08/10/2009,17,GA,運動飲料,666,5,14,70,N,1
H1,08/10/2009,19,GA,運動飲料,666,10,14,140,N,1
H1,08/10/2009,20,GA,運動飲料,666,10,14,140,N,2
H1,08/10/2009,21,GA,運動飲料,666,5,14,70,N,1
H1,08/11/2009,16,GA,運動飲料,666,5,14,70,P,1
H1,08/12/2009,11,GA,運動飲料,666,15,14,210,P,2
H1,08/12/2009,16,GA,運動飲料,666,10,14,140,P,1
H1,08/13/2009,17,GA,運動飲料,666,5,14,70,P,1
H1,08/13/2009,18,GA,運動飲料,666,5,14,70,P,1
H1,08/13/2009,20,GA,運動飲料,666,10,14,140,P,1
H1,08/14/2009,19,GA,運動飲料,666,5,14,70,P,1
H1,08/15/2009,10,GA,運動飲料,666,10,14,140,P,2
H1,08/15/2009,11,GA,運動飲料,666,10,14,140,P,2
H1,08/15/2009,13,GA,運動飲料,666,20,14,280,P,1
H1,08/16/2009,06,GA,運動飲料,666,10,14,140,P,1
H1,08/16/2009,13,GA,運動飲料,666,5,14,70,P,1
H1,08/16/2009,18,GA,運動飲料,666,30,14,420,P,3
H1,08/17/2009,19,GA,運動飲料,666,5,14,70,P,1
H1,08/18/2009,11,GA,運動飲料,666,5,14,70,P,1
H1,01/01/2009,21,GA,運動飲料,334,30,4,120,P,1
H1,01/02/2009,18,GA,運動飲料,334,30,4,120,P,1
H1,01/03/2009,14,GA,運動飲料,334,30,4,120,P,1
H1,01/03/2009,15,GA,運動飲料,334,38,4,152,P,2
H1,01/11/2009,10,GA,運動飲料,334,30,5,150,N,1
H1,01/11/2009,14,GA,運動飲料,334,30,5,150,N,1
H1,01/23/2009,04,GA,運動飲料,334,30,4,120,N,1
H1,01/24/2009,15,GA,運動飲料,334,30,4,120,N,1
H1,01/29/2009,18,GA,運動飲料,334,30,4,120,N,1
H1,02/04/2009,10,GA,運動飲料,334,30,4,120,N,1
H1,02/09/2009,13,GA,運動飲料,334,120,4,480,N,1
H1,02/12/2009,09,GA,運動飲料,334,30,4,120,N,1
H1,02/14/2009,14,GA,運動飲料,334,135,4,540,N,2
H1,02/15/2009,15,GA,運動飲料,334,30,4,120,N,1
H1,02/21/2009,18,GA,運動飲料,334,30,4,120,P,1
H1,02/21/2009,22,GA,運動飲料,334,30,4,120,P,1
H1,02/22/2009,12,GA,運動飲料,334,60,4,240,P,1
H1,02/22/2009,22,GA,運動飲料,334,30,4,120,P,1
H1,02/23/2009,11,GA,運動飲料,334,60,4,240,P,1
H1,02/24/2009,12,GA,運動飲料,334,30,4,120,P,1
H1,02/24/2009,16,GA,運動飲料,334,30,4,120,P,1
H1,02/26/2009,11,GA,運動飲料,334,120,4,480,P,1
H1,02/26/2009,14,GA,運動飲料,334,30,4,120,P,1
H1,03/12/2009,10,GA,運動飲料,334,30,4,120,N,1
H1,03/14/2009,11,GA,運動飲料,334,30,4,120,N,1
H1,03/15/2009,09,GA,運動飲料,334,30,4,120,N,1
H1,03/21/2009,17,GA,運動飲料,334,30,4,120,N,1
H1,03/23/2009,11,GA,運動飲料,334,60,4,240,N,1
H1,03/28/2009,18,GA,運動飲料,334,30,4,120,N,1
H1,04/02/2009,11,GA,運動飲料,334,30,4,120,N,1
H1,04/09/2009,21,GA,運動飲料,334,30,4,120,N,1
H1,04/11/2009,22,GA,運動飲料,334,30,4,120,N,1
H1,04/14/2009,14,GA,運動飲料,334,60,4,240,N,1
H1,04/23/2009,16,GA,運動飲料,334,60,4,240,N,1
H1,04/24/2009,19,GA,運動飲料,334,30,4,120,N,1
H1,04/25/2009,10,GA,運動飲料,334,30,4,120,N,1
H1,04/26/2009,15,GA,運動飲料,334,30,4,120,N,1
H1,05/08/2009,13,GA,運動飲料,334,60,4,240,N,1
H1,05/10/2009,11,GA,運動飲料,334,30,4,120,N,1
H1,05/10/2009,21,GA,運動飲料,334,30,4,120,N,1
H1,05/19/2009,09,GA,運動飲料,334,60,4,240,P,1
H1,05/19/2009,18,GA,運動飲料,334,30,4,120,P,1
H1,05/22/2009,09,GA,運動飲料,334,30,4,120,P,1
H1,05/22/2009,20,GA,運動飲料,334,30,4,120,P,1
H1,05/23/2009,09,GA,運動飲料,334,30,4,120,P,1
H1,05/24/2009,11,GA,運動飲料,334,30,4,120,P,1
H1,05/24/2009,19,GA,運動飲料,334,30,4,120,P,1
H1,05/24/2009,21,GA,運動飲料,334,30,4,120,P,1
H1,05/25/2009,12,GA,運動飲料,334,30,4,120,P,1
H1,05/25/2009,17,GA,運動飲料,334,30,4,120,P,1
H1,05/26/2009,16,GA,運動飲料,334,30,4,120,P,1
H1,05/27/2009,22,GA,運動飲料,334,300,4,1200,P,1
H1,05/29/2009,22,GA,運動飲料,334,30,4,120,P,1
H1,06/05/2009,11,GA,運動飲料,334,30,4,120,P,1
H1,06/05/2009,22,GA,運動飲料,334,30,4,120,P,1
H1,06/07/2009,10,GA,運動飲料,334,150,4,600,P,1
H1,06/07/2009,18,GA,運動飲料,334,30,4,120,P,1
H1,06/07/2009,19,GA,運動飲料,334,30,4,120,P,1
H1,06/08/2009,11,GA,運動飲料,334,60,4,240,P,1
H1,06/08/2009,19,GA,運動飲料,334,30,4,120,P,1
H1,06/09/2009,22,GA,運動飲料,334,30,4,120,P,1
H1,06/11/2009,14,GA,運動飲料,334,30,4,120,P,1
H1,06/11/2009,20,GA,運動飲料,334,30,4,120,P,1
H1,06/12/2009,09,GA,運動飲料,334,30,4,120,P,1
H1,06/12/2009,17,GA,運動飲料,334,30,4,120,P,1
H1,06/13/2009,11,GA,運動飲料,334,30,4,120,P,1
H1,06/14/2009,13,GA,運動飲料,334,60,4,240,P,1
H1,06/14/2009,15,GA,運動飲料,334,30,4,120,P,1
H1,06/14/2009,22,GA,運動飲料,334,60,4,240,P,1
H1,06/15/2009,12,GA,運動飲料,334,60,4,240,P,1
H1,06/15/2009,15,GA,運動飲料,334,30,4,120,P,1
H1,06/15/2009,22,GA,運動飲料,334,60,4,240,P,1
H1,06/16/2009,10,GA,運動飲料,334,30,4,120,N,1
H1,06/16/2009,13,GA,運動飲料,334,30,4,120,N,1
H1,06/16/2009,15,GA,運動飲料,334,30,4,120,N,1
H1,06/16/2009,22,GA,運動飲料,334,30,4,120,N,1
H1,06/17/2009,12,GA,運動飲料,334,30,4,120,N,1
H1,06/18/2009,10,GA,運動飲料,334,30,4,120,N,1
H1,06/18/2009,11,GA,運動飲料,334,60,4,240,N,1
H1,06/18/2009,14,GA,運動飲料,334,30,4,120,N,1
H1,06/18/2009,20,GA,運動飲料,334,30,4,120,N,1
H1,06/19/2009,15,GA,運動飲料,334,30,4,120,N,1
H1,06/19/2009,20,GA,運動飲料,334,30,4,120,N,1
H1,06/20/2009,11,GA,運動飲料,334,120,4,480,N,2
H1,06/20/2009,14,GA,運動飲料,334,30,4,120,N,1
H1,06/20/2009,20,GA,運動飲料,334,60,4,240,N,1
H1,06/20/2009,21,GA,運動飲料,334,30,4,120,N,1
H1,06/20/2009,22,GA,運動飲料,334,30,4,120,N,1
H1,06/21/2009,12,GA,運動飲料,334,60,4,240,N,2
H1,06/21/2009,15,GA,運動飲料,334,30,4,120,N,1
H1,06/21/2009,17,GA,運動飲料,334,30,4,120,N,1
H1,06/21/2009,20,GA,運動飲料,334,60,4,240,N,1
H1,06/22/2009,09,GA,運動飲料,334,30,4,120,N,1
H1,06/22/2009,13,GA,運動飲料,334,120,4,480,N,2
H1,06/22/2009,14,GA,運動飲料,334,240,4,960,N,2
H1,06/22/2009,15,GA,運動飲料,334,90,4,360,N,2
H1,06/23/2009,16,GA,運動飲料,334,30,4,120,N,1
H1,06/24/2009,11,GA,運動飲料,334,90,4,360,N,2
H1,06/24/2009,13,GA,運動飲料,334,30,4,120,N,1
H1,06/25/2009,23,GA,運動飲料,334,30,4,120,N,1
H1,06/26/2009,10,GA,運動飲料,334,30,4,120,P,1
H1,06/26/2009,14,GA,運動飲料,334,30,4,120,P,1
H1,06/27/2009,10,GA,運動飲料,334,30,4,120,N,1
H1,06/28/2009,15,GA,運動飲料,334,30,4,120,N,1
H1,06/28/2009,18,GA,運動飲料,334,180,4,720,N,1
H1,06/28/2009,22,GA,運動飲料,334,60,4,240,N,1
H1,06/29/2009,12,GA,運動飲料,334,30,4,120,N,1
H1,06/29/2009,19,GA,運動飲料,334,30,4,120,N,1
H1,07/01/2009,10,GA,運動飲料,334,60,4,240,N,1
H1,07/01/2009,14,GA,運動飲料,334,30,4,120,N,1
H1,07/01/2009,21,GA,運動飲料,334,150,4,600,N,1
H1,07/05/2009,10,GA,運動飲料,334,30,4,120,N,1
H1,07/07/2009,13,GA,運動飲料,334,60,4,240,N,1
H1,07/07/2009,15,GA,運動飲料,334,30,4,120,N,1
H1,07/08/2009,11,GA,運動飲料,334,30,4,120,N,1
H1,07/08/2009,13,GA,運動飲料,334,30,4,120,N,1
H1,07/11/2009,13,GA,運動飲料,334,30,4,120,P,1
H1,07/11/2009,14,GA,運動飲料,334,30,4,120,P,1
H1,07/11/2009,18,GA,運動飲料,334,30,4,120,P,1
H1,07/12/2009,12,GA,運動飲料,334,30,4,120,P,1
H1,07/13/2009,15,GA,運動飲料,334,60,4,240,P,1
H1,07/13/2009,17,GA,運動飲料,334,30,4,120,P,1
H1,07/15/2009,13,GA,運動飲料,334,60,4,240,P,1
H1,07/15/2009,14,GA,運動飲料,334,30,4,120,P,1
H1,07/16/2009,14,GA,運動飲料,334,30,4,120,P,1
H1,07/16/2009,15,GA,運動飲料,334,30,4,120,P,1
H1,07/16/2009,16,GA,運動飲料,334,30,4,120,P,1
H1,07/16/2009,21,GA,運動飲料,334,60,4,240,P,2
H1,07/17/2009,09,GA,運動飲料,334,30,4,120,P,1
H1,07/23/2009,09,GA,運動飲料,334,60,4,240,P,1
H1,07/24/2009,15,GA,運動飲料,334,30,4,120,P,1
H1,07/28/2009,12,GA,運動飲料,334,30,4,120,P,1
H1,08/01/2009,21,GA,運動飲料,334,30,4,120,P,1
H1,08/02/2009,11,GA,運動飲料,334,30,4,120,P,1
H1,08/02/2009,14,GA,運動飲料,334,120,4,480,P,1
H1,08/03/2009,09,GA,運動飲料,334,30,4,120,P,1
H1,08/04/2009,18,GA,運動飲料,334,30,4,120,P,1
H1,08/05/2009,21,GA,運動飲料,334,30,4,120,P,1
H1,08/06/2009,10,GA,運動飲料,334,30,4,120,P,1
H1,08/06/2009,11,GA,運動飲料,334,60,4,240,P,2
H1,08/06/2009,12,GA,運動飲料,334,60,4,240,P,1
H1,08/06/2009,21,GA,運動飲料,334,90,4,360,P,2
H1,08/06/2009,22,GA,運動飲料,334,30,4,120,P,1
H1,08/11/2009,19,GA,運動飲料,334,30,4,120,N,1
H1,08/12/2009,10,GA,運動飲料,334,60,4,240,N,1
H1,08/12/2009,15,GA,運動飲料,334,240,4,960,N,2
H1,08/15/2009,21,GA,運動飲料,334,30,4,120,N,1
H1,08/16/2009,13,GA,運動飲料,334,30,4,120,N,1
H1,08/17/2009,21,GA,運動飲料,334,60,4,240,N,2
H1,01/01/2009,22,GA,運動飲料,498,30,9,270,N,1
H1,01/19/2009,11,GA,運動飲料,498,30,9,270,N,1
H1,01/21/2009,19,GA,運動飲料,498,30,9,270,N,3
H1,01/29/2009,20,GA,運動飲料,498,60,9,540,N,1
H1,02/01/2009,12,GA,運動飲料,498,60,9,540,N,1
H1,02/06/2009,18,GA,運動飲料,498,30,9,270,N,1
H1,02/10/2009,11,GA,運動飲料,498,30,9,270,N,1
H1,02/14/2009,16,GA,運動飲料,498,30,10,300,N,1
H1,02/19/2009,21,GA,運動飲料,498,30,10,300,N,1
H1,03/05/2009,21,GA,運動飲料,498,30,10,300,N,1
H1,03/19/2009,16,GA,運動飲料,498,30,9,270,P,1
H1,03/25/2009,22,GA,運動飲料,498,30,9,270,P,3
H1,04/14/2009,11,GA,運動飲料,498,390,10,3900,N,1
H1,05/09/2009,13,GA,運動飲料,498,30,9,270,N,1
H1,07/25/2009,18,GA,運動飲料,498,30,9,270,N,1
H1,07/31/2009,20,GA,運動飲料,498,60,9,540,N,1
H1,08/02/2009,18,GA,運動飲料,498,30,9,270,N,1
H1,08/04/2009,20,GA,運動飲料,498,30,9,270,N,1
H1,01/01/2009,22,GA,運動飲料,558,8,6,48,N,1
H1,01/02/2009,16,GA,運動飲料,558,8,6,48,N,1
H1,01/02/2009,21,GA,運動飲料,558,8,6,48,N,1
H1,01/04/2009,18,GA,運動飲料,558,8,6,48,N,1
H1,01/08/2009,11,GA,運動飲料,558,8,6,48,N,1
H1,01/08/2009,15,GA,運動飲料,558,23,6,138,N,1
H1,01/10/2009,20,GA,運動飲料,558,8,6,48,N,1
H1,01/11/2009,11,GA,運動飲料,558,8,6,48,N,1
H1,01/12/2009,15,GA,運動飲料,558,8,6,48,N,1
H1,01/14/2009,19,GA,運動飲料,558,15,6,90,N,1
H1,01/15/2009,12,GA,運動飲料,558,8,6,48,N,1
H1,01/17/2009,10,GA,運動飲料,558,8,6,48,N,1
H1,01/18/2009,18,GA,運動飲料,558,8,6,48,N,1
H1,01/22/2009,14,GA,運動飲料,558,16,6,96,N,2
H1,01/24/2009,14,GA,運動飲料,558,8,6,48,N,1
H1,01/25/2009,16,GA,運動飲料,558,8,6,48,N,1
H1,01/29/2009,15,GA,運動飲料,558,15,6,90,N,1
H1,01/30/2009,21,GA,運動飲料,558,8,6,48,N,3
H1,02/01/2009,18,GA,運動飲料,558,8,6,48,N,1
H1,02/03/2009,11,GA,運動飲料,558,8,6,48,N,1
H1,02/06/2009,17,GA,運動飲料,558,8,6,48,N,1
H1,02/07/2009,11,GA,運動飲料,558,38,6,228,N,2
H1,02/15/2009,12,GA,運動飲料,558,8,4,32,P,1
H1,02/16/2009,13,GA,運動飲料,558,68,4,272,P,2
H1,02/24/2009,13,GA,運動飲料,558,8,4,32,P,1
H1,02/25/2009,12,GA,運動飲料,558,15,5,75,P,1
H1,02/26/2009,17,GA,運動飲料,558,8,4,32,P,1
H1,02/28/2009,21,GA,運動飲料,558,15,5,75,P,1
H1,03/01/2009,17,GA,運動飲料,558,8,4,32,P,1
H1,03/02/2009,13,GA,運動飲料,558,15,5,75,P,1
H1,03/04/2009,12,GA,運動飲料,558,8,4,32,P,1
H1,03/05/2009,17,GA,運動飲料,558,8,4,32,P,1
H1,03/08/2009,17,GA,運動飲料,558,31,5,155,P,3
H1,03/09/2009,17,GA,運動飲料,558,8,4,32,P,1
H1,03/10/2009,20,GA,運動飲料,558,8,4,32,P,1
H1,03/15/2009,21,GA,運動飲料,558,8,6,48,N,1
H1,03/16/2009,17,GA,運動飲料,558,8,4,32,P,1
H1,03/18/2009,12,GA,運動飲料,558,8,4,32,P,1
H1,03/21/2009,13,GA,運動飲料,558,15,5,75,P,1
H1,03/31/2009,11,GA,運動飲料,558,158,4,632,N,2
H1,04/01/2009,18,GA,運動飲料,558,8,6,48,N,1
H1,04/01/2009,19,GA,運動飲料,558,8,6,48,N,1
H1,04/02/2009,20,GA,運動飲料,558,38,6,228,N,2
H1,04/03/2009,21,GA,運動飲料,558,8,6,48,N,1
H1,04/03/2009,23,GA,運動飲料,558,8,6,48,N,1
H1,04/05/2009,17,GA,運動飲料,558,23,6,138,N,2
H1,04/10/2009,22,GA,運動飲料,558,15,6,90,N,1
H1,04/19/2009,19,GA,運動飲料,558,8,6,48,N,1
H1,04/26/2009,11,GA,運動飲料,558,8,6,48,N,1
H1,04/26/2009,15,GA,運動飲料,558,15,6,90,N,1
H1,04/29/2009,17,GA,運動飲料,558,8,4,32,P,1
H1,05/06/2009,13,GA,運動飲料,558,16,4,64,P,2
H1,05/08/2009,18,GA,運動飲料,558,15,4,60,P,1
H1,05/09/2009,15,GA,運動飲料,558,68,4,272,P,3
H1,05/11/2009,13,GA,運動飲料,558,8,4,32,P,1
H1,05/16/2009,18,GA,運動飲料,558,15,4,60,P,1
H1,05/16/2009,21,GA,運動飲料,558,8,4,32,P,1
H1,05/17/2009,12,GA,運動飲料,558,38,4,152,P,2
H1,05/19/2009,19,GA,運動飲料,558,23,4,92,P,1
H1,05/21/2009,17,GA,運動飲料,558,8,4,32,P,1
H1,05/22/2009,20,GA,運動飲料,558,8,4,32,P,1
H1,05/23/2009,18,GA,運動飲料,558,15,4,60,P,1
H1,05/24/2009,12,GA,運動飲料,558,46,4,184,P,3
H1,05/24/2009,18,GA,運動飲料,558,38,4,152,P,2
H1,05/24/2009,22,GA,運動飲料,558,15,4,60,P,1
H1,05/25/2009,12,GA,運動飲料,558,8,4,32,P,1
H1,05/25/2009,16,GA,運動飲料,558,15,4,60,P,1
H1,05/27/2009,20,GA,運動飲料,558,8,4,32,P,1
H1,05/29/2009,18,GA,運動飲料,558,8,4,32,P,1
H1,05/29/2009,20,GA,運動飲料,558,8,4,32,P,1
H1,05/30/2009,10,GA,運動飲料,558,8,4,32,P,1
H1,05/30/2009,17,GA,運動飲料,558,8,4,32,P,1
H1,06/03/2009,19,GA,運動飲料,558,8,4,32,P,1
H1,06/04/2009,14,GA,運動飲料,558,38,4,152,P,2
H1,06/05/2009,21,GA,運動飲料,558,8,4,32,P,1
H1,06/05/2009,22,GA,運動飲料,558,8,4,32,P,1
H1,06/06/2009,20,GA,運動飲料,558,8,4,32,P,1
H1,06/07/2009,11,GA,運動飲料,558,38,4,152,P,2
H1,06/07/2009,16,GA,運動飲料,558,8,4,32,P,1
H1,06/07/2009,18,GA,運動飲料,558,8,4,32,P,1
H1,06/13/2009,11,GA,運動飲料,558,8,6,48,N,1
H1,06/14/2009,16,GA,運動飲料,558,8,6,48,N,1
H1,06/17/2009,13,GA,運動飲料,558,8,6,48,N,1
H1,06/18/2009,11,GA,運動飲料,558,9,6,54,N,2
H1,06/19/2009,22,GA,運動飲料,558,8,6,48,N,1
H1,06/21/2009,13,GA,運動飲料,558,8,6,48,N,1
H1,06/22/2009,20,GA,運動飲料,558,8,6,48,N,1
H1,06/25/2009,10,GA,運動飲料,558,38,6,228,P,2
H1,06/26/2009,15,GA,運動飲料,558,15,6,90,P,1
H1,06/26/2009,22,GA,運動飲料,558,8,6,48,P,1
H1,06/27/2009,14,GA,運動飲料,558,53,6,318,P,3
H1,06/28/2009,11,GA,運動飲料,558,8,6,48,P,1
H1,06/28/2009,13,GA,運動飲料,558,68,6,408,P,3
H1,06/28/2009,14,GA,運動飲料,558,8,6,48,P,3
H1,06/29/2009,13,GA,運動飲料,558,8,6,48,P,1
H1,06/29/2009,14,GA,運動飲料,558,15,6,90,P,1
H1,06/30/2009,15,GA,運動飲料,558,8,6,48,P,1
H1,06/30/2009,17,GA,運動飲料,558,16,6,96,P,2
H1,06/30/2009,18,GA,運動飲料,558,8,6,48,P,1
H1,07/02/2009,12,GA,運動飲料,558,15,4,60,P,1
H1,07/02/2009,19,GA,運動飲料,558,15,4,60,P,1
H1,07/03/2009,19,GA,運動飲料,558,23,4,92,P,3
H1,07/05/2009,14,GA,運動飲料,558,8,4,32,P,1
H1,07/08/2009,18,GA,運動飲料,558,38,4,152,P,2
H1,07/09/2009,15,GA,運動飲料,558,8,4,32,P,1
H1,07/10/2009,13,GA,運動飲料,558,8,4,32,P,1
H1,07/11/2009,11,GA,運動飲料,558,8,4,32,P,3
H1,07/11/2009,12,GA,運動飲料,558,8,4,32,P,1
H1,07/11/2009,13,GA,運動飲料,558,68,4,272,P,2
H1,07/12/2009,15,GA,運動飲料,558,8,4,32,P,1
H1,07/12/2009,16,GA,運動飲料,558,128,4,512,P,5
H1,07/12/2009,18,GA,運動飲料,558,68,4,272,P,2
H1,07/13/2009,20,GA,運動飲料,558,45,4,180,P,4
H1,07/13/2009,21,GA,運動飲料,558,105,4,420,P,2
H1,07/16/2009,16,GA,運動飲料,558,15,4,60,P,1
H1,07/16/2009,19,GA,運動飲料,558,15,4,60,P,1
H1,07/16/2009,20,GA,運動飲料,558,8,4,32,P,1
H1,07/18/2009,14,GA,運動飲料,558,38,4,152,P,2
H1,07/18/2009,19,GA,運動飲料,558,16,4,64,P,2
H1,07/20/2009,16,GA,運動飲料,558,8,4,32,P,1
H1,07/20/2009,19,GA,運動飲料,558,8,4,32,P,1
H1,07/21/2009,18,GA,運動飲料,558,45,4,180,P,2
H1,07/21/2009,22,GA,運動飲料,558,15,4,60,P,1
H1,07/24/2009,21,GA,運動飲料,558,8,4,32,P,1
H1,07/25/2009,18,GA,運動飲料,558,23,4,92,P,2
H1,07/25/2009,20,GA,運動飲料,558,15,4,60,P,1
H1,07/25/2009,22,GA,運動飲料,558,8,4,32,P,1
H1,07/26/2009,14,GA,運動飲料,558,38,4,152,P,2
H1,07/27/2009,12,GA,運動飲料,558,38,4,152,P,2
H1,07/28/2009,11,GA,運動飲料,558,8,4,32,P,1
H1,07/29/2009,15,GA,運動飲料,558,23,4,92,P,1
H1,07/30/2009,22,GA,運動飲料,558,8,4,32,P,1
H1,07/31/2009,12,GA,運動飲料,558,8,4,32,P,1
H1,08/01/2009,17,GA,運動飲料,558,15,4,60,P,1
H1,08/01/2009,22,GA,運動飲料,558,8,4,32,P,3
H1,08/02/2009,10,GA,運動飲料,558,8,4,32,P,1
H1,08/03/2009,19,GA,運動飲料,558,8,4,32,P,1
H1,08/03/2009,21,GA,運動飲料,558,45,4,180,P,2
H1,08/04/2009,13,GA,運動飲料,558,16,4,64,P,2
H1,08/04/2009,15,GA,運動飲料,558,8,4,32,P,1
H1,08/04/2009,17,GA,運動飲料,558,15,4,60,P,1
H1,08/05/2009,22,GA,運動飲料,558,16,6,96,N,2
H1,08/06/2009,21,GA,運動飲料,558,8,6,48,N,1
H1,08/07/2009,17,GA,運動飲料,558,8,6,48,N,1
H1,08/08/2009,13,GA,運動飲料,558,8,6,48,N,1
H1,08/09/2009,19,GA,運動飲料,558,8,6,48,N,1
H1,08/09/2009,20,GA,運動飲料,558,8,6,48,N,1
H1,08/12/2009,11,GA,運動飲料,558,15,6,90,N,1
H1,08/14/2009,15,GA,運動飲料,558,150,3,450,P,2
H1,08/14/2009,18,GA,運動飲料,558,68,3,204,P,3
H1,08/14/2009,21,GA,運動飲料,558,338,3,1014,P,7
H1,08/17/2009,12,GA,運動飲料,558,248,3,744,P,4
H1,08/17/2009,13,GA,運動飲料,558,98,3,294,P,3
