demo_data_utf8.csv
Store,Date,Time,Dept,Family,Item_No,SalesQty,Price,SalesValue,Sales_Status,Sales_number
H1,01/01/2009,22,GA,運動飲料,610,5,17,85,N,1
H1,01/02/2009,11,GA,運動飲料,610,5,17,85,N,1
H1,01/03/2009,18,GA,運動飲料,610,5,17,85,N,1
H1,01/03/2009,19,GA,運動飲料,610,5,17,85,N,1
H1,01/04/2009,16,GA,運動飲料,610,5,17,85,N,1
H1,01/04/2009,18,GA,運動飲料,610,5,17,85,N,1
H1,01/04/2009,21,GA,運動飲料,610,5,17,85,N,1
H1,01/05/2009,22,GA,運動飲料,610,5,17,85,N,1
H1,01/06/2009,17,GA,運動飲料,610,5,17,85,N,1
H1,01/06/2009,18,GA,運動飲料,610,5,17,85,N,1
H1,01/06/2009,20,GA,運動飲料,610,5,17,85,N,1
H1,01/08/2009,13,GA,運動飲料,610,5,17,85,N,1
H1,01/13/2009,20,GA,運動飲料,610,5,17,85,N,1
H1,01/14/2009,20,GA,運動飲料,610,10,17,170,N,1
H1,01/16/2009,01,GA,運動飲料,610,5,17,85,N,1
H1,01/19/2009,17,GA,運動飲料,610,5,17,85,N,1
H1,01/20/2009,20,GA,運動飲料,610,5,17,85,N,1
H1,01/24/2009,00,GA,運動飲料,610,5,17,85,N,1
H1,01/24/2009,02,GA,運動飲料,610,5,17,85,N,1
H1,01/24/2009,13,GA,運動飲料,610,5,17,85,N,1
H1,01/24/2009,14,GA,運動飲料,610,5,17,85,N,1
H1,01/24/2009,16,GA,運動飲料,610,5,17,85,N,1
H1,01/24/2009,20,GA,運動飲料,610,5,17,85,N,1
H1,01/26/2009,17,GA,運動飲料,610,5,17,85,N,1
H1,01/26/2009,18,GA,運動飲料,610,10,17,170,N,2
H1,01/30/2009,15,GA,運動飲料,610,5,17,85,N,1
H1,01/30/2009,20,GA,運動飲料,610,5,17,85,N,1
H1,01/31/2009,18,GA,運動飲料,610,5,17,85,N,1
H1,02/01/2009,13,GA,運動飲料,610,5,17,85,N,1
H1,02/02/2009,17,GA,運動飲料,610,5,17,85,N,1
H1,02/07/2009,16,GA,運動飲料,610,5,17,85,N,1
H1,02/08/2009,17,GA,運動飲料,610,5,17,85,N,1
H1,02/14/2009,16,GA,運動飲料,610,5,17,85,N,1
H1,02/14/2009,17,GA,運動飲料,610,5,17,85,N,1
H1,02/16/2009,20,GA,運動飲料,610,5,17,85,N,1
H1,02/17/2009,19,GA,運動飲料,610,5,17,85,N,1
H1,02/18/2009,21,GA,運動飲料,610,5,17,85,N,1
H1,02/19/2009,20,GA,運動飲料,610,5,17,85,N,1
H1,02/20/2009,19,GA,運動飲料,610,5,17,85,N,1
H1,02/22/2009,21,GA,運動飲料,610,5,17,85,N,1
H1,02/26/2009,22,GA,運動飲料,610,5,14,70,P,1
H1,02/27/2009,21,GA,運動飲料,610,5,14,70,P,1
H1,02/28/2009,14,GA,運動飲料,610,5,14,70,P,1
H1,03/01/2009,13,GA,運動飲料,610,20,14,280,P,1
H1,03/01/2009,14,GA,運動飲料,610,5,14,70,P,1
H1,03/01/2009,15,GA,運動飲料,610,10,14,140,P,2
H1,03/01/2009,20,GA,運動飲料,610,15,14,210,P,1
H1,03/03/2009,14,GA,運動飲料,610,5,14,70,P,1
H1,03/05/2009,11,GA,運動飲料,610,5,14,70,P,1
H1,03/07/2009,21,GA,運動飲料,610,5,14,70,P,1
H1,03/08/2009,17,GA,運動飲料,610,5,14,70,P,1
H1,03/09/2009,13,GA,運動飲料,610,5,14,70,P,1
H1,03/09/2009,19,GA,運動飲料,610,5,14,70,P,1
H1,03/09/2009,20,GA,運動飲料,610,5,14,70,P,1
H1,03/12/2009,09,GA,運動飲料,610,10,17,170,N,1
H1,03/13/2009,11,GA,運動飲料,610,50,17,850,N,1
H1,03/15/2009,19,GA,運動飲料,610,5,17,85,N,1
H1,03/17/2009,13,GA,運動飲料,610,5,17,85,N,1
H1,03/21/2009,15,GA,運動飲料,610,5,17,85,N,1
H1,03/23/2009,12,GA,運動飲料,610,5,17,85,N,1
H1,03/27/2009,13,GA,運動飲料,610,10,17,170,N,1
H1,03/31/2009,10,GA,運動飲料,610,10,17,170,N,1
H1,03/31/2009,21,GA,運動飲料,610,5,17,85,N,1
H1,04/16/2009,20,GA,運動飲料,610,5,17,85,N,1
H1,04/19/2009,15,GA,運動飲料,610,5,17,85,N,1
H1,04/23/2009,17,GA,運動飲料,610,5,14,70,P,1
H1,04/24/2009,18,GA,運動飲料,610,5,14,70,P,1
H1,04/24/2009,19,GA,運動飲料,610,10,14,140,P,1
H1,04/24/2009,21,GA,運動飲料,610,5,14,70,P,1
H1,04/25/2009,10,GA,運動飲料,610,20,14,280,P,2
H1,04/25/2009,21,GA,運動飲料,610,5,14,70,P,1
H1,04/26/2009,19,GA,運動飲料,610,5,14,70,P,1
H1,04/26/2009,21,GA,運動飲料,610,5,14,70,P,1
H1,04/27/2009,13,GA,運動飲料,610,5,14,70,P,1
H1,04/27/2009,15,GA,運動飲料,610,10,14,140,P,1
H1,04/27/2009,16,GA,運動飲料,610,5,14,70,P,1
H1,04/28/2009,17,GA,運動飲料,610,5,14,70,P,1
H1,04/30/2009,15,GA,運動飲料,610,5,14,70,P,1
H1,04/30/2009,19,GA,運動飲料,610,5,14,70,P,1
H1,05/02/2009,10,GA,運動飲料,610,5,14,70,P,1
H1,05/02/2009,11,GA,運動飲料,610,10,14,140,P,1
H1,05/03/2009,15,GA,運動飲料,610,5,17,85,N,1
H1,05/04/2009,21,GA,運動飲料,610,5,17,85,N,1
H1,05/06/2009,19,GA,運動飲料,610,5,17,85,N,1
H1,05/06/2009,21,GA,運動飲料,610,5,17,85,N,1
H1,05/09/2009,19,GA,運動飲料,610,5,17,85,N,1
H1,05/10/2009,16,GA,運動飲料,610,5,17,85,N,1
H1,05/12/2009,19,GA,運動飲料,610,10,17,170,N,2
H1,05/15/2009,12,GA,運動飲料,610,15,14,210,P,3
H1,05/15/2009,17,GA,運動飲料,610,20,14,280,P,2
H1,05/15/2009,21,GA,運動飲料,610,5,14,70,P,1
H1,05/16/2009,14,GA,運動飲料,610,5,14,70,P,1
H1,05/16/2009,15,GA,運動飲料,610,5,14,70,P,1
H1,05/17/2009,09,GA,運動飲料,610,5,14,70,P,1
H1,05/17/2009,13,GA,運動飲料,610,5,14,70,P,1
H1,05/17/2009,15,GA,運動飲料,610,5,14,70,P,1
H1,05/17/2009,17,GA,運動飲料,610,5,14,70,P,1
H1,05/17/2009,19,GA,運動飲料,610,5,14,70,P,1
H1,05/18/2009,10,GA,運動飲料,610,5,14,70,P,1
H1,05/18/2009,11,GA,運動飲料,610,10,14,140,P,1
H1,05/18/2009,13,GA,運動飲料,610,5,14,70,P,1
H1,05/18/2009,17,GA,運動飲料,610,10,14,140,P,1
H1,05/18/2009,18,GA,運動飲料,610,10,14,140,P,2
H1,05/19/2009,17,GA,運動飲料,610,5,14,70,P,1
H1,05/19/2009,18,GA,運動飲料,610,10,14,140,P,1
H1,05/21/2009,21,GA,運動飲料,610,5,14,70,P,1
H1,05/22/2009,14,GA,運動飲料,610,5,14,70,P,1
H1,05/22/2009,21,GA,運動飲料,610,10,14,140,P,1
H1,05/23/2009,11,GA,運動飲料,610,10,14,140,P,2
H1,05/23/2009,14,GA,運動飲料,610,10,14,140,P,1
H1,05/23/2009,15,GA,運動飲料,610,10,14,140,P,1
H1,05/23/2009,16,GA,運動飲料,610,5,14,70,P,1
H1,05/23/2009,17,GA,運動飲料,610,5,14,70,P,1
H1,05/24/2009,11,GA,運動飲料,610,5,14,70,P,1
H1,05/24/2009,14,GA,運動飲料,610,5,14,70,P,1
H1,05/24/2009,15,GA,運動飲料,610,5,14,70,P,1
H1,05/24/2009,19,GA,運動飲料,610,10,14,140,P,2
H1,05/24/2009,20,GA,運動飲料,610,5,14,70,P,1
H1,05/25/2009,11,GA,運動飲料,610,15,14,210,P,1
H1,05/25/2009,13,GA,運動飲料,610,5,14,70,P,1
H1,05/26/2009,17,GA,運動飲料,610,5,14,70,P,1
H1,05/27/2009,19,GA,運動飲料,610,20,14,280,P,1
H1,05/28/2009,14,GA,運動飲料,610,5,14,70,P,1
H1,05/28/2009,15,GA,運動飲料,610,5,14,70,P,1
H1,05/28/2009,18,GA,運動飲料,610,10,14,140,P,2
H1,05/29/2009,13,GA,運動飲料,610,5,14,70,P,1
H1,05/29/2009,16,GA,運動飲料,610,5,14,70,P,1
H1,05/29/2009,20,GA,運動飲料,610,5,14,70,P,1
H1,05/29/2009,22,GA,運動飲料,610,10,14,140,P,1
H1,05/30/2009,13,GA,運動飲料,610,5,14,70,P,1
H1,05/30/2009,15,GA,運動飲料,610,5,14,70,P,1
H1,05/30/2009,22,GA,運動飲料,610,5,14,70,P,1
H1,05/31/2009,13,GA,運動飲料,610,10,14,140,P,1
H1,05/31/2009,17,GA,運動飲料,610,5,14,70,P,1
H1,05/31/2009,20,GA,運動飲料,610,5,14,70,P,1
H1,05/31/2009,21,GA,運動飲料,610,15,14,210,P,1
H1,05/31/2009,22,GA,運動飲料,610,5,14,70,P,1
H1,06/01/2009,15,GA,運動飲料,610,5,14,70,P,1
H1,06/01/2009,16,GA,運動飲料,610,5,14,70,P,1
H1,06/01/2009,21,GA,運動飲料,610,5,14,70,P,1
H1,06/01/2009,22,GA,運動飲料,610,10,14,140,P,2
H1,06/02/2009,12,GA,運動飲料,610,5,14,70,P,1
H1,06/02/2009,15,GA,運動飲料,610,5,14,70,P,1
H1,06/02/2009,18,GA,運動飲料,610,10,14,140,P,1
H1,06/02/2009,20,GA,運動飲料,610,10,14,140,P,2
H1,06/03/2009,14,GA,運動飲料,610,5,14,70,P,1
H1,06/03/2009,15,GA,運動飲料,610,5,14,70,P,1
H1,06/03/2009,19,GA,運動飲料,610,5,14,70,P,1
H1,06/03/2009,20,GA,運動飲料,610,5,14,70,P,1
H1,06/04/2009,20,GA,運動飲料,610,5,14,70,P,1
H1,06/05/2009,18,GA,運動飲料,610,5,14,70,P,1
H1,06/05/2009,21,GA,運動飲料,610,5,14,70,P,1
H1,06/06/2009,14,GA,運動飲料,610,5,14,70,P,1
H1,06/06/2009,17,GA,運動飲料,610,5,14,70,P,1
H1,06/06/2009,19,GA,運動飲料,610,5,14,70,P,1
H1,06/07/2009,11,GA,運動飲料,610,20,14,280,P,2
H1,06/07/2009,12,GA,運動飲料,610,5,14,70,P,1
H1,06/08/2009,12,GA,運動飲料,610,5,14,70,P,3
H1,06/08/2009,14,GA,運動飲料,610,10,14,140,P,2
H1,06/08/2009,18,GA,運動飲料,610,5,14,70,P,1
H1,06/08/2009,22,GA,運動飲料,610,10,14,140,P,1
H1,06/09/2009,09,GA,運動飲料,610,5,14,70,P,1
H1,06/09/2009,12,GA,運動飲料,610,5,14,70,P,1
H1,06/10/2009,19,GA,運動飲料,610,10,14,140,P,1
H1,06/11/2009,10,GA,運動飲料,610,5,14,70,P,1
H1,06/11/2009,13,GA,運動飲料,610,5,14,70,P,1
H1,06/11/2009,20,GA,運動飲料,610,5,14,70,P,1
H1,06/12/2009,16,GA,運動飲料,610,5,14,70,P,1
H1,06/12/2009,19,GA,運動飲料,610,5,14,70,P,1
H1,06/12/2009,21,GA,運動飲料,610,5,14,70,P,1
H1,06/12/2009,22,GA,運動飲料,610,5,14,70,P,1
H1,06/14/2009,14,GA,運動飲料,610,10,17,170,N,2
H1,06/14/2009,15,GA,運動飲料,610,10,17,170,N,1
H1,06/15/2009,13,GA,運動飲料,610,5,17,85,N,1
H1,06/20/2009,11,GA,運動飲料,610,5,17,85,N,1
H1,06/21/2009,09,GA,運動飲料,610,5,17,85,N,1
H1,06/21/2009,13,GA,運動飲料,610,5,17,85,N,1
H1,06/21/2009,14,GA,運動飲料,610,5,17,85,N,1
H1,06/22/2009,21,GA,運動飲料,610,5,17,85,N,1
H1,06/27/2009,15,GA,運動飲料,610,5,17,85,N,1
H1,06/27/2009,16,GA,運動飲料,610,5,17,85,N,1
H1,06/28/2009,14,GA,運動飲料,610,5,17,85,N,1
H1,07/02/2009,13,GA,運動飲料,610,5,17,85,N,1
H1,07/02/2009,16,GA,運動飲料,610,5,17,85,N,1
H1,07/03/2009,14,GA,運動飲料,610,5,17,85,N,1
H1,07/03/2009,21,GA,運動飲料,610,5,17,85,N,1
H1,07/04/2009,10,GA,運動飲料,610,5,17,85,N,1
H1,07/05/2009,11,GA,運動飲料,610,5,17,85,N,1
H1,07/05/2009,13,GA,運動飲料,610,5,17,85,N,1
H1,07/05/2009,15,GA,運動飲料,610,5,17,85,N,1
H1,07/06/2009,18,GA,運動飲料,610,5,17,85,N,1
H1,07/06/2009,21,GA,運動飲料,610,5,17,85,N,1
H1,07/07/2009,21,GA,運動飲料,610,15,17,255,N,2
H1,07/10/2009,18,GA,運動飲料,610,5,14,70,P,1
H1,07/11/2009,14,GA,運動飲料,610,5,14,70,P,1
H1,07/11/2009,15,GA,運動飲料,610,10,14,140,P,1
H1,07/11/2009,19,GA,運動飲料,610,15,14,210,P,2
H1,07/12/2009,11,GA,運動飲料,610,10,14,140,P,1
H1,07/12/2009,16,GA,運動飲料,610,5,14,70,P,1
H1,07/12/2009,18,GA,運動飲料,610,15,14,210,P,2
H1,07/13/2009,15,GA,運動飲料,610,20,14,280,P,1
H1,07/13/2009,19,GA,運動飲料,610,5,14,70,P,1
H1,07/13/2009,21,GA,運動飲料,610,15,14,210,P,1
H1,07/14/2009,15,GA,運動飲料,610,5,14,70,P,1
H1,07/14/2009,21,GA,運動飲料,610,5,14,70,P,1
H1,07/15/2009,13,GA,運動飲料,610,5,14,70,P,1
H1,07/16/2009,21,GA,運動飲料,610,5,14,70,P,1
H1,07/17/2009,22,GA,運動飲料,610,10,14,140,P,1
H1,07/18/2009,10,GA,運動飲料,610,5,14,70,P,1
H1,07/18/2009,14,GA,運動飲料,610,5,14,70,P,1
H1,07/18/2009,15,GA,運動飲料,610,5,14,70,P,1
H1,07/18/2009,18,GA,運動飲料,610,5,14,70,P,1
H1,07/18/2009,19,GA,運動飲料,610,5,14,70,P,1
H1,07/18/2009,21,GA,運動飲料,610,5,14,70,P,1
H1,07/19/2009,11,GA,運動飲料,610,5,14,70,P,1
H1,07/19/2009,14,GA,運動飲料,610,20,14,280,P,3
H1,07/20/2009,12,GA,運動飲料,610,5,14,70,P,1
H1,07/20/2009,13,GA,運動飲料,610,45,14,630,P,1
H1,07/20/2009,20,GA,運動飲料,610,5,14,70,P,1
H1,07/21/2009,11,GA,運動飲料,610,40,15,600,P,3
H1,07/21/2009,14,GA,運動飲料,610,5,15,75,P,1
H1,07/21/2009,20,GA,運動飲料,610,5,15,75,P,1
H1,07/22/2009,21,GA,運動飲料,610,5,15,75,P,1
H1,07/23/2009,11,GA,運動飲料,610,5,15,75,P,1
H1,07/23/2009,19,GA,運動飲料,610,5,15,75,P,1
H1,07/24/2009,19,GA,運動飲料,610,5,15,75,P,1
H1,07/25/2009,15,GA,運動飲料,610,5,15,75,P,1
H1,07/25/2009,21,GA,運動飲料,610,5,15,75,P,1
H1,07/26/2009,10,GA,運動飲料,610,15,14,210,P,2
H1,07/26/2009,11,GA,運動飲料,610,5,14,70,P,1
H1,07/26/2009,14,GA,運動飲料,610,20,14,280,P,2
H1,07/26/2009,15,GA,運動飲料,610,5,14,70,P,1
H1,07/26/2009,16,GA,運動飲料,610,5,14,70,P,1
H1,07/27/2009,11,GA,運動飲料,610,5,14,70,P,1
H1,07/27/2009,14,GA,運動飲料,610,5,14,70,P,1
H1,07/27/2009,18,GA,運動飲料,610,5,14,70,P,1
H1,07/27/2009,21,GA,運動飲料,610,5,14,70,P,1
H1,07/28/2009,14,GA,運動飲料,610,5,14,70,P,1
H1,07/28/2009,18,GA,運動飲料,610,5,14,70,P,1
H1,07/29/2009,14,GA,運動飲料,610,5,14,70,P,1
H1,07/29/2009,17,GA,運動飲料,610,10,14,140,P,1
H1,07/29/2009,21,GA,運動飲料,610,5,14,70,P,1
H1,07/30/2009,16,GA,運動飲料,610,5,14,70,P,1
H1,07/30/2009,17,GA,運動飲料,610,5,14,70,P,1
H1,07/31/2009,12,GA,運動飲料,610,5,14,70,P,1
H1,07/31/2009,16,GA,運動飲料,610,5,14,70,P,1
H1,08/01/2009,11,GA,運動飲料,610,30,14,420,N,1
H1,08/01/2009,16,GA,運動飲料,610,10,14,140,P,1
H1,08/01/2009,18,GA,運動飲料,610,5,14,70,P,1
H1,08/02/2009,14,GA,運動飲料,610,10,14,140,P,2
H1,08/02/2009,19,GA,運動飲料,610,5,14,70,P,1
H1,08/03/2009,19,GA,運動飲料,610,35,14,490,P,1
H1,08/03/2009,20,GA,運動飲料,610,10,14,140,P,1
H1,08/04/2009,10,GA,運動飲料,610,5,14,70,P,1
H1,08/04/2009,13,GA,運動飲料,610,5,14,70,P,1
H1,08/04/2009,18,GA,運動飲料,610,5,14,70,P,1
H1,08/04/2009,20,GA,運動飲料,610,5,14,70,P,1
H1,08/05/2009,12,GA,運動飲料,610,5,15,75,P,1
H1,08/05/2009,15,GA,運動飲料,610,5,15,75,P,1
H1,08/05/2009,16,GA,運動飲料,610,5,15,75,P,1
H1,08/05/2009,19,GA,運動飲料,610,10,15,150,P,2
H1,08/06/2009,11,GA,運動飲料,610,5,15,75,P,1
H1,08/06/2009,13,GA,運動飲料,610,5,15,75,P,1
H1,08/06/2009,18,GA,運動飲料,610,5,15,75,P,1
H1,08/07/2009,14,GA,運動飲料,610,5,15,75,P,1
H1,08/08/2009,15,GA,運動飲料,610,5,15,75,P,1
H1,08/08/2009,16,GA,運動飲料,610,10,15,150,P,1
H1,08/08/2009,17,GA,運動飲料,610,5,15,75,P,1
H1,08/09/2009,16,GA,運動飲料,610,5,15,75,P,1
H1,08/10/2009,17,GA,運動飲料,610,5,15,75,P,1
H1,08/11/2009,15,GA,運動飲料,610,5,14,70,P,1
H1,08/11/2009,19,GA,運動飲料,610,5,14,70,P,1
H1,08/12/2009,13,GA,運動飲料,610,5,14,70,P,1
H1,08/12/2009,14,GA,運動飲料,610,10,14,140,P,2
H1,08/12/2009,21,GA,運動飲料,610,5,14,70,P,1
H1,08/13/2009,12,GA,運動飲料,610,5,14,70,P,1
H1,08/13/2009,15,GA,運動飲料,610,20,14,280,P,1
H1,08/14/2009,15,GA,運動飲料,610,5,14,70,P,1
H1,08/15/2009,09,GA,運動飲料,610,5,14,70,P,1
H1,08/15/2009,10,GA,運動飲料,610,5,14,70,P,1
H1,08/15/2009,11,GA,運動飲料,610,5,14,70,P,1
H1,08/17/2009,06,GA,運動飲料,610,25,14,350,P,2
H1,08/17/2009,13,GA,運動飲料,610,5,14,70,P,1
H1,08/17/2009,18,GA,運動飲料,610,5,14,70,P,1
H1,08/17/2009,19,GA,運動飲料,610,5,14,70,P,1
