demo_data_utf8.csv
Store,Date,Time,Dept,Family,Item_No,SalesQty,Price,SalesValue,Sales_Status,Sales_number
H1,01/02/2009,15,GA,運動飲料,956,8,9,72,N,1
H1,01/02/2009,19,GA,運動飲料,956,30,10,300,N,1
H1,01/03/2009,17,GA,運動飲料,956,30,10,300,N,1
H1,01/03/2009,19,GA,運動飲料,956,8,9,72,N,1
H1,01/04/2009,11,GA,運動飲料,956,8,9,72,N,1
H1,01/04/2009,14,GA,運動飲料,956,30,10,300,N,1
H1,01/04/2009,20,GA,運動飲料,956,8,9,72,N,1
H1,01/07/2009,20,GA,運動飲料,956,8,9,72,N,1
H1,01/08/2009,11,GA,運動飲料,956,15,10,150,N,1
H1,01/08/2009,14,GA,運動飲料,956,30,10,300,N,1
H1,01/10/2009,15,GA,運動飲料,956,30,10,300,N,1
H1,01/11/2009,20,GA,運動飲料,956,15,10,150,N,1
H1,01/12/2009,16,GA,運動飲料,956,8,9,72,N,1
H1,01/13/2009,21,GA,運動飲料,956,8,9,72,N,1
H1,01/14/2009,21,GA,運動飲料,956,8,9,72,N,1
H1,01/16/2009,10,GA,運動飲料,956,30,10,300,N,2
H1,01/16/2009,19,GA,運動飲料,956,8,9,72,N,1
H1,01/17/2009,20,GA,運動飲料,956,16,9,144,N,2
H1,01/17/2009,22,GA,運動飲料,956,30,10,300,N,1
H1,01/18/2009,01,GA,運動飲料,956,8,9,72,N,1
H1,01/18/2009,15,GA,運動飲料,956,8,9,72,N,1
H1,01/19/2009,14,GA,運動飲料,956,30,10,300,N,1
H1,01/19/2009,17,GA,運動飲料,956,30,10,300,N,1
H1,01/20/2009,00,GA,運動飲料,956,16,9,144,N,2
H1,01/20/2009,09,GA,運動飲料,956,8,9,72,N,1
H1,01/20/2009,18,GA,運動飲料,956,8,9,72,N,1
H1,01/20/2009,23,GA,運動飲料,956,8,9,72,N,1
H1,01/21/2009,20,GA,運動飲料,956,16,9,144,N,2
H1,01/21/2009,21,GA,運動飲料,956,30,10,300,N,1
H1,01/22/2009,00,GA,運動飲料,956,8,9,72,N,1
H1,01/22/2009,22,GA,運動飲料,956,30,10,300,N,1
H1,01/23/2009,00,GA,運動飲料,956,8,9,72,N,1
H1,01/23/2009,13,GA,運動飲料,956,8,9,72,N,1
H1,01/23/2009,18,GA,運動飲料,956,15,10,150,N,1
H1,01/23/2009,22,GA,運動飲料,956,60,10,600,N,2
H1,01/24/2009,12,GA,運動飲料,956,30,10,300,N,1
H1,01/24/2009,20,GA,運動飲料,956,30,10,300,N,1
H1,01/28/2009,10,GA,運動飲料,956,8,9,72,N,1
H1,01/28/2009,17,GA,運動飲料,956,8,9,72,N,1
H1,01/29/2009,09,GA,運動飲料,956,30,10,300,N,1
H1,01/29/2009,11,GA,運動飲料,956,15,10,150,N,1
H1,02/02/2009,09,GA,運動飲料,956,30,10,300,N,1
H1,02/04/2009,12,GA,運動飲料,956,15,10,150,N,1
H1,02/04/2009,17,GA,運動飲料,956,8,9,72,N,1
H1,02/05/2009,20,GA,運動飲料,956,8,9,72,N,1
H1,02/06/2009,13,GA,運動飲料,956,30,10,300,N,1
H1,02/06/2009,15,GA,運動飲料,956,30,10,300,N,1
H1,02/07/2009,11,GA,運動飲料,956,30,10,300,N,1
H1,02/07/2009,22,GA,運動飲料,956,30,10,300,N,1
H1,02/08/2009,09,GA,運動飲料,956,8,9,72,N,1
H1,02/08/2009,18,GA,運動飲料,956,8,9,72,N,1
H1,02/09/2009,12,GA,運動飲料,956,8,9,72,N,1
H1,02/11/2009,10,GA,運動飲料,956,8,9,72,N,1
H1,02/14/2009,20,GA,運動飲料,956,90,10,900,N,1
H1,02/16/2009,19,GA,運動飲料,956,8,9,72,N,1
H1,02/17/2009,19,GA,運動飲料,956,30,10,300,N,1
H1,02/21/2009,22,GA,運動飲料,956,8,9,72,N,1
H1,02/22/2009,16,GA,運動飲料,956,8,9,72,N,1
H1,02/22/2009,18,GA,運動飲料,956,8,9,72,N,1
H1,02/26/2009,14,GA,運動飲料,956,30,9,270,P,1
H1,02/28/2009,10,GA,運動飲料,956,8,8,64,P,1
H1,02/28/2009,12,GA,運動飲料,956,30,9,270,P,1
H1,02/28/2009,16,GA,運動飲料,956,8,8,64,P,1
H1,03/05/2009,19,GA,運動飲料,956,8,8,64,P,1
H1,03/05/2009,22,GA,運動飲料,956,8,8,64,P,1
H1,03/06/2009,22,GA,運動飲料,956,30,9,270,P,1
H1,03/07/2009,16,GA,運動飲料,956,8,8,64,P,1
H1,03/08/2009,15,GA,運動飲料,956,8,8,64,P,1
H1,03/11/2009,13,GA,運動飲料,956,30,9,270,P,1
H1,03/11/2009,20,GA,運動飲料,956,8,8,64,P,1
H1,03/13/2009,11,GA,運動飲料,956,210,9,1890,P,1
H1,03/13/2009,21,GA,運動飲料,956,30,9,270,P,1
H1,03/14/2009,10,GA,運動飲料,956,8,8,64,P,1
H1,03/14/2009,22,GA,運動飲料,956,8,8,64,P,1
H1,03/15/2009,16,GA,運動飲料,956,8,8,64,P,1
H1,03/17/2009,11,GA,運動飲料,956,8,8,64,P,1
H1,03/17/2009,16,GA,運動飲料,956,8,8,64,P,1
H1,03/18/2009,12,GA,運動飲料,956,60,9,540,P,1
H1,03/18/2009,14,GA,運動飲料,956,15,9,135,P,1
H1,03/18/2009,19,GA,運動飲料,956,8,8,64,P,1
H1,03/19/2009,18,GA,運動飲料,956,8,8,64,P,1
H1,03/19/2009,21,GA,運動飲料,956,8,8,64,P,1
H1,03/20/2009,18,GA,運動飲料,956,16,9,144,P,2
H1,03/22/2009,17,GA,運動飲料,956,8,9,72,P,1
H1,03/22/2009,19,GA,運動飲料,956,8,9,72,P,1
H1,03/22/2009,21,GA,運動飲料,956,53,10,530,P,3
H1,03/23/2009,11,GA,運動飲料,956,15,10,150,P,1
H1,03/24/2009,16,GA,運動飲料,956,8,9,72,P,1
H1,03/27/2009,10,GA,運動飲料,956,8,9,72,P,1
H1,03/28/2009,16,GA,運動飲料,956,8,9,72,P,1
H1,03/30/2009,16,GA,運動飲料,956,30,10,300,P,1
H1,03/30/2009,17,GA,運動飲料,956,8,9,72,P,1
H1,04/02/2009,11,GA,運動飲料,956,30,10,300,N,1
H1,04/03/2009,19,GA,運動飲料,956,8,9,72,N,1
H1,04/04/2009,13,GA,運動飲料,956,8,9,72,N,1
H1,04/05/2009,22,GA,運動飲料,956,8,9,72,N,1
H1,04/08/2009,09,GA,運動飲料,956,8,9,72,P,1
H1,04/09/2009,11,GA,運動飲料,956,60,10,600,P,2
H1,04/12/2009,19,GA,運動飲料,956,8,9,72,P,1
H1,04/13/2009,21,GA,運動飲料,956,8,9,72,N,1
H1,04/15/2009,15,GA,運動飲料,956,30,10,300,N,1
H1,04/19/2009,19,GA,運動飲料,956,8,10,80,N,1
H1,04/20/2009,17,GA,運動飲料,956,8,10,80,N,1
H1,04/22/2009,14,GA,運動飲料,956,30,11,330,N,1
H1,04/22/2009,15,GA,運動飲料,956,30,11,330,N,1
H1,04/22/2009,19,GA,運動飲料,956,8,10,80,N,1
H1,04/24/2009,18,GA,運動飲料,956,30,11,330,N,1
H1,04/26/2009,21,GA,運動飲料,956,30,10,300,P,1
H1,04/27/2009,17,GA,運動飲料,956,180,10,1800,P,1
H1,04/27/2009,19,GA,運動飲料,956,8,9,72,P,1
H1,04/27/2009,21,GA,運動飲料,956,8,9,72,P,1
H1,04/28/2009,11,GA,運動飲料,956,8,9,72,P,1
H1,04/28/2009,22,GA,運動飲料,956,8,9,72,P,1
H1,04/29/2009,12,GA,運動飲料,956,30,10,300,P,1
H1,04/29/2009,16,GA,運動飲料,956,8,9,72,P,1
H1,04/30/2009,16,GA,運動飲料,956,8,9,72,P,1
H1,05/01/2009,11,GA,運動飲料,956,8,9,72,P,1
H1,05/01/2009,13,GA,運動飲料,956,8,9,72,P,1
H1,05/02/2009,11,GA,運動飲料,956,8,9,72,P,1
H1,05/02/2009,21,GA,運動飲料,956,23,9,207,P,1
H1,05/06/2009,10,GA,運動飲料,956,30,9,270,N,1
H1,05/06/2009,14,GA,運動飲料,956,30,9,270,N,1
H1,05/06/2009,18,GA,運動飲料,956,16,9,144,N,2
H1,05/07/2009,21,GA,運動飲料,956,8,9,72,N,1
H1,05/08/2009,10,GA,運動飲料,956,30,9,270,N,1
H1,05/08/2009,11,GA,運動飲料,956,8,9,72,N,1
H1,05/08/2009,13,GA,運動飲料,956,30,9,270,N,1
H1,05/08/2009,17,GA,運動飲料,956,8,9,72,N,1
H1,05/08/2009,18,GA,運動飲料,956,8,9,72,N,1
H1,05/09/2009,10,GA,運動飲料,956,8,9,72,N,1
H1,05/09/2009,21,GA,運動飲料,956,8,9,72,N,1
H1,05/10/2009,11,GA,運動飲料,956,8,9,72,N,1
H1,05/10/2009,13,GA,運動飲料,956,8,9,72,N,1
H1,05/10/2009,18,GA,運動飲料,956,8,9,72,N,1
H1,05/10/2009,22,GA,運動飲料,956,8,9,72,N,1
H1,05/11/2009,13,GA,運動飲料,956,15,9,135,N,1
H1,05/11/2009,18,GA,運動飲料,956,30,9,270,N,1
H1,05/12/2009,10,GA,運動飲料,956,30,9,270,N,2
H1,05/12/2009,15,GA,運動飲料,956,15,9,135,N,1
H1,05/12/2009,17,GA,運動飲料,956,8,9,72,N,1
H1,05/13/2009,16,GA,運動飲料,956,16,9,144,N,2
H1,05/13/2009,17,GA,運動飲料,956,60,9,540,N,1
H1,05/13/2009,19,GA,運動飲料,956,8,9,72,N,1
H1,05/16/2009,14,GA,運動飲料,956,30,9,270,N,1
H1,05/16/2009,20,GA,運動飲料,956,30,9,270,N,1
H1,05/17/2009,11,GA,運動飲料,956,8,9,72,N,1
H1,05/17/2009,16,GA,運動飲料,956,8,9,72,N,1
H1,05/17/2009,22,GA,運動飲料,956,8,9,72,N,1
H1,05/18/2009,10,GA,運動飲料,956,60,9,540,N,2
H1,05/18/2009,14,GA,運動飲料,956,8,9,72,N,1
H1,05/18/2009,16,GA,運動飲料,956,8,9,72,N,1
H1,05/19/2009,18,GA,運動飲料,956,15,9,135,N,1
H1,05/19/2009,21,GA,運動飲料,956,8,9,72,N,1
H1,05/20/2009,09,GA,運動飲料,956,15,9,135,N,1
H1,05/20/2009,13,GA,運動飲料,956,15,9,135,N,1
H1,05/20/2009,17,GA,運動飲料,956,30,9,270,N,1
H1,05/21/2009,12,GA,運動飲料,956,60,9,540,N,1
H1,05/21/2009,20,GA,運動飲料,956,60,9,540,N,1
H1,05/22/2009,10,GA,運動飲料,956,15,9,135,N,1
H1,05/22/2009,11,GA,運動飲料,956,8,9,72,N,1
H1,05/22/2009,14,GA,運動飲料,956,30,9,270,N,1
H1,05/22/2009,20,GA,運動飲料,956,8,9,72,N,1
H1,05/23/2009,11,GA,運動飲料,956,38,9,342,N,2
H1,05/23/2009,20,GA,運動飲料,956,30,9,270,N,1
H1,05/24/2009,16,GA,運動飲料,956,30,9,270,N,1
H1,05/25/2009,11,GA,運動飲料,956,15,9,135,N,1
H1,05/25/2009,15,GA,運動飲料,956,8,9,72,N,1
H1,05/26/2009,14,GA,運動飲料,956,30,9,270,N,1
H1,05/26/2009,18,GA,運動飲料,956,30,9,270,N,1
H1,05/26/2009,21,GA,運動飲料,956,30,9,270,N,1
H1,05/29/2009,09,GA,運動飲料,956,30,9,270,N,1
H1,05/30/2009,12,GA,運動飲料,956,8,9,72,N,1
H1,05/30/2009,17,GA,運動飲料,956,8,9,72,N,1
H1,05/31/2009,11,GA,運動飲料,956,15,9,135,N,1
H1,06/01/2009,17,GA,運動飲料,956,30,9,270,N,1
H1,06/01/2009,20,GA,運動飲料,956,8,9,72,N,1
H1,06/02/2009,12,GA,運動飲料,956,30,9,270,N,1
H1,06/02/2009,22,GA,運動飲料,956,60,9,540,N,2
H1,06/05/2009,10,GA,運動飲料,956,8,9,72,N,1
H1,06/05/2009,15,GA,運動飲料,956,15,9,135,N,1
H1,06/06/2009,21,GA,運動飲料,956,8,9,72,N,1
H1,06/07/2009,09,GA,運動飲料,956,30,9,270,N,1
H1,06/07/2009,14,GA,運動飲料,956,8,9,72,N,1
H1,06/07/2009,22,GA,運動飲料,956,8,9,72,N,1
H1,06/08/2009,11,GA,運動飲料,956,30,9,270,N,1
H1,06/08/2009,19,GA,運動飲料,956,8,9,72,N,1
H1,06/09/2009,10,GA,運動飲料,956,30,9,270,N,1
H1,06/09/2009,17,GA,運動飲料,956,8,9,72,N,1
H1,06/10/2009,21,GA,運動飲料,956,8,9,72,N,1
H1,06/12/2009,21,GA,運動飲料,956,30,9,270,N,1
H1,06/13/2009,17,GA,運動飲料,956,8,9,72,N,1
H1,06/14/2009,18,GA,運動飲料,956,8,9,72,N,1
H1,06/15/2009,16,GA,運動飲料,956,15,10,150,N,1
H1,06/15/2009,18,GA,運動飲料,956,30,10,300,N,1
H1,06/15/2009,22,GA,運動飲料,956,8,9,72,N,1
H1,06/16/2009,21,GA,運動飲料,956,8,9,72,N,1
H1,06/17/2009,11,GA,運動飲料,956,15,10,150,N,1
H1,06/17/2009,14,GA,運動飲料,956,30,10,300,N,1
H1,06/17/2009,15,GA,運動飲料,956,30,10,300,N,1
H1,06/17/2009,19,GA,運動飲料,956,8,9,72,N,1
H1,06/18/2009,09,GA,運動飲料,956,8,9,72,N,1
H1,06/18/2009,16,GA,運動飲料,956,30,10,300,N,1
H1,06/18/2009,19,GA,運動飲料,956,8,9,72,N,1
H1,06/19/2009,20,GA,運動飲料,956,8,9,72,N,1
H1,06/19/2009,22,GA,運動飲料,956,8,9,72,N,1
H1,06/20/2009,22,GA,運動飲料,956,8,9,72,N,1
H1,06/21/2009,21,GA,運動飲料,956,30,10,300,N,1
H1,06/22/2009,11,GA,運動飲料,956,8,9,72,N,1
H1,06/22/2009,14,GA,運動飲料,956,8,9,72,N,1
H1,06/22/2009,15,GA,運動飲料,956,68,10,680,N,2
H1,06/23/2009,11,GA,運動飲料,956,30,10,300,N,1
H1,06/23/2009,17,GA,運動飲料,956,8,9,72,N,1
H1,06/24/2009,12,GA,運動飲料,956,30,10,300,N,1
H1,06/24/2009,16,GA,運動飲料,956,8,9,72,N,1
H1,06/24/2009,20,GA,運動飲料,956,8,9,72,N,1
H1,06/25/2009,16,GA,運動飲料,956,30,10,300,N,1
H1,06/25/2009,18,GA,運動飲料,956,8,9,72,N,1
H1,06/25/2009,21,GA,運動飲料,956,8,9,72,N,1
H1,06/26/2009,12,GA,運動飲料,956,15,10,150,N,1
H1,06/26/2009,18,GA,運動飲料,956,15,10,150,N,1
H1,06/27/2009,12,GA,運動飲料,956,8,9,72,N,3
H1,06/27/2009,14,GA,運動飲料,956,8,9,72,N,1
H1,06/27/2009,15,GA,運動飲料,956,8,9,72,N,1
H1,06/27/2009,21,GA,運動飲料,956,15,10,150,N,1
H1,06/27/2009,22,GA,運動飲料,956,30,10,300,N,1
H1,06/28/2009,14,GA,運動飲料,956,8,9,72,N,1
H1,06/29/2009,18,GA,運動飲料,956,8,9,72,N,1
H1,06/29/2009,20,GA,運動飲料,956,8,9,72,N,1
H1,06/30/2009,14,GA,運動飲料,956,30,10,300,N,1
H1,06/30/2009,22,GA,運動飲料,956,15,10,150,N,1
H1,07/04/2009,09,GA,運動飲料,956,8,9,72,N,1
H1,07/04/2009,14,GA,運動飲料,956,30,10,300,N,1
H1,07/04/2009,18,GA,運動飲料,956,15,10,150,N,1
H1,07/04/2009,22,GA,運動飲料,956,30,10,300,N,1
H1,07/05/2009,12,GA,運動飲料,956,8,9,72,N,1
H1,07/06/2009,10,GA,運動飲料,956,30,10,300,N,1
H1,07/06/2009,16,GA,運動飲料,956,8,9,72,N,1
H1,07/06/2009,17,GA,運動飲料,956,8,9,72,N,1
H1,07/06/2009,21,GA,運動飲料,956,60,10,600,N,1
H1,07/07/2009,16,GA,運動飲料,956,15,10,150,N,1
H1,07/07/2009,20,GA,運動飲料,956,30,10,300,N,2
H1,07/08/2009,11,GA,運動飲料,956,8,9,72,N,1
H1,07/08/2009,12,GA,運動飲料,956,8,9,72,N,1
H1,07/08/2009,13,GA,運動飲料,956,30,10,300,N,1
H1,07/08/2009,17,GA,運動飲料,956,30,10,300,N,1
H1,07/08/2009,19,GA,運動飲料,956,68,10,680,N,2
H1,07/09/2009,18,GA,運動飲料,956,8,9,72,N,1
H1,07/10/2009,16,GA,運動飲料,956,30,10,300,N,1
H1,07/10/2009,21,GA,運動飲料,956,8,9,72,N,1
H1,07/11/2009,16,GA,運動飲料,956,8,9,72,N,1
H1,07/11/2009,17,GA,運動飲料,956,8,9,72,N,1
H1,07/14/2009,17,GA,運動飲料,956,8,9,72,N,1
H1,07/14/2009,20,GA,運動飲料,956,8,9,72,N,1
H1,07/16/2009,12,GA,運動飲料,956,30,10,300,N,1
H1,07/16/2009,20,GA,運動飲料,956,8,9,72,N,1
H1,07/17/2009,11,GA,運動飲料,956,30,10,300,N,1
H1,07/17/2009,13,GA,運動飲料,956,23,9,207,N,1
H1,07/17/2009,21,GA,運動飲料,956,8,9,72,N,1
H1,07/18/2009,14,GA,運動飲料,956,8,9,72,N,1
H1,07/19/2009,21,GA,運動飲料,956,8,9,72,N,1
H1,07/20/2009,10,GA,運動飲料,956,15,10,150,N,1
H1,07/20/2009,13,GA,運動飲料,956,75,10,750,N,2
H1,07/20/2009,22,GA,運動飲料,956,8,9,72,N,1
H1,07/21/2009,09,GA,運動飲料,956,15,10,150,N,1
H1,07/21/2009,13,GA,運動飲料,956,15,10,150,N,1
H1,07/22/2009,19,GA,運動飲料,956,60,10,600,N,1
H1,07/22/2009,22,GA,運動飲料,956,30,10,300,N,1
H1,07/23/2009,13,GA,運動飲料,956,23,9,207,N,2
H1,07/23/2009,16,GA,運動飲料,956,30,10,300,N,1
H1,07/23/2009,20,GA,運動飲料,956,8,9,72,N,1
H1,07/24/2009,14,GA,運動飲料,956,23,9,207,N,1
H1,07/24/2009,15,GA,運動飲料,956,8,9,72,N,1
H1,07/25/2009,17,GA,運動飲料,956,30,10,300,N,1
H1,07/26/2009,21,GA,運動飲料,956,8,9,72,N,3
H1,07/27/2009,11,GA,運動飲料,956,60,10,600,N,1
H1,07/27/2009,13,GA,運動飲料,956,30,10,300,N,1
H1,07/28/2009,15,GA,運動飲料,956,8,9,72,N,1
H1,07/28/2009,18,GA,運動飲料,956,60,10,600,N,1
H1,07/29/2009,20,GA,運動飲料,956,15,10,150,N,1
H1,07/30/2009,09,GA,運動飲料,956,30,10,300,N,1
H1,07/30/2009,10,GA,運動飲料,956,30,10,300,N,1
H1,07/30/2009,19,GA,運動飲料,956,8,9,72,N,1
H1,07/31/2009,15,GA,運動飲料,956,8,9,72,N,1
H1,07/31/2009,16,GA,運動飲料,956,8,9,72,N,1
H1,07/31/2009,19,GA,運動飲料,956,30,10,300,N,1
H1,08/01/2009,10,GA,運動飲料,956,8,9,72,N,1
H1,08/01/2009,21,GA,運動飲料,956,30,10,300,N,1
H1,08/02/2009,16,GA,運動飲料,956,38,9,342,N,2
H1,08/02/2009,17,GA,運動飲料,956,30,10,300,N,1
H1,08/03/2009,12,GA,運動飲料,956,31,10,310,N,2
H1,08/04/2009,14,GA,運動飲料,956,8,9,72,N,1
H1,08/05/2009,22,GA,運動飲料,956,8,9,72,N,1
H1,08/06/2009,12,GA,運動飲料,956,30,10,300,N,1
H1,08/06/2009,13,GA,運動飲料,956,30,10,300,N,1
H1,08/06/2009,15,GA,運動飲料,956,8,9,72,N,1
H1,08/06/2009,21,GA,運動飲料,956,16,9,144,N,2
H1,08/06/2009,22,GA,運動飲料,956,23,9,207,N,2
H1,08/07/2009,12,GA,運動飲料,956,8,9,72,N,1
H1,08/07/2009,21,GA,運動飲料,956,30,10,300,N,1
H1,08/08/2009,16,GA,運動飲料,956,8,9,72,N,1
H1,08/09/2009,11,GA,運動飲料,956,8,9,72,N,1
H1,08/09/2009,12,GA,運動飲料,956,60,10,600,N,2
H1,08/11/2009,16,GA,運動飲料,956,7,10,70,N,2
H1,08/11/2009,18,GA,運動飲料,956,8,9,72,N,1
H1,08/14/2009,12,GA,運動飲料,956,30,10,300,N,1
H1,08/15/2009,12,GA,運動飲料,956,30,10,300,N,1
H1,08/15/2009,13,GA,運動飲料,956,15,10,150,N,1
H1,08/16/2009,03,GA,運動飲料,956,30,10,300,N,1
H1,08/16/2009,16,GA,運動飲料,956,16,9,144,N,2
H1,08/16/2009,17,GA,運動飲料,956,38,9,342,N,2
H1,08/17/2009,02,GA,運動飲料,956,30,10,300,N,1
H1,08/17/2009,10,GA,運動飲料,956,30,10,300,N,1
