demo_data_utf8.csv
Store,Date,Time,Dept,Family,Item_No,SalesQty,Price,SalesValue,Sales_Status,Sales_number
H1,01/02/2009,16,GA,運動飲料,064,60,6,360,N,1
H1,01/03/2009,23,GA,運動飲料,064,30,6,180,N,1
H1,01/07/2009,14,GA,運動飲料,064,30,6,180,N,1
H1,01/10/2009,21,GA,運動飲料,064,60,6,360,N,1
H1,01/12/2009,21,GA,運動飲料,064,120,6,720,N,1
H1,01/13/2009,16,GA,運動飲料,064,30,6,180,P,1
H1,01/15/2009,21,GA,運動飲料,064,60,6,360,P,1
H1,01/16/2009,10,GA,運動飲料,064,30,6,180,P,1
H1,01/16/2009,22,GA,運動飲料,064,30,6,180,P,1
H1,01/19/2009,14,GA,運動飲料,064,30,6,180,P,2
H1,01/20/2009,14,GA,運動飲料,064,60,6,360,P,1
H1,01/22/2009,21,GA,運動飲料,064,30,6,180,P,1
H1,01/23/2009,06,GA,運動飲料,064,30,6,180,P,1
H1,01/25/2009,02,GA,運動飲料,064,60,6,360,P,1
H1,02/02/2009,10,GA,運動飲料,064,30,6,180,N,1
H1,02/02/2009,20,GA,運動飲料,064,60,6,360,N,2
H1,02/05/2009,16,GA,運動飲料,064,30,6,180,N,2
H1,02/05/2009,19,GA,運動飲料,064,30,6,180,N,1
H1,02/06/2009,10,GA,運動飲料,064,30,6,180,N,1
H1,02/08/2009,15,GA,運動飲料,064,30,6,180,N,1
H1,02/10/2009,14,GA,運動飲料,064,60,6,360,N,1
H1,02/10/2009,21,GA,運動飲料,064,30,6,180,N,1
H1,02/11/2009,17,GA,運動飲料,064,30,6,180,N,1
H1,02/14/2009,21,GA,運動飲料,064,60,6,360,N,1
H1,02/15/2009,11,GA,運動飲料,064,60,6,360,N,1
H1,02/19/2009,14,GA,運動飲料,064,30,6,180,N,1
H1,02/20/2009,20,GA,運動飲料,064,30,6,180,N,1
H1,02/25/2009,15,GA,運動飲料,064,60,6,360,N,1
H1,02/25/2009,19,GA,運動飲料,064,30,6,180,N,1
H1,02/28/2009,10,GA,運動飲料,064,30,6,180,N,1
H1,03/04/2009,15,GA,運動飲料,064,30,6,180,N,1
H1,03/04/2009,20,GA,運動飲料,064,30,6,180,N,1
H1,03/06/2009,19,GA,運動飲料,064,90,6,540,N,1
H1,03/08/2009,15,GA,運動飲料,064,30,6,180,N,1
H1,03/08/2009,17,GA,運動飲料,064,30,6,180,N,1
H1,03/14/2009,13,GA,運動飲料,064,30,6,180,N,1
H1,03/15/2009,11,GA,運動飲料,064,30,6,180,N,1
H1,03/15/2009,12,GA,運動飲料,064,30,6,180,N,1
H1,03/16/2009,17,GA,運動飲料,064,30,6,180,N,1
H1,03/17/2009,12,GA,運動飲料,064,30,6,180,N,1
H1,03/20/2009,17,GA,運動飲料,064,30,6,180,N,1
H1,03/25/2009,10,GA,運動飲料,064,120,6,720,N,1
H1,03/25/2009,13,GA,運動飲料,064,30,6,180,N,1
H1,03/26/2009,16,GA,運動飲料,064,30,6,180,N,1
H1,03/27/2009,20,GA,運動飲料,064,30,6,180,N,1
H1,03/27/2009,21,GA,運動飲料,064,30,6,180,N,1
H1,03/30/2009,12,GA,運動飲料,064,30,6,180,N,1
H1,04/03/2009,20,GA,運動飲料,064,30,6,180,N,1
H1,04/08/2009,14,GA,運動飲料,064,30,6,180,N,1
H1,04/10/2009,15,GA,運動飲料,064,30,6,180,N,1
H1,04/11/2009,15,GA,運動飲料,064,90,6,540,N,1
H1,04/12/2009,13,GA,運動飲料,064,30,6,180,N,1
H1,04/15/2009,15,GA,運動飲料,064,30,6,180,N,1
H1,04/20/2009,13,GA,運動飲料,064,30,7,210,N,1
H1,04/23/2009,19,GA,運動飲料,064,90,7,630,N,1
H1,04/24/2009,10,GA,運動飲料,064,30,7,210,N,1
H1,04/25/2009,14,GA,運動飲料,064,30,6,180,P,1
H1,04/30/2009,15,GA,運動飲料,064,30,6,180,P,1
H1,05/01/2009,12,GA,運動飲料,064,30,6,180,P,1
H1,05/01/2009,21,GA,運動飲料,064,30,6,180,P,1
H1,05/03/2009,14,GA,運動飲料,064,30,6,180,N,1
H1,05/04/2009,17,GA,運動飲料,064,30,6,180,N,1
H1,05/08/2009,11,GA,運動飲料,064,60,6,360,N,1
H1,05/08/2009,16,GA,運動飲料,064,60,6,360,N,1
H1,05/08/2009,21,GA,運動飲料,064,60,6,360,N,2
H1,05/09/2009,13,GA,運動飲料,064,30,6,180,N,1
H1,05/09/2009,18,GA,運動飲料,064,30,6,180,N,1
H1,05/09/2009,21,GA,運動飲料,064,30,6,180,N,1
H1,05/11/2009,22,GA,運動飲料,064,60,6,360,N,1
H1,05/14/2009,13,GA,運動飲料,064,30,6,180,N,1
H1,05/16/2009,13,GA,運動飲料,064,30,6,180,N,1
H1,05/17/2009,09,GA,運動飲料,064,30,6,180,N,1
H1,05/17/2009,12,GA,運動飲料,064,30,6,180,N,1
H1,05/19/2009,18,GA,運動飲料,064,90,6,540,N,3
H1,05/21/2009,14,GA,運動飲料,064,90,6,540,N,1
H1,05/21/2009,15,GA,運動飲料,064,30,6,180,N,1
H1,05/23/2009,11,GA,運動飲料,064,30,6,180,N,1
H1,05/23/2009,13,GA,運動飲料,064,60,6,360,N,2
H1,05/23/2009,18,GA,運動飲料,064,30,6,180,N,1
H1,05/24/2009,10,GA,運動飲料,064,30,6,180,N,1
H1,05/26/2009,17,GA,運動飲料,064,120,6,720,N,2
H1,05/26/2009,22,GA,運動飲料,064,30,6,180,N,1
H1,05/28/2009,11,GA,運動飲料,064,60,6,360,N,1
H1,05/28/2009,21,GA,運動飲料,064,30,6,180,N,1
H1,05/31/2009,13,GA,運動飲料,064,60,6,360,N,1
H1,06/04/2009,12,GA,運動飲料,064,30,6,180,N,1
H1,06/05/2009,11,GA,運動飲料,064,30,6,180,N,1
H1,06/05/2009,22,GA,運動飲料,064,30,6,180,N,1
H1,06/06/2009,16,GA,運動飲料,064,30,6,180,N,1
H1,06/07/2009,09,GA,運動飲料,064,60,6,360,N,1
H1,06/07/2009,11,GA,運動飲料,064,30,6,180,N,1
H1,06/08/2009,11,GA,運動飲料,064,30,6,180,N,1
H1,06/11/2009,10,GA,運動飲料,064,30,6,180,N,1
H1,06/13/2009,13,GA,運動飲料,064,30,6,180,N,1
H1,06/13/2009,19,GA,運動飲料,064,30,6,180,N,1
H1,06/14/2009,21,GA,運動飲料,064,30,6,180,N,1
H1,06/15/2009,18,GA,運動飲料,064,30,6,180,N,1
H1,06/17/2009,14,GA,運動飲料,064,30,6,180,N,1
H1,06/17/2009,22,GA,運動飲料,064,90,6,540,N,1
H1,06/21/2009,12,GA,運動飲料,064,30,6,180,N,1
H1,06/21/2009,22,GA,運動飲料,064,30,6,180,N,1
H1,06/22/2009,12,GA,運動飲料,064,30,6,180,N,1
H1,06/23/2009,21,GA,運動飲料,064,30,6,180,N,1
H1,06/24/2009,12,GA,運動飲料,064,30,6,180,N,1
H1,06/25/2009,22,GA,運動飲料,064,30,6,180,N,1
H1,06/26/2009,12,GA,運動飲料,064,30,6,180,N,1
H1,06/26/2009,20,GA,運動飲料,064,30,6,180,N,1
H1,06/27/2009,11,GA,運動飲料,064,30,6,180,N,1
H1,06/27/2009,19,GA,運動飲料,064,30,6,180,N,1
H1,06/29/2009,11,GA,運動飲料,064,30,6,180,N,1
H1,06/29/2009,21,GA,運動飲料,064,60,6,360,N,2
H1,07/01/2009,20,GA,運動飲料,064,30,6,180,N,1
H1,07/02/2009,17,GA,運動飲料,064,90,6,540,N,1
H1,07/02/2009,22,GA,運動飲料,064,30,6,180,N,1
H1,07/03/2009,14,GA,運動飲料,064,120,6,720,N,1
H1,07/03/2009,17,GA,運動飲料,064,30,6,180,N,1
H1,07/03/2009,20,GA,運動飲料,064,30,6,180,N,1
H1,07/04/2009,14,GA,運動飲料,064,30,6,180,N,1
H1,07/04/2009,16,GA,運動飲料,064,30,6,180,N,1
H1,07/05/2009,13,GA,運動飲料,064,210,6,1260,N,1
H1,07/07/2009,22,GA,運動飲料,064,30,6,180,N,1
H1,07/08/2009,11,GA,運動飲料,064,30,6,180,N,1
H1,07/11/2009,12,GA,運動飲料,064,60,6,360,N,1
H1,07/12/2009,10,GA,運動飲料,064,60,6,360,N,1
H1,07/12/2009,14,GA,運動飲料,064,30,6,180,N,1
H1,07/14/2009,19,GA,運動飲料,064,30,6,180,N,1
H1,07/14/2009,21,GA,運動飲料,064,60,6,360,N,1
H1,07/15/2009,13,GA,運動飲料,064,60,6,360,N,1
H1,07/15/2009,19,GA,運動飲料,064,30,6,180,N,1
H1,07/16/2009,10,GA,運動飲料,064,30,6,180,N,1
H1,07/16/2009,12,GA,運動飲料,064,60,6,360,N,2
H1,07/17/2009,09,GA,運動飲料,064,30,6,180,N,1
H1,07/17/2009,11,GA,運動飲料,064,60,6,360,N,1
H1,07/17/2009,12,GA,運動飲料,064,60,6,360,N,1
H1,07/18/2009,20,GA,運動飲料,064,30,6,180,N,1
H1,07/19/2009,12,GA,運動飲料,064,30,6,180,N,1
H1,07/19/2009,13,GA,運動飲料,064,30,6,180,N,1
H1,07/20/2009,13,GA,運動飲料,064,180,6,1080,N,1
H1,07/22/2009,16,GA,運動飲料,064,30,6,180,N,1
H1,07/22/2009,19,GA,運動飲料,064,30,6,180,N,1
H1,07/23/2009,11,GA,運動飲料,064,30,6,180,N,1
H1,07/23/2009,12,GA,運動飲料,064,30,6,180,N,1
H1,07/23/2009,15,GA,運動飲料,064,30,6,180,N,1
H1,07/23/2009,16,GA,運動飲料,064,30,6,180,N,1
H1,07/23/2009,18,GA,運動飲料,064,30,6,180,N,1
H1,07/27/2009,11,GA,運動飲料,064,60,6,360,N,2
H1,07/30/2009,09,GA,運動飲料,064,30,6,180,N,1
H1,07/30/2009,14,GA,運動飲料,064,60,6,360,N,2
H1,07/30/2009,15,GA,運動飲料,064,60,6,360,N,2
H1,07/31/2009,14,GA,運動飲料,064,30,6,180,N,1
H1,07/31/2009,15,GA,運動飲料,064,60,6,360,N,1
H1,08/01/2009,11,GA,運動飲料,064,30,6,180,N,1
H1,08/02/2009,19,GA,運動飲料,064,60,6,360,N,2
H1,08/02/2009,20,GA,運動飲料,064,30,6,180,N,1
H1,08/03/2009,09,GA,運動飲料,064,30,6,180,N,1
H1,08/03/2009,13,GA,運動飲料,064,30,6,180,N,1
H1,08/05/2009,19,GA,運動飲料,064,60,6,360,N,2
H1,08/05/2009,22,GA,運動飲料,064,30,6,180,N,1
H1,08/06/2009,12,GA,運動飲料,064,30,6,180,N,1
H1,08/06/2009,17,GA,運動飲料,064,60,6,360,N,1
H1,08/07/2009,10,GA,運動飲料,064,30,6,180,N,1
H1,08/07/2009,16,GA,運動飲料,064,30,6,180,N,1
H1,08/08/2009,09,GA,運動飲料,064,30,6,180,N,1
H1,08/08/2009,15,GA,運動飲料,064,30,6,180,N,1
H1,08/10/2009,18,GA,運動飲料,064,30,6,180,N,1
H1,08/13/2009,15,GA,運動飲料,064,30,6,180,N,1
H1,08/13/2009,20,GA,運動飲料,064,30,6,180,N,1
H1,08/14/2009,12,GA,運動飲料,064,30,6,180,N,1
H1,08/14/2009,15,GA,運動飲料,064,30,6,180,N,1
H1,08/15/2009,01,GA,運動飲料,064,30,6,180,N,1
H1,08/15/2009,10,GA,運動飲料,064,180,6,1080,N,2
H1,08/15/2009,14,GA,運動飲料,064,30,6,180,N,1
H1,08/16/2009,14,GA,運動飲料,064,30,6,180,N,1
H1,01/03/2009,14,GA,運動飲料,032,30,6,180,N,1
H1,01/03/2009,21,GA,運動飲料,032,30,6,180,N,1
H1,01/10/2009,16,GA,運動飲料,032,30,6,180,N,1
H1,01/11/2009,14,GA,運動飲料,032,45,6,270,N,2
H1,01/11/2009,15,GA,運動飲料,032,30,6,180,N,1
H1,01/15/2009,19,GA,運動飲料,032,60,4,240,P,1
H1,01/16/2009,10,GA,運動飲料,032,30,4,120,P,1
H1,01/16/2009,11,GA,運動飲料,032,30,4,120,P,1
H1,01/16/2009,12,GA,運動飲料,032,30,4,120,P,1
H1,01/16/2009,13,GA,運動飲料,032,30,4,120,P,1
H1,01/16/2009,17,GA,運動飲料,032,90,4,360,P,3
H1,01/16/2009,21,GA,運動飲料,032,30,4,120,P,1
H1,01/17/2009,00,GA,運動飲料,032,30,4,120,P,1
H1,01/17/2009,08,GA,運動飲料,032,120,4,480,P,1
H1,01/17/2009,15,GA,運動飲料,032,150,4,600,P,2
H1,01/17/2009,18,GA,運動飲料,032,30,4,120,P,1
H1,01/18/2009,00,GA,運動飲料,032,30,4,120,P,1
H1,01/18/2009,01,GA,運動飲料,032,30,4,120,P,1
H1,01/18/2009,10,GA,運動飲料,032,180,4,720,P,1
H1,01/18/2009,12,GA,運動飲料,032,30,4,120,P,1
H1,01/18/2009,13,GA,運動飲料,032,30,4,120,P,1
H1,01/18/2009,14,GA,運動飲料,032,60,4,240,P,1
H1,01/18/2009,15,GA,運動飲料,032,360,4,1440,P,3
H1,01/18/2009,16,GA,運動飲料,032,60,4,240,P,1
H1,01/18/2009,17,GA,運動飲料,032,60,4,240,P,1
H1,01/19/2009,00,GA,運動飲料,032,90,4,360,P,1
H1,01/19/2009,01,GA,運動飲料,032,30,4,120,P,1
H1,01/19/2009,02,GA,運動飲料,032,30,4,120,P,1
H1,01/19/2009,15,GA,運動飲料,032,30,4,120,P,1
H1,01/19/2009,19,GA,運動飲料,032,30,4,120,P,1
H1,01/19/2009,21,GA,運動飲料,032,60,4,240,P,1
H1,01/19/2009,23,GA,運動飲料,032,30,4,120,P,1
H1,01/20/2009,00,GA,運動飲料,032,30,4,120,P,1
H1,01/20/2009,08,GA,運動飲料,032,30,4,120,P,1
H1,01/20/2009,10,GA,運動飲料,032,90,4,360,P,2
H1,01/20/2009,11,GA,運動飲料,032,30,4,120,P,1
H1,01/20/2009,12,GA,運動飲料,032,38,4,152,P,2
H1,01/20/2009,15,GA,運動飲料,032,30,4,120,P,1
H1,01/20/2009,20,GA,運動飲料,032,90,4,360,P,3
H1,01/20/2009,21,GA,運動飲料,032,120,4,480,P,3
H1,01/21/2009,00,GA,運動飲料,032,30,4,120,P,1
H1,01/21/2009,01,GA,運動飲料,032,90,4,360,P,3
H1,01/21/2009,02,GA,運動飲料,032,90,4,360,P,2
H1,01/21/2009,06,GA,運動飲料,032,90,4,360,P,1
H1,01/21/2009,09,GA,運動飲料,032,30,4,120,P,1
H1,01/21/2009,10,GA,運動飲料,032,30,4,120,P,1
H1,01/21/2009,12,GA,運動飲料,032,30,4,120,P,1
H1,01/21/2009,14,GA,運動飲料,032,38,4,152,P,2
H1,01/21/2009,17,GA,運動飲料,032,30,4,120,P,1
H1,01/21/2009,20,GA,運動飲料,032,105,4,420,P,4
H1,01/21/2009,21,GA,運動飲料,032,210,4,840,P,2
H1,01/21/2009,22,GA,運動飲料,032,30,4,120,P,1
H1,01/22/2009,00,GA,運動飲料,032,150,4,600,P,3
H1,01/22/2009,01,GA,運動飲料,032,90,4,360,P,3
H1,01/22/2009,02,GA,運動飲料,032,30,4,120,P,1
H1,01/22/2009,03,GA,運動飲料,032,60,4,240,P,2
H1,01/22/2009,16,GA,運動飲料,032,30,4,120,P,1
H1,01/22/2009,19,GA,運動飲料,032,30,4,120,P,1
H1,01/22/2009,21,GA,運動飲料,032,30,4,120,P,1
H1,01/22/2009,22,GA,運動飲料,032,30,4,120,P,1
H1,01/23/2009,00,GA,運動飲料,032,30,4,120,P,1
H1,01/23/2009,21,GA,運動飲料,032,30,4,120,P,1
H1,01/24/2009,00,GA,運動飲料,032,60,4,240,P,2
H1,01/24/2009,11,GA,運動飲料,032,30,4,120,P,1
H1,01/24/2009,12,GA,運動飲料,032,30,4,120,P,1
H1,01/24/2009,15,GA,運動飲料,032,30,4,120,P,1
H1,01/24/2009,19,GA,運動飲料,032,30,4,120,P,1
H1,01/25/2009,00,GA,運動飲料,032,30,4,120,P,1
H1,01/25/2009,06,GA,運動飲料,032,90,4,360,P,1
H1,01/25/2009,11,GA,運動飲料,032,30,4,120,P,1
H1,01/25/2009,22,GA,運動飲料,032,30,4,120,P,1
H1,01/28/2009,09,GA,運動飲料,032,30,6,180,N,1
H1,01/28/2009,12,GA,運動飲料,032,30,6,180,N,1
H1,01/28/2009,17,GA,運動飲料,032,30,6,180,N,1
H1,01/29/2009,19,GA,運動飲料,032,30,6,180,N,1
H1,01/31/2009,22,GA,運動飲料,032,90,4,360,P,2
H1,02/01/2009,13,GA,運動飲料,032,30,4,120,P,1
H1,02/01/2009,15,GA,運動飲料,032,90,4,360,P,2
H1,02/01/2009,17,GA,運動飲料,032,30,4,120,P,1
H1,02/01/2009,19,GA,運動飲料,032,60,4,240,P,2
H1,02/01/2009,21,GA,運動飲料,032,30,4,120,P,1
H1,02/04/2009,16,GA,運動飲料,032,90,6,540,N,1
H1,02/06/2009,15,GA,運動飲料,032,30,6,180,N,1
H1,02/07/2009,19,GA,運動飲料,032,30,6,180,N,1
H1,02/08/2009,15,GA,運動飲料,032,30,6,180,N,1
H1,02/08/2009,20,GA,運動飲料,032,60,6,360,N,2
H1,02/10/2009,14,GA,運動飲料,032,30,6,180,N,1
H1,02/10/2009,16,GA,運動飲料,032,30,6,180,N,1
H1,02/14/2009,10,GA,運動飲料,032,30,4,120,P,1
H1,02/14/2009,13,GA,運動飲料,032,30,4,120,P,1
H1,02/14/2009,16,GA,運動飲料,032,30,4,120,P,1
H1,02/14/2009,18,GA,運動飲料,032,30,4,120,P,1
H1,02/14/2009,21,GA,運動飲料,032,30,4,120,P,1
H1,02/14/2009,22,GA,運動飲料,032,30,4,120,P,1
H1,02/15/2009,15,GA,運動飲料,032,30,4,120,P,1
H1,02/15/2009,17,GA,運動飲料,032,90,4,360,P,3
H1,02/15/2009,18,GA,運動飲料,032,30,4,120,P,1
H1,02/15/2009,19,GA,運動飲料,032,60,4,240,P,2
H1,02/15/2009,20,GA,運動飲料,032,60,4,240,P,1
H1,02/16/2009,11,GA,運動飲料,032,60,4,240,P,2
H1,02/16/2009,19,GA,運動飲料,032,30,4,120,P,1
H1,02/17/2009,09,GA,運動飲料,032,30,4,120,P,1
H1,02/17/2009,20,GA,運動飲料,032,60,4,240,P,2
H1,02/18/2009,14,GA,運動飲料,032,60,4,240,P,1
H1,02/18/2009,19,GA,運動飲料,032,30,4,120,P,1
H1,02/18/2009,22,GA,運動飲料,032,60,4,240,P,1
H1,02/19/2009,15,GA,運動飲料,032,30,4,120,P,1
H1,02/19/2009,20,GA,運動飲料,032,30,4,120,P,1
H1,02/19/2009,21,GA,運動飲料,032,60,4,240,P,1
H1,02/20/2009,12,GA,運動飲料,032,30,4,120,P,1
H1,02/20/2009,14,GA,運動飲料,032,30,4,120,P,1
H1,02/21/2009,11,GA,運動飲料,032,30,4,120,P,1
H1,02/21/2009,19,GA,運動飲料,032,30,4,120,P,1
H1,02/21/2009,20,GA,運動飲料,032,30,4,120,P,1
H1,02/22/2009,10,GA,運動飲料,032,30,4,120,P,1
H1,02/22/2009,13,GA,運動飲料,032,90,4,360,P,2
H1,02/22/2009,16,GA,運動飲料,032,30,4,120,P,1
H1,02/22/2009,19,GA,運動飲料,032,180,4,720,P,2
H1,02/23/2009,11,GA,運動飲料,032,90,4,360,P,2
H1,02/23/2009,16,GA,運動飲料,032,30,4,120,P,1
H1,02/25/2009,09,GA,運動飲料,032,30,6,180,N,1
H1,02/25/2009,10,GA,運動飲料,032,30,6,180,N,1
H1,02/25/2009,14,GA,運動飲料,032,30,6,180,N,1
H1,02/28/2009,12,GA,運動飲料,032,90,4,360,P,3
H1,03/01/2009,14,GA,運動飲料,032,30,4,120,P,1
H1,03/01/2009,15,GA,運動飲料,032,60,4,240,P,2
H1,03/01/2009,18,GA,運動飲料,032,30,4,120,P,1
H1,03/01/2009,21,GA,運動飲料,032,30,4,120,P,1
H1,03/03/2009,09,GA,運動飲料,032,60,4,240,P,2
H1,03/03/2009,11,GA,運動飲料,032,210,4,840,P,2
H1,03/03/2009,15,GA,運動飲料,032,30,4,120,P,1
H1,03/04/2009,16,GA,運動飲料,032,90,4,360,P,1
H1,03/04/2009,19,GA,運動飲料,032,30,4,120,P,1
H1,03/04/2009,22,GA,運動飲料,032,30,4,120,P,1
H1,03/05/2009,10,GA,運動飲料,032,30,4,120,P,1
H1,03/05/2009,11,GA,運動飲料,032,30,4,120,P,1
H1,03/05/2009,13,GA,運動飲料,032,60,4,240,P,1
H1,03/05/2009,15,GA,運動飲料,032,30,4,120,P,1
H1,03/05/2009,20,GA,運動飲料,032,30,4,120,P,1
H1,03/06/2009,13,GA,運動飲料,032,60,4,240,P,1
H1,03/06/2009,16,GA,運動飲料,032,30,4,120,P,1
H1,03/07/2009,15,GA,運動飲料,032,90,4,360,P,2
H1,03/07/2009,20,GA,運動飲料,032,30,4,120,P,1
H1,03/08/2009,11,GA,運動飲料,032,60,4,240,P,1
H1,03/08/2009,12,GA,運動飲料,032,38,4,152,P,2
H1,03/08/2009,14,GA,運動飲料,032,30,4,120,P,1
H1,03/09/2009,11,GA,運動飲料,032,30,4,120,P,1
H1,03/10/2009,14,GA,運動飲料,032,90,4,360,P,2
H1,03/10/2009,15,GA,運動飲料,032,30,4,120,P,1
H1,03/10/2009,18,GA,運動飲料,032,30,4,120,P,1
H1,03/10/2009,21,GA,運動飲料,032,60,4,240,P,2
H1,03/11/2009,10,GA,運動飲料,032,30,4,120,P,1
H1,03/11/2009,13,GA,運動飲料,032,30,4,120,P,1
H1,03/11/2009,15,GA,運動飲料,032,30,4,120,P,1
H1,03/11/2009,16,GA,運動飲料,032,30,4,120,P,1
H1,03/11/2009,17,GA,運動飲料,032,180,4,720,P,2
H1,03/12/2009,13,GA,運動飲料,032,120,4,480,P,3
H1,03/16/2009,19,GA,運動飲料,032,60,4,240,P,1
H1,03/16/2009,20,GA,運動飲料,032,30,4,120,P,1
H1,03/17/2009,21,GA,運動飲料,032,30,4,120,P,1
H1,03/18/2009,13,GA,運動飲料,032,53,4,212,P,2
H1,03/18/2009,18,GA,運動飲料,032,30,4,120,P,1
H1,03/18/2009,20,GA,運動飲料,032,69,4,276,P,3
H1,03/18/2009,21,GA,運動飲料,032,30,4,120,P,1
H1,03/18/2009,22,GA,運動飲料,032,30,4,120,P,1
H1,03/20/2009,11,GA,運動飲料,032,105,4,420,P,2
H1,03/20/2009,12,GA,運動飲料,032,60,4,240,P,2
H1,03/20/2009,13,GA,運動飲料,032,30,4,120,P,1
H1,03/20/2009,22,GA,運動飲料,032,549,4,2196,P,3
H1,03/22/2009,10,GA,運動飲料,032,30,4,120,P,1
H1,03/22/2009,11,GA,運動飲料,032,30,4,120,P,1
H1,03/22/2009,13,GA,運動飲料,032,120,4,480,P,1
H1,03/22/2009,14,GA,運動飲料,032,60,4,240,P,1
H1,03/22/2009,15,GA,運動飲料,032,360,4,1440,P,1
H1,03/22/2009,16,GA,運動飲料,032,60,4,240,P,1
H1,03/23/2009,10,GA,運動飲料,032,60,4,240,P,1
H1,03/23/2009,13,GA,運動飲料,032,30,4,120,P,1
H1,03/23/2009,17,GA,運動飲料,032,60,4,240,P,1
H1,03/24/2009,10,GA,運動飲料,032,30,4,120,P,1
H1,03/24/2009,11,GA,運動飲料,032,60,4,240,P,1
H1,03/24/2009,14,GA,運動飲料,032,30,4,120,P,1
H1,03/24/2009,16,GA,運動飲料,032,30,4,120,P,1
H1,03/24/2009,19,GA,運動飲料,032,120,4,480,P,1
H1,03/24/2009,21,GA,運動飲料,032,30,4,120,P,1
H1,03/25/2009,12,GA,運動飲料,032,30,4,120,P,1
H1,03/25/2009,13,GA,運動飲料,032,30,4,120,P,1
H1,03/25/2009,15,GA,運動飲料,032,30,4,120,P,1
H1,03/25/2009,20,GA,運動飲料,032,120,4,480,P,2
H1,03/25/2009,21,GA,運動飲料,032,30,4,120,P,1
H1,03/25/2009,22,GA,運動飲料,032,30,4,120,P,1
H1,03/26/2009,09,GA,運動飲料,032,30,4,120,P,1
H1,03/26/2009,11,GA,運動飲料,032,30,4,120,P,1
H1,03/26/2009,18,GA,運動飲料,032,30,4,120,P,1
H1,03/26/2009,19,GA,運動飲料,032,30,4,120,P,1
H1,03/27/2009,11,GA,運動飲料,032,30,4,120,P,1
H1,03/27/2009,13,GA,運動飲料,032,30,4,120,P,1
H1,03/27/2009,18,GA,運動飲料,032,98,4,392,P,4
H1,03/27/2009,19,GA,運動飲料,032,30,4,120,P,1
H1,03/27/2009,21,GA,運動飲料,032,30,4,120,P,1
H1,03/27/2009,22,GA,運動飲料,032,60,4,240,P,2
H1,03/28/2009,13,GA,運動飲料,032,60,4,240,P,2
H1,03/28/2009,16,GA,運動飲料,032,30,4,120,P,1
H1,03/28/2009,17,GA,運動飲料,032,481,4,1924,P,2
H1,03/28/2009,18,GA,運動飲料,032,120,4,480,P,3
H1,03/29/2009,09,GA,運動飲料,032,30,4,120,P,1
H1,03/29/2009,14,GA,運動飲料,032,30,4,120,P,1
H1,03/29/2009,19,GA,運動飲料,032,30,4,120,P,1
H1,03/29/2009,20,GA,運動飲料,032,30,4,120,P,1
H1,03/29/2009,21,GA,運動飲料,032,330,4,1320,P,2
H1,03/30/2009,13,GA,運動飲料,032,30,4,120,P,1
H1,03/30/2009,15,GA,運動飲料,032,30,4,120,P,1
H1,03/30/2009,17,GA,運動飲料,032,60,4,240,P,2
H1,03/31/2009,14,GA,運動飲料,032,60,4,240,P,1
H1,03/31/2009,18,GA,運動飲料,032,120,4,480,P,1
H1,03/31/2009,19,GA,運動飲料,032,60,4,240,P,1
H1,04/03/2009,12,GA,運動飲料,032,30,6,180,N,1
H1,04/03/2009,13,GA,運動飲料,032,30,6,180,N,1
H1,04/04/2009,14,GA,運動飲料,032,30,6,180,N,1
H1,04/04/2009,19,GA,運動飲料,032,30,6,180,N,1
H1,04/04/2009,21,GA,運動飲料,032,60,6,360,N,1
H1,04/05/2009,12,GA,運動飲料,032,60,6,360,N,1
H1,04/08/2009,21,GA,運動飲料,032,30,6,180,N,1
H1,04/09/2009,10,GA,運動飲料,032,30,6,180,N,1
H1,04/10/2009,13,GA,運動飲料,032,30,6,180,N,1
H1,04/11/2009,11,GA,運動飲料,032,30,6,180,N,1
H1,04/11/2009,12,GA,運動飲料,032,30,6,180,N,1
H1,04/11/2009,14,GA,運動飲料,032,30,6,180,N,1
H1,04/11/2009,15,GA,運動飲料,032,30,6,180,N,1
H1,04/13/2009,14,GA,運動飲料,032,30,6,180,N,1
H1,04/15/2009,11,GA,運動飲料,032,30,6,180,N,1
H1,04/16/2009,19,GA,運動飲料,032,30,6,180,N,1
H1,04/17/2009,20,GA,運動飲料,032,30,6,180,N,1
H1,04/17/2009,21,GA,運動飲料,032,30,6,180,N,1
H1,04/18/2009,18,GA,運動飲料,032,30,6,180,P,1
H1,04/18/2009,20,GA,運動飲料,032,30,6,180,P,1
H1,04/20/2009,14,GA,運動飲料,032,30,6,180,P,1
H1,04/20/2009,15,GA,運動飲料,032,60,6,360,P,2
H1,04/21/2009,10,GA,運動飲料,032,30,6,180,P,1
H1,04/21/2009,22,GA,運動飲料,032,30,6,180,P,1
H1,04/22/2009,10,GA,運動飲料,032,30,6,180,N,1
H1,04/22/2009,20,GA,運動飲料,032,30,6,180,N,1
H1,04/23/2009,14,GA,運動飲料,032,30,6,180,N,1
H1,04/23/2009,18,GA,運動飲料,032,30,6,180,N,1
H1,04/23/2009,21,GA,運動飲料,032,30,6,180,N,1
H1,04/24/2009,15,GA,運動飲料,032,30,6,180,P,1
H1,04/24/2009,18,GA,運動飲料,032,60,6,360,P,1
H1,04/24/2009,22,GA,運動飲料,032,60,6,360,P,2
H1,04/25/2009,09,GA,運動飲料,032,38,6,228,P,2
H1,04/25/2009,14,GA,運動飲料,032,30,6,180,P,1
H1,04/25/2009,15,GA,運動飲料,032,30,6,180,P,1
H1,04/25/2009,22,GA,運動飲料,032,30,6,180,P,1
H1,04/26/2009,10,GA,運動飲料,032,30,6,180,P,1
