demo_data_utf8.csv
Store,Date,Time,Dept,Family,Item_No,SalesQty,Price,SalesValue,Sales_Status,Sales_number
H1,04/27/2009,09,GA,運動飲料,032,30,6,180,P,1
H1,04/27/2009,10,GA,運動飲料,032,30,6,180,P,1
H1,04/27/2009,15,GA,運動飲料,032,30,6,180,P,1
H1,04/27/2009,17,GA,運動飲料,032,60,6,360,P,1
H1,04/28/2009,18,GA,運動飲料,032,75,6,450,P,2
H1,04/28/2009,19,GA,運動飲料,032,30,6,180,P,1
H1,04/29/2009,11,GA,運動飲料,032,38,4,152,P,2
H1,04/29/2009,20,GA,運動飲料,032,90,4,360,P,3
H1,04/30/2009,10,GA,運動飲料,032,150,4,600,P,1
H1,04/30/2009,14,GA,運動飲料,032,30,4,120,P,1
H1,04/30/2009,20,GA,運動飲料,032,60,4,240,P,1
H1,04/30/2009,21,GA,運動飲料,032,30,4,120,P,1
H1,05/01/2009,09,GA,運動飲料,032,30,4,120,P,1
H1,05/01/2009,11,GA,運動飲料,032,150,4,600,P,1
H1,05/01/2009,13,GA,運動飲料,032,60,4,240,P,1
H1,05/01/2009,15,GA,運動飲料,032,30,4,120,P,1
H1,05/01/2009,18,GA,運動飲料,032,60,4,240,P,2
H1,05/01/2009,19,GA,運動飲料,032,60,4,240,P,1
H1,05/01/2009,20,GA,運動飲料,032,30,4,120,P,1
H1,05/01/2009,21,GA,運動飲料,032,105,4,420,P,3
H1,05/02/2009,10,GA,運動飲料,032,30,4,120,P,1
H1,05/02/2009,17,GA,運動飲料,032,30,4,120,P,1
H1,05/02/2009,18,GA,運動飲料,032,60,4,240,P,1
H1,05/03/2009,10,GA,運動飲料,032,60,4,240,P,1
H1,05/03/2009,14,GA,運動飲料,032,30,4,120,P,1
H1,05/03/2009,15,GA,運動飲料,032,30,4,120,P,1
H1,05/03/2009,19,GA,運動飲料,032,60,4,240,P,1
H1,05/03/2009,20,GA,運動飲料,032,30,4,120,P,1
H1,05/03/2009,21,GA,運動飲料,032,30,4,120,P,1
H1,05/04/2009,10,GA,運動飲料,032,30,4,120,P,1
H1,05/04/2009,16,GA,運動飲料,032,90,4,360,P,2
H1,05/04/2009,18,GA,運動飲料,032,30,4,120,P,1
H1,05/04/2009,20,GA,運動飲料,032,60,4,240,P,2
H1,05/05/2009,12,GA,運動飲料,032,60,4,240,P,1
H1,05/05/2009,15,GA,運動飲料,032,60,4,240,P,1
H1,05/05/2009,21,GA,運動飲料,032,30,4,120,P,1
H1,05/06/2009,14,GA,運動飲料,032,30,4,120,P,1
H1,05/06/2009,17,GA,運動飲料,032,60,4,240,P,1
H1,05/06/2009,20,GA,運動飲料,032,68,4,272,P,2
H1,05/07/2009,12,GA,運動飲料,032,60,4,240,P,1
H1,05/07/2009,15,GA,運動飲料,032,60,4,240,P,2
H1,05/07/2009,17,GA,運動飲料,032,30,4,120,P,1
H1,05/07/2009,18,GA,運動飲料,032,30,4,120,P,1
H1,05/07/2009,19,GA,運動飲料,032,30,4,120,P,1
H1,05/07/2009,20,GA,運動飲料,032,30,4,120,P,1
H1,05/08/2009,09,GA,運動飲料,032,30,4,120,P,1
H1,05/08/2009,10,GA,運動飲料,032,30,4,120,P,1
H1,05/08/2009,11,GA,運動飲料,032,60,4,240,P,2
H1,05/08/2009,12,GA,運動飲料,032,38,4,152,P,2
H1,05/08/2009,13,GA,運動飲料,032,90,4,360,P,2
H1,05/08/2009,14,GA,運動飲料,032,30,4,120,P,1
H1,05/08/2009,15,GA,運動飲料,032,30,4,120,P,1
H1,05/08/2009,21,GA,運動飲料,032,90,4,360,P,1
H1,05/08/2009,22,GA,運動飲料,032,30,4,120,P,1
H1,05/09/2009,09,GA,運動飲料,032,30,4,120,P,1
H1,05/09/2009,11,GA,運動飲料,032,30,4,120,P,1
H1,05/09/2009,13,GA,運動飲料,032,60,4,240,P,2
H1,05/09/2009,14,GA,運動飲料,032,30,4,120,P,1
H1,05/09/2009,16,GA,運動飲料,032,68,4,272,P,3
H1,05/09/2009,18,GA,運動飲料,032,60,4,240,P,2
H1,05/09/2009,20,GA,運動飲料,032,30,4,120,P,1
H1,05/09/2009,21,GA,運動飲料,032,30,4,120,P,1
H1,05/09/2009,22,GA,運動飲料,032,30,4,120,P,1
H1,05/10/2009,09,GA,運動飲料,032,30,4,120,P,1
H1,05/10/2009,10,GA,運動飲料,032,30,4,120,P,1
H1,05/10/2009,11,GA,運動飲料,032,60,4,240,P,2
H1,05/10/2009,12,GA,運動飲料,032,30,4,120,P,1
H1,05/10/2009,14,GA,運動飲料,032,60,4,240,P,2
H1,05/10/2009,15,GA,運動飲料,032,60,4,240,P,2
H1,05/10/2009,16,GA,運動飲料,032,60,4,240,P,2
H1,05/10/2009,17,GA,運動飲料,032,30,4,120,P,1
H1,05/10/2009,19,GA,運動飲料,032,90,4,360,P,2
H1,05/10/2009,20,GA,運動飲料,032,60,4,240,P,2
H1,05/10/2009,21,GA,運動飲料,032,30,4,120,P,1
H1,05/10/2009,22,GA,運動飲料,032,30,4,120,P,1
H1,05/11/2009,11,GA,運動飲料,032,30,4,120,P,1
H1,05/11/2009,12,GA,運動飲料,032,30,4,120,P,1
H1,05/11/2009,17,GA,運動飲料,032,60,4,240,P,2
H1,05/11/2009,18,GA,運動飲料,032,90,4,360,P,1
H1,05/11/2009,19,GA,運動飲料,032,30,4,120,P,1
H1,05/11/2009,21,GA,運動飲料,032,30,4,120,P,1
H1,05/12/2009,09,GA,運動飲料,032,30,4,120,P,1
H1,05/12/2009,11,GA,運動飲料,032,60,4,240,P,2
H1,05/12/2009,12,GA,運動飲料,032,30,4,120,P,1
H1,05/12/2009,13,GA,運動飲料,032,30,4,120,P,1
H1,05/12/2009,15,GA,運動飲料,032,120,4,480,P,2
H1,05/12/2009,16,GA,運動飲料,032,60,4,240,P,2
H1,05/12/2009,17,GA,運動飲料,032,240,4,960,P,3
H1,05/12/2009,18,GA,運動飲料,032,30,4,120,P,1
H1,05/12/2009,21,GA,運動飲料,032,30,4,120,P,1
H1,05/12/2009,22,GA,運動飲料,032,210,4,840,P,1
H1,05/13/2009,09,GA,運動飲料,032,30,4,120,P,1
H1,05/13/2009,11,GA,運動飲料,032,90,4,360,P,2
H1,05/13/2009,15,GA,運動飲料,032,120,4,480,P,3
H1,05/13/2009,16,GA,運動飲料,032,150,4,600,P,4
H1,05/13/2009,17,GA,運動飲料,032,60,4,240,P,1
H1,05/13/2009,18,GA,運動飲料,032,30,4,120,P,1
H1,05/13/2009,19,GA,運動飲料,032,90,4,360,P,2
H1,05/13/2009,20,GA,運動飲料,032,60,4,240,P,2
H1,05/13/2009,21,GA,運動飲料,032,90,4,360,P,2
H1,05/14/2009,10,GA,運動飲料,032,240,4,960,P,4
H1,05/14/2009,11,GA,運動飲料,032,30,4,120,P,1
H1,05/14/2009,12,GA,運動飲料,032,60,4,240,P,2
H1,05/14/2009,13,GA,運動飲料,032,30,4,120,P,1
H1,05/14/2009,14,GA,運動飲料,032,30,4,120,P,1
H1,05/14/2009,15,GA,運動飲料,032,90,4,360,P,1
H1,05/14/2009,17,GA,運動飲料,032,30,4,120,P,1
H1,05/14/2009,18,GA,運動飲料,032,30,4,120,P,1
H1,05/14/2009,20,GA,運動飲料,032,240,4,960,P,4
H1,05/14/2009,22,GA,運動飲料,032,30,4,120,P,1
H1,05/14/2009,23,GA,運動飲料,032,30,4,120,P,1
H1,05/15/2009,09,GA,運動飲料,032,30,4,120,P,1
H1,05/15/2009,11,GA,運動飲料,032,30,4,120,P,2
H1,05/15/2009,12,GA,運動飲料,032,30,4,120,P,1
H1,05/15/2009,14,GA,運動飲料,032,30,4,120,P,1
H1,05/15/2009,15,GA,運動飲料,032,120,4,480,P,2
H1,05/15/2009,16,GA,運動飲料,032,120,4,480,P,3
H1,05/15/2009,18,GA,運動飲料,032,60,4,240,P,1
H1,05/15/2009,19,GA,運動飲料,032,30,4,120,P,1
H1,05/15/2009,20,GA,運動飲料,032,60,4,240,P,1
H1,05/15/2009,21,GA,運動飲料,032,60,4,240,P,1
H1,05/15/2009,22,GA,運動飲料,032,30,4,120,P,1
H1,05/16/2009,10,GA,運動飲料,032,30,4,120,P,1
H1,05/16/2009,11,GA,運動飲料,032,30,4,120,P,1
H1,05/16/2009,13,GA,運動飲料,032,60,4,240,P,2
H1,05/16/2009,14,GA,運動飲料,032,270,4,1080,P,4
H1,05/16/2009,15,GA,運動飲料,032,120,4,480,P,3
H1,05/16/2009,17,GA,運動飲料,032,30,4,120,P,1
H1,05/16/2009,19,GA,運動飲料,032,30,4,120,P,1
H1,05/16/2009,20,GA,運動飲料,032,60,4,240,P,2
H1,05/16/2009,22,GA,運動飲料,032,30,4,120,P,1
H1,05/17/2009,09,GA,運動飲料,032,30,4,120,P,1
H1,05/17/2009,10,GA,運動飲料,032,120,4,480,P,3
H1,05/17/2009,11,GA,運動飲料,032,150,4,600,P,4
H1,05/17/2009,13,GA,運動飲料,032,120,4,480,P,3
H1,05/17/2009,14,GA,運動飲料,032,210,4,840,P,2
H1,05/17/2009,15,GA,運動飲料,032,90,4,360,P,3
H1,05/17/2009,16,GA,運動飲料,032,60,4,240,P,2
H1,05/17/2009,17,GA,運動飲料,032,60,4,240,P,2
H1,05/17/2009,18,GA,運動飲料,032,90,4,360,P,2
H1,05/17/2009,19,GA,運動飲料,032,120,4,480,P,2
H1,05/17/2009,20,GA,運動飲料,032,180,4,720,P,3
H1,05/17/2009,21,GA,運動飲料,032,30,4,120,P,1
H1,05/17/2009,22,GA,運動飲料,032,60,4,240,P,2
H1,05/18/2009,10,GA,運動飲料,032,30,4,120,P,1
H1,05/18/2009,11,GA,運動飲料,032,60,4,240,P,1
H1,05/18/2009,14,GA,運動飲料,032,30,4,120,P,1
H1,05/18/2009,17,GA,運動飲料,032,90,4,360,P,1
H1,05/18/2009,18,GA,運動飲料,032,120,4,480,P,1
H1,05/18/2009,19,GA,運動飲料,032,30,4,120,P,1
H1,05/18/2009,21,GA,運動飲料,032,90,4,360,P,2
H1,05/18/2009,22,GA,運動飲料,032,781,4,3124,P,2
H1,05/19/2009,22,GA,運動飲料,032,420,4,1680,P,1
H1,05/20/2009,10,GA,運動飲料,032,90,4,360,P,1
H1,05/20/2009,15,GA,運動飲料,032,30,4,120,P,1
H1,05/20/2009,20,GA,運動飲料,032,60,4,240,P,1
H1,05/20/2009,21,GA,運動飲料,032,120,4,480,P,3
H1,05/20/2009,22,GA,運動飲料,032,30,4,120,P,1
H1,05/21/2009,13,GA,運動飲料,032,30,4,120,P,1
H1,05/21/2009,14,GA,運動飲料,032,30,4,120,P,1
H1,05/21/2009,16,GA,運動飲料,032,30,4,120,P,1
H1,05/21/2009,18,GA,運動飲料,032,30,4,120,P,1
H1,05/21/2009,22,GA,運動飲料,032,60,4,240,P,1
H1,05/22/2009,10,GA,運動飲料,032,90,4,360,P,2
H1,05/22/2009,11,GA,運動飲料,032,30,4,120,P,1
H1,05/22/2009,12,GA,運動飲料,032,60,4,240,P,2
H1,05/22/2009,14,GA,運動飲料,032,90,4,360,P,4
H1,05/22/2009,16,GA,運動飲料,032,30,4,120,P,1
H1,05/22/2009,17,GA,運動飲料,032,240,4,960,P,1
H1,05/23/2009,20,GA,運動飲料,032,38,4,152,P,2
H1,05/24/2009,15,GA,運動飲料,032,60,4,240,P,2
H1,05/24/2009,17,GA,運動飲料,032,30,4,120,P,1
H1,05/24/2009,19,GA,運動飲料,032,60,4,240,P,2
H1,05/24/2009,20,GA,運動飲料,032,278,4,1112,P,5
H1,05/25/2009,10,GA,運動飲料,032,30,4,120,P,1
H1,05/25/2009,14,GA,運動飲料,032,30,4,120,P,1
H1,05/25/2009,20,GA,運動飲料,032,30,4,120,P,1
H1,05/26/2009,11,GA,運動飲料,032,30,4,120,P,1
H1,05/26/2009,14,GA,運動飲料,032,60,4,240,P,1
H1,05/26/2009,16,GA,運動飲料,032,30,4,120,P,1
H1,05/26/2009,18,GA,運動飲料,032,30,4,120,P,1
H1,05/26/2009,21,GA,運動飲料,032,30,4,120,P,1
H1,05/27/2009,13,GA,運動飲料,032,30,4,120,P,1
H1,05/27/2009,14,GA,運動飲料,032,30,4,120,P,1
H1,05/27/2009,15,GA,運動飲料,032,30,4,120,P,1
H1,05/27/2009,17,GA,運動飲料,032,60,4,240,P,1
H1,05/28/2009,09,GA,運動飲料,032,120,4,480,P,1
H1,05/28/2009,15,GA,運動飲料,032,30,4,120,P,1
H1,05/28/2009,16,GA,運動飲料,032,30,4,120,P,1
H1,05/28/2009,19,GA,運動飲料,032,30,4,120,P,1
H1,05/28/2009,22,GA,運動飲料,032,30,4,120,P,1
H1,05/28/2009,23,GA,運動飲料,032,30,4,120,P,1
H1,05/29/2009,10,GA,運動飲料,032,30,4,120,P,1
H1,05/29/2009,17,GA,運動飲料,032,30,4,120,P,1
H1,05/30/2009,11,GA,運動飲料,032,30,4,120,P,1
H1,05/30/2009,20,GA,運動飲料,032,38,4,152,P,2
H1,05/31/2009,16,GA,運動飲料,032,30,6,180,N,1
H1,06/01/2009,13,GA,運動飲料,032,30,4,120,P,1
H1,06/01/2009,15,GA,運動飲料,032,30,4,120,P,1
H1,06/01/2009,17,GA,運動飲料,032,61,4,244,P,2
H1,06/01/2009,19,GA,運動飲料,032,60,4,240,P,1
H1,06/02/2009,10,GA,運動飲料,032,30,4,120,P,1
H1,06/02/2009,22,GA,運動飲料,032,120,4,480,P,1
H1,06/03/2009,09,GA,運動飲料,032,60,4,240,P,2
H1,06/03/2009,10,GA,運動飲料,032,30,4,120,P,1
H1,06/04/2009,09,GA,運動飲料,032,30,4,120,P,1
H1,06/04/2009,10,GA,運動飲料,032,30,4,120,P,1
H1,06/04/2009,12,GA,運動飲料,032,30,4,120,P,1
H1,06/04/2009,16,GA,運動飲料,032,60,4,240,P,1
H1,06/04/2009,18,GA,運動飲料,032,30,4,120,P,1
H1,06/04/2009,21,GA,運動飲料,032,30,4,120,P,1
H1,06/05/2009,10,GA,運動飲料,032,30,4,120,P,1
H1,06/05/2009,11,GA,運動飲料,032,30,4,120,P,1
H1,06/05/2009,13,GA,運動飲料,032,90,4,360,P,1
H1,06/05/2009,17,GA,運動飲料,032,150,4,600,P,2
H1,06/05/2009,20,GA,運動飲料,032,60,4,240,P,1
H1,06/06/2009,10,GA,運動飲料,032,601,4,2404,P,1
H1,06/06/2009,15,GA,運動飲料,032,30,4,120,P,1
H1,06/06/2009,17,GA,運動飲料,032,30,4,120,P,1
H1,06/07/2009,10,GA,運動飲料,032,30,4,120,P,1
H1,06/07/2009,15,GA,運動飲料,032,60,4,240,P,1
H1,06/09/2009,10,GA,運動飲料,032,90,6,540,N,1
H1,06/10/2009,16,GA,運動飲料,032,30,6,180,N,1
H1,06/10/2009,22,GA,運動飲料,032,30,6,180,N,1
H1,06/13/2009,20,GA,運動飲料,032,30,6,180,N,1
H1,06/13/2009,21,GA,運動飲料,032,30,6,180,N,1
H1,06/14/2009,20,GA,運動飲料,032,30,6,180,N,1
H1,06/14/2009,22,GA,運動飲料,032,30,6,180,N,1
H1,06/15/2009,16,GA,運動飲料,032,30,6,180,N,1
H1,06/18/2009,16,GA,運動飲料,032,30,6,180,N,1
H1,06/18/2009,17,GA,運動飲料,032,30,6,180,N,1
H1,06/20/2009,19,GA,運動飲料,032,30,6,180,N,1
H1,06/21/2009,17,GA,運動飲料,032,30,6,180,N,1
H1,06/22/2009,11,GA,運動飲料,032,30,6,180,N,1
H1,06/22/2009,12,GA,運動飲料,032,60,6,360,N,2
H1,06/23/2009,11,GA,運動飲料,032,30,6,180,N,1
H1,06/25/2009,16,GA,運動飲料,032,60,6,360,P,2
H1,06/26/2009,19,GA,運動飲料,032,30,6,180,P,1
H1,06/27/2009,17,GA,運動飲料,032,30,6,180,P,1
H1,06/27/2009,19,GA,運動飲料,032,30,6,180,P,1
H1,06/27/2009,20,GA,運動飲料,032,30,6,180,P,1
H1,06/28/2009,18,GA,運動飲料,032,30,6,180,P,1
H1,06/28/2009,19,GA,運動飲料,032,30,6,180,P,1
H1,06/28/2009,21,GA,運動飲料,032,30,6,180,P,1
H1,06/29/2009,21,GA,運動飲料,032,30,6,180,P,1
H1,06/29/2009,22,GA,運動飲料,032,30,6,180,P,1
H1,06/30/2009,21,GA,運動飲料,032,30,6,180,P,1
H1,07/02/2009,18,GA,運動飲料,032,30,4,120,P,1
H1,07/03/2009,11,GA,運動飲料,032,481,4,1924,P,1
H1,07/04/2009,13,GA,運動飲料,032,30,4,120,P,1
H1,07/04/2009,14,GA,運動飲料,032,90,4,360,P,1
H1,07/04/2009,15,GA,運動飲料,032,30,4,120,P,1
H1,07/04/2009,17,GA,運動飲料,032,30,4,120,P,1
H1,07/04/2009,19,GA,運動飲料,032,30,4,120,P,1
H1,07/04/2009,20,GA,運動飲料,032,30,4,120,P,1
H1,07/04/2009,22,GA,運動飲料,032,30,4,120,P,1
H1,07/05/2009,09,GA,運動飲料,032,30,4,120,P,1
H1,07/05/2009,12,GA,運動飲料,032,30,4,120,P,1
H1,07/05/2009,13,GA,運動飲料,032,30,4,120,P,1
H1,07/05/2009,15,GA,運動飲料,032,120,4,480,P,1
H1,07/05/2009,16,GA,運動飲料,032,30,4,120,P,1
H1,07/05/2009,17,GA,運動飲料,032,60,4,240,P,1
H1,07/05/2009,20,GA,運動飲料,032,90,4,360,P,2
H1,07/06/2009,11,GA,運動飲料,032,30,4,120,P,1
H1,07/06/2009,12,GA,運動飲料,032,30,4,120,P,1
H1,07/06/2009,14,GA,運動飲料,032,30,4,120,P,1
H1,07/06/2009,15,GA,運動飲料,032,60,4,240,P,2
H1,07/06/2009,17,GA,運動飲料,032,30,4,120,P,1
H1,07/06/2009,19,GA,運動飲料,032,120,4,480,P,2
H1,07/06/2009,21,GA,運動飲料,032,150,4,600,P,4
H1,07/06/2009,22,GA,運動飲料,032,210,4,840,P,5
H1,07/07/2009,10,GA,運動飲料,032,30,4,120,P,1
H1,07/07/2009,11,GA,運動飲料,032,30,4,120,P,1
H1,07/07/2009,12,GA,運動飲料,032,98,4,392,P,4
H1,07/07/2009,13,GA,運動飲料,032,60,4,240,P,2
H1,07/07/2009,14,GA,運動飲料,032,60,4,240,P,1
H1,07/07/2009,15,GA,運動飲料,032,30,4,120,P,1
H1,07/07/2009,20,GA,運動飲料,032,30,4,120,P,1
H1,07/07/2009,21,GA,運動飲料,032,30,4,120,P,1
H1,07/08/2009,10,GA,運動飲料,032,60,4,240,P,3
H1,07/08/2009,11,GA,運動飲料,032,60,4,240,P,2
H1,07/08/2009,13,GA,運動飲料,032,30,4,120,P,1
H1,07/08/2009,14,GA,運動飲料,032,120,4,480,P,4
H1,07/08/2009,15,GA,運動飲料,032,30,4,120,P,1
H1,07/08/2009,16,GA,運動飲料,032,60,4,240,P,2
H1,07/08/2009,20,GA,運動飲料,032,30,4,120,P,1
H1,07/09/2009,11,GA,運動飲料,032,68,4,272,P,2
H1,07/09/2009,16,GA,運動飲料,032,30,4,120,P,1
H1,07/09/2009,18,GA,運動飲料,032,30,4,120,P,1
H1,07/10/2009,10,GA,運動飲料,032,30,4,120,P,1
H1,07/10/2009,15,GA,運動飲料,032,30,4,120,P,1
H1,07/10/2009,17,GA,運動飲料,032,30,4,120,P,1
H1,07/10/2009,19,GA,運動飲料,032,180,4,720,P,2
H1,07/10/2009,21,GA,運動飲料,032,30,4,120,P,1
H1,07/11/2009,15,GA,運動飲料,032,30,4,120,P,1
H1,07/11/2009,16,GA,運動飲料,032,60,4,240,P,2
H1,07/11/2009,18,GA,運動飲料,032,30,4,120,P,1
H1,07/11/2009,19,GA,運動飲料,032,30,4,120,P,1
H1,07/11/2009,21,GA,運動飲料,032,30,4,120,P,1
H1,07/12/2009,10,GA,運動飲料,032,120,4,480,P,2
H1,07/12/2009,11,GA,運動飲料,032,60,4,240,P,2
H1,07/12/2009,12,GA,運動飲料,032,90,4,360,P,2
H1,07/12/2009,14,GA,運動飲料,032,30,4,120,P,1
H1,07/12/2009,17,GA,運動飲料,032,30,4,120,P,1
H1,07/12/2009,20,GA,運動飲料,032,30,4,120,P,1
H1,07/12/2009,22,GA,運動飲料,032,30,4,120,P,1
H1,07/13/2009,11,GA,運動飲料,032,60,4,240,P,2
H1,07/13/2009,13,GA,運動飲料,032,60,4,240,P,1
H1,07/13/2009,15,GA,運動飲料,032,30,4,120,P,1
H1,07/13/2009,16,GA,運動飲料,032,30,4,120,P,1
H1,07/13/2009,19,GA,運動飲料,032,30,4,120,P,1
H1,07/14/2009,10,GA,運動飲料,032,30,4,120,P,1
H1,07/14/2009,13,GA,運動飲料,032,90,4,360,P,1
H1,07/15/2009,09,GA,運動飲料,032,60,4,240,P,1
H1,07/15/2009,11,GA,運動飲料,032,30,4,120,P,1
H1,07/15/2009,15,GA,運動飲料,032,30,4,120,P,1
H1,07/15/2009,18,GA,運動飲料,032,30,4,120,P,1
H1,07/15/2009,19,GA,運動飲料,032,30,4,120,P,1
H1,07/15/2009,22,GA,運動飲料,032,420,4,1680,P,1
H1,07/16/2009,11,GA,運動飲料,032,30,4,120,P,1
H1,07/16/2009,12,GA,運動飲料,032,90,4,360,P,3
H1,07/16/2009,17,GA,運動飲料,032,30,4,120,P,1
H1,07/17/2009,15,GA,運動飲料,032,30,4,120,P,1
H1,07/17/2009,18,GA,運動飲料,032,30,4,120,P,1
H1,07/17/2009,19,GA,運動飲料,032,60,4,240,P,1
H1,07/18/2009,12,GA,運動飲料,032,60,4,240,P,1
H1,07/18/2009,13,GA,運動飲料,032,60,4,240,P,1
H1,07/18/2009,15,GA,運動飲料,032,60,4,240,P,1
H1,07/18/2009,18,GA,運動飲料,032,60,4,240,P,1
H1,07/18/2009,20,GA,運動飲料,032,90,4,360,P,3
H1,07/18/2009,21,GA,運動飲料,032,60,4,240,P,2
H1,07/18/2009,22,GA,運動飲料,032,68,4,272,P,3
H1,07/19/2009,12,GA,運動飲料,032,30,4,120,P,1
H1,07/19/2009,13,GA,運動飲料,032,30,4,120,P,1
H1,07/19/2009,14,GA,運動飲料,032,30,4,120,P,1
H1,07/19/2009,16,GA,運動飲料,032,60,4,240,P,2
H1,07/19/2009,18,GA,運動飲料,032,120,4,480,P,1
H1,07/19/2009,19,GA,運動飲料,032,90,4,360,P,3
H1,07/19/2009,20,GA,運動飲料,032,60,4,240,P,2
H1,07/20/2009,10,GA,運動飲料,032,30,4,120,P,1
H1,07/20/2009,14,GA,運動飲料,032,270,4,1080,P,7
H1,07/20/2009,17,GA,運動飲料,032,90,4,360,P,2
H1,07/20/2009,18,GA,運動飲料,032,60,4,240,P,1
H1,07/20/2009,20,GA,運動飲料,032,150,4,600,P,2
H1,07/20/2009,22,GA,運動飲料,032,60,4,240,P,1
H1,07/21/2009,16,GA,運動飲料,032,30,4,120,P,1
H1,07/22/2009,10,GA,運動飲料,032,30,4,120,P,1
H1,07/22/2009,11,GA,運動飲料,032,60,4,240,P,1
H1,07/22/2009,14,GA,運動飲料,032,30,4,120,P,1
H1,07/22/2009,15,GA,運動飲料,032,60,4,240,P,2
H1,07/22/2009,17,GA,運動飲料,032,60,4,240,P,2
H1,07/22/2009,18,GA,運動飲料,032,120,4,480,P,3
H1,07/22/2009,20,GA,運動飲料,032,75,4,300,P,2
H1,07/23/2009,11,GA,運動飲料,032,210,4,840,P,3
H1,07/23/2009,15,GA,運動飲料,032,30,4,120,P,1
H1,07/23/2009,19,GA,運動飲料,032,60,4,240,P,1
H1,07/23/2009,20,GA,運動飲料,032,30,4,120,P,1
H1,07/23/2009,22,GA,運動飲料,032,30,4,120,P,1
H1,07/24/2009,11,GA,運動飲料,032,30,4,120,P,1
H1,07/24/2009,12,GA,運動飲料,032,30,4,120,P,1
H1,07/25/2009,11,GA,運動飲料,032,60,4,240,P,1
H1,07/25/2009,16,GA,運動飲料,032,30,4,120,P,1
H1,07/25/2009,17,GA,運動飲料,032,30,4,120,P,1
H1,07/25/2009,19,GA,運動飲料,032,30,4,120,P,1
H1,07/26/2009,10,GA,運動飲料,032,30,4,120,P,1
H1,07/26/2009,12,GA,運動飲料,032,60,4,240,P,2
H1,07/26/2009,16,GA,運動飲料,032,30,4,120,P,1
H1,07/26/2009,19,GA,運動飲料,032,30,4,120,P,1
H1,07/27/2009,09,GA,運動飲料,032,30,4,120,P,1
H1,07/27/2009,17,GA,運動飲料,032,30,4,120,P,1
H1,07/27/2009,22,GA,運動飲料,032,120,4,480,P,1
H1,07/28/2009,18,GA,運動飲料,032,30,4,120,P,1
H1,07/28/2009,19,GA,運動飲料,032,30,4,120,P,1
H1,07/28/2009,20,GA,運動飲料,032,30,4,120,P,1
H1,07/29/2009,11,GA,運動飲料,032,90,4,360,P,2
H1,07/29/2009,16,GA,運動飲料,032,30,4,120,P,1
H1,07/29/2009,17,GA,運動飲料,032,60,4,240,P,2
H1,07/29/2009,19,GA,運動飲料,032,60,4,240,P,1
H1,07/29/2009,22,GA,運動飲料,032,30,4,120,P,1
H1,07/30/2009,19,GA,運動飲料,032,45,4,180,P,2
H1,07/31/2009,11,GA,運動飲料,032,30,4,120,P,1
H1,07/31/2009,15,GA,運動飲料,032,150,4,600,P,2
H1,07/31/2009,16,GA,運動飲料,032,30,4,120,P,1
H1,07/31/2009,21,GA,運動飲料,032,90,4,360,P,1
H1,08/01/2009,11,GA,運動飲料,032,60,4,240,P,1
H1,08/01/2009,12,GA,運動飲料,032,30,4,120,P,1
H1,08/01/2009,15,GA,運動飲料,032,30,4,120,P,1
H1,08/02/2009,12,GA,運動飲料,032,90,4,360,P,2
H1,08/02/2009,13,GA,運動飲料,032,60,4,240,P,1
H1,08/02/2009,17,GA,運動飲料,032,38,4,152,P,2
H1,08/02/2009,21,GA,運動飲料,032,60,4,240,P,2
H1,08/03/2009,17,GA,運動飲料,032,45,4,180,P,2
H1,08/03/2009,18,GA,運動飲料,032,30,4,120,P,1
H1,08/04/2009,14,GA,運動飲料,032,30,4,120,P,1
H1,08/04/2009,16,GA,運動飲料,032,60,4,240,P,2
H1,08/04/2009,18,GA,運動飲料,032,60,4,240,P,2
H1,08/04/2009,20,GA,運動飲料,032,90,4,360,P,2
H1,08/05/2009,11,GA,運動飲料,032,90,4,360,P,2
H1,08/05/2009,14,GA,運動飲料,032,30,4,120,P,1
H1,08/05/2009,15,GA,運動飲料,032,30,4,120,P,1
H1,08/05/2009,19,GA,運動飲料,032,30,4,120,P,1
H1,08/06/2009,12,GA,運動飲料,032,30,4,120,P,1
H1,08/06/2009,13,GA,運動飲料,032,60,4,240,P,1
H1,08/06/2009,14,GA,運動飲料,032,60,4,240,P,2
H1,08/06/2009,15,GA,運動飲料,032,30,4,120,P,1
H1,08/06/2009,16,GA,運動飲料,032,30,4,120,P,1
H1,08/06/2009,19,GA,運動飲料,032,30,4,120,P,1
H1,08/07/2009,14,GA,運動飲料,032,30,4,120,P,1
H1,08/07/2009,16,GA,運動飲料,032,30,4,120,P,1
H1,08/07/2009,19,GA,運動飲料,032,30,4,120,P,1
H1,08/07/2009,20,GA,運動飲料,032,30,4,120,P,1
H1,08/08/2009,14,GA,運動飲料,032,60,4,240,P,1
H1,08/08/2009,15,GA,運動飲料,032,30,4,120,P,1
H1,08/10/2009,19,GA,運動飲料,032,30,4,120,P,1
H1,08/11/2009,14,GA,運動飲料,032,30,4,120,P,1
H1,08/11/2009,15,GA,運動飲料,032,60,4,240,P,2
H1,08/11/2009,16,GA,運動飲料,032,30,4,120,P,1
H1,08/11/2009,20,GA,運動飲料,032,30,4,120,P,1
H1,08/12/2009,13,GA,運動飲料,032,30,4,120,P,1
H1,08/12/2009,14,GA,運動飲料,032,60,4,240,P,1
H1,08/12/2009,16,GA,運動飲料,032,30,4,120,P,1
H1,08/12/2009,18,GA,運動飲料,032,30,4,120,P,1
H1,08/12/2009,19,GA,運動飲料,032,30,4,120,P,1
H1,08/12/2009,20,GA,運動飲料,032,30,4,120,P,1
