demo_data_utf8.csv
Store,Date,Time,Dept,Family,Item_No,SalesQty,Price,SalesValue,Sales_Status,Sales_number
H1,08/12/2009,21,GA,運動飲料,032,30,4,120,P,1
H1,08/13/2009,10,GA,運動飲料,032,30,4,120,P,1
H1,08/13/2009,15,GA,運動飲料,032,30,4,120,P,1
H1,08/13/2009,22,GA,運動飲料,032,30,4,120,P,1
H1,08/14/2009,09,GA,運動飲料,032,60,3,180,P,1
H1,08/14/2009,11,GA,運動飲料,032,150,3,450,P,5
H1,08/14/2009,12,GA,運動飲料,032,300,3,900,P,3
H1,08/14/2009,14,GA,運動飲料,032,30,3,90,P,1
H1,08/14/2009,16,GA,運動飲料,032,60,3,180,P,2
H1,08/14/2009,17,GA,運動飲料,032,270,3,810,P,4
H1,08/14/2009,20,GA,運動飲料,032,300,3,900,P,3
H1,08/14/2009,22,GA,運動飲料,032,120,3,360,P,2
H1,08/14/2009,23,GA,運動飲料,032,30,3,90,P,1
H1,08/15/2009,01,GA,運動飲料,032,300,3,900,P,7
H1,08/15/2009,03,GA,運動飲料,032,30,3,90,P,1
H1,08/15/2009,06,GA,運動飲料,032,90,3,270,P,2
H1,08/15/2009,07,GA,運動飲料,032,60,3,180,P,1
H1,08/15/2009,10,GA,運動飲料,032,45,3,135,P,2
H1,08/15/2009,11,GA,運動飲料,032,30,3,90,P,1
H1,08/15/2009,12,GA,運動飲料,032,270,3,810,P,4
H1,08/15/2009,13,GA,運動飲料,032,60,3,180,P,2
H1,08/15/2009,14,GA,運動飲料,032,240,3,720,P,4
H1,08/15/2009,15,GA,運動飲料,032,240,3,720,P,5
H1,08/15/2009,16,GA,運動飲料,032,450,3,1350,P,4
H1,08/15/2009,17,GA,運動飲料,032,210,3,630,P,3
H1,08/15/2009,18,GA,運動飲料,032,150,3,450,P,4
H1,08/15/2009,19,GA,運動飲料,032,60,3,180,P,1
H1,08/15/2009,20,GA,運動飲料,032,180,3,540,P,4
H1,08/15/2009,21,GA,運動飲料,032,256,3,768,P,9
H1,08/15/2009,22,GA,運動飲料,032,390,3,1170,P,5
H1,08/16/2009,00,GA,運動飲料,032,30,3,90,P,1
H1,08/16/2009,01,GA,運動飲料,032,1470,3,4410,P,27
H1,08/16/2009,02,GA,運動飲料,032,300,3,900,P,4
H1,08/16/2009,03,GA,運動飲料,032,30,3,90,P,1
H1,08/16/2009,04,GA,運動飲料,032,60,3,180,P,1
H1,08/16/2009,06,GA,運動飲料,032,210,3,630,P,5
H1,08/16/2009,08,GA,運動飲料,032,30,3,90,P,1
H1,08/16/2009,09,GA,運動飲料,032,300,3,900,P,4
H1,08/16/2009,10,GA,運動飲料,032,60,3,180,P,2
H1,08/16/2009,12,GA,運動飲料,032,150,3,450,P,4
H1,08/16/2009,13,GA,運動飲料,032,38,3,114,P,2
H1,08/16/2009,14,GA,運動飲料,032,128,3,384,P,4
H1,08/16/2009,15,GA,運動飲料,032,210,3,630,P,6
H1,08/16/2009,16,GA,運動飲料,032,630,3,1890,P,12
H1,08/16/2009,17,GA,運動飲料,032,120,3,360,P,4
H1,08/16/2009,18,GA,運動飲料,032,30,3,90,P,1
H1,08/16/2009,19,GA,運動飲料,032,90,3,270,P,3
H1,08/16/2009,20,GA,運動飲料,032,120,3,360,P,3
H1,08/16/2009,21,GA,運動飲料,032,90,3,270,P,2
H1,08/16/2009,22,GA,運動飲料,032,90,3,270,P,3
H1,08/16/2009,23,GA,運動飲料,032,60,3,180,P,1
H1,08/17/2009,01,GA,運動飲料,032,510,3,1530,P,12
H1,08/17/2009,02,GA,運動飲料,032,330,3,990,P,4
H1,08/17/2009,03,GA,運動飲料,032,60,3,180,P,1
H1,08/17/2009,09,GA,運動飲料,032,30,3,90,P,1
H1,08/17/2009,10,GA,運動飲料,032,30,3,90,P,1
H1,08/17/2009,11,GA,運動飲料,032,60,3,180,P,2
H1,08/17/2009,14,GA,運動飲料,032,90,3,270,P,3
H1,08/17/2009,15,GA,運動飲料,032,60,3,180,P,2
H1,08/17/2009,16,GA,運動飲料,032,180,3,540,P,5
H1,08/17/2009,17,GA,運動飲料,032,120,3,360,P,3
H1,08/17/2009,18,GA,運動飲料,032,60,3,180,P,1
H1,08/17/2009,19,GA,運動飲料,032,60,3,180,P,2
H1,08/17/2009,20,GA,運動飲料,032,120,3,360,P,4
H1,08/17/2009,21,GA,運動飲料,032,180,3,540,P,3
H1,08/17/2009,23,GA,運動飲料,032,60,3,180,P,3
H1,08/18/2009,09,GA,運動飲料,032,30,3,90,P,1
H1,08/18/2009,10,GA,運動飲料,032,90,3,270,P,3
H1,08/18/2009,11,GA,運動飲料,032,30,3,90,P,1
H1,01/03/2009,15,GA,運動飲料,522,5,16,80,N,1
H1,01/03/2009,20,GA,運動飲料,522,10,16,160,N,2
H1,01/04/2009,15,GA,運動飲料,522,5,16,80,N,1
H1,01/07/2009,20,GA,運動飲料,522,5,16,80,N,1
H1,01/09/2009,23,GA,運動飲料,522,5,16,80,N,1
H1,01/10/2009,21,GA,運動飲料,522,5,16,80,N,1
H1,01/15/2009,17,GA,運動飲料,522,5,16,80,N,1
H1,01/16/2009,21,GA,運動飲料,522,5,16,80,N,1
H1,01/18/2009,14,GA,運動飲料,522,10,16,160,N,2
H1,01/18/2009,22,GA,運動飲料,522,5,16,80,N,1
H1,01/20/2009,10,GA,運動飲料,522,5,16,80,N,1
H1,01/21/2009,17,GA,運動飲料,522,5,15,75,N,1
H1,01/21/2009,21,GA,運動飲料,522,5,15,75,N,1
H1,01/22/2009,13,GA,運動飲料,522,5,15,75,N,1
H1,01/23/2009,00,GA,運動飲料,522,5,15,75,N,1
H1,01/24/2009,11,GA,運動飲料,522,5,15,75,N,1
H1,01/25/2009,00,GA,運動飲料,522,5,15,75,N,1
H1,01/25/2009,02,GA,運動飲料,522,5,15,75,N,1
H1,01/25/2009,05,GA,運動飲料,522,5,15,75,N,1
H1,01/25/2009,09,GA,運動飲料,522,5,15,75,N,1
H1,01/25/2009,16,GA,運動飲料,522,5,15,75,N,1
H1,01/25/2009,22,GA,運動飲料,522,5,15,75,N,3
H1,01/27/2009,17,GA,運動飲料,522,5,15,75,N,1
H1,01/27/2009,21,GA,運動飲料,522,10,15,150,N,1
H1,01/28/2009,20,GA,運動飲料,522,5,15,75,N,1
H1,01/29/2009,09,GA,運動飲料,522,20,15,300,N,1
H1,01/29/2009,13,GA,運動飲料,522,5,15,75,N,1
H1,01/29/2009,19,GA,運動飲料,522,5,15,75,N,1
H1,01/30/2009,15,GA,運動飲料,522,5,15,75,N,1
H1,01/30/2009,17,GA,運動飲料,522,5,15,75,N,1
H1,01/30/2009,20,GA,運動飲料,522,5,15,75,N,1
H1,01/31/2009,11,GA,運動飲料,522,5,15,75,N,1
H1,01/31/2009,14,GA,運動飲料,522,5,15,75,N,1
H1,01/31/2009,21,GA,運動飲料,522,10,15,150,N,2
H1,02/01/2009,16,GA,運動飲料,522,10,15,150,N,2
H1,02/01/2009,19,GA,運動飲料,522,5,15,75,N,1
H1,02/02/2009,15,GA,運動飲料,522,5,15,75,N,1
H1,02/03/2009,20,GA,運動飲料,522,5,15,75,N,1
H1,02/04/2009,18,GA,運動飲料,522,5,15,75,N,1
H1,02/05/2009,21,GA,運動飲料,522,5,15,75,N,1
H1,02/08/2009,15,GA,運動飲料,522,10,15,150,N,1
H1,02/09/2009,21,GA,運動飲料,522,5,15,75,N,1
H1,02/11/2009,18,GA,運動飲料,522,5,15,75,N,1
H1,02/12/2009,11,GA,運動飲料,522,5,15,75,N,1
H1,02/13/2009,21,GA,運動飲料,522,5,14,70,P,1
H1,02/13/2009,22,GA,運動飲料,522,5,14,70,P,1
H1,02/14/2009,11,GA,運動飲料,522,5,14,70,P,1
H1,02/14/2009,17,GA,運動飲料,522,5,14,70,P,1
H1,02/15/2009,13,GA,運動飲料,522,5,14,70,P,1
H1,02/16/2009,19,GA,運動飲料,522,5,14,70,P,1
H1,02/21/2009,11,GA,運動飲料,522,5,14,70,P,1
H1,02/21/2009,14,GA,運動飲料,522,10,14,140,P,2
H1,02/23/2009,12,GA,運動飲料,522,5,14,70,P,1
H1,02/24/2009,15,GA,運動飲料,522,30,14,420,P,1
H1,02/24/2009,18,GA,運動飲料,522,5,14,70,P,1
H1,02/25/2009,14,GA,運動飲料,522,5,14,70,P,1
H1,02/25/2009,16,GA,運動飲料,522,5,14,70,P,1
H1,02/25/2009,22,GA,運動飲料,522,5,14,70,P,1
H1,02/26/2009,15,GA,運動飲料,522,5,14,70,P,1
H1,02/27/2009,22,GA,運動飲料,522,10,14,140,P,1
H1,02/28/2009,11,GA,運動飲料,522,5,14,70,P,1
H1,02/28/2009,13,GA,運動飲料,522,5,14,70,P,1
H1,03/01/2009,10,GA,運動飲料,522,5,14,70,P,1
H1,03/01/2009,15,GA,運動飲料,522,5,14,70,P,1
H1,03/02/2009,15,GA,運動飲料,522,5,14,70,P,1
H1,03/04/2009,11,GA,運動飲料,522,5,14,70,P,1
H1,03/05/2009,18,GA,運動飲料,522,5,14,70,P,1
H1,03/05/2009,21,GA,運動飲料,522,5,14,70,P,1
H1,03/06/2009,19,GA,運動飲料,522,5,14,70,P,1
H1,03/06/2009,21,GA,運動飲料,522,5,14,70,P,1
H1,03/07/2009,16,GA,運動飲料,522,5,14,70,P,1
H1,03/07/2009,22,GA,運動飲料,522,5,14,70,P,1
H1,03/08/2009,12,GA,運動飲料,522,5,14,70,P,1
H1,03/08/2009,16,GA,運動飲料,522,10,14,140,P,2
H1,03/08/2009,21,GA,運動飲料,522,5,14,70,P,1
H1,03/09/2009,13,GA,運動飲料,522,5,14,70,P,1
H1,03/09/2009,16,GA,運動飲料,522,65,14,910,P,1
H1,03/09/2009,19,GA,運動飲料,522,5,14,70,P,1
H1,03/10/2009,20,GA,運動飲料,522,5,15,75,N,1
H1,03/12/2009,20,GA,運動飲料,522,5,15,75,N,1
H1,03/14/2009,11,GA,運動飲料,522,5,15,75,N,1
H1,03/14/2009,12,GA,運動飲料,522,5,15,75,N,1
H1,03/18/2009,16,GA,運動飲料,522,5,15,75,N,1
H1,03/20/2009,19,GA,運動飲料,522,5,15,75,N,1
H1,03/20/2009,22,GA,運動飲料,522,5,15,75,N,1
H1,03/21/2009,11,GA,運動飲料,522,5,15,75,N,1
H1,03/21/2009,18,GA,運動飲料,522,5,15,75,N,1
H1,03/22/2009,21,GA,運動飲料,522,5,15,75,N,1
H1,03/25/2009,20,GA,運動飲料,522,5,15,75,N,1
H1,03/27/2009,13,GA,運動飲料,522,10,15,150,N,1
H1,03/27/2009,16,GA,運動飲料,522,5,15,75,N,1
H1,03/27/2009,18,GA,運動飲料,522,5,15,75,N,1
H1,03/27/2009,19,GA,運動飲料,522,5,15,75,N,1
H1,03/29/2009,13,GA,運動飲料,522,5,15,75,N,1
H1,03/29/2009,17,GA,運動飲料,522,5,15,75,N,1
H1,03/29/2009,18,GA,運動飲料,522,5,15,75,N,1
H1,04/01/2009,12,GA,運動飲料,522,10,14,140,P,1
H1,04/01/2009,19,GA,運動飲料,522,5,14,70,P,1
H1,04/03/2009,15,GA,運動飲料,522,5,14,70,P,1
H1,04/03/2009,18,GA,運動飲料,522,10,14,140,P,1
H1,04/04/2009,09,GA,運動飲料,522,5,14,70,P,1
H1,04/05/2009,16,GA,運動飲料,522,10,14,140,P,2
H1,04/05/2009,17,GA,運動飲料,522,5,14,70,P,1
H1,04/05/2009,20,GA,運動飲料,522,5,14,70,P,1
H1,04/06/2009,18,GA,運動飲料,522,5,14,70,P,1
H1,04/07/2009,19,GA,運動飲料,522,5,14,70,P,1
H1,04/09/2009,17,GA,運動飲料,522,5,14,70,P,1
H1,04/09/2009,20,GA,運動飲料,522,5,14,70,P,1
H1,04/09/2009,22,GA,運動飲料,522,5,14,70,P,1
H1,04/10/2009,15,GA,運動飲料,522,10,14,140,P,1
H1,04/10/2009,19,GA,運動飲料,522,5,14,70,P,1
H1,04/11/2009,09,GA,運動飲料,522,5,14,70,P,1
H1,04/11/2009,16,GA,運動飲料,522,5,14,70,P,1
H1,04/12/2009,16,GA,運動飲料,522,5,14,70,P,1
H1,04/12/2009,18,GA,運動飲料,522,5,14,70,P,1
H1,04/12/2009,20,GA,運動飲料,522,5,14,70,P,1
H1,04/14/2009,15,GA,運動飲料,522,5,14,70,P,1
H1,04/15/2009,13,GA,運動飲料,522,10,14,140,P,2
H1,04/17/2009,16,GA,運動飲料,522,5,14,70,P,1
H1,04/17/2009,19,GA,運動飲料,522,5,14,70,P,1
H1,04/18/2009,13,GA,運動飲料,522,5,14,70,P,1
H1,04/19/2009,09,GA,運動飲料,522,5,14,70,P,1
H1,04/19/2009,17,GA,運動飲料,522,5,14,70,P,1
H1,04/19/2009,20,GA,運動飲料,522,10,14,140,P,1
H1,04/19/2009,22,GA,運動飲料,522,5,14,70,P,1
H1,04/20/2009,12,GA,運動飲料,522,5,14,70,P,1
H1,04/20/2009,14,GA,運動飲料,522,5,14,70,P,1
H1,04/20/2009,20,GA,運動飲料,522,5,14,70,P,1
H1,04/22/2009,20,GA,運動飲料,522,5,14,70,P,1
H1,04/23/2009,10,GA,運動飲料,522,5,14,70,P,1
H1,04/23/2009,22,GA,運動飲料,522,5,14,70,P,1
H1,04/24/2009,21,GA,運動飲料,522,10,15,150,N,1
H1,04/24/2009,22,GA,運動飲料,522,5,15,75,N,1
H1,04/25/2009,13,GA,運動飲料,522,10,14,140,P,1
H1,04/25/2009,14,GA,運動飲料,522,10,14,140,P,2
H1,04/25/2009,16,GA,運動飲料,522,5,14,70,P,1
H1,04/26/2009,12,GA,運動飲料,522,5,14,70,P,1
H1,04/26/2009,14,GA,運動飲料,522,5,14,70,P,1
H1,04/26/2009,18,GA,運動飲料,522,5,14,70,P,1
H1,04/28/2009,12,GA,運動飲料,522,5,14,70,P,1
H1,04/28/2009,13,GA,運動飲料,522,5,14,70,P,1
H1,04/28/2009,15,GA,運動飲料,522,5,14,70,P,1
H1,04/28/2009,16,GA,運動飲料,522,10,14,140,P,1
H1,04/28/2009,17,GA,運動飲料,522,10,14,140,P,2
H1,04/28/2009,19,GA,運動飲料,522,5,14,70,P,1
H1,04/29/2009,17,GA,運動飲料,522,5,14,70,P,1
H1,04/29/2009,18,GA,運動飲料,522,5,14,70,P,1
H1,04/29/2009,19,GA,運動飲料,522,5,14,70,P,1
H1,04/29/2009,21,GA,運動飲料,522,5,14,70,P,1
H1,04/30/2009,12,GA,運動飲料,522,5,14,70,P,1
H1,04/30/2009,14,GA,運動飲料,522,5,14,70,P,1
H1,04/30/2009,18,GA,運動飲料,522,5,14,70,P,1
H1,05/01/2009,09,GA,運動飲料,522,5,14,70,P,1
H1,05/01/2009,11,GA,運動飲料,522,5,14,70,P,1
H1,05/01/2009,16,GA,運動飲料,522,5,14,70,P,1
H1,05/01/2009,20,GA,運動飲料,522,5,14,70,P,1
H1,05/01/2009,22,GA,運動飲料,522,5,14,70,P,1
H1,05/02/2009,10,GA,運動飲料,522,5,14,70,P,1
H1,05/02/2009,15,GA,運動飲料,522,5,14,70,P,1
H1,05/02/2009,22,GA,運動飲料,522,5,14,70,P,1
H1,05/03/2009,10,GA,運動飲料,522,5,15,75,N,1
H1,05/03/2009,14,GA,運動飲料,522,5,15,75,N,1
H1,05/04/2009,21,GA,運動飲料,522,20,15,300,N,2
H1,05/06/2009,10,GA,運動飲料,522,5,15,75,N,1
H1,05/06/2009,14,GA,運動飲料,522,5,15,75,N,1
H1,05/07/2009,16,GA,運動飲料,522,5,15,75,N,1
H1,05/07/2009,21,GA,運動飲料,522,5,15,75,N,1
H1,05/08/2009,15,GA,運動飲料,522,5,15,75,N,1
H1,05/08/2009,20,GA,運動飲料,522,5,15,75,N,1
H1,05/09/2009,13,GA,運動飲料,522,5,15,75,N,1
H1,05/10/2009,21,GA,運動飲料,522,5,15,75,N,1
H1,05/11/2009,12,GA,運動飲料,522,5,15,75,N,1
H1,05/11/2009,17,GA,運動飲料,522,5,15,75,N,1
H1,05/12/2009,21,GA,運動飲料,522,5,15,75,N,1
H1,05/13/2009,16,GA,運動飲料,522,5,15,75,N,1
H1,05/13/2009,17,GA,運動飲料,522,5,15,75,N,1
H1,05/13/2009,19,GA,運動飲料,522,5,15,75,N,1
H1,05/15/2009,15,GA,運動飲料,522,5,15,75,N,1
H1,05/15/2009,20,GA,運動飲料,522,5,15,75,N,1
H1,05/16/2009,14,GA,運動飲料,522,5,15,75,N,1
H1,05/17/2009,11,GA,運動飲料,522,5,15,75,N,1
H1,05/17/2009,12,GA,運動飲料,522,5,15,75,N,1
H1,05/17/2009,13,GA,運動飲料,522,5,15,75,N,1
H1,05/17/2009,15,GA,運動飲料,522,10,15,150,N,1
H1,05/18/2009,15,GA,運動飲料,522,5,14,70,P,1
H1,05/18/2009,22,GA,運動飲料,522,10,14,140,P,1
H1,05/19/2009,21,GA,運動飲料,522,5,15,75,N,1
H1,05/21/2009,22,GA,運動飲料,522,5,14,70,P,1
H1,05/23/2009,11,GA,運動飲料,522,5,14,70,P,1
H1,05/23/2009,14,GA,運動飲料,522,5,14,70,P,1
H1,05/23/2009,21,GA,運動飲料,522,5,14,70,P,1
H1,05/24/2009,14,GA,運動飲料,522,5,14,70,P,1
H1,05/24/2009,17,GA,運動飲料,522,5,14,70,P,1
H1,05/24/2009,19,GA,運動飲料,522,5,14,70,P,1
H1,05/27/2009,14,GA,運動飲料,522,5,14,70,P,1
H1,05/27/2009,15,GA,運動飲料,522,5,14,70,P,1
H1,05/27/2009,17,GA,運動飲料,522,5,14,70,P,1
H1,05/27/2009,19,GA,運動飲料,522,5,14,70,P,1
H1,05/28/2009,16,GA,運動飲料,522,5,14,70,P,1
H1,05/29/2009,11,GA,運動飲料,522,10,14,140,P,2
H1,05/29/2009,21,GA,運動飲料,522,5,14,70,P,1
H1,05/30/2009,11,GA,運動飲料,522,5,14,70,P,1
H1,06/01/2009,11,GA,運動飲料,522,5,14,70,P,1
H1,06/01/2009,16,GA,運動飲料,522,5,14,70,P,1
H1,06/01/2009,22,GA,運動飲料,522,5,14,70,P,1
H1,06/02/2009,14,GA,運動飲料,522,5,14,70,P,1
H1,06/02/2009,20,GA,運動飲料,522,5,14,70,P,1
H1,06/02/2009,22,GA,運動飲料,522,5,14,70,P,1
H1,06/03/2009,16,GA,運動飲料,522,5,14,70,P,1
H1,06/04/2009,22,GA,運動飲料,522,5,14,70,P,1
H1,06/05/2009,10,GA,運動飲料,522,15,14,210,P,1
H1,06/05/2009,12,GA,運動飲料,522,5,14,70,P,1
H1,06/06/2009,17,GA,運動飲料,522,5,14,70,P,1
H1,06/07/2009,16,GA,運動飲料,522,10,14,140,P,2
H1,06/07/2009,20,GA,運動飲料,522,5,14,70,P,1
H1,06/08/2009,15,GA,運動飲料,522,10,14,140,P,1
H1,06/08/2009,16,GA,運動飲料,522,5,14,70,P,1
H1,06/08/2009,20,GA,運動飲料,522,5,14,70,P,1
H1,06/09/2009,13,GA,運動飲料,522,5,14,70,P,1
H1,06/09/2009,16,GA,運動飲料,522,5,14,70,P,1
H1,06/09/2009,21,GA,運動飲料,522,5,14,70,P,1
H1,06/10/2009,19,GA,運動飲料,522,5,14,70,P,1
H1,06/11/2009,16,GA,運動飲料,522,5,14,70,P,1
H1,06/12/2009,12,GA,運動飲料,522,5,14,70,P,1
H1,06/12/2009,22,GA,運動飲料,522,10,14,140,P,1
H1,06/15/2009,11,GA,運動飲料,522,5,15,75,N,1
H1,06/16/2009,11,GA,運動飲料,522,5,15,75,N,1
H1,06/17/2009,15,GA,運動飲料,522,5,15,75,N,1
H1,06/18/2009,10,GA,運動飲料,522,5,15,75,N,1
H1,06/19/2009,20,GA,運動飲料,522,5,15,75,N,1
H1,06/21/2009,18,GA,運動飲料,522,5,15,75,N,1
H1,06/21/2009,20,GA,運動飲料,522,5,15,75,N,1
H1,06/22/2009,15,GA,運動飲料,522,5,15,75,N,1
H1,06/22/2009,17,GA,運動飲料,522,5,15,75,N,1
H1,06/22/2009,20,GA,運動飲料,522,10,15,150,N,1
H1,06/24/2009,14,GA,運動飲料,522,10,15,150,N,1
H1,06/24/2009,20,GA,運動飲料,522,5,15,75,N,1
H1,06/27/2009,19,GA,運動飲料,522,5,15,75,N,1
H1,06/28/2009,16,GA,運動飲料,522,5,15,75,N,1
H1,06/29/2009,14,GA,運動飲料,522,10,15,150,N,2
H1,06/29/2009,16,GA,運動飲料,522,5,15,75,N,1
H1,06/30/2009,21,GA,運動飲料,522,15,13,195,P,1
H1,07/01/2009,19,GA,運動飲料,522,5,13,65,P,1
H1,07/01/2009,20,GA,運動飲料,522,40,13,520,P,1
H1,07/01/2009,21,GA,運動飲料,522,15,13,195,P,2
H1,07/02/2009,22,GA,運動飲料,522,5,13,65,P,1
H1,07/03/2009,21,GA,運動飲料,522,5,13,65,P,1
H1,07/04/2009,17,GA,運動飲料,522,5,13,65,P,1
H1,07/05/2009,09,GA,運動飲料,522,5,13,65,P,1
H1,07/05/2009,13,GA,運動飲料,522,5,13,65,P,1
H1,07/05/2009,15,GA,運動飲料,522,15,13,195,P,3
H1,07/05/2009,17,GA,運動飲料,522,15,13,195,P,3
H1,07/05/2009,18,GA,運動飲料,522,10,13,130,P,2
H1,07/05/2009,19,GA,運動飲料,522,5,13,65,P,1
H1,07/05/2009,21,GA,運動飲料,522,10,13,130,P,1
H1,07/05/2009,22,GA,運動飲料,522,5,13,65,P,1
H1,07/06/2009,11,GA,運動飲料,522,10,13,130,P,2
H1,07/06/2009,13,GA,運動飲料,522,5,13,65,P,1
H1,07/06/2009,19,GA,運動飲料,522,5,13,65,P,1
H1,07/06/2009,20,GA,運動飲料,522,10,13,130,P,2
H1,07/07/2009,15,GA,運動飲料,522,5,13,65,P,1
H1,07/07/2009,19,GA,運動飲料,522,5,13,65,P,1
H1,07/08/2009,12,GA,運動飲料,522,5,13,65,P,1
H1,07/08/2009,15,GA,運動飲料,522,10,13,130,P,2
H1,07/08/2009,18,GA,運動飲料,522,15,13,195,P,3
H1,07/08/2009,20,GA,運動飲料,522,5,13,65,P,1
H1,07/08/2009,21,GA,運動飲料,522,5,13,65,P,1
H1,07/08/2009,23,GA,運動飲料,522,5,13,65,P,1
H1,07/09/2009,11,GA,運動飲料,522,5,13,65,P,1
H1,07/09/2009,14,GA,運動飲料,522,5,13,65,P,1
H1,07/09/2009,16,GA,運動飲料,522,5,13,65,P,1
H1,07/10/2009,10,GA,運動飲料,522,5,13,65,P,1
H1,07/10/2009,11,GA,運動飲料,522,5,13,65,P,1
H1,07/10/2009,14,GA,運動飲料,522,5,13,65,P,1
H1,07/10/2009,16,GA,運動飲料,522,5,13,65,P,1
H1,07/10/2009,20,GA,運動飲料,522,5,13,65,P,1
H1,07/10/2009,21,GA,運動飲料,522,5,13,65,P,1
H1,07/11/2009,13,GA,運動飲料,522,10,13,130,P,2
H1,07/11/2009,21,GA,運動飲料,522,5,13,65,P,1
H1,07/12/2009,11,GA,運動飲料,522,5,13,65,P,1
H1,07/12/2009,17,GA,運動飲料,522,5,13,65,P,1
H1,07/12/2009,18,GA,運動飲料,522,5,13,65,P,1
H1,07/12/2009,20,GA,運動飲料,522,5,13,65,P,1
H1,07/12/2009,21,GA,運動飲料,522,5,13,65,P,1
H1,07/13/2009,18,GA,運動飲料,522,5,13,65,P,1
H1,07/13/2009,19,GA,運動飲料,522,5,13,65,P,1
H1,07/13/2009,21,GA,運動飲料,522,5,13,65,P,1
H1,07/14/2009,19,GA,運動飲料,522,10,13,130,P,1
H1,07/14/2009,20,GA,運動飲料,522,5,13,65,P,1
H1,07/14/2009,22,GA,運動飲料,522,5,13,65,P,1
H1,07/16/2009,20,GA,運動飲料,522,10,15,150,N,2
H1,07/19/2009,14,GA,運動飲料,522,5,15,75,N,1
H1,07/19/2009,16,GA,運動飲料,522,5,15,75,N,1
H1,07/20/2009,20,GA,運動飲料,522,15,15,225,N,1
H1,07/20/2009,21,GA,運動飲料,522,5,15,75,N,1
H1,07/21/2009,19,GA,運動飲料,522,5,15,75,N,1
H1,07/24/2009,12,GA,運動飲料,522,5,15,75,N,1
H1,07/24/2009,18,GA,運動飲料,522,10,15,150,N,2
H1,07/24/2009,22,GA,運動飲料,522,5,15,75,N,1
H1,07/25/2009,12,GA,運動飲料,522,5,15,75,N,1
H1,07/25/2009,19,GA,運動飲料,522,5,15,75,N,1
H1,07/25/2009,21,GA,運動飲料,522,5,15,75,N,1
H1,07/26/2009,10,GA,運動飲料,522,5,15,75,N,1
H1,07/26/2009,19,GA,運動飲料,522,5,15,75,N,1
H1,07/26/2009,20,GA,運動飲料,522,5,15,75,N,1
H1,07/27/2009,20,GA,運動飲料,522,10,15,150,N,1
H1,07/27/2009,22,GA,運動飲料,522,10,15,150,N,2
H1,07/29/2009,15,GA,運動飲料,522,5,15,75,N,1
H1,07/31/2009,15,GA,運動飲料,522,5,15,75,N,1
H1,07/31/2009,16,GA,運動飲料,522,5,15,75,N,1
H1,07/31/2009,18,GA,運動飲料,522,5,15,75,N,1
H1,07/31/2009,21,GA,運動飲料,522,5,15,75,N,1
H1,08/01/2009,15,GA,運動飲料,522,5,15,75,N,1
H1,08/01/2009,20,GA,運動飲料,522,5,15,75,N,1
H1,08/02/2009,12,GA,運動飲料,522,5,15,75,N,1
H1,08/02/2009,16,GA,運動飲料,522,5,15,75,N,1
H1,08/03/2009,11,GA,運動飲料,522,10,15,150,N,2
H1,08/03/2009,12,GA,運動飲料,522,5,15,75,N,1
H1,08/03/2009,22,GA,運動飲料,522,5,15,75,N,1
H1,08/07/2009,11,GA,運動飲料,522,5,15,75,N,1
H1,08/07/2009,15,GA,運動飲料,522,5,15,75,N,1
H1,08/07/2009,20,GA,運動飲料,522,5,15,75,N,1
H1,08/07/2009,21,GA,運動飲料,522,5,15,75,N,1
H1,08/08/2009,10,GA,運動飲料,522,10,15,150,N,1
H1,08/08/2009,11,GA,運動飲料,522,5,15,75,N,1
H1,08/08/2009,22,GA,運動飲料,522,5,15,75,N,1
H1,08/09/2009,09,GA,運動飲料,522,5,15,75,N,1
H1,08/10/2009,12,GA,運動飲料,522,5,15,75,N,1
H1,08/11/2009,12,GA,運動飲料,522,5,15,75,N,1
H1,08/12/2009,20,GA,運動飲料,522,5,15,75,N,1
H1,08/13/2009,15,GA,運動飲料,522,10,15,150,N,2
H1,08/13/2009,17,GA,運動飲料,522,10,15,150,N,1
H1,08/14/2009,13,GA,運動飲料,522,5,13,65,P,1
H1,08/14/2009,19,GA,運動飲料,522,5,13,65,P,1
H1,08/14/2009,22,GA,運動飲料,522,5,13,65,P,1
H1,08/15/2009,10,GA,運動飲料,522,5,12,60,P,1
H1,08/15/2009,13,GA,運動飲料,522,5,12,60,P,1
H1,08/15/2009,17,GA,運動飲料,522,5,12,60,P,1
H1,08/15/2009,19,GA,運動飲料,522,5,12,60,P,1
H1,08/15/2009,20,GA,運動飲料,522,10,12,120,P,2
H1,08/15/2009,22,GA,運動飲料,522,5,12,60,P,1
H1,08/16/2009,01,GA,運動飲料,522,25,12,300,P,2
H1,08/16/2009,03,GA,運動飲料,522,5,12,60,P,1
H1,08/16/2009,10,GA,運動飲料,522,5,12,60,P,1
H1,08/16/2009,14,GA,運動飲料,522,5,12,60,P,1
H1,08/16/2009,17,GA,運動飲料,522,5,12,60,P,1
H1,08/16/2009,18,GA,運動飲料,522,5,12,60,P,1
H1,08/16/2009,19,GA,運動飲料,522,15,12,180,P,3
H1,08/17/2009,06,GA,運動飲料,522,10,12,120,P,1
H1,08/17/2009,10,GA,運動飲料,522,5,12,60,P,1
H1,08/17/2009,12,GA,運動飲料,522,5,12,60,P,1
H1,08/17/2009,14,GA,運動飲料,522,5,12,60,P,1
H1,08/17/2009,21,GA,運動飲料,522,5,12,60,P,1
H1,08/17/2009,23,GA,運動飲料,522,5,12,60,P,1
H1,08/18/2009,10,GA,運動飲料,522,10,12,120,P,2
