demo_data_utf8.csv
Store,Date,Time,Dept,Family,Item_No,SalesQty,Price,SalesValue,Sales_Status,Sales_number
H1,01/04/2009,14,GA,運動飲料,388,5,14,70,N,1
H1,01/16/2009,15,GA,運動飲料,388,5,14,70,N,1
H1,01/17/2009,22,GA,運動飲料,388,10,14,140,N,2
H1,01/19/2009,22,GA,運動飲料,388,5,14,70,N,1
H1,01/20/2009,13,GA,運動飲料,388,5,14,70,N,1
H1,01/21/2009,00,GA,運動飲料,388,5,14,70,N,1
H1,01/25/2009,13,GA,運動飲料,388,5,14,70,N,1
H1,01/25/2009,16,GA,運動飲料,388,5,14,70,N,1
H1,01/26/2009,14,GA,運動飲料,388,5,14,70,N,1
H1,01/29/2009,15,GA,運動飲料,388,5,14,70,N,1
H1,02/01/2009,19,GA,運動飲料,388,5,14,70,N,1
H1,02/06/2009,17,GA,運動飲料,388,5,14,70,N,1
H1,02/09/2009,13,GA,運動飲料,388,10,14,140,N,1
H1,02/15/2009,14,GA,運動飲料,388,10,14,140,N,1
H1,02/15/2009,15,GA,運動飲料,388,5,14,70,N,1
H1,02/15/2009,19,GA,運動飲料,388,5,14,70,N,1
H1,02/23/2009,17,GA,運動飲料,388,5,14,70,N,1
H1,02/23/2009,20,GA,運動飲料,388,5,14,70,N,1
H1,02/28/2009,10,GA,運動飲料,388,5,14,70,N,1
H1,02/28/2009,14,GA,運動飲料,388,5,14,70,N,1
H1,02/28/2009,17,GA,運動飲料,388,5,14,70,N,1
H1,03/01/2009,17,GA,運動飲料,388,5,14,70,N,1
H1,03/01/2009,18,GA,運動飲料,388,5,14,70,N,1
H1,03/01/2009,19,GA,運動飲料,388,5,14,70,N,1
H1,03/11/2009,19,GA,運動飲料,388,5,14,70,N,1
H1,03/14/2009,15,GA,運動飲料,388,5,14,70,N,1
H1,03/15/2009,10,GA,運動飲料,388,10,14,140,N,1
H1,03/18/2009,22,GA,運動飲料,388,5,14,70,N,1
H1,03/19/2009,10,GA,運動飲料,388,5,14,70,N,1
H1,03/23/2009,17,GA,運動飲料,388,5,14,70,N,1
H1,03/23/2009,18,GA,運動飲料,388,5,14,70,N,1
H1,03/25/2009,16,GA,運動飲料,388,10,14,140,N,1
H1,04/07/2009,21,GA,運動飲料,388,5,13,65,P,1
H1,04/09/2009,20,GA,運動飲料,388,5,13,65,P,1
H1,04/10/2009,15,GA,運動飲料,388,5,13,65,P,1
H1,04/12/2009,12,GA,運動飲料,388,5,13,65,P,1
H1,04/12/2009,13,GA,運動飲料,388,5,13,65,P,1
H1,04/16/2009,14,GA,運動飲料,388,5,13,65,P,1
H1,04/16/2009,15,GA,運動飲料,388,5,13,65,P,1
H1,04/19/2009,12,GA,運動飲料,388,5,13,65,P,1
H1,04/20/2009,20,GA,運動飲料,388,5,13,65,P,1
H1,04/21/2009,21,GA,運動飲料,388,5,13,65,P,1
H1,04/22/2009,13,GA,運動飲料,388,5,13,65,P,1
H1,04/23/2009,21,GA,運動飲料,388,5,14,70,N,1
H1,04/26/2009,21,GA,運動飲料,388,5,14,70,P,1
H1,04/27/2009,18,GA,運動飲料,388,5,14,70,P,1
H1,04/27/2009,20,GA,運動飲料,388,5,14,70,P,1
H1,04/30/2009,21,GA,運動飲料,388,5,14,70,P,1
H1,05/01/2009,20,GA,運動飲料,388,5,14,70,P,1
H1,05/02/2009,16,GA,運動飲料,388,5,14,70,P,1
H1,05/03/2009,15,GA,運動飲料,388,10,14,140,N,2
H1,05/07/2009,20,GA,運動飲料,388,10,14,140,N,1
H1,05/09/2009,09,GA,運動飲料,388,5,14,70,N,1
H1,05/10/2009,11,GA,運動飲料,388,15,13,195,P,1
H1,05/10/2009,21,GA,運動飲料,388,5,13,65,P,1
H1,05/12/2009,21,GA,運動飲料,388,5,13,65,P,1
H1,05/14/2009,21,GA,運動飲料,388,5,13,65,P,1
H1,05/16/2009,09,GA,運動飲料,388,5,13,65,P,1
H1,05/16/2009,15,GA,運動飲料,388,10,13,130,P,2
H1,05/16/2009,18,GA,運動飲料,388,5,13,65,P,1
H1,05/16/2009,21,GA,運動飲料,388,10,13,130,P,2
H1,05/16/2009,22,GA,運動飲料,388,5,13,65,P,1
H1,05/17/2009,11,GA,運動飲料,388,5,13,65,P,1
H1,05/18/2009,16,GA,運動飲料,388,5,13,65,P,1
H1,06/18/2009,13,GA,運動飲料,388,5,13,65,P,1
H1,06/18/2009,15,GA,運動飲料,388,5,13,65,P,1
H1,06/18/2009,17,GA,運動飲料,388,5,13,65,P,1
H1,06/19/2009,16,GA,運動飲料,388,5,13,65,P,1
H1,06/19/2009,19,GA,運動飲料,388,5,13,65,P,1
H1,06/20/2009,09,GA,運動飲料,388,10,13,130,P,2
H1,06/20/2009,15,GA,運動飲料,388,5,13,65,P,1
H1,06/20/2009,19,GA,運動飲料,388,5,13,65,P,1
H1,06/20/2009,20,GA,運動飲料,388,5,13,65,P,1
H1,06/20/2009,21,GA,運動飲料,388,5,13,65,P,1
H1,06/20/2009,23,GA,運動飲料,388,5,13,65,P,1
H1,06/21/2009,13,GA,運動飲料,388,10,13,130,P,1
H1,06/21/2009,17,GA,運動飲料,388,5,13,65,P,1
H1,06/21/2009,21,GA,運動飲料,388,5,13,65,P,1
H1,06/22/2009,11,GA,運動飲料,388,5,13,65,P,1
H1,06/22/2009,19,GA,運動飲料,388,5,13,65,P,1
H1,06/26/2009,22,GA,運動飲料,388,5,13,65,P,1
H1,06/27/2009,09,GA,運動飲料,388,10,14,140,N,2
H1,06/27/2009,14,GA,運動飲料,388,5,14,70,N,1
H1,06/28/2009,15,GA,運動飲料,388,5,14,70,N,1
H1,06/28/2009,20,GA,運動飲料,388,5,14,70,N,1
H1,06/29/2009,12,GA,運動飲料,388,5,14,70,N,1
H1,07/01/2009,13,GA,運動飲料,388,5,14,70,N,1
H1,07/01/2009,20,GA,運動飲料,388,5,14,70,N,1
H1,07/02/2009,11,GA,運動飲料,388,5,14,70,N,1
H1,07/02/2009,18,GA,運動飲料,388,5,14,70,N,1
H1,07/04/2009,16,GA,運動飲料,388,5,14,70,N,1
H1,07/05/2009,13,GA,運動飲料,388,5,14,70,N,1
H1,07/05/2009,18,GA,運動飲料,388,5,14,70,N,1
H1,07/09/2009,21,GA,運動飲料,388,5,14,70,N,1
H1,07/11/2009,16,GA,運動飲料,388,5,14,70,N,1
H1,07/11/2009,21,GA,運動飲料,388,5,14,70,N,1
H1,07/12/2009,09,GA,運動飲料,388,5,14,70,N,1
H1,08/15/2009,22,GA,運動飲料,388,5,14,70,N,1
H1,01/08/2009,19,GA,運動飲料,326,2,20,40,N,2
H1,01/11/2009,11,GA,運動飲料,326,1,20,20,N,1
H1,01/29/2009,14,GA,運動飲料,326,1,19,19,N,1
H1,01/29/2009,15,GA,運動飲料,326,3,13,39,N,1
H1,01/30/2009,12,GA,運動飲料,326,1,19,19,N,1
H1,02/08/2009,20,GA,運動飲料,326,8,14,112,N,2
H1,02/10/2009,21,GA,運動飲料,326,2,19,38,N,2
H1,02/11/2009,17,GA,運動飲料,326,1,19,19,N,1
H1,02/11/2009,22,GA,運動飲料,326,1,19,19,N,1
H1,02/14/2009,15,GA,運動飲料,326,3,14,42,N,1
H1,05/25/2009,18,GA,運動飲料,326,1,18,18,P,1
H1,05/28/2009,19,GA,運動飲料,326,1,18,18,P,1
H1,05/29/2009,17,GA,運動飲料,326,1,18,18,P,1
H1,06/13/2009,14,GA,運動飲料,326,6,14,84,N,2
H1,06/15/2009,18,GA,運動飲料,326,5,14,70,N,1
H1,07/13/2009,20,GA,運動飲料,326,6,14,84,N,2
H1,07/15/2009,12,GA,運動飲料,326,1,20,20,N,1
H1,07/22/2009,20,GA,運動飲料,326,3,13,39,N,1
H1,01/14/2009,19,GA,運動飲料,322,1,21,21,N,1
H1,01/29/2009,20,GA,運動飲料,322,4,16,64,N,1
H1,03/01/2009,18,GA,運動飲料,322,1,22,22,N,1
H1,03/03/2009,22,GA,運動飲料,322,1,22,22,N,1
H1,03/04/2009,13,GA,運動飲料,322,1,22,22,N,1
H1,03/04/2009,21,GA,運動飲料,322,2,22,44,N,2
H1,03/05/2009,12,GA,運動飲料,322,1,22,22,N,1
H1,03/05/2009,19,GA,運動飲料,322,1,22,22,N,1
H1,03/06/2009,15,GA,運動飲料,322,1,22,22,N,1
H1,03/07/2009,17,GA,運動飲料,322,1,22,22,N,1
H1,03/07/2009,22,GA,運動飲料,322,1,22,22,N,1
H1,03/08/2009,14,GA,運動飲料,322,1,22,22,N,1
H1,03/21/2009,16,GA,運動飲料,322,1,19,19,P,1
H1,04/01/2009,21,GA,運動飲料,322,1,19,19,P,1
H1,04/04/2009,20,GA,運動飲料,322,1,19,19,P,1
H1,04/09/2009,20,GA,運動飲料,322,1,22,22,N,1
H1,06/06/2009,10,GA,運動飲料,322,1,17,17,P,1
H1,06/07/2009,13,GA,運動飲料,322,1,17,17,P,1
H1,06/07/2009,16,GA,運動飲料,322,3,11,33,P,1
H1,01/18/2009,14,GA,運動飲料,668,11,9,99,N,2
H1,01/18/2009,18,GA,運動飲料,668,1,13,13,N,1
H1,01/22/2009,17,GA,運動飲料,668,3,9,27,N,1
H1,01/22/2009,21,GA,運動飲料,668,2,13,26,N,2
H1,01/24/2009,17,GA,運動飲料,668,1,13,13,N,1
H1,03/13/2009,16,GA,運動飲料,668,1,13,13,N,1
H1,06/15/2009,09,GA,運動飲料,668,1,12,12,N,1
H1,06/16/2009,12,GA,運動飲料,668,1,12,12,N,1
H1,06/17/2009,13,GA,運動飲料,668,1,12,12,N,1
H1,06/18/2009,12,GA,運動飲料,668,1,12,12,N,1
H1,06/23/2009,13,GA,運動飲料,668,1,12,12,N,1
H1,08/03/2009,13,GA,運動飲料,668,3,8,24,N,1
H1,08/08/2009,12,GA,運動飲料,668,1,12,12,N,1
H1,08/12/2009,13,GA,運動飲料,668,1,12,12,N,1
H1,01/23/2009,15,GA,運動飲料,394,30,8,240,P,1
H1,01/26/2009,18,GA,運動飲料,394,30,8,240,P,1
H1,01/27/2009,16,GA,運動飲料,394,90,9,810,N,1
H1,02/02/2009,17,GA,運動飲料,394,30,9,270,N,1
H1,02/25/2009,20,GA,運動飲料,394,30,9,270,N,1
H1,03/17/2009,18,GA,運動飲料,394,30,9,270,P,1
H1,03/22/2009,14,GA,運動飲料,394,30,8,240,P,1
H1,05/10/2009,09,GA,運動飲料,394,30,8,240,P,1
H1,05/12/2009,16,GA,運動飲料,394,30,8,240,P,1
H1,05/12/2009,19,GA,運動飲料,394,45,8,360,P,2
H1,05/18/2009,11,GA,運動飲料,394,30,8,240,P,1
H1,05/18/2009,14,GA,運動飲料,394,60,8,480,P,1
H1,05/19/2009,09,GA,運動飲料,394,30,8,240,P,1
H1,05/20/2009,17,GA,運動飲料,394,30,8,240,P,1
H1,01/25/2009,16,GA,運動飲料,796,1,12,12,N,1
H1,02/03/2009,11,GA,運動飲料,796,1,12,12,N,1
H1,02/07/2009,17,GA,運動飲料,796,9,9,81,N,2
H1,02/08/2009,11,GA,運動飲料,796,1,12,12,N,1
H1,02/08/2009,15,GA,運動飲料,796,2,12,24,N,2
H1,02/21/2009,10,GA,運動飲料,796,1,15,15,N,1
H1,05/22/2009,21,GA,運動飲料,796,1,11,11,P,1
H1,05/29/2009,17,GA,運動飲料,796,1,13,13,N,1
H1,05/31/2009,13,GA,運動飲料,796,1,13,13,N,1
H1,06/03/2009,16,GA,運動飲料,796,1,13,13,N,1
H1,06/06/2009,18,GA,運動飲料,796,3,9,27,N,1
H1,06/07/2009,15,GA,運動飲料,796,3,9,27,N,1
H1,06/09/2009,12,GA,運動飲料,796,1,13,13,N,1
H1,06/12/2009,13,GA,運動飲料,796,1,13,13,N,1
H1,06/14/2009,17,GA,運動飲料,796,1,12,12,N,1
H1,06/24/2009,10,GA,運動飲料,796,15,10,150,N,3
H1,07/27/2009,10,GA,運動飲料,796,9,9,81,N,2
H1,07/27/2009,16,GA,運動飲料,796,1,12,12,N,1
H1,07/28/2009,19,GA,運動飲料,796,1,12,12,N,1
H1,07/29/2009,12,GA,運動飲料,796,1,12,12,N,1
H1,07/31/2009,12,GA,運動飲料,796,3,8,24,N,1
H1,08/14/2009,16,GA,運動飲料,796,9,9,81,N,2
H1,02/01/2009,21,GA,運動飲料,644,4,6,24,N,1
H1,02/02/2009,11,GA,運動飲料,644,3,5,15,N,1
H1,02/03/2009,15,GA,運動飲料,644,1,8,8,N,1
H1,02/06/2009,17,GA,運動飲料,644,1,8,8,N,1
H1,02/12/2009,21,GA,運動飲料,644,1,8,8,N,1
H1,02/14/2009,15,GA,運動飲料,644,3,5,15,N,1
H1,02/15/2009,10,GA,運動飲料,644,1,8,8,N,1
H1,02/16/2009,17,GA,運動飲料,644,1,8,8,N,1
H1,02/21/2009,13,GA,運動飲料,644,1,8,8,N,1
H1,02/21/2009,21,GA,運動飲料,644,1,8,8,N,1
H1,02/22/2009,12,GA,運動飲料,644,1,8,8,N,1
H1,02/22/2009,21,GA,運動飲料,644,3,5,15,N,1
H1,02/27/2009,21,GA,運動飲料,644,3,5,15,N,1
H1,02/28/2009,13,GA,運動飲料,644,8,6,48,N,1
H1,02/28/2009,19,GA,運動飲料,644,36,6,216,N,2
H1,03/01/2009,14,GA,運動飲料,644,1,8,8,N,1
H1,03/02/2009,20,GA,運動飲料,644,1,8,8,N,1
H1,03/03/2009,16,GA,運動飲料,644,31,6,186,N,2
H1,03/05/2009,20,GA,運動飲料,644,3,5,15,N,1
H1,03/07/2009,15,GA,運動飲料,644,1,8,8,N,1
H1,03/10/2009,17,GA,運動飲料,644,5,6,30,N,1
H1,03/11/2009,15,GA,運動飲料,644,1,8,8,N,1
H1,03/13/2009,20,GA,運動飲料,644,3,5,15,N,1
H1,03/14/2009,13,GA,運動飲料,644,3,5,15,N,1
H1,03/15/2009,13,GA,運動飲料,644,1,8,8,N,1
H1,03/18/2009,20,GA,運動飲料,644,1,8,8,N,1
H1,03/19/2009,11,GA,運動飲料,644,1,8,8,N,1
H1,03/25/2009,10,GA,運動飲料,644,1,8,8,N,1
H1,03/26/2009,13,GA,運動飲料,644,1,8,8,N,1
H1,03/30/2009,16,GA,運動飲料,644,1,8,8,N,1
H1,04/03/2009,20,GA,運動飲料,644,1,8,8,N,1
H1,04/09/2009,20,GA,運動飲料,644,94,5,470,N,3
H1,04/11/2009,22,GA,運動飲料,644,1,8,8,N,1
H1,04/18/2009,17,GA,運動飲料,644,1,8,8,N,1
H1,04/19/2009,17,GA,運動飲料,644,1,8,8,N,1
H1,04/22/2009,12,GA,運動飲料,644,3,5,15,N,1
H1,04/22/2009,19,GA,運動飲料,644,8,6,48,N,1
H1,04/24/2009,20,GA,運動飲料,644,3,5,15,N,1
H1,04/25/2009,14,GA,運動飲料,644,1,8,8,N,1
H1,04/26/2009,17,GA,運動飲料,644,1,8,8,N,1
H1,04/28/2009,12,GA,運動飲料,644,1,8,8,N,1
H1,04/29/2009,20,GA,運動飲料,644,1,8,8,N,1
H1,04/30/2009,18,GA,運動飲料,644,1,8,8,N,1
H1,05/02/2009,22,GA,運動飲料,644,1,8,8,N,1
H1,05/03/2009,21,GA,運動飲料,644,1,8,8,N,1
H1,05/22/2009,17,GA,運動飲料,644,35,5,175,N,2
H1,05/25/2009,13,GA,運動飲料,644,6,6,36,N,1
H1,05/30/2009,11,GA,運動飲料,644,10,6,60,N,1
H1,06/21/2009,17,GA,運動飲料,644,93,6,558,N,4
H1,06/24/2009,17,GA,運動飲料,644,33,6,198,N,2
H1,06/28/2009,13,GA,運動飲料,644,123,5,615,N,4
H1,06/30/2009,19,GA,運動飲料,644,1,8,8,N,1
H1,07/10/2009,19,GA,運動飲料,644,1,8,8,N,1
H1,07/12/2009,13,GA,運動飲料,644,1,8,8,N,1
H1,07/12/2009,17,GA,運動飲料,644,31,5,155,N,2
H1,08/07/2009,13,GA,運動飲料,644,3,5,15,N,1
H1,08/07/2009,18,GA,運動飲料,644,33,5,165,N,2
H1,08/09/2009,19,GA,運動飲料,644,3,5,15,N,1
H1,08/11/2009,13,GA,運動飲料,644,1,7,7,N,1
H1,02/07/2009,21,GA,運動飲料,232,1,8,8,N,1
H1,02/10/2009,14,GA,運動飲料,232,153,6,918,N,2
H1,02/10/2009,15,GA,運動飲料,232,3,5,15,N,1
H1,02/10/2009,17,GA,運動飲料,232,1,8,8,N,1
H1,02/13/2009,14,GA,運動飲料,232,1,8,8,N,1
H1,02/14/2009,11,GA,運動飲料,232,4,6,24,N,1
H1,02/14/2009,16,GA,運動飲料,232,1,8,8,N,1
H1,02/15/2009,13,GA,運動飲料,232,31,6,186,N,2
H1,02/15/2009,17,GA,運動飲料,232,2,8,16,N,2
H1,02/16/2009,10,GA,運動飲料,232,1,8,8,N,1
H1,02/16/2009,12,GA,運動飲料,232,1,8,8,N,1
H1,02/16/2009,23,GA,運動飲料,232,1,8,8,N,1
H1,02/18/2009,17,GA,運動飲料,232,1,8,8,N,1
H1,02/19/2009,15,GA,運動飲料,232,1,8,8,N,1
H1,02/19/2009,20,GA,運動飲料,232,1,8,8,N,1
H1,02/25/2009,18,GA,運動飲料,232,1,8,8,N,1
H1,03/28/2009,14,GA,運動飲料,232,5,6,30,N,1
H1,03/29/2009,19,GA,運動飲料,232,3,5,15,N,1
H1,03/30/2009,18,GA,運動飲料,232,3,5,15,N,1
H1,04/02/2009,13,GA,運動飲料,232,1,8,8,N,1
H1,04/02/2009,17,GA,運動飲料,232,1,8,8,N,1
H1,04/05/2009,15,GA,運動飲料,232,1,8,8,N,1
H1,04/09/2009,15,GA,運動飲料,232,1,8,8,N,1
H1,04/10/2009,18,GA,運動飲料,232,1,8,8,N,1
H1,04/11/2009,19,GA,運動飲料,232,1,8,8,N,1
H1,04/14/2009,12,GA,運動飲料,232,3,5,15,N,1
H1,04/14/2009,20,GA,運動飲料,232,4,6,24,N,2
H1,04/19/2009,13,GA,運動飲料,232,1,8,8,N,1
H1,04/20/2009,11,GA,運動飲料,232,1,8,8,N,1
H1,07/04/2009,13,GA,運動飲料,232,5,6,30,N,1
H1,08/03/2009,22,GA,運動飲料,232,3,5,15,N,1
H1,02/21/2009,18,GA,運動飲料,682,10,10,100,N,3
H1,02/22/2009,20,GA,運動飲料,682,1,13,13,N,1
H1,02/24/2009,13,GA,運動飲料,682,1,13,13,N,1
H1,02/25/2009,10,GA,運動飲料,682,5,10,50,N,3
H1,03/08/2009,14,GA,運動飲料,682,1,13,13,N,1
H1,03/14/2009,12,GA,運動飲料,682,1,13,13,N,3
H1,03/14/2009,19,GA,運動飲料,682,5,9,45,N,3
H1,05/11/2009,22,GA,運動飲料,682,1,13,13,N,1
H1,05/12/2009,16,GA,運動飲料,682,3,9,27,N,1
H1,05/16/2009,17,GA,運動飲料,682,10,10,100,N,3
H1,06/14/2009,09,GA,運動飲料,682,1,13,13,N,1
H1,06/29/2009,11,GA,運動飲料,682,1,13,13,N,1
H1,07/02/2009,18,GA,運動飲料,682,1,13,13,N,1
H1,07/04/2009,17,GA,運動飲料,682,1,13,13,N,1
H1,07/06/2009,19,GA,運動飲料,682,1,13,13,N,1
H1,07/26/2009,15,GA,運動飲料,682,1,13,13,N,1
H1,02/21/2009,20,GA,運動飲料,510,30,6,180,P,1
H1,04/23/2009,12,GA,運動飲料,510,30,8,240,N,1
H1,05/03/2009,10,GA,運動飲料,510,30,8,240,N,1
H1,05/24/2009,13,GA,運動飲料,510,30,8,240,N,1
H1,06/08/2009,20,GA,運動飲料,510,30,7,210,P,1
H1,06/22/2009,10,GA,運動飲料,510,30,6,180,P,1
H1,06/23/2009,13,GA,運動飲料,510,30,6,180,P,1
H1,06/26/2009,15,GA,運動飲料,510,120,6,720,P,1
H1,08/14/2009,20,GA,運動飲料,510,30,7,210,P,1
H1,03/10/2009,19,GA,運動飲料,434,1,8,8,N,1
H1,03/11/2009,19,GA,運動飲料,434,1,8,8,N,1
H1,03/15/2009,15,GA,運動飲料,434,1,8,8,N,1
H1,03/20/2009,16,GA,運動飲料,434,1,8,8,N,1
H1,05/12/2009,10,GA,運動飲料,434,1,8,8,N,1
H1,05/24/2009,16,GA,運動飲料,434,1,8,8,N,1
H1,05/27/2009,21,GA,運動飲料,434,61,4,244,N,2
H1,05/29/2009,13,GA,運動飲料,434,1,8,8,N,1
H1,05/29/2009,19,GA,運動飲料,434,1,8,8,N,1
H1,06/18/2009,20,GA,運動飲料,434,1,8,8,N,1
H1,06/18/2009,21,GA,運動飲料,434,1,8,8,N,1
H1,06/30/2009,19,GA,運動飲料,434,1,7,7,P,1
H1,04/30/2009,13,GA,運動飲料,466,3,6,18,N,1
H1,04/30/2009,17,GA,運動飲料,466,8,7,56,N,1
H1,04/30/2009,21,GA,運動飲料,466,4,7,28,N,1
H1,05/01/2009,15,GA,運動飲料,466,1,9,9,N,1
H1,05/02/2009,13,GA,運動飲料,466,4,7,28,N,1
H1,05/06/2009,21,GA,運動飲料,466,1,7,7,N,1
H1,05/08/2009,20,GA,運動飲料,466,1,7,7,N,1
H1,05/11/2009,15,GA,運動飲料,466,1,7,7,N,1
H1,05/20/2009,14,GA,運動飲料,466,1,7,7,N,1
H1,05/24/2009,17,GA,運動飲料,466,1,7,7,N,1
H1,05/25/2009,22,GA,運動飲料,466,4,5,20,N,1
H1,06/09/2009,12,GA,運動飲料,466,1,7,7,N,1
H1,05/02/2009,21,GA,運動飲料,438,5,18,90,N,1
H1,05/16/2009,21,GA,運動飲料,438,5,14,70,P,1
H1,05/17/2009,13,GA,運動飲料,438,5,14,70,P,1
H1,05/21/2009,21,GA,運動飲料,438,5,14,70,P,1
H1,05/22/2009,17,GA,運動飲料,438,5,14,70,P,1
H1,05/23/2009,16,GA,運動飲料,438,5,14,70,P,1
H1,05/23/2009,21,GA,運動飲料,438,5,14,70,P,1
H1,05/24/2009,17,GA,運動飲料,438,5,14,70,P,1
H1,05/24/2009,19,GA,運動飲料,438,5,14,70,P,1
H1,05/27/2009,18,GA,運動飲料,438,5,14,70,P,1
H1,05/27/2009,19,GA,運動飲料,438,5,14,70,P,1
H1,05/28/2009,10,GA,運動飲料,438,10,14,140,P,2
H1,05/29/2009,16,GA,運動飲料,438,5,14,70,P,1
H1,05/31/2009,16,GA,運動飲料,438,5,14,70,P,1
H1,06/06/2009,21,GA,運動飲料,438,10,14,140,P,1
H1,06/11/2009,16,GA,運動飲料,438,5,14,70,P,1
H1,06/12/2009,20,GA,運動飲料,438,5,14,70,P,1
H1,06/21/2009,13,GA,運動飲料,438,5,13,65,P,1
H1,06/22/2009,20,GA,運動飲料,438,5,13,65,P,1
H1,06/23/2009,20,GA,運動飲料,438,5,13,65,P,1
H1,06/23/2009,21,GA,運動飲料,438,5,13,65,P,1
H1,06/23/2009,22,GA,運動飲料,438,5,13,65,P,1
H1,06/24/2009,19,GA,運動飲料,438,5,13,65,P,1
H1,06/25/2009,21,GA,運動飲料,438,5,13,65,P,1
H1,06/26/2009,15,GA,運動飲料,438,5,13,65,P,1
H1,06/28/2009,09,GA,運動飲料,438,10,13,130,P,2
H1,06/28/2009,10,GA,運動飲料,438,5,13,65,P,1
H1,06/28/2009,16,GA,運動飲料,438,10,13,130,P,1
H1,06/28/2009,20,GA,運動飲料,438,5,13,65,P,1
H1,06/29/2009,15,GA,運動飲料,438,5,13,65,P,1
H1,06/30/2009,12,GA,運動飲料,438,5,13,65,P,1
H1,07/01/2009,17,GA,運動飲料,438,5,13,65,P,1
H1,07/08/2009,15,GA,運動飲料,438,5,18,90,N,1
H1,07/19/2009,20,GA,運動飲料,438,35,18,630,N,2
H1,08/14/2009,17,GA,運動飲料,438,10,12,120,P,1
H1,08/15/2009,21,GA,運動飲料,438,5,12,60,P,1
H1,08/16/2009,16,GA,運動飲料,438,5,12,60,P,1
