demo_data_utf8.csv
Store,Date,Time,Dept,Family,Item_No,SalesQty,Price,SalesValue,Sales_Status,Sales_number
H1,06/28/2009,22,GA,運動飲料,752,5,16,80,N,1
H1,06/30/2009,21,GA,運動飲料,752,10,13,130,P,1
H1,07/02/2009,22,GA,運動飲料,752,5,13,65,P,1
H1,07/03/2009,14,GA,運動飲料,752,10,13,130,P,2
H1,07/04/2009,10,GA,運動飲料,752,5,13,65,P,1
H1,07/04/2009,14,GA,運動飲料,752,15,13,195,P,2
H1,07/04/2009,16,GA,運動飲料,752,5,13,65,P,1
H1,07/04/2009,17,GA,運動飲料,752,10,13,130,P,2
H1,07/04/2009,18,GA,運動飲料,752,5,13,65,P,1
H1,07/04/2009,19,GA,運動飲料,752,5,13,65,P,1
H1,07/04/2009,21,GA,運動飲料,752,15,13,195,P,3
H1,07/05/2009,10,GA,運動飲料,752,5,13,65,P,1
H1,07/05/2009,11,GA,運動飲料,752,5,13,65,P,1
H1,07/05/2009,13,GA,運動飲料,752,5,13,65,P,1
H1,07/05/2009,14,GA,運動飲料,752,5,13,65,P,1
H1,07/05/2009,15,GA,運動飲料,752,5,13,65,P,1
H1,07/05/2009,17,GA,運動飲料,752,15,13,195,P,3
H1,07/05/2009,18,GA,運動飲料,752,5,13,65,P,1
H1,07/05/2009,19,GA,運動飲料,752,5,13,65,P,1
H1,07/05/2009,20,GA,運動飲料,752,5,13,65,P,1
H1,07/06/2009,11,GA,運動飲料,752,20,13,260,P,4
H1,07/06/2009,13,GA,運動飲料,752,5,13,65,P,1
H1,07/06/2009,19,GA,運動飲料,752,10,13,130,P,2
H1,07/06/2009,20,GA,運動飲料,752,5,13,65,P,1
H1,07/07/2009,10,GA,運動飲料,752,5,13,65,P,1
H1,07/07/2009,17,GA,運動飲料,752,5,13,65,P,1
H1,07/07/2009,21,GA,運動飲料,752,5,13,65,P,1
H1,07/08/2009,13,GA,運動飲料,752,20,13,260,P,3
H1,07/08/2009,20,GA,運動飲料,752,10,13,130,P,1
H1,07/08/2009,21,GA,運動飲料,752,20,13,260,P,4
H1,07/08/2009,22,GA,運動飲料,752,15,13,195,P,2
H1,07/09/2009,11,GA,運動飲料,752,5,13,65,P,1
H1,07/09/2009,20,GA,運動飲料,752,5,13,65,P,1
H1,07/09/2009,21,GA,運動飲料,752,5,13,65,P,1
H1,07/10/2009,11,GA,運動飲料,752,10,13,130,P,2
H1,07/10/2009,12,GA,運動飲料,752,5,13,65,P,1
H1,07/10/2009,13,GA,運動飲料,752,5,13,65,P,1
H1,07/10/2009,21,GA,運動飲料,752,10,13,130,P,2
H1,07/11/2009,09,GA,運動飲料,752,5,13,65,P,1
H1,07/11/2009,10,GA,運動飲料,752,5,13,65,P,1
H1,07/11/2009,11,GA,運動飲料,752,5,13,65,P,1
H1,07/11/2009,12,GA,運動飲料,752,10,13,130,P,1
H1,07/11/2009,14,GA,運動飲料,752,10,13,130,P,2
H1,07/11/2009,16,GA,運動飲料,752,10,13,130,P,2
H1,07/11/2009,17,GA,運動飲料,752,10,13,130,P,2
H1,07/11/2009,19,GA,運動飲料,752,10,13,130,P,2
H1,07/11/2009,20,GA,運動飲料,752,5,13,65,P,1
H1,07/11/2009,21,GA,運動飲料,752,5,13,65,P,1
H1,07/11/2009,22,GA,運動飲料,752,5,13,65,P,1
H1,07/12/2009,17,GA,運動飲料,752,10,13,130,P,2
H1,07/12/2009,18,GA,運動飲料,752,5,13,65,P,1
H1,07/12/2009,19,GA,運動飲料,752,5,13,65,P,1
H1,07/13/2009,12,GA,運動飲料,752,5,13,65,P,1
H1,07/14/2009,20,GA,運動飲料,752,5,13,65,P,1
H1,07/17/2009,11,GA,運動飲料,752,5,16,80,N,1
H1,07/18/2009,10,GA,運動飲料,752,15,16,240,N,2
H1,07/19/2009,14,GA,運動飲料,752,5,16,80,N,1
H1,07/19/2009,16,GA,運動飲料,752,10,16,160,N,1
H1,07/22/2009,19,GA,運動飲料,752,5,16,80,N,1
H1,07/23/2009,15,GA,運動飲料,752,5,16,80,N,1
H1,07/25/2009,12,GA,運動飲料,752,10,16,160,N,2
H1,07/26/2009,14,GA,運動飲料,752,5,16,80,N,1
H1,07/26/2009,18,GA,運動飲料,752,10,16,160,N,1
H1,07/27/2009,22,GA,運動飲料,752,10,16,160,N,1
H1,07/31/2009,19,GA,運動飲料,752,5,16,80,N,1
H1,08/01/2009,10,GA,運動飲料,752,10,16,160,N,1
H1,08/01/2009,20,GA,運動飲料,752,5,16,80,N,1
H1,08/02/2009,17,GA,運動飲料,752,5,16,80,N,1
H1,08/03/2009,12,GA,運動飲料,752,5,16,80,N,1
H1,08/05/2009,20,GA,運動飲料,752,5,16,80,N,1
H1,08/06/2009,09,GA,運動飲料,752,5,16,80,N,3
H1,08/07/2009,14,GA,運動飲料,752,5,16,80,N,1
H1,08/08/2009,16,GA,運動飲料,752,5,16,80,N,1
H1,08/09/2009,11,GA,運動飲料,752,5,16,80,N,1
H1,08/09/2009,22,GA,運動飲料,752,5,16,80,N,1
H1,08/12/2009,21,GA,運動飲料,752,5,16,80,N,1
H1,08/12/2009,22,GA,運動飲料,752,5,16,80,N,1
H1,08/13/2009,16,GA,運動飲料,752,5,16,80,N,1
H1,08/15/2009,13,GA,運動飲料,752,5,12,60,P,1
H1,08/15/2009,17,GA,運動飲料,752,5,12,60,P,1
H1,08/15/2009,19,GA,運動飲料,752,5,12,60,P,1
H1,08/16/2009,03,GA,運動飲料,752,5,12,60,P,1
H1,08/16/2009,13,GA,運動飲料,752,10,12,120,P,2
H1,08/16/2009,15,GA,運動飲料,752,5,12,60,P,1
H1,08/16/2009,18,GA,運動飲料,752,5,12,60,P,1
H1,08/16/2009,19,GA,運動飲料,752,5,12,60,P,1
H1,08/16/2009,21,GA,運動飲料,752,5,12,60,P,1
H1,08/17/2009,11,GA,運動飲料,752,5,12,60,P,1
H1,08/17/2009,20,GA,運動飲料,752,5,12,60,P,1
H1,08/17/2009,21,GA,運動飲料,752,5,12,60,P,1
